
 escf (compt195) : TURBOMOLE rev. V7-6-2381-g96b3af1 compiled 16 Jan 2023 at 13:48:01
 Copyright (C) 2023 TURBOMOLE GmbH, Karlsruhe


    2023-03-08 01:08:25.005 




                                e s c f

                             TURBOMOLE GmbH

          integral direct evaluation of 

                    * excitation energies and transition moments 
                    * polarizabilities
                    * dynamic response properties 
                    * stabilities
                    * quasiparticle states with GW
                    * NMR coupling-constants



          references (see also programs dscf and ridft) 
          implementation and benchmarks (review) 
          F. Furche and D. Rappoport,  
          "Density functional methods for excited states: 
          equilibrium structure and electronic spectra",
          ch. III of "Computational Photochemistry", ed. by 
          M. Olivucci, vol. 16 of "Theoretical and Computational 
          Chemistry", Elsevier, Amsterdam, 2005.



              +--------------------------------------------------+
              | Atomic coordinate, charge and isotop information |
              +--------------------------------------------------+

                    atomic coordinates            atom    charge  isotop
         -9.24314180    6.23174984    0.00054802    c      6.000     0
         -9.98177905    5.77299993   -1.91166584    h      1.000     0
         -6.60094563    6.20640861   -0.00619830    o      8.000     0
         -9.98177905    4.88256098    1.43120298    h      1.000     0
         -9.90212710    8.15492412    0.51283388    h      1.000     0
         -6.10304059    4.45939461   -0.47154336    h      1.000     0
 
       center of nuclear mass  :   -7.89226438    6.16696788   -0.01670470
       center of nuclear charge:   -8.01306343    6.12842487   -0.02697059

              +--------------------------------------------------+
              |               basis set information              |
              +--------------------------------------------------+

              we will work with the 1s 3p 5d 7f 9g ... basis set
              ...i.e. with spherical basis functions...

   type   atoms  prim   cont   basis
   ---------------------------------------------------------------------------
    c        1     46     31   def2-TZVP   [5s3p2d1f|11s6p2d1f]
    h        4      4      2   def-SV(P)   [2s|4s]
    o        1     24     14   def-SV(P)   [3s2p1d|7s4p1d]
   ---------------------------------------------------------------------------
   total:    6     86     53
   ---------------------------------------------------------------------------

   total number of primitive shells          :   36
   total number of contracted shells         :   25
   total number of cartesian basis functions :   59
   total number of SCF-basis functions       :   53


 residuum convergence criterium   :  0.10E-04


 integral neglect threshold       :  0.33E-10
 integral storage threshold THIZE :  0.10E-04
 integral storage threshold THIME :         5

 
             FOUND RI-J FLAG !
 
  
 AUXILIARY BASIS SET information:
 $jbas  : could not find file <auxbasis> !
              read basis sets from /home/smp201/dev/turbomole/jbasen/
              (basis sets have been saved in file auxbasis)

              we will work with the 1s 3p 5d 7f 9g ... basis set
              ...i.e. with spherical basis functions...

   type   atoms  prim   cont   basis
   ---------------------------------------------------------------------------
    c        1     70     49   def2-TZVP   [6s4p3d1f1g|12s5p4d2f1g]
    h        4     10      5   def-SV(P)   [2s1p|4s2p]
    o        1     39     37   def-SV(P)   [6s3p3d1f|8s3p3d1f]
   ---------------------------------------------------------------------------
   total:    6    149    106
   ---------------------------------------------------------------------------

   total number of primitive shells          :   45
   total number of contracted shells         :   40
   total number of cartesian basis functions :  124
   total number of SCF-basis functions       :  106

 RPA SINGLET-EXCITATION-CALCULATION 
 
             FOUND DFT-FLAG !
 

 maximum number of Davidson iterations set to   35


 symmetry group of the molecule :   c1 

 the group has the following generators :
   c1(z)

    1 symmetry operations found

 there are 1 real representations :   a   

 maximum number of shells which are related by symmetry :  1

 IRREPs of excited states :   a   
  
           ------------------
           density functional
           ------------------
 PBE0 hybrid functional
 exchange:    3/4 (LDA+PBE) + 1/4 HF
 correlation: LDA (PW) + PBE
 spherical integration : Lebedev's spherical grid
 spherical gridsize    :                     3
    i.e. gridpoints    :                   302
  maximum batchsize    :                   100
 value for diffuse not defined
 radial integration    : Chebyshev 2nd kind (scaling 3)
 radial gridsize       :                     3
 integration cells     :                     6
 partition function    : becke
 partition sharpness   :                     3
  

 ----------------------------------------------------------------------
          some useful papers before it begins
 ----------------------------------------------------------------------

     nonorthonormal Krylov space methods 
     F. Furche, B. T. Krull, B. D. Nguyen, and J. Kwon, 
     J. Chem. Phys. 144, 174105 (2016).

     RI-J method 
     R. Bauernschmitt, M. Haeser, O. Treutler, and R. Ahlrichs,
     Chem. Phys. Lett. 264, 573 (1997).

     density functional implementation               
     R. Bauernschmitt and R. Ahlrichs,
     Chem. Phys. Lett. 256, 454 (1996).
     R. Bauernschmitt and R. Ahlrichs,
     J. Chem. Phys. 104, 9047 (1996).

     UHF extension (RPA and CIS)
     C. Ochsenfeld, J. Gauss, and R. Ahlrichs, 
     J. Chem. Phys. 103, 7401 (1995).

     integral direct algorithm                 
     H. Weiss, R. Ahlrichs, and M. Haeser, 
     J. Chem. Phys. 99, 1262 (1993).

 ----------------------------------------------------------------------

  MOs are in ASCII format !


    mo occupation :
   irrep   mo's   occupied
    a       53        9
 
 number of basis functions   :    53
 number of occupied orbitals :     9
 

 reading orbital data $scfmo  from file mos
 orbital characterization : scfconv=7
  
           ----------------------
               RI - INFORMATION
           ----------------------

 biggest AO integral is expected to be     5.725698708

 Threshold for integral neglect (rithr2):   0.33E-10
 Threshold for integral neglect (rithr1):   0.33E-10

 Contributions to RI integral batches: 
  neglected integral batches:                     1
  direct contribution:                            0
  memory contribution:                   324
 Core memory available (ricore)            500 MiB
 Core memory needed for (P|Q) and Cholesky 1 MiB
 Core memory used for integrals            2 MiB
  
 ****************************************
 Memory allocated for RIDFT 2 MiB
 ****************************************
                                            
 preparing DFT   numerical integration ....
          Overall gridpoints after grid construction =         27148

 Calculating ground state density on molecular grid

 Integral of ground state density: N =   18.00000522361679    


 all orbitals will be included in the transformation

 number of non-frozen orbitals          :    53
 number of non-frozen occupied orbitals :     9



 dimension of super-tensorspace: 2

          IRREP   tensor space dimension   number of roots

           a                 396                      5

 machine precision: 2.22D-16


 logfile sing_a    will be constructed




                       Nonorthonormal Krylov Space Iteration


 total number of roots to be determined: 5


 maximum core memory set to          500 MB,
 corresponding to     9097 vectors in CAO basis


 maximum number of simultaneously treated vectors (including degeneracy):       10


 Iteration IRREP Converged      Max. Euclidean
                 roots          residual norm

    1       a        0        1.129791762930030D-01
 
    2       a        0        2.900879600325833D-02
 
    3       a        0        8.487323637603156D-03
 
    4       a        0        2.056376137612139D-03
 
    5       a        1        3.802702666206711D-04
 
    6       a        3        6.515525169890939D-05
 
    7       a        4        1.237924361731493D-05
 
    8       a        5        5.502426588123355D-06
 

 converged!

 Eigenpairs written on logfile sing_a   



 IRREP   Vector     Eigenvalue           Euclidean residual norm

  a         1    2.689303000081196D-01    5.502426588123355D-06
            2    3.387133894269110D-01    3.601011127871007D-06
            3    3.441613120164135D-01    2.265919825338191D-06
            4    3.676038797656898D-01    5.313223084022079D-06
            5    3.830397046415355D-01    9.859329913779261D-07






                    Selection rules for point group c1  


 Subduction with respect to c1  :

    Polar vector representation: a                           

    Axial vector representation: a                           

    Symmetric second rank tensor representation: a                           




                            Ground state


 Total energy:                           -115.5217343880000    

 Charge:

               elec          nuc         total

           -18.000000    18.000000    -0.000000


 Electric dipole moment:

               elec          nuc         total   

    x      143.935897  -144.235142    -0.299245    Norm:              0.653358
    y     -110.872879   110.311648    -0.561232
    z        0.335977    -0.485471    -0.149494    Norm / debye:      1.660683


 Electric quadrupole moment:

               elec          nuc         total   

   xx    -1200.907975  1195.764940    -5.143035
   yy     -700.323128   684.720217   -15.602911    1/3*trace:       -10.252030
   zz      -16.198613     6.188469   -10.010144
   xy      888.762281  -887.679428     1.082854
   xz       -2.107494     2.892501     0.785007    Anisotropy:        9.401988
   yz        1.726099    -2.256050    -0.529952



 ==============================================================================

                              I R R E P   a   

 ==============================================================================


 Excitation is electric dipole allowed

 Excitation is magnetic dipole allowed

 Excitation is electric quadrupole allowed




                         1 singlet a excitation


 Total energy:                           -115.2528040879919    

 Excitation energy:                      0.2689303000081196    

 Excitation energy / eV:                  7.317968935637896    

 Excitation energy / nm:                  169.4243923374359    

 Excitation energy / cm^(-1):             59023.37827832226    


 Oscillator strength:

    velocity representation:             0.9497125758573388E-02

    length representation:               0.7487760266551227E-05

    mixed representation:                0.2666686307322522E-03


 Rotatory strength:

    velocity representation:             0.3955353571551804E-08

    velocity rep. / 10^(-40)erg*cm^3:    0.2555348913119095E-03

    length representation:               0.2718491472303191E-08

    length rep. / 10^(-40)erg*cm^3:      0.1756276424701039E-03


 Dominant contributions:

      occ. orbital   energy / eV   virt. orbital     energy / eV   |coeff.|^2*100
        9 a              -7.68          10 a               1.62       99.3
 

 Change of electron number:

             0.000000


 Electric transition dipole moment (velocity rep.):

    x        0.000002        Norm:                  0.230156
    y       -0.059243
    z        0.222401        Norm / debye:          0.585002


 Electric transition dipole moment (length rep.):

    x        0.000005        Norm:                  0.006463
    y        0.001662
    z       -0.006245        Norm / debye:          0.016426


 Magnetic transition dipole moment / i:

    x        0.000358        Norm:                  0.000911
    y       -0.000810
    z       -0.000216        Norm / Bohr mag.:      0.249740


 Electric quadrupole transition moment:

   xx       -0.000074
   yy       -0.128593        1/3*trace:             0.006877
   zz        0.149299
   xy       -0.179610
   xz        0.674437        Anisotropy:            1.290951
   yz        0.221474




                         2 singlet a excitation


 Total energy:                           -115.1830209985731    

 Excitation energy:                      0.3387133894269110    

 Excitation energy / eV:                  9.216864227779165    

 Excitation energy / nm:                  134.5189002923424    

 Excitation energy / cm^(-1):             74338.99605761659    


 Oscillator strength:

    velocity representation:             0.9242230820448579E-02

    length representation:               0.4536362411614034E-02

    mixed representation:                0.5734422270166828E-02


 Rotatory strength:

    velocity representation:             0.5350475571914839E-07

    velocity rep. / 10^(-40)erg*cm^3:    0.3456664920096836E-02

    length representation:              -0.2635304606099093E-04

    length rep. / 10^(-40)erg*cm^3:      -1.702533702515769    


 Dominant contributions:

      occ. orbital   energy / eV   virt. orbital     energy / eV   |coeff.|^2*100
        8 a              -9.35          10 a               1.62       98.9
 

 Change of electron number:

            -0.000000


 Electric transition dipole moment (velocity rep.):

    x        0.004427        Norm:                  0.202310
    y        0.195444
    z        0.052073        Norm / debye:          0.514225


 Electric transition dipole moment (length rep.):

    x       -0.063061        Norm:                  0.141737
    y        0.122656
    z        0.032683        Norm / debye:          0.360262


 Magnetic transition dipole moment / i:

    x        0.000401        Norm:                  0.002215
    y       -0.000569
    z        0.002103        Norm / Bohr mag.:      0.607112


 Electric quadrupole transition moment:

   xx        0.923391
   yy        0.897097        1/3*trace:             0.763342
   zz        0.469539
   xy       -0.228347
   xz        0.043706        Anisotropy:            0.628104
   yz       -0.111978




                         3 singlet a excitation


 Total energy:                           -115.1775730759836    

 Excitation energy:                      0.3441613120164135    

 Excitation energy / eV:                  9.365109807665611    

 Excitation energy / nm:                  132.3895251126513    

 Excitation energy / cm^(-1):             75534.67685602984    


 Oscillator strength:

    velocity representation:             0.7750797715540898E-01

    length representation:               0.5025454467319258E-01

    mixed representation:                0.6241096138071717E-01


 Rotatory strength:

    velocity representation:            -0.4273229944006441E-07

    velocity rep. / 10^(-40)erg*cm^3:   -0.2760712359942261E-02

    length representation:              -0.4235557318794066E-07

    length rep. / 10^(-40)erg*cm^3:     -0.2736374029588391E-02


 Dominant contributions:

      occ. orbital   energy / eV   virt. orbital     energy / eV   |coeff.|^2*100
        9 a              -7.68          11 a               3.21       99.4
 

 Change of electron number:

            -0.000000


 Electric transition dipole moment (velocity rep.):

    x        0.000006        Norm:                  0.581216
    y        0.149610
    z       -0.561631        Norm / debye:          1.477316


 Electric transition dipole moment (length rep.):

    x        0.000005        Norm:                  0.468007
    y        0.120470
    z       -0.452236        Norm / debye:          1.189564


 Magnetic transition dipole moment / i:

    x       -0.004101        Norm:                  0.008285
    y       -0.006956
    z       -0.001853        Norm / Bohr mag.:      2.270626


 Electric quadrupole transition moment:

   xx       -0.000089
   yy        1.184127        1/3*trace:             0.500285
   zz        0.316818
   xy       -1.303585
   xz        4.893772        Anisotropy:            9.667472
   yz       -2.264766




                         4 singlet a excitation


 Total energy:                           -115.1541305082343    

 Excitation energy:                      0.3676038797656898    

 Excitation energy / eV:                  10.00301480593323    

 Excitation energy / nm:                  123.9468764286221    

 Excitation energy / cm^(-1):             80679.72575546197    


 Oscillator strength:

    velocity representation:             0.7208429901261433E-03

    length representation:               0.9496514871454903E-03

    mixed representation:                0.8273751350242883E-03


 Rotatory strength:

    velocity representation:             0.1893465907768224E-07

    velocity rep. / 10^(-40)erg*cm^3:    0.1223270173428596E-02

    length representation:               0.1906388670670285E-07

    length rep. / 10^(-40)erg*cm^3:      0.1231618900676088E-02


 Dominant contributions:

      occ. orbital   energy / eV   virt. orbital     energy / eV   |coeff.|^2*100
        9 a              -7.68          12 a               4.24       81.3
        9 a              -7.68          13 a               4.45       17.2
 

 Change of electron number:

             0.000000


 Electric transition dipole moment (velocity rep.):

    x        0.000011        Norm:                  0.054235
    y        0.013968
    z       -0.052405        Norm / debye:          0.137851


 Electric transition dipole moment (length rep.):

    x        0.000009        Norm:                  0.062250
    y        0.016029
    z       -0.060151        Norm / debye:          0.158224


 Magnetic transition dipole moment / i:

    x       -0.000589        Norm:                  0.001644
    y        0.001483
    z        0.000395        Norm / Bohr mag.:      0.450570


 Electric quadrupole transition moment:

   xx       -0.000161
   yy        0.320566        1/3*trace:             0.066504
   zz       -0.120893
   xy       -0.182728
   xz        0.685853        Anisotropy:            1.641927
   yz       -0.585494




                         5 singlet a excitation


 Total energy:                           -115.1386946833585    

 Excitation energy:                      0.3830397046415355    

 Excitation energy / eV:                  10.42304515184061    

 Excitation energy / nm:                  118.9520358017195    

 Excitation energy / cm^(-1):             84067.49771963808    


 Oscillator strength:

    velocity representation:             0.2431921343908766E-01

    length representation:               0.2677867754848403E-01

    mixed representation:                0.2551933335438926E-01


 Rotatory strength:

    velocity representation:             0.8939135969670122E-07

    velocity rep. / 10^(-40)erg*cm^3:    0.5775112381510438E-02

    length representation:               0.7508825686543341E-07

    length rep. / 10^(-40)erg*cm^3:      0.4851063049056667E-02


 Dominant contributions:

      occ. orbital   energy / eV   virt. orbital     energy / eV   |coeff.|^2*100
        9 a              -7.68          13 a               4.45       81.2
        9 a              -7.68          12 a               4.24       17.7
 

 Change of electron number:

             0.000000


 Electric transition dipole moment (velocity rep.):

    x       -0.000038        Norm:                  0.308602
    y       -0.079450
    z        0.298199        Norm / debye:          0.784394


 Electric transition dipole moment (length rep.):

    x       -0.000040        Norm:                  0.323831
    y       -0.083374
    z        0.312914        Norm / debye:          0.823102


 Magnetic transition dipole moment / i:

    x        0.000484        Norm:                  0.005764
    y        0.005550
    z        0.001479        Norm / Bohr mag.:      1.579699


 Electric quadrupole transition moment:

   xx        0.000687
   yy       -0.840937        1/3*trace:            -0.345983
   zz       -0.197700
   xy        0.939332
   xz       -3.526277        Anisotropy:            6.946483
   yz        1.604368

 SUMMARY OF EXCITATION ENERGIES AND DIPOLE OSCILLATOR STRENGTHS (velocity/length):

 -----------------------------------------------------------------------------------------------
 |    Exc.   | energy (Eh) | energy (eV) | energy (cm-1) | energy (nm) | Osc.(vel) | Osc.(len) |
 -----------------------------------------------------------------------------------------------
 |     1 a   |    0.268930 |     7.31797 |     59023.378 |     169.424 |   0.00950 |   0.00001 |
 |     2 a   |    0.338713 |     9.21686 |     74338.996 |     134.519 |   0.00924 |   0.00454 |
 |     3 a   |    0.344161 |     9.36511 |     75534.677 |     132.390 |   0.07751 |   0.05025 |
 |     4 a   |    0.367604 |    10.00301 |     80679.726 |     123.947 |   0.00072 |   0.00095 |
 |     5 a   |    0.383040 |    10.42304 |     84067.498 |     118.952 |   0.02432 |   0.02678 |
 -----------------------------------------------------------------------------------------------




    ------------------------------------------------------------------------
         total  cpu-time :   2.40 seconds
         total wall-time :   3.04 seconds
    ------------------------------------------------------------------------

   ****  escf : all done  ****


    2023-03-08 01:08:28.012 

