
 escf (compt195) : TURBOMOLE rev. V7-6-2381-g96b3af1 compiled 16 Jan 2023 at 13:48:01
 Copyright (C) 2023 TURBOMOLE GmbH, Karlsruhe


    2023-03-08 01:08:21.136 


 escf run will be profiled !




                                e s c f

                             TURBOMOLE GmbH

          integral direct evaluation of 

                    * excitation energies and transition moments 
                    * polarizabilities
                    * dynamic response properties 
                    * stabilities
                    * quasiparticle states with GW
                    * NMR coupling-constants



          references (see also programs dscf and ridft) 
          implementation and benchmarks (review) 
          F. Furche and D. Rappoport,  
          "Density functional methods for excited states: 
          equilibrium structure and electronic spectra",
          ch. III of "Computational Photochemistry", ed. by 
          M. Olivucci, vol. 16 of "Theoretical and Computational 
          Chemistry", Elsevier, Amsterdam, 2005.



              +--------------------------------------------------+
              | Atomic coordinate, charge and isotop information |
              +--------------------------------------------------+

                    atomic coordinates            atom    charge  isotop
         -9.24314180    6.23174984    0.00054802    c      6.000     0
         -9.98177905    5.77299993   -1.91166584    h      1.000     0
         -6.60094563    6.20640861   -0.00619830    o      8.000     0
         -9.98177905    4.88256098    1.43120298    h      1.000     0
         -9.90212710    8.15492412    0.51283388    h      1.000     0
         -6.10304059    4.45939461   -0.47154336    h      1.000     0
 
       center of nuclear mass  :   -7.89226438    6.16696788   -0.01670470
       center of nuclear charge:   -8.01306343    6.12842487   -0.02697059

              +--------------------------------------------------+
              |               basis set information              |
              +--------------------------------------------------+

              we will work with the 1s 3p 5d 7f 9g ... basis set
              ...i.e. with spherical basis functions...

   type   atoms  prim   cont   basis
   ---------------------------------------------------------------------------
    c        1     46     31   def2-TZVP   [5s3p2d1f|11s6p2d1f]
    h        4      4      2   def-SV(P)   [2s|4s]
    o        1     24     14   def-SV(P)   [3s2p1d|7s4p1d]
   ---------------------------------------------------------------------------
   total:    6     86     53
   ---------------------------------------------------------------------------

   total number of primitive shells          :   36
   total number of contracted shells         :   25
   total number of cartesian basis functions :   59
   total number of SCF-basis functions       :   53


 residuum convergence criterium   :  0.10E-04


 integral neglect threshold       :  0.33E-10
 integral storage threshold THIZE :  0.10E-04
 integral storage threshold THIME :         5

 
             FOUND RI-J FLAG !
 
  
 AUXILIARY BASIS SET information:

              assign orbital basis set names as defaults
              read basis sets from /home/smp201/dev/turbomole/cbasen/

              we will work with the 1s 3p 5d 7f 9g ... basis set
              ...i.e. with spherical basis functions...

   type   atoms  prim   cont   basis
   ---------------------------------------------------------------------------
    c        1      1      1   def2-TZVP   [1s|1s]
    h        4      1      1   def-SV(P)   [1s|1s]
    o        1      1      1   def-SV(P)   [1s|1s]
   ---------------------------------------------------------------------------
   total:    6      6      6
   ---------------------------------------------------------------------------

   total number of primitive shells          :    3
   total number of contracted shells         :    6
   total number of cartesian basis functions :    6
   total number of SCF-basis functions       :    6

 
             FOUND RI-K FLAG !
 
  
 AUXILIARY BASIS SET information:

              we will work with the 1s 3p 5d 7f 9g ... basis set
              ...i.e. with spherical basis functions...

   type   atoms  prim   cont   basis
   ---------------------------------------------------------------------------
    c        1      1      1   def2-TZVP   [1s|1s]
    h        4      1      1   def-SV(P)   [1s|1s]
    o        1      1      1   def-SV(P)   [1s|1s]
   ---------------------------------------------------------------------------
   total:    6      6      6
   ---------------------------------------------------------------------------

   total number of primitive shells          :    3
   total number of contracted shells         :    6
   total number of cartesian basis functions :    6
   total number of SCF-basis functions       :    6

 RPA SINGLET-EXCITATION-CALCULATION 
 
             FOUND DFT-FLAG !
 

 maximum number of Davidson iterations set to   35


 symmetry group of the molecule :   c1 

 the group has the following generators :
   c1(z)

    1 symmetry operations found

 there are 1 real representations :   a   

 maximum number of shells which are related by symmetry :  1

 IRREPs of excited states :   a   
  
           ------------------
           density functional
           ------------------
 PBE0 hybrid functional
 exchange:    3/4 (LDA+PBE) + 1/4 HF
 correlation: LDA (PW) + PBE
 spherical integration : Lebedev's spherical grid
 spherical gridsize    :                     3
    i.e. gridpoints    :                   302
  maximum batchsize    :                   100
 value for diffuse not defined
 radial integration    : Chebyshev 2nd kind (scaling 3)
 radial gridsize       :                     3
 integration cells     :                     6
 partition function    : becke
 partition sharpness   :                     3
  

 ----------------------------------------------------------------------
          some useful papers before it begins
 ----------------------------------------------------------------------

     nonorthonormal Krylov space methods 
     F. Furche, B. T. Krull, B. D. Nguyen, and J. Kwon, 
     J. Chem. Phys. 144, 174105 (2016).

     RI-J method 
     R. Bauernschmitt, M. Haeser, O. Treutler, and R. Ahlrichs,
     Chem. Phys. Lett. 264, 573 (1997).

     density functional implementation               
     R. Bauernschmitt and R. Ahlrichs,
     Chem. Phys. Lett. 256, 454 (1996).
     R. Bauernschmitt and R. Ahlrichs,
     J. Chem. Phys. 104, 9047 (1996).

     UHF extension (RPA and CIS)
     C. Ochsenfeld, J. Gauss, and R. Ahlrichs, 
     J. Chem. Phys. 103, 7401 (1995).

     integral direct algorithm                 
     H. Weiss, R. Ahlrichs, and M. Haeser, 
     J. Chem. Phys. 99, 1262 (1993).

 ----------------------------------------------------------------------

  MOs are in ASCII format !


    mo occupation :
   irrep   mo's   occupied
    a       53        9
 
 number of basis functions   :    53
 number of occupied orbitals :     9
 

 reading orbital data $scfmo  from file mos
 orbital characterization : scfconv=7
  
           ----------------------
               RI - INFORMATION
           ----------------------

 biggest AO integral is expected to be     5.725698708

 Threshold for integral neglect (rithr2):   0.33E-10
 Threshold for integral neglect (rithr1):   0.33E-10

 Contributions to RI integral batches: 
  neglected integral batches:                     1
  direct contribution:                            0
  memory contribution:                   324
 Core memory available (ricore)            500 MiB
 Core memory needed for (P|Q) and Cholesky 1 MiB
 Core memory used for integrals            1 MiB
  
 ****************************************
 Memory allocated for RIDFT 1 MiB
 ****************************************
                                            

 MAXIMUM CORE MEMORY WHICH CAN BE ALLOCATED DYNAMICALLY in escf_cc_setup= 500 MiB
              ( or 65536000 double words )

 Summary of integral storage options:
 B_ji^Q integral storage mode: on-disk   
 B_ai^Q integral storage mode: on-disk   
 B_ba^Q integral storage mode: on-disk   

   *-----------------------------------------------------------------------*
   |                     program will use  1 thread(s)                     |
   *-----------------------------------------------------------------------*
  MOs are in ASCII format !


 reading orbital data $scfmo  from file mos
 orbital characterization : scfconv=7
 time elapsed for calculating density matrices :   0.001 sec
 all orbitals will be active in the correlation treatment


   Molecular Orbital Statistic:
   ============================

   -----------------------------
   orbitals in total:
   -----------------------------
    frozen occupied :      0
    active occupied :      9
    active virtual  :     44
    frozen virtual  :      0
    all together    :     53
   -----------------------------


     time in riccmos       cpu:  0.01 sec    wall:  0.06 sec    ratio:  0.1

     total memory allocated for calculation of (Q|P)**(-1/2) : 1 MiB


     calculation of (P|Q) ...
     time in lp2sym        cpu:  0.00 sec    wall:  0.00 sec    ratio:  0.9


     calculation of the Cholesky decomposition of (P|Q)**(-1) ...
     time in invmetri      cpu:  0.00 sec    wall:  0.02 sec    ratio:  0.1
 preparing DFT   numerical integration ....
          Overall gridpoints after grid construction =         27148

 Calculating ground state density on molecular grid

 Integral of ground state density: N =   18.00000522361679    


 all orbitals will be included in the transformation

 number of non-frozen orbitals          :    53
 number of non-frozen occupied orbitals :     9



 dimension of super-tensorspace: 2

          IRREP   tensor space dimension   number of roots

           a                 396                      5
                    10
 Switching off XC: hybrid=  0.250000000000000     

 machine precision: 2.22D-16


 logfile sing_a    will be constructed




                       Nonorthonormal Krylov Space Iteration


 total number of roots to be determined: 5


 maximum core memory set to          500 MB,
 corresponding to     9248 vectors in CAO basis


 maximum number of simultaneously treated vectors (including degeneracy):       10


 Iteration IRREP Converged      Max. Euclidean
                 roots          residual norm

    1       a        0        7.304458476990025D-02
 
    2       a        0        1.714433792026688D-02
 
    3       a        0        5.056638626724459D-03
 
    4       a        0        6.106821144221392D-04
 
    5       a        2        1.401717135951587D-04
 
    6       a        4        2.051896959343687D-05
 
    7       a        5        9.060042588584655D-06
 

 converged!

 Eigenpairs written on logfile sing_a   



 IRREP   Vector     Eigenvalue           Euclidean residual norm

  a         1    2.624769658858094D-01    1.592218381662869D-06
            2    3.359784504894115D-01    4.217156328045677D-06
            3    3.380052366971505D-01    9.060042588584655D-06
            4    3.644256265036806D-01    1.489311588312260D-06
            5    3.821119695788188D-01    3.553893153274180D-06






                    Selection rules for point group c1  


 Subduction with respect to c1  :

    Polar vector representation: a                           

    Axial vector representation: a                           

    Symmetric second rank tensor representation: a                           




                            Ground state


 Total energy:                           -115.5217343880000    

 Charge:

               elec          nuc         total

           -18.000000    18.000000    -0.000000


 Electric dipole moment:

               elec          nuc         total   

    x      143.935897  -144.235142    -0.299245    Norm:              0.653358
    y     -110.872879   110.311648    -0.561232
    z        0.335977    -0.485471    -0.149494    Norm / debye:      1.660683


 Electric quadrupole moment:

               elec          nuc         total   

   xx    -1200.907975  1195.764940    -5.143035
   yy     -700.323128   684.720217   -15.602911    1/3*trace:       -10.252030
   zz      -16.198613     6.188469   -10.010144
   xy      888.762281  -887.679428     1.082854
   xz       -2.107494     2.892501     0.785007    Anisotropy:        9.401988
   yz        1.726099    -2.256050    -0.529952



 ==============================================================================

                              I R R E P   a   

 ==============================================================================


 Excitation is electric dipole allowed

 Excitation is magnetic dipole allowed

 Excitation is electric quadrupole allowed




                         1 singlet a excitation


 Total energy:                           -115.2592574221142    

 Excitation energy:                      0.2624769658858094    

 Excitation energy / eV:                  7.142364704218334    

 Excitation energy / nm:                  173.5899091420553    

 Excitation energy / cm^(-1):             57607.03515504451    


 Oscillator strength:

    velocity representation:             0.1004124009298302E-01

    length representation:               0.1756041534572259E-06

    mixed representation:                0.4199113638725202E-04


 Rotatory strength:

    velocity representation:            -0.1676285853023045E-08

    velocity rep. / 10^(-40)erg*cm^3:   -0.1082961397789480E-03

    length representation:               0.4572242045238546E-09

    length rep. / 10^(-40)erg*cm^3:      0.2953888578975733E-04


 Dominant contributions:

      occ. orbital   energy / eV   virt. orbital     energy / eV   |coeff.|^2*100
        9 a              -7.68          10 a               1.62       98.7
 

 Change of electron number:

            -0.000000


 Electric transition dipole moment (velocity rep.):

    x       -0.000000        Norm:                  0.239549
    y        0.061657
    z       -0.231478        Norm / debye:          0.608877


 Electric transition dipole moment (length rep.):

    x       -0.000004        Norm:                  0.001002
    y        0.000256
    z       -0.000968        Norm / debye:          0.002546


 Magnetic transition dipole moment / i:

    x       -0.000400        Norm:                  0.000773
    y        0.000640
    z        0.000170        Norm / Bohr mag.:      0.211924


 Electric quadrupole transition moment:

   xx        0.000056
   yy        0.158256        1/3*trace:             0.001086
   zz       -0.155054
   xy        0.137852
   xz       -0.517564        Anisotropy:            1.078666
   yz       -0.276446




                         2 singlet a excitation


 Total energy:                           -115.1857559375106    

 Excitation energy:                      0.3359784504894115    

 Excitation energy / eV:                  9.142442720850108    

 Excitation energy / nm:                  135.6139139091480    

 Excitation energy / cm^(-1):             73738.74634432183    


 Oscillator strength:

    velocity representation:             0.8845681632919803E-02

    length representation:               0.5099309679584018E-02

    mixed representation:                0.5928199418062804E-02


 Rotatory strength:

    velocity representation:             0.1164816025049683E-06

    velocity rep. / 10^(-40)erg*cm^3:    0.7525272544539270E-02

    length representation:              -0.2762488147922570E-04

    length rep. / 10^(-40)erg*cm^3:      -1.784700396209792    


 Dominant contributions:

      occ. orbital   energy / eV   virt. orbital     energy / eV   |coeff.|^2*100
        8 a              -9.35          10 a               1.62       98.4
 

 Change of electron number:

             0.000000


 Electric transition dipole moment (velocity rep.):

    x        0.006586        Norm:                  0.198726
    y       -0.191919
    z       -0.051148        Norm / debye:          0.505116


 Electric transition dipole moment (length rep.):

    x        0.075288        Norm:                  0.150885
    y       -0.126348
    z       -0.033678        Norm / debye:          0.383514


 Magnetic transition dipole moment / i:

    x       -0.000391        Norm:                  0.002199
    y        0.000544
    z       -0.002095        Norm / Bohr mag.:      0.602700


 Electric quadrupole transition moment:

   xx       -1.096050
   yy       -1.113581        1/3*trace:            -0.933086
   zz       -0.589626
   xy        0.467700
   xz       -0.000111        Anisotropy:            0.973100
   yz        0.091363




                         3 singlet a excitation


 Total energy:                           -115.1837291513028    

 Excitation energy:                      0.3380052366971505    

 Excitation energy / eV:                  9.197594403300785    

 Excitation energy / nm:                  134.8007300278141    

 Excitation energy / cm^(-1):             74183.57449877319    


 Oscillator strength:

    velocity representation:             0.5992711629712098E-01

    length representation:               0.3737235139342434E-01

    mixed representation:                0.4732459453799273E-01


 Rotatory strength:

    velocity representation:            -0.9926740198542074E-07

    velocity rep. / 10^(-40)erg*cm^3:   -0.6413152280393524E-02

    length representation:              -0.7315448455431910E-07

    length rep. / 10^(-40)erg*cm^3:     -0.4726132043925637E-02


 Dominant contributions:

      occ. orbital   energy / eV   virt. orbital     energy / eV   |coeff.|^2*100
        9 a              -7.68          11 a               3.21       97.5
 

 Change of electron number:

             0.000000


 Electric transition dipole moment (velocity rep.):

    x       -0.000006        Norm:                  0.515698
    y       -0.132750
    z        0.498319        Norm / debye:          1.310784


 Electric transition dipole moment (length rep.):

    x       -0.000002        Norm:                  0.407248
    y       -0.104834
    z        0.393524        Norm / debye:          1.035129


 Magnetic transition dipole moment / i:

    x        0.003579        Norm:                  0.007300
    y        0.006148
    z        0.001638        Norm / Bohr mag.:      2.000657


 Electric quadrupole transition moment:

   xx        0.000046
   yy       -0.952815        1/3*trace:            -0.435363
   zz       -0.353319
   xy        1.200384
   xz       -4.506275        Anisotropy:            8.720338
   yz        1.835382




                         4 singlet a excitation


 Total energy:                           -115.1573087614963    

 Excitation energy:                      0.3644256265036806    

 Excitation energy / eV:                  9.916530097292105    

 Excitation energy / nm:                  125.0278502561340    

 Excitation energy / cm^(-1):             79982.17979451144    


 Oscillator strength:

    velocity representation:             0.3595101437047569E-06

    length representation:               0.6693674260653281E-04

    mixed representation:                0.4905370819523523E-05


 Rotatory strength:

    velocity representation:             0.1240587137563857E-07

    velocity rep. / 10^(-40)erg*cm^3:    0.8014790425826820E-03

    length representation:               0.1084939545087855E-07

    length rep. / 10^(-40)erg*cm^3:      0.7009232012228127E-03


 Dominant contributions:

      occ. orbital   energy / eV   virt. orbital     energy / eV   |coeff.|^2*100
        9 a              -7.68          12 a               4.24       80.4
        9 a              -7.68          13 a               4.45       16.9
 

 Change of electron number:

             0.000000


 Electric transition dipole moment (velocity rep.):

    x        0.000009        Norm:                  0.001216
    y        0.000319
    z       -0.001174        Norm / debye:          0.003092


 Electric transition dipole moment (length rep.):

    x        0.000008        Norm:                  0.016599
    y        0.004276
    z       -0.016038        Norm / debye:          0.042190


 Magnetic transition dipole moment / i:

    x       -0.000230        Norm:                  0.002185
    y        0.002099
    z        0.000559        Norm / Bohr mag.:      0.598725


 Electric quadrupole transition moment:

   xx       -0.000139
   yy        0.199263        1/3*trace:             0.017698
   zz       -0.146029
   xy       -0.075321
   xz        0.282664        Anisotropy:            0.850833
   yz       -0.354525




                         5 singlet a excitation


 Total energy:                           -115.1396224184212    

 Excitation energy:                      0.3821119695788188    

 Excitation energy / eV:                  10.39780018550823    

 Excitation energy / nm:                  119.2408411341367    

 Excitation energy / cm^(-1):             83863.88340936089    


 Oscillator strength:

    velocity representation:             0.1765999728237103E-01

    length representation:               0.1938858021057562E-01

    mixed representation:                0.1850411504869960E-01


 Rotatory strength:

    velocity representation:             0.1124611403399545E-06

    velocity rep. / 10^(-40)erg*cm^3:    0.7265531324500273E-02

    length representation:               0.9437594081561766E-07

    length rep. / 10^(-40)erg*cm^3:      0.6097140329560095E-02


 Dominant contributions:

      occ. orbital   energy / eV   virt. orbital     energy / eV   |coeff.|^2*100
        9 a              -7.68          13 a               4.45       81.1
        9 a              -7.68          12 a               4.24       17.5
 

 Change of electron number:

            -0.000000


 Electric transition dipole moment (velocity rep.):

    x        0.000043        Norm:                  0.263297
    y        0.067783
    z       -0.254422        Norm / debye:          0.669239


 Electric transition dipole moment (length rep.):

    x        0.000045        Norm:                  0.275882
    y        0.071027
    z       -0.266582        Norm / debye:          0.701227


 Magnetic transition dipole moment / i:

    x       -0.000061        Norm:                  0.005180
    y       -0.005005
    z       -0.001334        Norm / Bohr mag.:      1.419650


 Electric quadrupole transition moment:

   xx       -0.000783
   yy        0.708891        1/3*trace:             0.294647
   zz        0.175832
   xy       -0.837273
   xz        3.143367        Anisotropy:            6.136218
   yz       -1.353800

 SUMMARY OF EXCITATION ENERGIES AND DIPOLE OSCILLATOR STRENGTHS (velocity/length):

 -----------------------------------------------------------------------------------------------
 |    Exc.   | energy (Eh) | energy (eV) | energy (cm-1) | energy (nm) | Osc.(vel) | Osc.(len) |
 -----------------------------------------------------------------------------------------------
 |     1 a   |    0.262477 |     7.14236 |     57607.035 |     173.590 |   0.01004 |   0.00000 |
 |     2 a   |    0.335978 |     9.14244 |     73738.746 |     135.614 |   0.00885 |   0.00510 |
 |     3 a   |    0.338005 |     9.19759 |     74183.574 |     134.801 |   0.05993 |   0.03737 |
 |     4 a   |    0.364426 |     9.91653 |     79982.180 |     125.028 |   0.00000 |   0.00007 |
 |     5 a   |    0.382112 |    10.39780 |     83863.883 |     119.241 |   0.01766 |   0.01939 |
 -----------------------------------------------------------------------------------------------



    escf profiling
  --------------------------------------------------------------------
             module   cpu total (s)       %  wall total (s)       %

         input total             0.0   10.46             0.1    8.47
       init symmetry             0.0    1.01             0.0    0.92
               moinp             0.0    1.43             0.0    0.31
            RI total             0.0    1.52             0.0    0.33
          RI prelims             0.0    0.57             0.0    0.13
       escf_cc_setup             0.0   13.29             0.2   19.03
           grid init             0.0    9.14             0.0    2.01
            becke...             0.0    4.85             0.0    1.07
         dft prelims             0.1   27.88             0.1    6.12
           dft total             0.1   27.88             0.1    6.12
             funct_2             0.0   15.11             0.0    3.33
              onde_2             0.0    7.82             0.0    1.73
                 gga             0.0    3.30             0.0    0.73
              tracao             0.0    0.19             0.0    0.18
           diag_prep             0.0    0.02             0.0    0.00
              respon             0.1   29.73             0.4   50.96
            startvec             0.0    0.07             0.0    0.22
           mvproduct             0.0   12.10             0.1   14.15
            tramocao             0.0    0.80             0.0    0.18
     tramocao_mvprod             0.0    0.63             0.0    0.14
              colrsp             0.0    0.91             0.0    0.20
              gammaP             0.0    0.37             0.0    0.08
              cotlet             0.0    0.06             0.0    0.01
              gammaQ             0.0    0.29             0.0    0.06
            tracaomo             0.0    1.00             0.0    1.87
              mv_rik             0.0    9.28             0.1   11.88
                ritz             0.0    3.95             0.0    0.87
            expandl3             0.0    0.56             0.0    0.98
           startover             0.0    0.89             0.0    0.19
                rest             0.0    0.64             0.0    2.19
             writeep             0.0    3.36             0.0    2.49
              proper             0.0    2.87             0.0    1.91
 


    ------------------------------------------------------------------------
         total  cpu-time :   0.20 seconds
         total wall-time :   0.91 seconds
    ------------------------------------------------------------------------

   ****  escf : all done  ****


    2023-03-08 01:08:22.023 

