
 ridft (compt195) : TURBOMOLE rev. V7-6-2381-g96b3af1 compiled 16 Jan 2023 at 13:48:01
 Copyright (C) 2023 TURBOMOLE GmbH, Karlsruhe


    2023-03-08 01:08:15.123 



                                  r i d f t

                        DFT program with RI approximation 
                                for coulomb part 




                                                 
                                 References:     
                                                 
          TURBOMOLE:                             
              R. Ahlrichs, M. Baer, M. Haeser, H. Horn, and
              C. Koelmel
              Electronic structure calculations on workstation
              computers: the program system TURBOMOLE
              Chem. Phys. Lett. 162: 165 (1989)
          Density Functional:                              
              O. Treutler and R. Ahlrichs                      
              Efficient Molecular Numerical Integration Schemes
              J. Chem. Phys. 102: 346 (1995)                   
          Parallel Version:                                
              Performance of parallel TURBOMOLE for Density    
              Functional Calculations                          
              M. v. Arnim and R. Ahlrichs                      
              J. Comp. Chem. 19: 1746 (1998)                   
          RI-J Method:                                     
              Auxiliary Basis Sets to approximate Coulomb      
              Potentials                                       
              Chem. Phys. Lett. 240: 283 (1995)                
              K. Eichkorn, O. Treutler, H. Oehm, M. Haeser     
              and R. Ahlrichs                                  
              Chem. Phys. Lett. 242: 652 (1995)                
                                                           
              Auxiliary Basis Sets for Main Row Atoms and their
              Use to approximate Coulomb Potentials            
              K. Eichkorn, F. Weigend, O. Treutler and         
              R. Ahlrichs                                      
              Theo. Chem. Acc. 97: 119 (1997)                   
                                                           
              Accurate Coulomb-fitting basis sets for H to Rn 
              F. Weigend                                        
              Phys. Chem. Chem. Phys. 8: 1057 (2006)            
                                                           
          Multipole accelerated RI-J (MARI-J):             
              Fast evaluation of the Coulomb potential for     
              electron densities using multipole accelerated   
              resolution of identity approximation             
              M. Sierka, A. Hogekamp and R. Ahlrichs           
              J. Chem. Phys. 118: 9136 (2003)                  
          RI-JK Method:                                     
              A fully direct RI-HF algorithm: Implementation,
              optimised auxiliary basis sets, demonstration of
              accuracy and efficiency                         
              F. Weigend                                      
              Phys. Chem. Chem. Phys. 4: 4285 (2002)           
          Two-component HF and DFT with spin-orbit coupling:  
              Self-consistent treatment of spin-orbit         
              interactions with efficient Hartree-Fock and    
              density functional methods                      
              M. K. Armbruster, F. Weigend, C. van WÃ¼llen and 
              W. Klopper                                      
              Phys. Chem. Chem. Phys. 10: 1748 (2008)         
          Two-component difference density and DIIS algorithm 
              Efficient two-component self-consistent field   
              procedures and gradients: implementation in     
              TURBOMOLE and application to Au20-              
              A. Baldes, F. Weigend                           
              Mol. Phys. 111: 2617 (2013)                     
          Relativistic current density functional theory      
              Current density functional framework for        
              spin-orbit coupling                             
              C. Holzer, Y. J. Franzke, A. Pausch             
              J. Chem. Phys. 157: 204102 (2022)               
          Relativistic all-electron 2c calculations           
              An efficient implementation of two-component    
              relativistic exact-decoupling methods for large 
              molecules                                       
              D. Peng, N. Middendorf, F. Weigend, M. Reiher   
              J. Chem. Phys. 138: 184105 (2013)               
          Finite nucleus model and SNSO approximation         
              Efficient implementation of one- and two-       
              component analytical energy gradients in exact  
              two-component theory                            
              Y. J. Franzke, N. Middendorf, F. Weigend        
              J. Chem. Phys. 148: 104110 (2018)               
          Grids for all-electron relativistic methods         
              Error-consistent segmented contracted all-      
              electron relativistic basis sets of double-     
              and triple-zeta quality for NMR shielding       
              constants                                       
              Y. J. Franzke, R. Tress, T. M. Pazdera,         
              F. Weigend                                      
              Phys. Chem. Chem. Phys. 21: 166658 (2019)       
          Seminumerical exchange algorithms                   
              Seminumerical calculation of the Hartree-Fock   
              exchange matirx: Application to two-component   
              procedures and efficient evaluation of local    
              hybrid functionsl                               
              P. Plessow, F. Weigend,                         
              J. Comput. Chem. 33: 810 (2012)                 
          Improved seminumerical algorithms                   
              C. Holzer,                                      
              J. Chem. Phys. 153 (2020), 184115               
                                         




              +--------------------------------------------------+
              |      general information about current run       |
              +--------------------------------------------------+

 

 DENSITY CONVERGENCE CHECK SWITCHED ON !
 SCF CONVERGENCE IF RMS(delta[D]) <     0.1000000000E-06

 PBE0 hybrid functional
 exchange:    3/4 (LDA+PBE) + 1/4 HF
 correlation: LDA (PW) + PBE
 A Hybrid-DFT calculation using the RI-J approximation will be carried out.
 Allocatable memory for RI due to $ricore (MB):                   500


              +--------------------------------------------------+
              | Atomic coordinate, charge and isotop information |
              +--------------------------------------------------+

                    atomic coordinates            atom    charge  isotop
         -9.24314180    6.23174984    0.00054802    c      6.000     0
         -9.98177905    5.77299993   -1.91166584    h      1.000     0
         -6.60094563    6.20640861   -0.00619830    o      8.000     0
         -9.98177905    4.88256098    1.43120298    h      1.000     0
         -9.90212710    8.15492412    0.51283388    h      1.000     0
         -6.10304059    4.45939461   -0.47154336    h      1.000     0
 
       center of nuclear mass  :   -7.89226438    6.16696788   -0.01670470
       center of nuclear charge:   -8.01306343    6.12842487   -0.02697059

              +--------------------------------------------------+
              |               basis set information              |
              +--------------------------------------------------+

              we will work with the 1s 3p 5d 7f 9g ... basis set
              ...i.e. with spherical basis functions...

   type   atoms  prim   cont   basis
   ---------------------------------------------------------------------------
    c        1     46     31   def2-TZVP   [5s3p2d1f|11s6p2d1f]
    h        4      4      2   def-SV(P)   [2s|4s]
    o        1     24     14   def-SV(P)   [3s2p1d|7s4p1d]
   ---------------------------------------------------------------------------
   total:    6     86     53
   ---------------------------------------------------------------------------

   total number of primitive shells          :   36
   total number of contracted shells         :   25
   total number of cartesian basis functions :   59
   total number of SCF-basis functions       :   53


 integral neglect threshold       :  0.56E-10
 integral storage threshold THIZE :  0.10E-04
 integral storage threshold THIME :         5

 RI-J AUXILIARY BASIS SET information:

              we will work with the 1s 3p 5d 7f 9g ... basis set
              ...i.e. with spherical basis functions...

   type   atoms  prim   cont   basis
   ---------------------------------------------------------------------------
    c        1     70     49   def2-TZVP   [6s4p3d1f1g|12s5p4d2f1g]
    h        4     10      5   def-SV(P)   [2s1p|4s2p]
    o        1     39     37   def-SV(P)   [6s3p3d1f|8s3p3d1f]
   ---------------------------------------------------------------------------
   total:    6    149    106
   ---------------------------------------------------------------------------

   total number of primitive shells          :   45
   total number of contracted shells         :   40
   total number of cartesian basis functions :  124
   total number of SCF-basis functions       :  106


 symmetry group of the molecule :   c1 

 the group has the following generators :
   c1(z)

    1 symmetry operations found

 there are 1 real representations :   a   

 maximum number of shells which are related by symmetry :  1

  
           ------------------
           density functional
           ------------------
 PBE0 hybrid functional
 exchange:    3/4 (LDA+PBE) + 1/4 HF
 correlation: LDA (PW) + PBE
 spherical integration : Lebedev's spherical grid
 spherical gridsize    :                     3
    i.e. gridpoints    :                   302
  maximum batchsize    :                   100
 value for diffuse not defined
 radial integration    : Chebyshev 2nd kind (scaling 3)
 radial gridsize       :                     3
 integration cells     :                     6
 partition function    : becke
 partition sharpness   :                     3
  

 biggest AO integral is expected to be     5.725698708

          ------------------------
          nuclear repulsion energy  :   40.3453758809    
          ------------------------


         -----------------
         -S,T+V- integrals
         -----------------

 1e-integrals will be neglected if expon. factor < 0.566434E-11
 
 Difference densities algorithm switched on.
 The maximal number of linear combinations of
 difference densities is  20.

 DIIS switched on: error vector is FDS-SDF
 Max. Iterations for DIIS is     :   4
 DIIS matrix (see manual) 
    Scaling factor of diagonals  :  1.200
    threshold for scaling factor :  0.000

 scf convergence criterion : increment of total energy < .1000000D-06
                  and increment of one-electron energy < .1000000D-03

 MOs are in ASCII format !


    mo occupation :
   irrep   mo's   occupied
    a       53        9
 
 number of basis functions   :    53
 number of occupied orbitals :     9
 

 reading orbital data $scfmo  from file mos
 orbital characterization : expanded
 virtual MOs provided and orthogonalized by Cholesky decomposition

 automatic virtual orbital shift switched on 
      shift if e(lumo)-e(homo) < 0.10000000    

  
           ------------------------
               RI-J - INFORMATION
           ------------------------
 Contributions to RI integral batches: 
  neglected integral batches:                     1
  direct contribution:                            0
  memory contribution:                   324
 Memory core needed for (P|Q) and Cholesky      1 MByte
 Memory core minimum needed except of (P|Q)     1 MByte
 Total minimum memory core needed (sum)         1 MByte
  
 ****************************************
 Memory allocated for RI-J     2 MByte
 ****************************************
                                            

 DSCF restart information will be dumped onto file mos


 Starting SCF iterations

          Overall gridpoints after grid construction =         27148

 ITERATION  ENERGY          1e-ENERGY        2e-ENERGY     RMS[dD(SAO)]   TOL
   1  -115.12733611815    -236.21527991     80.742567915    0.000D+00 0.565D-10
                            Exc = -11.5762590525     Coul =  95.9955738696    
                            exK = -3.67674690201    
                              N = 18.000008474    
                            current damping = 0.300
 
          max. resid. norm for Fia-block=  2.856D-01 for orbital      7a         
          max. resid. fock norm         =  7.483D+00 for orbital     45a         

 ITERATION  ENERGY          1e-ENERGY        2e-ENERGY     RMS[dD(SAO)]   TOL
   2  -115.47524768473    -236.32421265     80.503589087    0.184D-01 0.375D-10
                            Exc = -11.5489083131      Eck =  92.0524974005    
                              N = 18.000005241    
                            current damping = 0.250
 
          Norm of current diis error: 0.60439    
          max. resid. norm for Fia-block=  8.659D-02 for orbital      3a         
          max. resid. fock norm         =  2.115D-01 for orbital     44a         

 ITERATION  ENERGY          1e-ENERGY        2e-ENERGY     RMS[dD(SAO)]   TOL
   3  -115.51566592397    -237.22356421     81.362522410    0.859D-02 0.307D-10
                            Exc = -11.6684023269      Eck =  93.0309247369    
                              N = 18.000005798    
                            current damping = 0.200
 
          Norm of current diis error: 0.20430    
          max. resid. norm for Fia-block=  3.054D-02 for orbital      8a         
          max. resid. fock norm         =  3.097D-02 for orbital      8a         

 ITERATION  ENERGY          1e-ENERGY        2e-ENERGY     RMS[dD(SAO)]   TOL
   4  -115.52094240613    -236.72258855     80.856270263    0.527D-02 0.267D-10
                            Exc = -11.6286427582      Eck =  92.4849130214    
                              N = 18.000005296    
                            current damping = 0.250
 
          Norm of current diis error: 0.83400E-01
          max. resid. norm for Fia-block=  8.868D-03 for orbital      5a         
          max. resid. fock norm         =  1.122D-02 for orbital      5a         

 ITERATION  ENERGY          1e-ENERGY        2e-ENERGY     RMS[dD(SAO)]   TOL
   5  -115.52168755144    -236.99194146     81.124878024    0.959D-03 0.254D-10
                            Exc = -11.6520353743      Eck =  92.7769133988    
                              N = 18.000005247    
                            current damping = 0.300
 
          Norm of current diis error: 0.19405E-01
          max. resid. norm for Fia-block=  2.173D-03 for orbital      8a         
          max. resid. fock norm         =  2.831D-03 for orbital     28a         
          mo-orthogonalization: Cholesky decomposition

 ITERATION  ENERGY          1e-ENERGY        2e-ENERGY     RMS[dD(SAO)]   TOL
   6  -115.52173144251    -236.95075351     81.083646191    0.421D-03 0.245D-10
                            Exc = -11.6494832932      Eck =  92.7331294837    
                              N = 18.000005244    
                            current damping = 0.350
 
          Norm of current diis error: 0.40723E-02
          max. resid. norm for Fia-block=  5.279D-04 for orbital      5a         
          max. resid. fock norm         =  5.936D-04 for orbital      5a         

 ITERATION  ENERGY          1e-ENERGY        2e-ENERGY     RMS[dD(SAO)]   TOL
   7  -115.52173413391    -236.95854974     81.091439730    0.964D-04 0.235D-10
                            Exc = -11.6502488767      Eck =  92.7416886068    
                              N = 18.000005231    
                            current damping = 0.400
 
          Norm of current diis error: 0.10348E-02
          max. resid. norm for Fia-block=  1.594D-04 for orbital      8a         
          max. resid. fock norm         =  1.674D-04 for orbital      8a         

 ITERATION  ENERGY          1e-ENERGY        2e-ENERGY     RMS[dD(SAO)]   TOL
   8  -115.52173435068    -236.95948953     81.092379294    0.327D-04 0.225D-10
                            Exc = -11.6503500870      Eck =  92.7427293807    
                              N = 18.000005226    
                            current damping = 0.250
 
          Norm of current diis error: 0.44871E-03
          max. resid. norm for Fia-block=  7.266D-05 for orbital      5a         
          max. resid. fock norm         =  8.222D-05 for orbital      5a         

 ITERATION  ENERGY          1e-ENERGY        2e-ENERGY     RMS[dD(SAO)]   TOL
   9  -115.52173438635    -236.96029679     81.093186527    0.123D-04 0.217D-10
                            Exc = -11.6504352925      Eck =  92.7436218195    
                              N = 18.000005224    
                            current damping = 0.100
 
          Norm of current diis error: 0.82854E-04
          max. resid. norm for Fia-block=  1.800D-05 for orbital      8a         
          max. resid. fock norm         =  2.061D-05 for orbital      8a         

 ITERATION  ENERGY          1e-ENERGY        2e-ENERGY     RMS[dD(SAO)]   TOL
  10  -115.52173438764    -236.96010970     81.092999436    0.383D-05 0.213D-10
                            Exc = -11.6504195813      Eck =  92.7434190174    
                              N = 18.000005224    
                            current damping = 0.150
 
          Norm of current diis error: 0.59304E-04
          max. resid. norm for Fia-block=  5.698D-06 for orbital      5a         
          max. resid. fock norm         =  7.012D-06 for orbital      5a         
          mo-orthogonalization: Cholesky decomposition

 ENERGY & DENSITY CONVERGED !


 ITERATION  ENERGY          1e-ENERGY        2e-ENERGY     RMS[dD(SAO)]   TOL
  11  -115.52173438795    -236.96020163     81.093091361    0.580D-06 0.209D-10
                            Exc = -11.6504288119      Eck =  92.7435201725    
                              N = 18.000005224    
                            current damping = 0.200
 
          Norm of current diis error: 0.45151E-05
          max. resid. norm for Fia-block=  6.449D-07 for orbital      5a         
          max. resid. fock norm         =  7.503D-07 for orbital      5a         

 End of SCF iterations

   convergence criteria satisfied after    11 iterations


                  ------------------------------------------ 
                 |  total energy      =   -115.52173438795  |
                  ------------------------------------------ 
                 :  kinetic energy    =    114.79791591682  :
                 :  potential energy  =   -230.31965030477  :
                 :  virial theorem    =      1.99373435246  :
                 :  wavefunction norm =      1.00000000000  :
                  .......................................... 


 <geterg> : there is no data group $energy 


 <skperg> : $end is missing 


 orbitals $scfmo  will be written to file mos

    irrep                  5a          6a          7a          8a          9a   
 eigenvalues H         -0.51964    -0.45434    -0.43908    -0.34347    -0.28232
            eV         -14.1403    -12.3634    -11.9482     -9.3463     -7.6823
 occupation              2.0000      2.0000      2.0000      2.0000      2.0000

    irrep                 10a         11a         12a         13a         14a   
 eigenvalues H          0.05935     0.11795     0.15569     0.16365     0.16720
            eV           1.6151      3.2095      4.2365      4.4532      4.5497
 
 
 
 
 ==============================================================================
                           electrostatic moments
 ==============================================================================

 reference point for electrostatic moments:    0.00000   0.00000   0.00000

 
              nuc           elec       ->  total
 ------------------------------------------------------------------------------
                          charge      
 ------------------------------------------------------------------------------
          18.000000     -18.000000      -0.000000
 
 ------------------------------------------------------------------------------
                       dipole moment  
 ------------------------------------------------------------------------------
   x    -144.235142     143.935897      -0.299245
   y     110.311648    -110.872879      -0.561232
   z      -0.485471       0.335977      -0.149494
 
   | dipole moment | =     0.6534 a.u. =     1.6607 debye 
 
 ------------------------------------------------------------------------------
                     quadrupole moment
 ------------------------------------------------------------------------------
  xx    1195.764940   -1200.907975      -5.143035
  yy     684.720217    -700.323128     -15.602911
  zz       6.188469     -16.198613     -10.010144
  xy    -887.679428     888.762281       1.082854
  xz       2.892501      -2.107494       0.785007
  yz      -2.256050       1.726099      -0.529952
 
     1/3  trace=     -10.252030
     anisotropy=       9.401988
 
 ==============================================================================
 
HOMO-LUMO Separation
 HOMO         :   -0.28231619 H =     -7.68222 eV
 LUMO         :    0.05935500 H =     +1.61513 eV
 HOMO-LUMO gap:    0.34167119 H =     +9.29735 eV
 
 ==============================================================================


    ------------------------------------------------------------------------
         total  cpu-time :   1.58 seconds
         total wall-time :   2.22 seconds
    ------------------------------------------------------------------------

   ****  ridft : all done  ****


    2023-03-08 01:08:17.318 

