
 escf (compt194) : TURBOMOLE rev. V7-6-2381-g96b3af1 compiled 16 Jan 2023 at 13:48:01
 Copyright (C) 2023 TURBOMOLE GmbH, Karlsruhe


    2023-03-08 01:08:19.116 


 escf run will be profiled !




                                e s c f

                             TURBOMOLE GmbH

          integral direct evaluation of 

                    * excitation energies and transition moments 
                    * polarizabilities
                    * dynamic response properties 
                    * stabilities
                    * quasiparticle states with GW
                    * NMR coupling-constants



          references (see also programs dscf and ridft) 
          implementation and benchmarks (review) 
          F. Furche and D. Rappoport,  
          "Density functional methods for excited states: 
          equilibrium structure and electronic spectra",
          ch. III of "Computational Photochemistry", ed. by 
          M. Olivucci, vol. 16 of "Theoretical and Computational 
          Chemistry", Elsevier, Amsterdam, 2005.



              +--------------------------------------------------+
              | Atomic coordinate, charge and isotop information |
              +--------------------------------------------------+

                    atomic coordinates            atom    charge  isotop
         -9.24314180    6.23174984    0.00054802    c      6.000     0
         -9.98177905    5.77299993   -1.91166584    h      1.000     0
         -6.60094563    6.20640861   -0.00619830    o      8.000     0
         -9.98177905    4.88256098    1.43120298    h      1.000     0
         -9.90212710    8.15492412    0.51283388    h      1.000     0
         -6.10304059    4.45939461   -0.47154336    h      1.000     0
 
       center of nuclear mass  :   -7.89226438    6.16696788   -0.01670470
       center of nuclear charge:   -8.01306343    6.12842487   -0.02697059

              +--------------------------------------------------+
              |               basis set information              |
              +--------------------------------------------------+

              we will work with the 1s 3p 5d 7f 9g ... basis set
              ...i.e. with spherical basis functions...

   type   atoms  prim   cont   basis
   ---------------------------------------------------------------------------
    c        1     46     31   def2-TZVP   [5s3p2d1f|11s6p2d1f]
    h        4      4      2   def-SV(P)   [2s|4s]
    o        1     24     14   def-SV(P)   [3s2p1d|7s4p1d]
   ---------------------------------------------------------------------------
   total:    6     86     53
   ---------------------------------------------------------------------------

   total number of primitive shells          :   36
   total number of contracted shells         :   25
   total number of cartesian basis functions :   59
   total number of SCF-basis functions       :   53


 residuum convergence criterium   :  0.10E-04


 integral neglect threshold       :  0.33E-10
 integral storage threshold THIZE :  0.10E-04
 integral storage threshold THIME :         5

 
             FOUND RI-J FLAG !
 
  
 AUXILIARY BASIS SET information:

              assign orbital basis set names as defaults
              read basis sets from /home/smp201/dev/turbomole/cbasen/
              (basis sets have been saved in file auxbasis)

              we will work with the 1s 3p 5d 7f 9g ... basis set
              ...i.e. with spherical basis functions...

   type   atoms  prim   cont   basis
   ---------------------------------------------------------------------------
    c        1      4      4   def2-TZVP   [1s1p|1s1p]
    h        4      1      1   def-SV(P)   [1s|1s]
    o        1     72     48   def-SV(P)   [6s5p4d1f|8s6p5d3f]
   ---------------------------------------------------------------------------
   total:    6     80     56
   ---------------------------------------------------------------------------

   total number of primitive shells          :   25
   total number of contracted shells         :   22
   total number of cartesian basis functions :   63
   total number of SCF-basis functions       :   56

 
             FOUND RI-K FLAG !
 
  
 AUXILIARY BASIS SET information:

              we will work with the 1s 3p 5d 7f 9g ... basis set
              ...i.e. with spherical basis functions...

   type   atoms  prim   cont   basis
   ---------------------------------------------------------------------------
    c        1      4      4   def2-TZVP   [1s1p|1s1p]
    h        4      1      1   def-SV(P)   [1s|1s]
    o        1     72     48   def-SV(P)   [6s5p4d1f|8s6p5d3f]
   ---------------------------------------------------------------------------
   total:    6     80     56
   ---------------------------------------------------------------------------

   total number of primitive shells          :   25
   total number of contracted shells         :   22
   total number of cartesian basis functions :   63
   total number of SCF-basis functions       :   56

 RPA SINGLET-EXCITATION-CALCULATION 
 
             FOUND DFT-FLAG !
 

 maximum number of Davidson iterations set to   35


 symmetry group of the molecule :   c1 

 the group has the following generators :
   c1(z)

    1 symmetry operations found

 there are 1 real representations :   a   

 maximum number of shells which are related by symmetry :  1

 IRREPs of excited states :   a   
  
           ------------------
           density functional
           ------------------
 PBE functional
 exchange:    LDA + PBE
 correlation: LDA (PW) + PBE
 spherical integration : Lebedev's spherical grid
 spherical gridsize    :                     3
    i.e. gridpoints    :                   302
  maximum batchsize    :                   100
 value for diffuse not defined
 radial integration    : Chebyshev 2nd kind (scaling 3)
 radial gridsize       :                     3
 integration cells     :                     6
 partition function    : becke
 partition sharpness   :                     3
  
 ----------------------------------------
  No HARTREE-FOCK EXCHANGE is needed.
  -> Switching off RI-K.
 ----------------------------------------

 ----------------------------------------------------------------------
          some useful papers before it begins
 ----------------------------------------------------------------------

     nonorthonormal Krylov space methods 
     F. Furche, B. T. Krull, B. D. Nguyen, and J. Kwon, 
     J. Chem. Phys. 144, 174105 (2016).

     RI-J method 
     R. Bauernschmitt, M. Haeser, O. Treutler, and R. Ahlrichs,
     Chem. Phys. Lett. 264, 573 (1997).

     density functional implementation               
     R. Bauernschmitt and R. Ahlrichs,
     Chem. Phys. Lett. 256, 454 (1996).
     R. Bauernschmitt and R. Ahlrichs,
     J. Chem. Phys. 104, 9047 (1996).

     UHF extension (RPA and CIS)
     C. Ochsenfeld, J. Gauss, and R. Ahlrichs, 
     J. Chem. Phys. 103, 7401 (1995).

     integral direct algorithm                 
     H. Weiss, R. Ahlrichs, and M. Haeser, 
     J. Chem. Phys. 99, 1262 (1993).

 ----------------------------------------------------------------------

  MOs are in ASCII format !


    mo occupation :
   irrep   mo's   occupied
    a       53        9
 
 number of basis functions   :    53
 number of occupied orbitals :     9
 

 reading orbital data $scfmo  from file mos
 orbital characterization : scfconv=7
  
           ----------------------
               RI - INFORMATION
           ----------------------

 biggest AO integral is expected to be     5.725698708

 Threshold for integral neglect (rithr2):   0.33E-10
 Threshold for integral neglect (rithr1):   0.33E-10

 Contributions to RI integral batches: 
  neglected integral batches:                     1
  direct contribution:                            0
  memory contribution:                   324
 Core memory available (ricore)            500 MiB
 Core memory needed for (P|Q) and Cholesky 1 MiB
 Core memory used for integrals            1 MiB
  
 ****************************************
 Memory allocated for RIDFT 1 MiB
 ****************************************
                                            
 preparing DFT   numerical integration ....
          Overall gridpoints after grid construction =         27148

 Calculating ground state density on molecular grid

 Integral of ground state density: N =   18.00000519351204    


 all orbitals will be included in the transformation

 number of non-frozen orbitals          :    53
 number of non-frozen occupied orbitals :     9



 dimension of super-tensorspace: 1

          IRREP   tensor space dimension   number of roots

           a                 396                      5
                     6
 Switching off XC: hybrid=  0.000000000000000E+000

 machine precision: 2.22D-16


 logfile sing_a    will be constructed




                       Nonorthonormal Krylov Space Iteration


 total number of roots to be determined: 5


 maximum core memory set to          500 MB,
 corresponding to    18189 vectors in CAO basis


 maximum number of simultaneously treated vectors (including degeneracy):       10


 Iteration IRREP Converged      Max. Euclidean
                 roots          residual norm

    1       a        0        1.393322561471212D-01
 
    2       a        0        5.533602128275834D-02
 
    3       a        0        1.288051734632862D-02
 
    4       a        3        2.215546855049002D-03
 
    5       a        4        1.611999277398852D-04
 
    6       a        4        3.317387834829839D-05
 
    7       a        5        9.311778684573025D-06
 

 converged!

 Eigenpairs written on logfile sing_a   



 IRREP   Vector     Eigenvalue           Euclidean residual norm

  a         1    6.320337098509429D-02    9.311778684573025D-06
            2    9.395374011633306D-02    6.633505524275962D-06
            3    1.004086298248397D-01    7.918772280638888D-06
            4    1.158579157565682D-01    4.243999102291458D-06
            5    1.244219250846486D-01    2.125058609855037D-07






                    Selection rules for point group c1  


 Subduction with respect to c1  :

    Polar vector representation: a                           

    Axial vector representation: a                           

    Symmetric second rank tensor representation: a                           




                            Ground state


 Total energy:                           -115.5131351917000    

 Charge:

               elec          nuc         total

           -18.000000    18.000000    -0.000000


 Electric dipole moment:

               elec          nuc         total   

    x      143.976826  -144.235142    -0.258316    Norm:              0.619055
    y     -110.855278   110.311648    -0.543630
    z        0.340665    -0.485471    -0.144805    Norm / debye:      1.573493


 Electric quadrupole moment:

               elec          nuc         total   

   xx    -1201.618849  1195.764940    -5.853909
   yy     -700.219856   684.720217   -15.499639    1/3*trace:       -10.484773
   zz      -16.289240     6.188469   -10.100771
   xy      888.902942  -887.679428     1.223514
   xz       -2.137942     2.892501     0.754559    Anisotropy:        8.779816
   yz        1.748023    -2.256050    -0.508027



 ==============================================================================

                              I R R E P   a   

 ==============================================================================


 Excitation is electric dipole allowed

 Excitation is magnetic dipole allowed

 Excitation is electric quadrupole allowed




                         1 singlet a excitation


 Total energy:                           -115.2617323854605    

 Excitation energy:                      0.2514028062394975    

 Excitation energy / eV:                  6.841021358832713    

 Excitation energy / nm:                  181.2364521364743    

 Excitation energy / cm^(-1):             55176.53805635736    


 Oscillator strength:

    velocity representation:             0.6521363797487130E-02

    length representation:               0.2875295262043336E-03

    mixed representation:                0.1369337288207761E-02


 Rotatory strength:

    velocity representation:             0.7413952925821762E-09

    velocity rep. / 10^(-40)erg*cm^3:    0.4789770676172950E-04

    length representation:              -0.1280292017548056E-08

    length rep. / 10^(-40)erg*cm^3:     -0.8271303074007954E-04


 Dominant contributions:

      occ. orbital   energy / eV   virt. orbital     energy / eV   |coeff.|^2*100
        9 a              -5.89          10 a               0.60       99.2
 

 Change of electron number:

             0.000000


 Electric transition dipole moment (velocity rep.):

    x        0.000001        Norm:                  0.197256
    y       -0.050772
    z        0.190610        Norm / debye:          0.501378


 Electric transition dipole moment (length rep.):

    x        0.000005        Norm:                  0.041419
    y        0.010662
    z       -0.040023        Norm / debye:          0.105278


 Magnetic transition dipole moment / i:

    x        0.000155        Norm:                  0.001276
    y       -0.001224
    z       -0.000326        Norm / Bohr mag.:      0.349745


 Electric quadrupole transition moment:

   xx       -0.000081
   yy       -0.054552        1/3*trace:             0.044253
   zz        0.187393
   xy       -0.259586
   xz        0.974621        Anisotropy:            1.765827
   yz        0.077475




                         2 singlet a excitation


 Total energy:                           -115.2066164482008    

 Excitation energy:                      0.3065187434992077    

 Excitation energy / eV:                  8.340802962887551    

 Excitation energy / nm:                  148.6478514816102    

 Excitation energy / cm^(-1):             67273.08803211663    


 Oscillator strength:

    velocity representation:             0.4704796125060929E-01

    length representation:               0.2118268263616568E-01

    mixed representation:                0.3156900428955679E-01


 Rotatory strength:

    velocity representation:            -0.7683660305519347E-08

    velocity rep. / 10^(-40)erg*cm^3:   -0.4964014633660682E-03

    length representation:              -0.1249402413916450E-07

    length rep. / 10^(-40)erg*cm^3:     -0.8071741356859784E-03


 Dominant contributions:

      occ. orbital   energy / eV   virt. orbital     energy / eV   |coeff.|^2*100
        9 a              -5.89          11 a               2.25       97.0
 

 Change of electron number:

             0.000000


 Electric transition dipole moment (velocity rep.):

    x       -0.000002        Norm:                  0.479830
    y       -0.123506
    z        0.463663        Norm / debye:          1.219616


 Electric transition dipole moment (length rep.):

    x       -0.000001        Norm:                  0.321964
    y       -0.082873
    z        0.311116        Norm / debye:          0.818358


 Magnetic transition dipole moment / i:

    x        0.002952        Norm:                  0.005852
    y        0.004883
    z        0.001301        Norm / Bohr mag.:      1.603970


 Electric quadrupole transition moment:

   xx        0.000021
   yy       -0.775848        1/3*trace:            -0.344170
   zz       -0.256683
   xy        0.889387
   xz       -3.338904        Anisotropy:            6.553736
   yz        1.490511




                         3 singlet a excitation


 Total energy:                           -115.1962619838947    

 Excitation energy:                      0.3168732078053298    

 Excitation energy / eV:                  8.622562393249567    

 Excitation energy / nm:                  143.7904863449097    

 Excitation energy / cm^(-1):             69545.63026179913    


 Oscillator strength:

    velocity representation:             0.6415555153041776E-02

    length representation:               0.2752548554272043E-02

    mixed representation:                0.3511858155693514E-02


 Rotatory strength:

    velocity representation:             0.1171198714566900E-07

    velocity rep. / 10^(-40)erg*cm^3:    0.7566507792983056E-03

    length representation:              -0.2024283617097207E-04

    length rep. / 10^(-40)erg*cm^3:      -1.307784714367447    


 Dominant contributions:

      occ. orbital   energy / eV   virt. orbital     energy / eV   |coeff.|^2*100
        8 a              -7.66          10 a               0.60       98.1
 

 Change of electron number:

             0.000000


 Electric transition dipole moment (velocity rep.):

    x       -0.012916        Norm:                  0.174269
    y       -0.167933
    z       -0.044736        Norm / debye:          0.442951


 Electric transition dipole moment (length rep.):

    x        0.055446        Norm:                  0.114149
    y       -0.096415
    z       -0.025686        Norm / debye:          0.290139


 Magnetic transition dipole moment / i:

    x       -0.000322        Norm:                  0.002195
    y        0.000582
    z       -0.002092        Norm / Bohr mag.:      0.601596


 Electric quadrupole transition moment:

   xx       -0.777537
   yy       -0.656644        1/3*trace:            -0.632050
   zz       -0.461971
   xy        0.166950
   xz       -0.047510        Anisotropy:            0.464808
   yz        0.128596




                         4 singlet a excitation


 Total energy:                           -115.1727561151448    

 Excitation energy:                      0.3403790765551963    

 Excitation energy / eV:                  9.262189900122207    

 Excitation energy / nm:                  133.8606154089245    

 Excitation energy / cm^(-1):             74704.57212495875    


 Oscillator strength:

    velocity representation:             0.1408366162814604E-01

    length representation:               0.1391227332539627E-01

    mixed representation:                0.1399770516739651E-01


 Rotatory strength:

    velocity representation:             0.6919021544034273E-07

    velocity rep. / 10^(-40)erg*cm^3:    0.4470021165632226E-02

    length representation:               0.6066420153113503E-07

    length rep. / 10^(-40)erg*cm^3:      0.3919199602350729E-02


 Dominant contributions:

      occ. orbital   energy / eV   virt. orbital     energy / eV   |coeff.|^2*100
        9 a              -5.89          12 a               3.22       95.0
 

 Change of electron number:

             0.000000


 Electric transition dipole moment (velocity rep.):

    x       -0.000024        Norm:                  0.249128
    y       -0.064131
    z        0.240732        Norm / debye:          0.633224


 Electric transition dipole moment (length rep.):

    x       -0.000025        Norm:                  0.247607
    y       -0.063743
    z        0.239262        Norm / debye:          0.629359


 Magnetic transition dipole moment / i:

    x        0.000839        Norm:                  0.002312
    y        0.002082
    z        0.000555        Norm / Bohr mag.:      0.633764


 Electric quadrupole transition moment:

   xx        0.000435
   yy       -0.766167        1/3*trace:            -0.264554
   zz       -0.027930
   xy        0.710984
   xz       -2.669116        Anisotropy:            5.448956
   yz        1.441681




                         5 singlet a excitation


 Total energy:                           -115.1604002698612    

 Excitation energy:                      0.3527349218388344    

 Excitation energy / eV:                  9.598409701150507    

 Excitation energy / nm:                  129.1716522494420    

 Excitation energy / cm^(-1):             77416.36670557153    


 Oscillator strength:

    velocity representation:             0.4434264632365368E-02

    length representation:               0.5861445424487919E-02

    mixed representation:                0.5098156525735406E-02


 Rotatory strength:

    velocity representation:             0.9457674429603477E-07

    velocity rep. / 10^(-40)erg*cm^3:    0.6110113201546179E-02

    length representation:               0.5412619130043414E-07

    length rep. / 10^(-40)erg*cm^3:      0.3496812651734113E-02


 Dominant contributions:

      occ. orbital   energy / eV   virt. orbital     energy / eV   |coeff.|^2*100
        9 a              -5.89          13 a               3.47       95.5
 

 Change of electron number:

             0.000000


 Electric transition dipole moment (velocity rep.):

    x       -0.000036        Norm:                  0.137319
    y       -0.035343
    z        0.132693        Norm / debye:          0.349034


 Electric transition dipole moment (length rep.):

    x       -0.000040        Norm:                  0.157879
    y       -0.040647
    z        0.152557        Norm / debye:          0.401291


 Magnetic transition dipole moment / i:

    x       -0.000700        Norm:                  0.004182
    y        0.003984
    z        0.001062        Norm / Bohr mag.:      1.146275


 Electric quadrupole transition moment:

   xx        0.000696
   yy       -0.321302        1/3*trace:            -0.168535
   zz       -0.184999
   xy        0.473118
   xz       -1.776509        Anisotropy:            3.376295
   yz        0.627567

 SUMMARY OF EXCITATION ENERGIES AND DIPOLE OSCILLATOR STRENGTHS (velocity/length):

 -----------------------------------------------------------------------------------------------
 |    Exc.   | energy (Eh) | energy (eV) | energy (cm-1) | energy (nm) | Osc.(vel) | Osc.(len) |
 -----------------------------------------------------------------------------------------------
 |     1 a   |    0.251403 |     6.84102 |     55176.538 |     181.236 |   0.00652 |   0.00029 |
 |     2 a   |    0.306519 |     8.34080 |     67273.088 |     148.648 |   0.04705 |   0.02118 |
 |     3 a   |    0.316873 |     8.62256 |     69545.630 |     143.790 |   0.00642 |   0.00275 |
 |     4 a   |    0.340379 |     9.26219 |     74704.572 |     133.861 |   0.01408 |   0.01391 |
 |     5 a   |    0.352735 |     9.59841 |     77416.367 |     129.172 |   0.00443 |   0.00586 |
 -----------------------------------------------------------------------------------------------



    escf profiling
  --------------------------------------------------------------------
             module   cpu total (s)       %  wall total (s)       %

         input total             0.0   17.54             0.1   12.61
       init symmetry             0.0    1.27             0.0    0.58
               moinp             0.0    1.81             0.0    0.35
            RI total             0.0    5.44             0.0    1.46
          RI prelims             0.0    3.13             0.0    1.01
           grid init             0.0   11.35             0.0    2.21
            becke...             0.0    6.04             0.0    1.17
         dft prelims             0.0   35.43             0.0    6.88
           dft total             0.0   35.43             0.0    6.88
             funct_2             0.0   19.35             0.0    3.77
              onde_2             0.0    9.82             0.0    1.92
                 gga             0.0    4.15             0.0    0.81
              tracao             0.0    0.25             0.0    0.18
           diag_prep             0.0    0.03             0.0    0.01
              respon             0.0   23.67             0.5   68.11
            startvec             0.0    0.10             0.0    0.08
           mvproduct             0.0    4.14             0.0    1.25
            tramocao             0.0    0.91             0.0    0.18
     tramocao_mvprod             0.0    0.71             0.0    0.14
              colrsp             0.0    2.26             0.0    0.44
              gammaP             0.0    0.94             0.0    0.18
              cotlet             0.0    0.16             0.0    0.03
              gammaQ             0.0    0.92             0.0    0.18
            tracaomo             0.0    0.89             0.0    0.62
                ritz             0.0    2.35             0.0    0.46
            expandl3             0.0    0.43             0.0    2.32
           startover             0.0    0.78             0.0    0.15
                rest             0.0    0.82             0.1   12.03
             writeep             0.0    2.60             0.0    2.35
              proper             0.0    3.80             0.0    1.98
 


    ------------------------------------------------------------------------
         total  cpu-time :   0.15 seconds
         total wall-time :   0.76 seconds
    ------------------------------------------------------------------------

   ****  escf : all done  ****


    2023-03-08 01:08:19.855 

