
 dscf (compt230) : TURBOMOLE rev. V7-6-2381-g96b3af1 compiled 16 Jan 2023 at 13:48:01
 Copyright (C) 2023 TURBOMOLE GmbH, Karlsruhe


    2023-03-08 01:08:16.093 



                             d s c f - program

                   idea & directorship : reinhart ahlrichs
                   program development : marco haeser
                                         michael baer
                           dft version : oliver treutler


                          quantum chemistry group
                          universitaet  karlsruhe
                                  germany



   *-----------------------------------------------------------------------*
   |                     program will use  1 thread(s)                     |
   *-----------------------------------------------------------------------*


              +--------------------------------------------------+
              | Atomic coordinate, charge and isotop information |
              +--------------------------------------------------+

                    atomic coordinates            atom    charge  isotop
         -9.24314180    6.23174984    0.00054802    c      6.000     0
         -9.98177905    5.77299993   -1.91166584    h      1.000     0
         -6.60094563    6.20640861   -0.00619830    o      8.000     0
         -9.98177905    4.88256098    1.43120298    h      1.000     0
         -9.90212710    8.15492412    0.51283388    h      1.000     0
         -6.10304059    4.45939461   -0.47154336    h      1.000     0
 
       center of nuclear mass  :   -7.89226438    6.16696788   -0.01670470
       center of nuclear charge:   -8.01306343    6.12842487   -0.02697059

              +--------------------------------------------------+
              |               basis set information              |
              +--------------------------------------------------+

              we will work with the 1s 3p 5d 7f 9g ... basis set
              ...i.e. with spherical basis functions...

   type   atoms  prim   cont   basis
   ---------------------------------------------------------------------------
    c        1     46     31   def2-TZVP   [5s3p2d1f|11s6p2d1f]
    h        4      8      6   def2-TZVP   [3s1p|5s1p]
    o        1     46     31   def2-TZVP   [5s3p2d1f|11s6p2d1f]
   ---------------------------------------------------------------------------
   total:    6    124     86
   ---------------------------------------------------------------------------

   total number of primitive shells          :   46
   total number of contracted shells         :   38
   total number of cartesian basis functions :   96
   total number of SCF-basis functions       :   86


 integral neglect threshold       :  0.35E-10
 integral storage threshold THIZE :  0.10E-04
 integral storage threshold THIME :         5


 DENSITY CONVERGENCE CHECK SWITCHED ON !
 SCF CONVERGENCE IF RMS(delta[D]) <     0.1000000000E-06


 symmetry group of the molecule :   c1 

 the group has the following generators :
   c1(z)

    1 symmetry operations found

 there are 1 real representations :   a   

 maximum number of shells which are related by symmetry :  1

  
           ------------------
           density functional
           ------------------
 TPSS global hybrid functional
 exchange:    9/10 (LDA+TPSS) + 1/10 HF
 correlation: LDA (PW) + TPSS
 spherical integration : Lebedev's spherical grid
 spherical gridsize    :                     3
    i.e. gridpoints    :                   302
  maximum batchsize    :                   100
 value for diffuse not defined
 radial integration    : Chebyshev 2nd kind (scaling 3)
 radial gridsize       :                     3
 integration cells     :                     6
 partition function    : becke
 partition sharpness   :                     3
  

          ------------------------
          nuclear repulsion energy  :   40.3453758809    
          ------------------------


         -----------------
         -S,T+V- integrals
         -----------------

 1e-integrals will be neglected if expon. factor < 0.348121E-11
 
 Difference densities algorithm switched on.
 The maximal number of linear combinations of
 difference densities is  20.

 DIIS switched on: error vector is FDS-SDF
 Max. Iterations for DIIS is     :   4
 DIIS matrix (see manual) 
    Scaling factor of diagonals  :  1.200
    threshold for scaling factor :  0.000

 scf convergence criterion : increment of total energy < .1000000D-06
                  and increment of one-electron energy < .1000000D-03

 MOs are in ASCII format !


    mo occupation :
   irrep   mo's   occupied
    a       86        9
 
 number of basis functions   :    86
 number of occupied orbitals :     9
 

 reading orbital data $scfmo  from file mos
 orbital characterization : expanded
 virtual MOs provided and orthogonalized by Cholesky decomposition

 automatic virtual orbital shift switched on 
      shift if e(lumo)-e(homo) < 0.10000000    


 DSCF restart information will be dumped onto file mos

          Overall gridpoints after grid construction =         27148
 
                                              current damping :  0.300
 ITERATION  ENERGY          1e-ENERGY        2e-ENERGY     RMS[dD(SAO)]   TOL
   1  -115.33612593505    -236.32108577     80.639583952    0.000D+00 0.347D-10
                            Exc =   -13.924890982850     N = 18.000007852    
          max. resid. norm for Fia-block=  2.921D-01 for orbital      7a         
          max. resid. fock norm         =  1.128D+01 for orbital     82a         
          Delta Eig. =   879.6609242688 eV 
 
                                              current damping :  0.250
 ITERATION  ENERGY          1e-ENERGY        2e-ENERGY     RMS[dD(SAO)]   TOL
   2  -115.72009604548    -236.46985170     80.404379775    0.891D-02 0.231D-10
                            Exc =   -13.899617508646     N = 18.000004952    
          Norm of current diis error: 0.92373    
          max. resid. norm for Fia-block=  1.031D-01 for orbital      3a         
          max. resid. fock norm         =  2.466D-01 for orbital     60a         
          Delta Eig. =   200.1410546802 eV 
 
                                              current damping :  0.200
 ITERATION  ENERGY          1e-ENERGY        2e-ENERGY     RMS[dD(SAO)]   TOL
   3  -115.76119263544    -237.55084381     81.444275289    0.428D-02 0.196D-10
                            Exc =   -14.073787003967     N = 18.000005263    
          Norm of current diis error: 0.38542    
          max. resid. norm for Fia-block=  3.566D-02 for orbital      8a         
          max. resid. fock norm         =  3.704D-02 for orbital      9a         
          Delta Eig. =    46.5102887816 eV 
 
                                              current damping :  0.250
 ITERATION  ENERGY          1e-ENERGY        2e-ENERGY     RMS[dD(SAO)]   TOL
   4  -115.76961525799    -236.78302359     80.668032449    0.245D-02 0.170D-10
                            Exc =   -13.993158883090     N = 18.000004573    
          Norm of current diis error: 0.15917    
          max. resid. norm for Fia-block=  1.061D-02 for orbital      5a         
          max. resid. fock norm         =  1.307D-02 for orbital      7a         
          Delta Eig. =     6.1301325803 eV 
 
                                              current damping :  0.300
 ITERATION  ENERGY          1e-ENERGY        2e-ENERGY     RMS[dD(SAO)]   TOL
   5  -115.77088930761    -237.17622067     81.059955480    0.573D-03 0.162D-10
                            Exc =   -14.032712689752     N = 18.000004587    
          Norm of current diis error: 0.40579E-01
          max. resid. norm for Fia-block=  2.630D-03 for orbital      6a         
          max. resid. fock norm         =  3.952D-03 for orbital     17a         
 mo-orthogonalization: Cholesky decomposition
          Delta Eig. =     1.4050464514 eV 
 
                                              current damping :  0.350
 ITERATION  ENERGY          1e-ENERGY        2e-ENERGY     RMS[dD(SAO)]   TOL
   6  -115.77097842774    -237.11206109     80.995706785    0.185D-03 0.156D-10
                            Exc =   -14.027816099300     N = 18.000004580    
          Norm of current diis error: 0.59735E-02
          max. resid. norm for Fia-block=  5.266D-04 for orbital      5a         
          max. resid. fock norm         =  6.288D-04 for orbital      5a         
          Delta Eig. =     0.2768177236 eV 
 
                                              current damping :  0.400
 ITERATION  ENERGY          1e-ENERGY        2e-ENERGY     RMS[dD(SAO)]   TOL
   7  -115.77098058139    -237.12083422     81.004477755    0.279D-04 0.150D-10
                            Exc =   -14.028843855453     N = 18.000004571    
          Norm of current diis error: 0.11943E-02
          max. resid. norm for Fia-block=  1.185D-04 for orbital      5a         
          max. resid. fock norm         =  1.302D-04 for orbital      7a         
          Delta Eig. =     0.0737849242 eV 
 
                                              current damping :  0.250
 ITERATION  ENERGY          1e-ENERGY        2e-ENERGY     RMS[dD(SAO)]   TOL
   8  -115.77098068711    -237.12185843     81.005501863    0.887D-05 0.145D-10
                            Exc =   -14.028951535265     N = 18.000004569    
          Norm of current diis error: 0.46763E-03
          max. resid. norm for Fia-block=  5.320D-05 for orbital      5a         
          max. resid. fock norm         =  6.373D-05 for orbital      5a         
          Delta Eig. =     0.0221989544 eV 
 
                                              current damping :  0.100
 ITERATION  ENERGY          1e-ENERGY        2e-ENERGY     RMS[dD(SAO)]   TOL
   9  -115.77098070233    -237.12252316     81.006166577    0.311D-05 0.140D-10
                            Exc =   -14.029031789266     N = 18.000004568    
          Norm of current diis error: 0.10419E-03
          max. resid. norm for Fia-block=  1.240D-05 for orbital      8a         
          max. resid. fock norm         =  1.498D-05 for orbital      8a         
          Delta Eig. =     0.0063128560 eV 
 
                                              current damping :  0.150
 ITERATION  ENERGY          1e-ENERGY        2e-ENERGY     RMS[dD(SAO)]   TOL
  10  -115.77098070315    -237.12232044     81.005963853    0.115D-05 0.137D-10
                            Exc =   -14.029010741286     N = 18.000004567    
          Norm of current diis error: 0.70244E-04
          max. resid. norm for Fia-block=  4.416D-06 for orbital      5a         
          max. resid. fock norm         =  5.442D-06 for orbital      5a         
 mo-orthogonalization: Cholesky decomposition
          Delta Eig. =     0.0003446630 eV 

 ENERGY & DENSITY CONVERGED !

 
                                              current damping :  0.200
 ITERATION  ENERGY          1e-ENERGY        2e-ENERGY     RMS[dD(SAO)]   TOL
  11  -115.77098070337    -237.12241895     81.006062369    0.202D-06 0.134D-10
                            Exc =   -14.029022115052     N = 18.000004567    
          max. resid. norm for Fia-block=  3.765D-07 for orbital      7a         
          max. resid. fock norm         =  5.427D-07 for orbital      7a         

 convergence criteria satisfied after    11 iterations


                  ------------------------------------------ 
                 |  total energy      =   -115.77098070337  |
                  ------------------------------------------ 
                 :  kinetic energy    =    115.22264760934  :
                 :  potential energy  =   -230.99362831271  :
                 :  virial theorem    =      1.99526363955  :
                 :  wavefunction norm =      1.00000000000  :
                  .......................................... 


 <geterg> : there is no data group $energy 


 <skperg> : $end is missing 


 orbitals $scfmo  will be written to file mos

    irrep                  5a          6a          7a          8a          9a   
 eigenvalues H         -0.48579    -0.42455    -0.40817    -0.31697    -0.25391
            eV         -13.2192    -11.5528    -11.1071     -8.6251     -6.9092
 occupation              2.0000      2.0000      2.0000      2.0000      2.0000

    irrep                 10a         11a         12a         13a         14a   
 eigenvalues H          0.02390     0.07067     0.11586     0.11729     0.13470
            eV           0.6503      1.9230      3.1528      3.1916      3.6654
 
 
 
 
 ==============================================================================
                           electrostatic moments
 ==============================================================================

 reference point for electrostatic moments:    0.00000   0.00000   0.00000

 
              nuc           elec       ->  total
 ------------------------------------------------------------------------------
                          charge      
 ------------------------------------------------------------------------------
          18.000000     -18.000000       0.000000
 
 ------------------------------------------------------------------------------
                       dipole moment  
 ------------------------------------------------------------------------------
   x    -144.235142     143.890113      -0.345029
   y     110.311648    -110.846906      -0.535258
   z      -0.485471       0.342898      -0.142572
 
   | dipole moment | =     0.6526 a.u. =     1.6587 debye 
 
 ------------------------------------------------------------------------------
                     quadrupole moment
 ------------------------------------------------------------------------------
  xx    1195.764940   -1200.383048      -4.618107
  yy     684.720217    -700.033388     -15.313171
  zz       6.188469     -16.306372     -10.117903
  xy    -887.679428     888.304983       0.625555
  xz       2.892501      -2.153357       0.739144
  yz      -2.256050       1.790403      -0.465648
 
     1/3  trace=     -10.016394
     anisotropy=       9.448540
 
 ==============================================================================
 
HOMO-LUMO Separation
 HOMO         :   -0.25390670 H =     -6.90916 eV
 LUMO         :    0.02389729 H =     +0.65028 eV
 HOMO-LUMO gap:    0.27780399 H =     +7.55944 eV
 
 ==============================================================================


    ------------------------------------------------------------------------
         total  cpu-time :   6.18 seconds
         total wall-time :   6.79 seconds
    ------------------------------------------------------------------------

   ****  dscf : all done  ****


    2023-03-08 01:08:22.844 

