
 escf (compt230) : TURBOMOLE rev. V7-6-2381-g96b3af1 compiled 16 Jan 2023 at 13:48:01
 Copyright (C) 2023 TURBOMOLE GmbH, Karlsruhe


    2023-03-08 01:08:37.473 


 escf run will be profiled !




                                e s c f

                             TURBOMOLE GmbH

          integral direct evaluation of 

                    * excitation energies and transition moments 
                    * polarizabilities
                    * dynamic response properties 
                    * stabilities
                    * quasiparticle states with GW
                    * NMR coupling-constants



          references (see also programs dscf and ridft) 
          implementation and benchmarks (review) 
          F. Furche and D. Rappoport,  
          "Density functional methods for excited states: 
          equilibrium structure and electronic spectra",
          ch. III of "Computational Photochemistry", ed. by 
          M. Olivucci, vol. 16 of "Theoretical and Computational 
          Chemistry", Elsevier, Amsterdam, 2005.



              +--------------------------------------------------+
              | Atomic coordinate, charge and isotop information |
              +--------------------------------------------------+

                    atomic coordinates            atom    charge  isotop
         -9.24314180    6.23174984    0.00054802    c      6.000     0
         -9.98177905    5.77299993   -1.91166584    h      1.000     0
         -6.60094563    6.20640861   -0.00619830    o      8.000     0
         -9.98177905    4.88256098    1.43120298    h      1.000     0
         -9.90212710    8.15492412    0.51283388    h      1.000     0
         -6.10304059    4.45939461   -0.47154336    h      1.000     0
 
       center of nuclear mass  :   -7.89226438    6.16696788   -0.01670470
       center of nuclear charge:   -8.01306343    6.12842487   -0.02697059

              +--------------------------------------------------+
              |               basis set information              |
              +--------------------------------------------------+

              we will work with the 1s 3p 5d 7f 9g ... basis set
              ...i.e. with spherical basis functions...

   type   atoms  prim   cont   basis
   ---------------------------------------------------------------------------
    c        1     46     31   def2-TZVP   [5s3p2d1f|11s6p2d1f]
    h        4      8      6   def2-TZVP   [3s1p|5s1p]
    o        1     46     31   def2-TZVP   [5s3p2d1f|11s6p2d1f]
   ---------------------------------------------------------------------------
   total:    6    124     86
   ---------------------------------------------------------------------------

   total number of primitive shells          :   46
   total number of contracted shells         :   38
   total number of cartesian basis functions :   96
   total number of SCF-basis functions       :   86


 residuum convergence criterium   :  0.10E-04


 integral neglect threshold       :  0.33E-10
 integral storage threshold THIZE :  0.10E-04
 integral storage threshold THIME :         5

 
             FOUND RI-J FLAG !
 
  
 AUXILIARY BASIS SET information:

              assign orbital basis set names as defaults
              read basis sets from /home/smp201/dev/turbomole/cbasen/

              we will work with the 1s 3p 5d 7f 9g ... basis set
              ...i.e. with spherical basis functions...

   type   atoms  prim   cont   basis
   ---------------------------------------------------------------------------
    c        1      1      1   def2-TZVP   [1s|1s]
    h        4      1      1   def2-TZVP   [1s|1s]
    o        1      1      1   def2-TZVP   [1s|1s]
   ---------------------------------------------------------------------------
   total:    6      6      6
   ---------------------------------------------------------------------------

   total number of primitive shells          :    3
   total number of contracted shells         :    6
   total number of cartesian basis functions :    6
   total number of SCF-basis functions       :    6

 
             FOUND RI-K FLAG !
 
  
 AUXILIARY BASIS SET information:

              we will work with the 1s 3p 5d 7f 9g ... basis set
              ...i.e. with spherical basis functions...

   type   atoms  prim   cont   basis
   ---------------------------------------------------------------------------
    c        1      1      1   def2-TZVP   [1s|1s]
    h        4      1      1   def2-TZVP   [1s|1s]
    o        1      1      1   def2-TZVP   [1s|1s]
   ---------------------------------------------------------------------------
   total:    6      6      6
   ---------------------------------------------------------------------------

   total number of primitive shells          :    3
   total number of contracted shells         :    6
   total number of cartesian basis functions :    6
   total number of SCF-basis functions       :    6

 RPA SINGLET-EXCITATION-CALCULATION 
 
             FOUND DFT-FLAG !
 

 maximum number of Davidson iterations set to   35


 symmetry group of the molecule :   c1 

 the group has the following generators :
   c1(z)

    1 symmetry operations found

 there are 1 real representations :   a   

 maximum number of shells which are related by symmetry :  1

 IRREPs of excited states :   a   
  
           ------------------
           density functional
           ------------------
 TPSS global hybrid functional
 exchange:    9/10 (LDA+TPSS) + 1/10 HF
 correlation: LDA (PW) + TPSS
 spherical integration : Lebedev's spherical grid
 spherical gridsize    :                     3
    i.e. gridpoints    :                   302
  maximum batchsize    :                   100
 value for diffuse not defined
 radial integration    : Chebyshev 2nd kind (scaling 3)
 radial gridsize       :                     3
 integration cells     :                     6
 partition function    : becke
 partition sharpness   :                     3
  

 The current-density response will be included
 for meta-GGA and LHF functionals in TDDFT.


 ----------------------------------------------------------------------
          some useful papers before it begins
 ----------------------------------------------------------------------

     nonorthonormal Krylov space methods 
     F. Furche, B. T. Krull, B. D. Nguyen, and J. Kwon, 
     J. Chem. Phys. 144, 174105 (2016).

     current-density dependent meta-GGA linear response
     excitation energies.
     J. E. Bates and F. Furche, 
     J. Chem. Phys. 137, 164105 (2012).

     More current-density dependent meta-GGA response
     NMR couplings, SCF instabilities, damped response, etc.
     C. Holzer, Y. J. Franzke, and M. Kehry, 
     J. Chem. Theory Comput. 17, 2928 (2021).

     RI-J method 
     R. Bauernschmitt, M. Haeser, O. Treutler, and R. Ahlrichs,
     Chem. Phys. Lett. 264, 573 (1997).

     density functional implementation               
     R. Bauernschmitt and R. Ahlrichs,
     Chem. Phys. Lett. 256, 454 (1996).
     R. Bauernschmitt and R. Ahlrichs,
     J. Chem. Phys. 104, 9047 (1996).

     UHF extension (RPA and CIS)
     C. Ochsenfeld, J. Gauss, and R. Ahlrichs, 
     J. Chem. Phys. 103, 7401 (1995).

     integral direct algorithm                 
     H. Weiss, R. Ahlrichs, and M. Haeser, 
     J. Chem. Phys. 99, 1262 (1993).

 ----------------------------------------------------------------------

  MOs are in ASCII format !


    mo occupation :
   irrep   mo's   occupied
    a       86        9
 
 number of basis functions   :    86
 number of occupied orbitals :     9
 

 reading orbital data $scfmo  from file mos
 orbital characterization : scfconv=7
  
           ----------------------
               RI - INFORMATION
           ----------------------

 biggest AO integral is expected to be     7.998976882

 Threshold for integral neglect (rithr2):   0.33E-10
 Threshold for integral neglect (rithr1):   0.33E-10

 Contributions to RI integral batches: 
  neglected integral batches:                     2
  direct contribution:                            0
  memory contribution:                   739
 Core memory available (ricore)            500 MiB
 Core memory needed for (P|Q) and Cholesky 1 MiB
 Core memory used for integrals            1 MiB
  
 ****************************************
 Memory allocated for RIDFT 1 MiB
 ****************************************
                                            

 MAXIMUM CORE MEMORY WHICH CAN BE ALLOCATED DYNAMICALLY in escf_cc_setup= 500 MiB
              ( or 65536000 double words )

 Summary of integral storage options:
 B_ji^Q integral storage mode: on-disk   
 B_ai^Q integral storage mode: on-disk   
 B_ba^Q integral storage mode: on-disk   

   *-----------------------------------------------------------------------*
   |                     program will use  1 thread(s)                     |
   *-----------------------------------------------------------------------*
  MOs are in ASCII format !


 reading orbital data $scfmo  from file mos
 orbital characterization : scfconv=7
 time elapsed for calculating density matrices :   0.001 sec
 all orbitals will be active in the correlation treatment


   Molecular Orbital Statistic:
   ============================

   -----------------------------
   orbitals in total:
   -----------------------------
    frozen occupied :      0
    active occupied :      9
    active virtual  :     77
    frozen virtual  :      0
    all together    :     86
   -----------------------------


     time in riccmos       cpu:  0.01 sec    wall:  0.08 sec    ratio:  0.1

     total memory allocated for calculation of (Q|P)**(-1/2) : 1 MiB


     calculation of (P|Q) ...
     time in lp2sym        cpu:  0.00 sec    wall:  0.00 sec    ratio:  1.0


     calculation of the Cholesky decomposition of (P|Q)**(-1) ...
     time in invmetri      cpu:  0.00 sec    wall:  0.02 sec    ratio:  0.1
 preparing DFT   numerical integration ....
          Overall gridpoints after grid construction =         27148

 Calculating ground state density on molecular grid

 Integral of ground state density: N =   18.00000456708513    


 all orbitals will be included in the transformation

 number of non-frozen orbitals          :    86
 number of non-frozen occupied orbitals :     9



 dimension of super-tensorspace: 2

          IRREP   tensor space dimension   number of roots

           a                 693                      5
                    12
 Switching off XC: hybrid=  0.100000000000000     

 machine precision: 2.22D-16


 logfile sing_a    will be constructed




                       Nonorthonormal Krylov Space Iteration


 total number of roots to be determined: 5


 maximum core memory set to          500 MB,
 corresponding to     3517 vectors in CAO basis


 maximum number of simultaneously treated vectors (including degeneracy):       10


 Iteration IRREP Converged      Max. Euclidean
                 roots          residual norm

    1       a        0        7.291837873524819D-02
 
    2       a        0        1.414601814112560D-02
 
    3       a        0        1.853318108851239D-03
 
    4       a        3        2.248396942114667D-04
 
    5       a        4        2.326911742651756D-05
 
    6       a        5        6.166923974454515D-06
 

 converged!

 Eigenpairs written on logfile sing_a   



 IRREP   Vector     Eigenvalue           Euclidean residual norm

  a         1    2.491497764896974D-01    1.096934063382692D-06
            2    3.026359255272165D-01    5.568751069504123D-06
            3    3.195009413663767D-01    3.685989131178619D-06
            4    3.458799542214617D-01    6.166923974454515D-06
            5    3.543536537637548D-01    1.934027271476533D-06






                    Selection rules for point group c1  


 Subduction with respect to c1  :

    Polar vector representation: a                           

    Axial vector representation: a                           

    Symmetric second rank tensor representation: a                           




                            Ground state


 Total energy:                           -115.7709807034000    

 Charge:

               elec          nuc         total

           -18.000000    18.000000    -0.000000


 Electric dipole moment:

               elec          nuc         total   

    x      143.890113  -144.235142    -0.345029    Norm:              0.652589
    y     -110.846906   110.311648    -0.535258
    z        0.342898    -0.485471    -0.142572    Norm / debye:      1.658729


 Electric quadrupole moment:

               elec          nuc         total   

   xx    -1200.383048  1195.764940    -4.618107
   yy     -700.033388   684.720217   -15.313171    1/3*trace:       -10.016394
   zz      -16.306372     6.188469   -10.117903
   xy      888.304983  -887.679428     0.625555
   xz       -2.153357     2.892501     0.739144    Anisotropy:        9.448540
   yz        1.790403    -2.256050    -0.465648



 ==============================================================================

                              I R R E P   a   

 ==============================================================================


 Excitation is electric dipole allowed

 Excitation is magnetic dipole allowed

 Excitation is electric quadrupole allowed




                         1 singlet a excitation


 Total energy:                           -115.5218309269103    

 Excitation energy:                      0.2491497764896974    

 Excitation energy / eV:                  6.779713273728107    

 Excitation energy / nm:                  182.8753503292189    

 Excitation energy / cm^(-1):             54682.05518406387    


 Oscillator strength:

    velocity representation:             0.1286523203324634E-02

    length representation:               0.7271851516969531E-06

    mixed representation:                0.3058651631211425E-04


 Rotatory strength:

    velocity representation:            -0.5826483103284064E-08

    velocity rep. / 10^(-40)erg*cm^3:   -0.3764188711817847E-03

    length representation:              -0.2315872767599287E-08

    length rep. / 10^(-40)erg*cm^3:     -0.1496165349709860E-03


 Dominant contributions:

      occ. orbital   energy / eV   virt. orbital     energy / eV   |coeff.|^2*100
        9 a              -6.91          10 a               0.65       99.4
 

 Change of electron number:

            -0.000000


 Electric transition dipole moment (velocity rep.):

    x        0.000001        Norm:                  0.088008
    y       -0.022651
    z        0.085044        Norm / debye:          0.223697


 Electric transition dipole moment (length rep.):

    x        0.000005        Norm:                  0.002092
    y       -0.000538
    z        0.002022        Norm / debye:          0.005318


 Magnetic transition dipole moment / i:

    x       -0.000293        Norm:                  0.001668
    y       -0.001586
    z       -0.000423        Norm / Bohr mag.:      0.457021


 Electric quadrupole transition moment:

   xx       -0.000081
   yy       -0.150865        1/3*trace:            -0.002265
   zz        0.144152
   xy       -0.212261
   xz        0.796959        Anisotropy:            1.521507
   yz        0.264007




                         2 singlet a excitation


 Total energy:                           -115.4683447778728    

 Excitation energy:                      0.3026359255272165    

 Excitation energy / eV:                  8.235146064795703    

 Excitation energy / nm:                  150.5550029482617    

 Excitation energy / cm^(-1):             66420.90799163854    


 Oscillator strength:

    velocity representation:             0.4623826949845527E-01

    length representation:               0.3530049129105767E-01

    mixed representation:                0.4040091124811974E-01


 Rotatory strength:

    velocity representation:             0.9292345770736836E-08

    velocity rep. / 10^(-40)erg*cm^3:    0.6003302925018469E-03

    length representation:              -0.1944026010155896E-08

    length rep. / 10^(-40)erg*cm^3:     -0.1255934434750963E-03


 Dominant contributions:

      occ. orbital   energy / eV   virt. orbital     energy / eV   |coeff.|^2*100
        9 a              -6.91          11 a               1.92       99.2
 

 Change of electron number:

            -0.000000


 Electric transition dipole moment (velocity rep.):

    x       -0.000012        Norm:                  0.478725
    y       -0.123225
    z        0.462594        Norm / debye:          1.216807


 Electric transition dipole moment (length rep.):

    x       -0.000009        Norm:                  0.418288
    y       -0.107671
    z        0.404193        Norm / debye:          1.063191


 Magnetic transition dipole moment / i:

    x        0.002896        Norm:                  0.005792
    y        0.004847
    z        0.001291        Norm / Bohr mag.:      1.587338


 Electric quadrupole transition moment:

   xx        0.000165
   yy       -1.074794        1/3*trace:            -0.447104
   zz       -0.266682
   xy        1.161559
   xz       -4.360634        Anisotropy:            8.641511
   yz        2.052865




                         3 singlet a excitation


 Total energy:                           -115.4514797620336    

 Excitation energy:                      0.3195009413663767    

 Excitation energy / eV:                  8.694066692208418    

 Excitation energy / nm:                  142.6078823591064    

 Excitation energy / cm^(-1):             70122.35111468787    


 Oscillator strength:

    velocity representation:             0.4413968196205678E-02

    length representation:               0.3345902942240818E-02

    mixed representation:                0.3682800818954022E-02


 Rotatory strength:

    velocity representation:             0.1708743589671381E-07

    velocity rep. / 10^(-40)erg*cm^3:    0.1103930658960762E-02

    length representation:              -0.9625066041728223E-05

    length rep. / 10^(-40)erg*cm^3:     -0.6218256245238832    


 Dominant contributions:

      occ. orbital   energy / eV   virt. orbital     energy / eV   |coeff.|^2*100
        8 a              -8.63          10 a               0.65       99.4
 

 Change of electron number:

             0.000000


 Electric transition dipole moment (velocity rep.):

    x       -0.053498        Norm:                  0.143954
    y        0.129140
    z        0.034403        Norm / debye:          0.365898


 Electric transition dipole moment (length rep.):

    x       -0.077882        Norm:                  0.125333
    y        0.094889
    z        0.025278        Norm / debye:          0.318568


 Magnetic transition dipole moment / i:

    x        0.000250        Norm:                  0.002748
    y       -0.000607
    z        0.002668        Norm / Bohr mag.:      0.753060


 Electric quadrupole transition moment:

   xx        1.300986
   yy        0.673940        1/3*trace:             0.858212
   zz        0.599709
   xy       -0.078439
   xz        0.108318        Anisotropy:            0.758883
   yz       -0.160213




                         4 singlet a excitation


 Total energy:                           -115.4251007491785    

 Excitation energy:                      0.3458799542214617    

 Excitation energy / eV:                  9.411876461581659    

 Excitation energy / nm:                  131.7316950690541    

 Excitation energy / cm^(-1):             75911.87521928822    


 Oscillator strength:

    velocity representation:             0.8651521806880464E-02

    length representation:               0.9909446010314430E-02

    mixed representation:                0.9259146181857705E-02


 Rotatory strength:

    velocity representation:             0.1031395414616476E-06

    velocity rep. / 10^(-40)erg*cm^3:    0.6663311140354556E-02

    length representation:               0.1129788277771727E-06

    length rep. / 10^(-40)erg*cm^3:      0.7298976426337583E-02


 Dominant contributions:

      occ. orbital   energy / eV   virt. orbital     energy / eV   |coeff.|^2*100
        9 a              -6.91          12 a               3.15       96.4
 

 Change of electron number:

            -0.000000


 Electric transition dipole moment (velocity rep.):

    x        0.000062        Norm:                  0.193700
    y        0.049873
    z       -0.187169        Norm / debye:          0.492340


 Electric transition dipole moment (length rep.):

    x        0.000055        Norm:                  0.207304
    y        0.053377
    z       -0.200314        Norm / debye:          0.526918


 Magnetic transition dipole moment / i:

    x       -0.000571        Norm:                  0.001799
    y       -0.001648
    z       -0.000440        Norm / Bohr mag.:      0.492941


 Electric quadrupole transition moment:

   xx       -0.000957
   yy        0.609367        1/3*trace:             0.221286
   zz        0.055448
   xy       -0.634382
   xz        2.381780        Anisotropy:            4.747724
   yz       -1.150896




                         5 singlet a excitation


 Total energy:                           -115.4166270496362    

 Excitation energy:                      0.3543536537637548    

 Excitation energy / eV:                  9.642457656852542    

 Excitation energy / nm:                  128.5815799443592    

 Excitation energy / cm^(-1):             77771.63729699574    


 Oscillator strength:

    velocity representation:             0.4937602774576692E-01

    length representation:               0.4180482616780219E-01

    mixed representation:                0.4526357830542044E-01


 Rotatory strength:

    velocity representation:            -0.3736976640177389E-07

    velocity rep. / 10^(-40)erg*cm^3:   -0.2414266897531052E-02

    length representation:              -0.3444558937594526E-04

    length rep. / 10^(-40)erg*cm^3:      -2.225350977638019    


 Dominant contributions:

      occ. orbital   energy / eV   virt. orbital     energy / eV   |coeff.|^2*100
        9 a              -6.91          13 a               3.19       93.5
 

 Change of electron number:

             0.000000


 Electric transition dipole moment (velocity rep.):

    x       -0.450787        Norm:                  0.457178
    y       -0.073605
    z       -0.019623        Norm / debye:          1.162039


 Electric transition dipole moment (length rep.):

    x       -0.407194        Norm:                  0.420669
    y       -0.102055
    z       -0.027201        Norm / debye:          1.069242


 Magnetic transition dipole moment / i:

    x       -0.000158        Norm:                  0.005935
    y       -0.000605
    z        0.005902        Norm / Bohr mag.:      1.626698


 Electric quadrupole transition moment:

   xx        7.050030
   yy       -0.750147        1/3*trace:             2.473902
   zz        1.121824
   xy       -0.913962
   xz        0.432438        Anisotropy:            7.291258
   yz       -0.341621

 SUMMARY OF EXCITATION ENERGIES AND DIPOLE OSCILLATOR STRENGTHS (velocity/length):

 -----------------------------------------------------------------------------------------------
 |    Exc.   | energy (Eh) | energy (eV) | energy (cm-1) | energy (nm) | Osc.(vel) | Osc.(len) |
 -----------------------------------------------------------------------------------------------
 |     1 a   |    0.249150 |     6.77971 |     54682.055 |     182.875 |   0.00129 |   0.00000 |
 |     2 a   |    0.302636 |     8.23514 |     66420.908 |     150.555 |   0.04624 |   0.03530 |
 |     3 a   |    0.319501 |     8.69406 |     70122.351 |     142.608 |   0.00441 |   0.00335 |
 |     4 a   |    0.345880 |     9.41187 |     75911.875 |     131.732 |   0.00865 |   0.00991 |
 |     5 a   |    0.354354 |     9.64245 |     77771.637 |     128.582 |   0.04938 |   0.04180 |
 -----------------------------------------------------------------------------------------------



    escf profiling
  --------------------------------------------------------------------
             module   cpu total (s)       %  wall total (s)       %

         input total             0.0    7.30             0.1    6.67
       init symmetry             0.0    0.63             0.0    0.45
               moinp             0.0    1.77             0.0    0.62
            RI total             0.0    1.49             0.0    0.52
          RI prelims             0.0    0.60             0.0    0.21
       escf_cc_setup             0.0   12.00             0.2   26.46
           grid init             0.0    5.37             0.0    1.89
            becke...             0.0    2.82             0.0    0.99
         dft prelims             0.2   48.39             0.2   16.99
           dft total             0.2   48.39             0.2   16.99
             funct_2             0.0   13.35             0.0    4.70
              onde_3             0.1   27.62             0.1    9.71
                mgga             0.0    6.41             0.0    2.25
              tracao             0.0    0.16             0.0    0.13
           diag_prep             0.0    0.02             0.0    0.01
              respon             0.1   19.41             0.3   37.76
            startvec             0.0    0.07             0.0    0.29
           mvproduct             0.0    8.04             0.1    8.82
            tramocao             0.0    0.86             0.0    0.30
     tramocao_mvprod             0.0    0.70             0.0    0.25
              colrsp             0.0    0.87             0.0    0.31
              gammaP             0.0    0.40             0.0    0.14
              cotlet             0.0    0.03             0.0    0.01
              gammaQ             0.0    0.32             0.0    0.11
            tracaomo             0.0    0.91             0.0    1.41
              mv_rik             0.0    5.10             0.1    6.70
                ritz             0.0    1.97             0.0    0.69
            expandl3             0.0    0.43             0.0    1.04
           startover             0.0    0.49             0.0    0.17
                rest             0.0    0.43             0.0    2.84
             writeep             0.0    3.48             0.0    3.19
              proper             0.0    2.52             0.0    1.90
 


    ------------------------------------------------------------------------
         total  cpu-time :   0.32 seconds
         total wall-time :   0.94 seconds
    ------------------------------------------------------------------------

   ****  escf : all done  ****


    2023-03-08 01:08:38.394 

