
 escf (compt230) : TURBOMOLE rev. V7-6-2381-g96b3af1 compiled 16 Jan 2023 at 13:48:01
 Copyright (C) 2023 TURBOMOLE GmbH, Karlsruhe


    2023-03-08 01:08:27.785 


 escf run will be profiled !




                                e s c f

                             TURBOMOLE GmbH

          integral direct evaluation of 

                    * excitation energies and transition moments 
                    * polarizabilities
                    * dynamic response properties 
                    * stabilities
                    * quasiparticle states with GW
                    * NMR coupling-constants



          references (see also programs dscf and ridft) 
          implementation and benchmarks (review) 
          F. Furche and D. Rappoport,  
          "Density functional methods for excited states: 
          equilibrium structure and electronic spectra",
          ch. III of "Computational Photochemistry", ed. by 
          M. Olivucci, vol. 16 of "Theoretical and Computational 
          Chemistry", Elsevier, Amsterdam, 2005.



              +--------------------------------------------------+
              | Atomic coordinate, charge and isotop information |
              +--------------------------------------------------+

                    atomic coordinates            atom    charge  isotop
         -9.24314180    6.23174984    0.00054802    c      6.000     0
         -9.98177905    5.77299993   -1.91166584    h      1.000     0
         -6.60094563    6.20640861   -0.00619830    o      8.000     0
         -9.98177905    4.88256098    1.43120298    h      1.000     0
         -9.90212710    8.15492412    0.51283388    h      1.000     0
         -6.10304059    4.45939461   -0.47154336    h      1.000     0
 
       center of nuclear mass  :   -7.89226438    6.16696788   -0.01670470
       center of nuclear charge:   -8.01306343    6.12842487   -0.02697059

              +--------------------------------------------------+
              |               basis set information              |
              +--------------------------------------------------+

              we will work with the 1s 3p 5d 7f 9g ... basis set
              ...i.e. with spherical basis functions...

   type   atoms  prim   cont   basis
   ---------------------------------------------------------------------------
    c        1     46     31   def2-TZVP   [5s3p2d1f|11s6p2d1f]
    h        4      4      2   def-SV(P)   [2s|4s]
    o        1     24     14   def-SV(P)   [3s2p1d|7s4p1d]
   ---------------------------------------------------------------------------
   total:    6     86     53
   ---------------------------------------------------------------------------

   total number of primitive shells          :   36
   total number of contracted shells         :   25
   total number of cartesian basis functions :   59
   total number of SCF-basis functions       :   53


 residuum convergence criterium   :  0.10E-04


 integral neglect threshold       :  0.33E-10
 integral storage threshold THIZE :  0.10E-04
 integral storage threshold THIME :         5

 
             FOUND RI-J FLAG !
 
  
 AUXILIARY BASIS SET information:
 Basis set with nickname o def-SV(P) is not contained within file auxbasis
              read basis sets from /home/smp201/dev/turbomole/cbasen/
              (basis sets have been saved in file auxbasis)

              we will work with the 1s 3p 5d 7f 9g ... basis set
              ...i.e. with spherical basis functions...

   type   atoms  prim   cont   basis
   ---------------------------------------------------------------------------
    c        1      4      4   def2-TZVP   [1s1p|1s1p]
    h        4      1      1   def-SV(P)   [1s|1s]
    o        1     72     48   def-SV(P)   [6s5p4d1f|8s6p5d3f]
   ---------------------------------------------------------------------------
   total:    6     80     56
   ---------------------------------------------------------------------------

   total number of primitive shells          :   25
   total number of contracted shells         :   22
   total number of cartesian basis functions :   63
   total number of SCF-basis functions       :   56

 
             FOUND RI-K FLAG !
 
  
 AUXILIARY BASIS SET information:

              we will work with the 1s 3p 5d 7f 9g ... basis set
              ...i.e. with spherical basis functions...

   type   atoms  prim   cont   basis
   ---------------------------------------------------------------------------
    c        1      4      4   def2-TZVP   [1s1p|1s1p]
    h        4      1      1   def-SV(P)   [1s|1s]
    o        1     72     48   def-SV(P)   [6s5p4d1f|8s6p5d3f]
   ---------------------------------------------------------------------------
   total:    6     80     56
   ---------------------------------------------------------------------------

   total number of primitive shells          :   25
   total number of contracted shells         :   22
   total number of cartesian basis functions :   63
   total number of SCF-basis functions       :   56

 RPA SINGLET-EXCITATION-CALCULATION 
 
             FOUND DFT-FLAG !
 

 maximum number of Davidson iterations set to   35


 symmetry group of the molecule :   c1 

 the group has the following generators :
   c1(z)

    1 symmetry operations found

 there are 1 real representations :   a   

 maximum number of shells which are related by symmetry :  1

 IRREPs of excited states :   a   
  
           ------------------
           density functional
           ------------------
 TPSS global hybrid functional
 exchange:    9/10 (LDA+TPSS) + 1/10 HF
 correlation: LDA (PW) + TPSS
 spherical integration : Lebedev's spherical grid
 spherical gridsize    :                     3
    i.e. gridpoints    :                   302
  maximum batchsize    :                   100
 value for diffuse not defined
 radial integration    : Chebyshev 2nd kind (scaling 3)
 radial gridsize       :                     3
 integration cells     :                     6
 partition function    : becke
 partition sharpness   :                     3
  

 The current-density response will be included
 for meta-GGA and LHF functionals in TDDFT.


 ----------------------------------------------------------------------
          some useful papers before it begins
 ----------------------------------------------------------------------

     nonorthonormal Krylov space methods 
     F. Furche, B. T. Krull, B. D. Nguyen, and J. Kwon, 
     J. Chem. Phys. 144, 174105 (2016).

     current-density dependent meta-GGA linear response
     excitation energies.
     J. E. Bates and F. Furche, 
     J. Chem. Phys. 137, 164105 (2012).

     More current-density dependent meta-GGA response
     NMR couplings, SCF instabilities, damped response, etc.
     C. Holzer, Y. J. Franzke, and M. Kehry, 
     J. Chem. Theory Comput. 17, 2928 (2021).

     RI-J method 
     R. Bauernschmitt, M. Haeser, O. Treutler, and R. Ahlrichs,
     Chem. Phys. Lett. 264, 573 (1997).

     density functional implementation               
     R. Bauernschmitt and R. Ahlrichs,
     Chem. Phys. Lett. 256, 454 (1996).
     R. Bauernschmitt and R. Ahlrichs,
     J. Chem. Phys. 104, 9047 (1996).

     UHF extension (RPA and CIS)
     C. Ochsenfeld, J. Gauss, and R. Ahlrichs, 
     J. Chem. Phys. 103, 7401 (1995).

     integral direct algorithm                 
     H. Weiss, R. Ahlrichs, and M. Haeser, 
     J. Chem. Phys. 99, 1262 (1993).

 ----------------------------------------------------------------------

  MOs are in ASCII format !


    mo occupation :
   irrep   mo's   occupied
    a       53        9
 
 number of basis functions   :    53
 number of occupied orbitals :     9
 

 reading orbital data $scfmo  from file mos
 orbital characterization : scfconv=7
  
           ----------------------
               RI - INFORMATION
           ----------------------

 biggest AO integral is expected to be     5.725698708

 Threshold for integral neglect (rithr2):   0.33E-10
 Threshold for integral neglect (rithr1):   0.33E-10

 Contributions to RI integral batches: 
  neglected integral batches:                     1
  direct contribution:                            0
  memory contribution:                   324
 Core memory available (ricore)            500 MiB
 Core memory needed for (P|Q) and Cholesky 1 MiB
 Core memory used for integrals            1 MiB
  
 ****************************************
 Memory allocated for RIDFT 1 MiB
 ****************************************
                                            

 MAXIMUM CORE MEMORY WHICH CAN BE ALLOCATED DYNAMICALLY in escf_cc_setup= 500 MiB
              ( or 65536000 double words )

 Summary of integral storage options:
 B_ji^Q integral storage mode: on-disk   
 B_ai^Q integral storage mode: on-disk   
 B_ba^Q integral storage mode: on-disk   

   *-----------------------------------------------------------------------*
   |                     program will use  1 thread(s)                     |
   *-----------------------------------------------------------------------*
  MOs are in ASCII format !


 reading orbital data $scfmo  from file mos
 orbital characterization : scfconv=7
 time elapsed for calculating density matrices :   0.001 sec
 all orbitals will be active in the correlation treatment


   Molecular Orbital Statistic:
   ============================

   -----------------------------
   orbitals in total:
   -----------------------------
    frozen occupied :      0
    active occupied :      9
    active virtual  :     44
    frozen virtual  :      0
    all together    :     53
   -----------------------------


     time in riccmos       cpu:  0.01 sec    wall:  0.06 sec    ratio:  0.1

     total memory allocated for calculation of (Q|P)**(-1/2) : 1 MiB


     calculation of (P|Q) ...
     time in lp2sym        cpu:  0.00 sec    wall:  0.00 sec    ratio:  1.0


     calculation of the Cholesky decomposition of (P|Q)**(-1) ...
     time in invmetri      cpu:  0.00 sec    wall:  0.03 sec    ratio:  0.0
 preparing DFT   numerical integration ....
          Overall gridpoints after grid construction =         27148

 Calculating ground state density on molecular grid

 Integral of ground state density: N =   18.00000497506666    


 all orbitals will be included in the transformation

 number of non-frozen orbitals          :    53
 number of non-frozen occupied orbitals :     9



 dimension of super-tensorspace: 2

          IRREP   tensor space dimension   number of roots

           a                 396                      5
                    12
 Switching off XC: hybrid=  0.100000000000000     

 machine precision: 2.22D-16


 logfile sing_a    will be constructed




                       Nonorthonormal Krylov Space Iteration


 total number of roots to be determined: 5


 maximum core memory set to          500 MB,
 corresponding to     9174 vectors in CAO basis


 maximum number of simultaneously treated vectors (including degeneracy):       10


 Iteration IRREP Converged      Max. Euclidean
                 roots          residual norm

    1       a        0        1.240506467627572D-01
 
    2       a        0        3.722017988337235D-02
 
    3       a        0        8.901280035497774D-03
 
    4       a        0        1.376139046728944D-03
 
    5       a        4        2.288268279492074D-04
 
    6       a        4        3.273451333975281D-05
 
    7       a        5        7.744807895328755D-06
 

 converged!

 Eigenpairs written on logfile sing_a   



 IRREP   Vector     Eigenvalue           Euclidean residual norm

  a         1    2.753438381858989D-01    7.714836257149886D-07
            2    3.368513768375585D-01    1.154905138807355D-06
            3    3.429172508389046D-01    5.513193481776988D-06
            4    3.684549526043676D-01    1.902040966675952D-06
            5    3.795194420240037D-01    7.744807895328755D-06






                    Selection rules for point group c1  


 Subduction with respect to c1  :

    Polar vector representation: a                           

    Axial vector representation: a                           

    Symmetric second rank tensor representation: a                           




                            Ground state


 Total energy:                           -115.6586919754000    

 Charge:

               elec          nuc         total

           -18.000000    18.000000    -0.000000


 Electric dipole moment:

               elec          nuc         total   

    x      143.943632  -144.235142    -0.291509    Norm:              0.638083
    y     -110.860126   110.311648    -0.548478
    z        0.339376    -0.485471    -0.146095    Norm / debye:      1.621857


 Electric quadrupole moment:

               elec          nuc         total   

   xx    -1201.040466  1195.764940    -5.275525
   yy     -700.199271   684.720217   -15.479054    1/3*trace:       -10.259386
   zz      -16.212047     6.188469   -10.023578
   xy      888.734560  -887.679428     1.055133
   xz       -2.127735     2.892501     0.764766    Anisotropy:        9.170562
   yz        1.741078    -2.256050    -0.514972



 ==============================================================================

                              I R R E P   a   

 ==============================================================================


 Excitation is electric dipole allowed

 Excitation is magnetic dipole allowed

 Excitation is electric quadrupole allowed




                         1 singlet a excitation


 Total energy:                           -115.3833481372141    

 Excitation energy:                      0.2753438381858989    

 Excitation energy / eV:                  7.492490263844870    

 Excitation energy / nm:                  165.4780181760879    

 Excitation energy / cm^(-1):             60430.98720137073    


 Oscillator strength:

    velocity representation:             0.6964901808691576E-02

    length representation:               0.1356960773149578E-03

    mixed representation:                0.9721675763597007E-03


 Rotatory strength:

    velocity representation:             0.3701340334258822E-08

    velocity rep. / 10^(-40)erg*cm^3:    0.2391244127518392E-03

    length representation:              -0.1323690126097395E-08

    length rep. / 10^(-40)erg*cm^3:     -0.8551675757528813E-04


 Dominant contributions:

      occ. orbital   energy / eV   virt. orbital     energy / eV   |coeff.|^2*100
        9 a              -6.76          10 a               1.25       99.8
 

 Change of electron number:

            -0.000000


 Electric transition dipole moment (velocity rep.):

    x        0.000003        Norm:                  0.194789
    y       -0.050139
    z        0.188226        Norm / debye:          0.495109


 Electric transition dipole moment (length rep.):

    x        0.000006        Norm:                  0.027189
    y        0.007000
    z       -0.026272        Norm / debye:          0.069108


 Magnetic transition dipole moment / i:

    x        0.000211        Norm:                  0.001127
    y       -0.001070
    z       -0.000285        Norm / Bohr mag.:      0.308834


 Electric quadrupole transition moment:

   xx       -0.000095
   yy       -0.084056        1/3*trace:             0.029037
   zz        0.171262
   xy       -0.223519
   xz        0.839201        Anisotropy:            1.538878
   yz        0.135017




                         2 singlet a excitation


 Total energy:                           -115.3218405985624    

 Excitation energy:                      0.3368513768375585    

 Excitation energy / eV:                  9.166196265536767    

 Excitation energy / nm:                  135.2624801114357    

 Excitation energy / cm^(-1):             73930.33153220969    


 Oscillator strength:

    velocity representation:             0.5100921192237474E-01

    length representation:               0.2940440346326951E-01

    mixed representation:                0.3872848367266803E-01


 Rotatory strength:

    velocity representation:             0.4322771980000958E-09

    velocity rep. / 10^(-40)erg*cm^3:    0.2792718901340437E-04

    length representation:              -0.2110401561763396E-07

    length rep. / 10^(-40)erg*cm^3:     -0.1363421054411875E-02


 Dominant contributions:

      occ. orbital   energy / eV   virt. orbital     energy / eV   |coeff.|^2*100
        9 a              -6.76          11 a               2.87       98.5
 

 Change of electron number:

            -0.000000


 Electric transition dipole moment (velocity rep.):

    x       -0.000005        Norm:                  0.476596
    y       -0.122674
    z        0.460538        Norm / debye:          1.211396


 Electric transition dipole moment (length rep.):

    x       -0.000005        Norm:                  0.361853
    y       -0.093142
    z        0.349660        Norm / debye:          0.919747


 Magnetic transition dipole moment / i:

    x        0.003252        Norm:                  0.006504
    y        0.005442
    z        0.001450        Norm / Bohr mag.:      1.782474


 Electric quadrupole transition moment:

   xx        0.000093
   yy       -0.884869        1/3*trace:            -0.386792
   zz       -0.275599
   xy        1.001196
   xz       -3.758635        Anisotropy:            7.392575
   yz        1.697624




                         3 singlet a excitation


 Total energy:                           -115.3157747245611    

 Excitation energy:                      0.3429172508389046    

 Excitation energy / eV:                  9.331257166104697    

 Excitation energy / nm:                  132.8698178599499    

 Excitation energy / cm^(-1):             75261.63698852785    


 Oscillator strength:

    velocity representation:             0.6807174876103075E-02

    length representation:               0.3133463379545333E-02

    mixed representation:                0.3997893737059501E-02


 Rotatory strength:

    velocity representation:             0.1154429358443984E-07

    velocity rep. / 10^(-40)erg*cm^3:    0.7458169675625856E-03

    length representation:              -0.2028112658059962E-04

    length rep. / 10^(-40)erg*cm^3:      -1.310258459251556    


 Dominant contributions:

      occ. orbital   energy / eV   virt. orbital     energy / eV   |coeff.|^2*100
        8 a              -8.51          10 a               1.25       98.9
 

 Change of electron number:

             0.000000


 Electric transition dipole moment (velocity rep.):

    x        0.016311        Norm:                  0.172558
    y        0.165996
    z        0.044219        Norm / debye:          0.438601


 Electric transition dipole moment (length rep.):

    x       -0.048774        Norm:                  0.117075
    y        0.102844
    z        0.027399        Norm / debye:          0.297577


 Magnetic transition dipole moment / i:

    x        0.000345        Norm:                  0.002139
    y       -0.000575
    z        0.002031        Norm / Bohr mag.:      0.586196


 Electric quadrupole transition moment:

   xx        0.691141
   yy        0.722451        1/3*trace:             0.629928
   zz        0.476191
   xy       -0.144409
   xz        0.042433        Anisotropy:            0.411804
   yz       -0.126101




                         4 singlet a excitation


 Total energy:                           -115.2902370227956    

 Excitation energy:                      0.3684549526043676    

 Excitation energy / eV:                  10.02617368611602    

 Excitation energy / nm:                  123.6605786893144    

 Excitation energy / cm^(-1):             80866.51465242959    


 Oscillator strength:

    velocity representation:             0.8405773796937932E-02

    length representation:               0.9022222787884150E-02

    mixed representation:                0.8708545452524729E-02


 Rotatory strength:

    velocity representation:             0.5389540060106152E-07

    velocity rep. / 10^(-40)erg*cm^3:    0.3481902460972876E-02

    length representation:               0.5464967127523792E-07

    length rep. / 10^(-40)erg*cm^3:      0.3530631979398660E-02


 Dominant contributions:

      occ. orbital   energy / eV   virt. orbital     energy / eV   |coeff.|^2*100
        9 a              -6.76          12 a               3.88       98.7
 

 Change of electron number:

            -0.000000


 Electric transition dipole moment (velocity rep.):

    x       -0.000022        Norm:                  0.184987
    y       -0.047625
    z        0.178752        Norm / debye:          0.470195


 Electric transition dipole moment (length rep.):

    x       -0.000023        Norm:                  0.191651
    y       -0.049341
    z        0.185190        Norm / debye:          0.487131


 Magnetic transition dipole moment / i:

    x        0.000858        Norm:                  0.001326
    y        0.000977
    z        0.000261        Norm / Bohr mag.:      0.363481


 Electric quadrupole transition moment:

   xx        0.000394
   yy       -0.642992        1/3*trace:            -0.204757
   zz        0.028326
   xy        0.556168
   xz       -2.087819        Anisotropy:            4.333461
   yz        1.202947




                         5 singlet a excitation


 Total energy:                           -115.2791725333760    

 Excitation energy:                      0.3795194420240037    

 Excitation energy / eV:                  10.32725389113251    

 Excitation energy / nm:                  120.0553848229947    

 Excitation energy / cm^(-1):             83294.88938168828    


 Oscillator strength:

    velocity representation:             0.1084515548879937E-01

    length representation:               0.1300127889334598E-01

    mixed representation:                0.1187437960462136E-01


 Rotatory strength:

    velocity representation:             0.7712595473029797E-07

    velocity rep. / 10^(-40)erg*cm^3:    0.4982708145507649E-02

    length representation:               0.4899436872101649E-07

    length rep. / 10^(-40)erg*cm^3:      0.3165272196161388E-02


 Dominant contributions:

      occ. orbital   energy / eV   virt. orbital     energy / eV   |coeff.|^2*100
        9 a              -6.76          13 a               4.11       98.5
 

 Change of electron number:

             0.000000


 Electric transition dipole moment (velocity rep.):

    x       -0.000027        Norm:                  0.207036
    y       -0.053292
    z        0.200060        Norm / debye:          0.526238


 Electric transition dipole moment (length rep.):

    x       -0.000031        Norm:                  0.226684
    y       -0.058357
    z        0.219044        Norm / debye:          0.576179


 Magnetic transition dipole moment / i:

    x       -0.000253        Norm:                  0.005027
    y        0.004852
    z        0.001293        Norm / Bohr mag.:      1.377841


 Electric quadrupole transition moment:

   xx        0.000544
   yy       -0.532446        1/3*trace:            -0.242145
   zz       -0.194533
   xy        0.664350
   xz       -2.494261        Anisotropy:            4.833131
   yz        1.025168

 SUMMARY OF EXCITATION ENERGIES AND DIPOLE OSCILLATOR STRENGTHS (velocity/length):

 -----------------------------------------------------------------------------------------------
 |    Exc.   | energy (Eh) | energy (eV) | energy (cm-1) | energy (nm) | Osc.(vel) | Osc.(len) |
 -----------------------------------------------------------------------------------------------
 |     1 a   |    0.275344 |     7.49249 |     60430.987 |     165.478 |   0.00696 |   0.00014 |
 |     2 a   |    0.336851 |     9.16619 |     73930.332 |     135.262 |   0.05101 |   0.02940 |
 |     3 a   |    0.342917 |     9.33125 |     75261.637 |     132.870 |   0.00681 |   0.00313 |
 |     4 a   |    0.368455 |    10.02617 |     80866.515 |     123.661 |   0.00841 |   0.00902 |
 |     5 a   |    0.379519 |    10.32725 |     83294.889 |     120.055 |   0.01085 |   0.01300 |
 -----------------------------------------------------------------------------------------------



    escf profiling
  --------------------------------------------------------------------
             module   cpu total (s)       %  wall total (s)       %

         input total             0.0    9.37             0.1   11.05
       init symmetry             0.0    0.78             0.0    0.42
               moinp             0.0    1.02             0.0    0.20
            RI total             0.0    3.26             0.0    0.65
          RI prelims             0.0    1.69             0.0    0.34
       escf_cc_setup             0.0   13.77             0.2   18.06
           grid init             0.0    6.44             0.0    1.28
            becke...             0.0    3.42             0.0    0.68
         dft prelims             0.1   34.88             0.1    6.96
           dft total             0.1   34.88             0.1    6.96
             funct_2             0.0   11.04             0.0    2.21
              onde_3             0.0   14.87             0.0    2.98
                mgga             0.0    7.73             0.0    1.54
              tracao             0.0    0.16             0.0    0.09
           diag_prep             0.0    0.01             0.0    0.00
              respon             0.1   27.32             0.7   51.95
            startvec             0.0    0.06             0.0    0.11
           mvproduct             0.0   13.90             0.2   13.41
            tramocao             0.0    0.70             0.0    0.14
     tramocao_mvprod             0.0    0.56             0.0    0.11
              colrsp             0.0    1.55             0.0    0.31
              gammaP             0.0    0.75             0.0    0.15
              cotlet             0.0    0.10             0.0    0.02
              gammaQ             0.0    0.54             0.0    0.11
            tracaomo             0.0    0.77             0.1    4.44
              mv_rik             0.0   10.75             0.1    8.50
                ritz             0.0    2.99             0.0    0.60
            expandl3             0.0    0.40             0.0    0.72
           startover             0.0    0.63             0.0    0.13
                rest             0.0    0.52             0.0    3.18
             writeep             0.0    2.54             0.0    1.86
              proper             0.0    2.15             0.0    1.44
 


    ------------------------------------------------------------------------
         total  cpu-time :   0.27 seconds
         total wall-time :   1.35 seconds
    ------------------------------------------------------------------------

   ****  escf : all done  ****


    2023-03-08 01:08:29.115 

