
 escf (compt230) : TURBOMOLE rev. V7-6-2381-g96b3af1 compiled 16 Jan 2023 at 13:48:01
 Copyright (C) 2023 TURBOMOLE GmbH, Karlsruhe


    2023-03-08 01:08:29.264 




                                e s c f

                             TURBOMOLE GmbH

          integral direct evaluation of 

                    * excitation energies and transition moments 
                    * polarizabilities
                    * dynamic response properties 
                    * stabilities
                    * quasiparticle states with GW
                    * NMR coupling-constants



          references (see also programs dscf and ridft) 
          implementation and benchmarks (review) 
          F. Furche and D. Rappoport,  
          "Density functional methods for excited states: 
          equilibrium structure and electronic spectra",
          ch. III of "Computational Photochemistry", ed. by 
          M. Olivucci, vol. 16 of "Theoretical and Computational 
          Chemistry", Elsevier, Amsterdam, 2005.



              +--------------------------------------------------+
              | Atomic coordinate, charge and isotop information |
              +--------------------------------------------------+

                    atomic coordinates            atom    charge  isotop
         -9.24314180    6.23174984    0.00054802    c      6.000     0
         -9.98177905    5.77299993   -1.91166584    h      1.000     0
         -6.60094563    6.20640861   -0.00619830    o      8.000     0
         -9.98177905    4.88256098    1.43120298    h      1.000     0
         -9.90212710    8.15492412    0.51283388    h      1.000     0
         -6.10304059    4.45939461   -0.47154336    h      1.000     0
 
       center of nuclear mass  :   -7.89226438    6.16696788   -0.01670470
       center of nuclear charge:   -8.01306343    6.12842487   -0.02697059

              +--------------------------------------------------+
              |               basis set information              |
              +--------------------------------------------------+

              we will work with the 1s 3p 5d 7f 9g ... basis set
              ...i.e. with spherical basis functions...

   type   atoms  prim   cont   basis
   ---------------------------------------------------------------------------
    c        1     46     31   def2-TZVP   [5s3p2d1f|11s6p2d1f]
    h        4      4      2   def-SV(P)   [2s|4s]
    o        1     24     14   def-SV(P)   [3s2p1d|7s4p1d]
   ---------------------------------------------------------------------------
   total:    6     86     53
   ---------------------------------------------------------------------------

   total number of primitive shells          :   36
   total number of contracted shells         :   25
   total number of cartesian basis functions :   59
   total number of SCF-basis functions       :   53


 residuum convergence criterium   :  0.10E-04


 integral neglect threshold       :  0.33E-10
 integral storage threshold THIZE :  0.10E-04
 integral storage threshold THIME :         5

 
             FOUND RI-J FLAG !
 
  
 AUXILIARY BASIS SET information:
 $jbas  : could not find file <auxbasis> !
              read basis sets from /home/smp201/dev/turbomole/jbasen/
              (basis sets have been saved in file auxbasis)

              we will work with the 1s 3p 5d 7f 9g ... basis set
              ...i.e. with spherical basis functions...

   type   atoms  prim   cont   basis
   ---------------------------------------------------------------------------
    c        1     70     49   def2-TZVP   [6s4p3d1f1g|12s5p4d2f1g]
    h        4     10      5   def-SV(P)   [2s1p|4s2p]
    o        1     39     37   def-SV(P)   [6s3p3d1f|8s3p3d1f]
   ---------------------------------------------------------------------------
   total:    6    149    106
   ---------------------------------------------------------------------------

   total number of primitive shells          :   45
   total number of contracted shells         :   40
   total number of cartesian basis functions :  124
   total number of SCF-basis functions       :  106

 RPA SINGLET-EXCITATION-CALCULATION 
 
             FOUND DFT-FLAG !
 

 maximum number of Davidson iterations set to   35


 symmetry group of the molecule :   c1 

 the group has the following generators :
   c1(z)

    1 symmetry operations found

 there are 1 real representations :   a   

 maximum number of shells which are related by symmetry :  1

 IRREPs of excited states :   a   
  
           ------------------
           density functional
           ------------------
 TPSS global hybrid functional
 exchange:    9/10 (LDA+TPSS) + 1/10 HF
 correlation: LDA (PW) + TPSS
 spherical integration : Lebedev's spherical grid
 spherical gridsize    :                     3
    i.e. gridpoints    :                   302
  maximum batchsize    :                   100
 value for diffuse not defined
 radial integration    : Chebyshev 2nd kind (scaling 3)
 radial gridsize       :                     3
 integration cells     :                     6
 partition function    : becke
 partition sharpness   :                     3
  

 The current-density response will be included
 for meta-GGA and LHF functionals in TDDFT.


 ----------------------------------------------------------------------
          some useful papers before it begins
 ----------------------------------------------------------------------

     nonorthonormal Krylov space methods 
     F. Furche, B. T. Krull, B. D. Nguyen, and J. Kwon, 
     J. Chem. Phys. 144, 174105 (2016).

     current-density dependent meta-GGA linear response
     excitation energies.
     J. E. Bates and F. Furche, 
     J. Chem. Phys. 137, 164105 (2012).

     More current-density dependent meta-GGA response
     NMR couplings, SCF instabilities, damped response, etc.
     C. Holzer, Y. J. Franzke, and M. Kehry, 
     J. Chem. Theory Comput. 17, 2928 (2021).

     RI-J method 
     R. Bauernschmitt, M. Haeser, O. Treutler, and R. Ahlrichs,
     Chem. Phys. Lett. 264, 573 (1997).

     density functional implementation               
     R. Bauernschmitt and R. Ahlrichs,
     Chem. Phys. Lett. 256, 454 (1996).
     R. Bauernschmitt and R. Ahlrichs,
     J. Chem. Phys. 104, 9047 (1996).

     UHF extension (RPA and CIS)
     C. Ochsenfeld, J. Gauss, and R. Ahlrichs, 
     J. Chem. Phys. 103, 7401 (1995).

     integral direct algorithm                 
     H. Weiss, R. Ahlrichs, and M. Haeser, 
     J. Chem. Phys. 99, 1262 (1993).

 ----------------------------------------------------------------------

  MOs are in ASCII format !


    mo occupation :
   irrep   mo's   occupied
    a       53        9
 
 number of basis functions   :    53
 number of occupied orbitals :     9
 

 reading orbital data $scfmo  from file mos
 orbital characterization : scfconv=7
  
           ----------------------
               RI - INFORMATION
           ----------------------

 biggest AO integral is expected to be     5.725698708

 Threshold for integral neglect (rithr2):   0.33E-10
 Threshold for integral neglect (rithr1):   0.33E-10

 Contributions to RI integral batches: 
  neglected integral batches:                     1
  direct contribution:                            0
  memory contribution:                   324
 Core memory available (ricore)            500 MiB
 Core memory needed for (P|Q) and Cholesky 1 MiB
 Core memory used for integrals            2 MiB
  
 ****************************************
 Memory allocated for RIDFT 2 MiB
 ****************************************
                                            
 preparing DFT   numerical integration ....
          Overall gridpoints after grid construction =         27148

 Calculating ground state density on molecular grid

 Integral of ground state density: N =   18.00000497506666    


 all orbitals will be included in the transformation

 number of non-frozen orbitals          :    53
 number of non-frozen occupied orbitals :     9



 dimension of super-tensorspace: 2

          IRREP   tensor space dimension   number of roots

           a                 396                      5

 machine precision: 2.22D-16


 logfile sing_a    will be constructed




                       Nonorthonormal Krylov Space Iteration


 total number of roots to be determined: 5


 maximum core memory set to          500 MB,
 corresponding to     9097 vectors in CAO basis


 maximum number of simultaneously treated vectors (including degeneracy):       10


 Iteration IRREP Converged      Max. Euclidean
                 roots          residual norm

    1       a        0        1.142808750299273D-01
 
    2       a        0        2.794966951343624D-02
 
    3       a        0        7.208289606302823D-03
 
    4       a        0        1.425221602694023D-03
 
    5       a        3        2.258000292332853D-04
 
    6       a        4        2.785662572236978D-05
 
    7       a        5        6.122843674911048D-06
 

 converged!

 Eigenpairs written on logfile sing_a   



 IRREP   Vector     Eigenvalue           Euclidean residual norm

  a         1    2.653736673960816D-01    7.389363117135961D-07
            2    3.326427399780213D-01    2.782706463520457D-06
            3    3.341972375007609D-01    6.122843674911048D-06
            4    3.617191101962505D-01    3.138650704131167D-06
            5    3.731776413380512D-01    7.995747846733823D-07






                    Selection rules for point group c1  


 Subduction with respect to c1  :

    Polar vector representation: a                           

    Axial vector representation: a                           

    Symmetric second rank tensor representation: a                           




                            Ground state


 Total energy:                           -115.6586919754000    

 Charge:

               elec          nuc         total

           -18.000000    18.000000    -0.000000


 Electric dipole moment:

               elec          nuc         total   

    x      143.943632  -144.235142    -0.291509    Norm:              0.638083
    y     -110.860126   110.311648    -0.548478
    z        0.339376    -0.485471    -0.146095    Norm / debye:      1.621857


 Electric quadrupole moment:

               elec          nuc         total   

   xx    -1201.040466  1195.764940    -5.275525
   yy     -700.199271   684.720217   -15.479054    1/3*trace:       -10.259386
   zz      -16.212047     6.188469   -10.023578
   xy      888.734560  -887.679428     1.055133
   xz       -2.127735     2.892501     0.764766    Anisotropy:        9.170562
   yz        1.741078    -2.256050    -0.514972



 ==============================================================================

                              I R R E P   a   

 ==============================================================================


 Excitation is electric dipole allowed

 Excitation is magnetic dipole allowed

 Excitation is electric quadrupole allowed




                         1 singlet a excitation


 Total energy:                           -115.3933183080039    

 Excitation energy:                      0.2653736673960816    

 Excitation energy / eV:                  7.221187996600590    

 Excitation energy / nm:                  171.6950785173223    

 Excitation energy / cm^(-1):             58242.78764925966    


 Oscillator strength:

    velocity representation:             0.8423147216647334E-02

    length representation:               0.2705281416643899E-04

    mixed representation:                0.4773570086103801E-03


 Rotatory strength:

    velocity representation:             0.2550108164213763E-07

    velocity rep. / 10^(-40)erg*cm^3:    0.1647492697651094E-02

    length representation:               0.6250538536909209E-08

    length rep. / 10^(-40)erg*cm^3:      0.4038148946172099E-03


 Dominant contributions:

      occ. orbital   energy / eV   virt. orbital     energy / eV   |coeff.|^2*100
        9 a              -6.76          10 a               1.25       99.9
 

 Change of electron number:

            -0.000000


 Electric transition dipole moment (velocity rep.):

    x        0.000003        Norm:                  0.218200
    y       -0.056173
    z        0.210845        Norm / debye:          0.554612


 Electric transition dipole moment (length rep.):

    x        0.000007        Norm:                  0.012366
    y        0.003178
    z       -0.011951        Norm / debye:          0.031431


 Magnetic transition dipole moment / i:

    x        0.000293        Norm:                  0.000984
    y       -0.000907
    z       -0.000242        Norm / Bohr mag.:      0.269606


 Electric quadrupole transition moment:

   xx       -0.000103
   yy       -0.118799        1/3*trace:             0.013163
   zz        0.158391
   xy       -0.204365
   xz        0.767563        Anisotropy:            1.439765
   yz        0.201783




                         2 singlet a excitation


 Total energy:                           -115.3260492354220    

 Excitation energy:                      0.3326427399780213    

 Excitation energy / eV:                  9.051673380616235    

 Excitation energy / nm:                  136.9738376463906    

 Excitation energy / cm^(-1):             73006.64251171236    


 Oscillator strength:

    velocity representation:             0.7209362838544450E-01

    length representation:               0.4458871060902808E-01

    mixed representation:                0.5669710691313307E-01


 Rotatory strength:

    velocity representation:             0.1125178163606188E-06

    velocity rep. / 10^(-40)erg*cm^3:    0.7269192868409928E-02

    length representation:               0.5035255593598442E-07

    length rep. / 10^(-40)erg*cm^3:      0.3253017631829707E-02


 Dominant contributions:

      occ. orbital   energy / eV   virt. orbital     energy / eV   |coeff.|^2*100
        9 a              -6.76          11 a               2.87       99.9
 

 Change of electron number:

            -0.000000


 Electric transition dipole moment (velocity rep.):

    x       -0.000005        Norm:                  0.570171
    y       -0.146749
    z        0.550962        Norm / debye:          1.449241


 Electric transition dipole moment (length rep.):

    x       -0.000009        Norm:                  0.448404
    y       -0.115412
    z        0.433297        Norm / debye:          1.139737


 Magnetic transition dipole moment / i:

    x        0.003845        Norm:                  0.007780
    y        0.006536
    z        0.001741        Norm / Bohr mag.:      2.132260


 Electric quadrupole transition moment:

   xx        0.000146
   yy       -1.125631        1/3*trace:            -0.479260
   zz       -0.312294
   xy        1.243520
   xz       -4.668530        Anisotropy:            9.217631
   yz        2.154602




                         3 singlet a excitation


 Total energy:                           -115.3244947378992    

 Excitation energy:                      0.3341972375007609    

 Excitation energy / eV:                  9.093973428552784    

 Excitation energy / nm:                  136.3367124179064    

 Excitation energy / cm^(-1):             73347.81528143969    


 Oscillator strength:

    velocity representation:             0.1099127367046016E-01

    length representation:               0.6166363677169513E-02

    mixed representation:                0.7468120605956862E-02


 Rotatory strength:

    velocity representation:            -0.1107912062884311E-06

    velocity rep. / 10^(-40)erg*cm^3:   -0.7157645541691064E-02

    length representation:              -0.3046739258244353E-04

    length rep. / 10^(-40)erg*cm^3:      -1.968340304165907    


 Dominant contributions:

      occ. orbital   energy / eV   virt. orbital     energy / eV   |coeff.|^2*100
        8 a              -8.51          10 a               1.25       99.4
 

 Change of electron number:

            -0.000000


 Electric transition dipole moment (velocity rep.):

    x        0.008774        Norm:                  0.222110
    y       -0.214465
    z       -0.057103        Norm / debye:          0.564552


 Electric transition dipole moment (length rep.):

    x        0.075919        Norm:                  0.166364
    y       -0.143047
    z       -0.038087        Norm / debye:          0.422858


 Magnetic transition dipole moment / i:

    x       -0.000434        Norm:                  0.002039
    y        0.000497
    z       -0.001930        Norm / Bohr mag.:      0.558895


 Electric quadrupole transition moment:

   xx       -1.135728
   yy       -1.136748        1/3*trace:            -0.918093
   zz       -0.481803
   xy        0.450282
   xz       -0.006212        Anisotropy:            1.028983
   yz        0.085915




                         4 singlet a excitation


 Total energy:                           -115.2969728652038    

 Excitation energy:                      0.3617191101962505    

 Excitation energy / eV:                  9.842882009810058    

 Excitation energy / nm:                  125.9633549227732    

 Excitation energy / cm^(-1):             79388.16812745469    


 Oscillator strength:

    velocity representation:             0.3540164384107630E-02

    length representation:               0.3869901610323630E-02

    mixed representation:                0.3701362970539411E-02


 Rotatory strength:

    velocity representation:             0.4494970846473092E-07

    velocity rep. / 10^(-40)erg*cm^3:    0.2903967662878403E-02

    length representation:               0.4927550376895799E-07

    length rep. / 10^(-40)erg*cm^3:      0.3183434874319011E-02


 Dominant contributions:

      occ. orbital   energy / eV   virt. orbital     energy / eV   |coeff.|^2*100
        9 a              -6.76          12 a               3.88       90.9
 

 Change of electron number:

            -0.000000


 Electric transition dipole moment (velocity rep.):

    x       -0.000020        Norm:                  0.121163
    y       -0.031206
    z        0.117076        Norm / debye:          0.307969


 Electric transition dipole moment (length rep.):

    x       -0.000018        Norm:                  0.126681
    y       -0.032625
    z        0.122407        Norm / debye:          0.321992


 Magnetic transition dipole moment / i:

    x        0.000854        Norm:                  0.000950
    y       -0.000401
    z       -0.000106        Norm / Bohr mag.:      0.260283


 Electric quadrupole transition moment:

   xx        0.000312
   yy       -0.495236        1/3*trace:            -0.135365
   zz        0.088829
   xy        0.351852
   xz       -1.320484        Anisotropy:            2.902465
   yz        0.917352




                         5 singlet a excitation


 Total energy:                           -115.2855143340620    

 Excitation energy:                      0.3731776413380512    

 Excitation energy / eV:                  10.15468464023588    

 Excitation energy / nm:                  122.0956124183373    

 Excitation energy / cm^(-1):             81903.02501816585    


 Oscillator strength:

    velocity representation:             0.1859641806773287E-01

    length representation:               0.2122283800423451E-01

    mixed representation:                0.1986627212332300E-01


 Rotatory strength:

    velocity representation:             0.6412735140315138E-07

    velocity rep. / 10^(-40)erg*cm^3:    0.4142935764019673E-02

    length representation:               0.5508505377483519E-07

    length rep. / 10^(-40)erg*cm^3:      0.3558759785851636E-02


 Dominant contributions:

      occ. orbital   energy / eV   virt. orbital     energy / eV   |coeff.|^2*100
        9 a              -6.76          13 a               4.11       90.5
 

 Change of electron number:

             0.000000


 Electric transition dipole moment (velocity rep.):

    x       -0.000032        Norm:                  0.273402
    y       -0.070393
    z        0.264185        Norm / debye:          0.694925


 Electric transition dipole moment (length rep.):

    x       -0.000036        Norm:                  0.292072
    y       -0.075202
    z        0.282224        Norm / debye:          0.742378


 Magnetic transition dipole moment / i:

    x        0.000215        Norm:                  0.005400
    y        0.005213
    z        0.001389        Norm / Bohr mag.:      1.479885


 Electric quadrupole transition moment:

   xx        0.000609
   yy       -0.729596        1/3*trace:            -0.312071
   zz       -0.207225
   xy        0.857135
   xz       -3.217514        Anisotropy:            6.287857
   yz        1.396577

 SUMMARY OF EXCITATION ENERGIES AND DIPOLE OSCILLATOR STRENGTHS (velocity/length):

 -----------------------------------------------------------------------------------------------
 |    Exc.   | energy (Eh) | energy (eV) | energy (cm-1) | energy (nm) | Osc.(vel) | Osc.(len) |
 -----------------------------------------------------------------------------------------------
 |     1 a   |    0.265374 |     7.22119 |     58242.788 |     171.695 |   0.00842 |   0.00003 |
 |     2 a   |    0.332643 |     9.05167 |     73006.643 |     136.974 |   0.07209 |   0.04459 |
 |     3 a   |    0.334197 |     9.09397 |     73347.815 |     136.337 |   0.01099 |   0.00617 |
 |     4 a   |    0.361719 |     9.84288 |     79388.168 |     125.963 |   0.00354 |   0.00387 |
 |     5 a   |    0.373178 |    10.15468 |     81903.025 |     122.096 |   0.01860 |   0.02122 |
 -----------------------------------------------------------------------------------------------




    ------------------------------------------------------------------------
         total  cpu-time :   4.80 seconds
         total wall-time :   5.51 seconds
    ------------------------------------------------------------------------

   ****  escf : all done  ****


    2023-03-08 01:08:34.750 

