
 escf (compt228) : TURBOMOLE rev. V7-6-2381-g96b3af1 compiled 16 Jan 2023 at 13:48:01
 Copyright (C) 2023 TURBOMOLE GmbH, Karlsruhe


    2023-03-08 01:08:20.573 




                                e s c f

                             TURBOMOLE GmbH

          integral direct evaluation of 

                    * excitation energies and transition moments 
                    * polarizabilities
                    * dynamic response properties 
                    * stabilities
                    * quasiparticle states with GW
                    * NMR coupling-constants



          references (see also programs dscf and ridft) 
          implementation and benchmarks (review) 
          F. Furche and D. Rappoport,  
          "Density functional methods for excited states: 
          equilibrium structure and electronic spectra",
          ch. III of "Computational Photochemistry", ed. by 
          M. Olivucci, vol. 16 of "Theoretical and Computational 
          Chemistry", Elsevier, Amsterdam, 2005.



              +--------------------------------------------------+
              | Atomic coordinate, charge and isotop information |
              +--------------------------------------------------+

                    atomic coordinates            atom    charge  isotop
         -9.24314180    6.23174984    0.00054802    c      6.000     0
         -9.98177905    5.77299993   -1.91166584    h      1.000     0
         -6.60094563    6.20640861   -0.00619830    o      8.000     0
         -9.98177905    4.88256098    1.43120298    h      1.000     0
         -9.90212710    8.15492412    0.51283388    h      1.000     0
         -6.10304059    4.45939461   -0.47154336    h      1.000     0
 
       center of nuclear mass  :   -7.89226438    6.16696788   -0.01670470
       center of nuclear charge:   -8.01306343    6.12842487   -0.02697059

              +--------------------------------------------------+
              |               basis set information              |
              +--------------------------------------------------+

              we will work with the 1s 3p 5d 7f 9g ... basis set
              ...i.e. with spherical basis functions...

   type   atoms  prim   cont   basis
   ---------------------------------------------------------------------------
    c        1     46     31   def2-TZVP   [5s3p2d1f|11s6p2d1f]
    h        4      4      2   def-SV(P)   [2s|4s]
    o        1     24     14   def-SV(P)   [3s2p1d|7s4p1d]
   ---------------------------------------------------------------------------
   total:    6     86     53
   ---------------------------------------------------------------------------

   total number of primitive shells          :   36
   total number of contracted shells         :   25
   total number of cartesian basis functions :   59
   total number of SCF-basis functions       :   53


 residuum convergence criterium   :  0.10E-04


 integral neglect threshold       :  0.33E-10
 integral storage threshold THIZE :  0.10E-04
 integral storage threshold THIME :         5

 
             FOUND RI-J FLAG !
 
  
 AUXILIARY BASIS SET information:
 $jbas  : could not find file <auxbasis> !
              read basis sets from /home/smp201/dev/turbomole/jbasen/
              (basis sets have been saved in file auxbasis)

              we will work with the 1s 3p 5d 7f 9g ... basis set
              ...i.e. with spherical basis functions...

   type   atoms  prim   cont   basis
   ---------------------------------------------------------------------------
    c        1     70     49   def2-TZVP   [6s4p3d1f1g|12s5p4d2f1g]
    h        4     10      5   def-SV(P)   [2s1p|4s2p]
    o        1     39     37   def-SV(P)   [6s3p3d1f|8s3p3d1f]
   ---------------------------------------------------------------------------
   total:    6    149    106
   ---------------------------------------------------------------------------

   total number of primitive shells          :   45
   total number of contracted shells         :   40
   total number of cartesian basis functions :  124
   total number of SCF-basis functions       :  106

 RPA SINGLET-EXCITATION-CALCULATION 
 
             FOUND DFT-FLAG !
 

 maximum number of Davidson iterations set to   35


 symmetry group of the molecule :   c1 

 the group has the following generators :
   c1(z)

    1 symmetry operations found

 there are 1 real representations :   a   

 maximum number of shells which are related by symmetry :  1

 IRREPs of excited states :   a   
  
           ------------------
           density functional
           ------------------
 PBE functional
 exchange:    LDA + PBE
 correlation: LDA (PW) + PBE
 spherical integration : Lebedev's spherical grid
 spherical gridsize    :                     3
    i.e. gridpoints    :                   302
  maximum batchsize    :                   100
 value for diffuse not defined
 radial integration    : Chebyshev 2nd kind (scaling 3)
 radial gridsize       :                     3
 integration cells     :                     6
 partition function    : becke
 partition sharpness   :                     3
  

 ----------------------------------------------------------------------
          some useful papers before it begins
 ----------------------------------------------------------------------

     nonorthonormal Krylov space methods 
     F. Furche, B. T. Krull, B. D. Nguyen, and J. Kwon, 
     J. Chem. Phys. 144, 174105 (2016).

     RI-J method 
     R. Bauernschmitt, M. Haeser, O. Treutler, and R. Ahlrichs,
     Chem. Phys. Lett. 264, 573 (1997).

     density functional implementation               
     R. Bauernschmitt and R. Ahlrichs,
     Chem. Phys. Lett. 256, 454 (1996).
     R. Bauernschmitt and R. Ahlrichs,
     J. Chem. Phys. 104, 9047 (1996).

     UHF extension (RPA and CIS)
     C. Ochsenfeld, J. Gauss, and R. Ahlrichs, 
     J. Chem. Phys. 103, 7401 (1995).

     integral direct algorithm                 
     H. Weiss, R. Ahlrichs, and M. Haeser, 
     J. Chem. Phys. 99, 1262 (1993).

 ----------------------------------------------------------------------

  MOs are in ASCII format !


    mo occupation :
   irrep   mo's   occupied
    a       53        9
 
 number of basis functions   :    53
 number of occupied orbitals :     9
 

 reading orbital data $scfmo  from file mos
 orbital characterization : scfconv=7
  
           ----------------------
               RI - INFORMATION
           ----------------------

 biggest AO integral is expected to be     5.725698708

 Threshold for integral neglect (rithr2):   0.33E-10
 Threshold for integral neglect (rithr1):   0.33E-10

 Contributions to RI integral batches: 
  neglected integral batches:                     1
  direct contribution:                            0
  memory contribution:                   324
 Core memory available (ricore)            500 MiB
 Core memory needed for (P|Q) and Cholesky 1 MiB
 Core memory used for integrals            2 MiB
  
 ****************************************
 Memory allocated for RIDFT 2 MiB
 ****************************************
                                            
 preparing DFT   numerical integration ....
          Overall gridpoints after grid construction =         27148

 Calculating ground state density on molecular grid

 Integral of ground state density: N =   18.00000518917255    


 all orbitals will be included in the transformation

 number of non-frozen orbitals          :    53
 number of non-frozen occupied orbitals :     9



 dimension of super-tensorspace: 1

          IRREP   tensor space dimension   number of roots

           a                 396                      5

 machine precision: 2.22D-16


 logfile sing_a    will be constructed




                       Nonorthonormal Krylov Space Iteration


 total number of roots to be determined: 5


 maximum core memory set to          500 MB,
 corresponding to    17886 vectors in CAO basis


 maximum number of simultaneously treated vectors (including degeneracy):       10


 Iteration IRREP Converged      Max. Euclidean
                 roots          residual norm

    1       a        0        1.204987978105260D-01
 
    2       a        0        4.562946314377875D-02
 
    3       a        0        1.203917487099975D-02
 
    4       a        1        1.916265848350293D-03
 
    5       a        4        2.691613182747821D-04
 
    6       a        4        3.273434120395320D-05
 
    7       a        5        5.419633840590903D-06
 

 converged!

 Eigenpairs written on logfile sing_a   



 IRREP   Vector     Eigenvalue           Euclidean residual norm

  a         1    5.990434598308271D-02    5.419633840590903D-06
            2    9.240064636828856D-02    6.243505328330488D-07
            3    9.709556334282719D-02    4.668279641935906D-06
            4    1.137549092680898D-01    3.493072292492627D-07
            5    1.207154376816645D-01    7.063841737733214D-07






                    Selection rules for point group c1  


 Subduction with respect to c1  :

    Polar vector representation: a                           

    Axial vector representation: a                           

    Symmetric second rank tensor representation: a                           




                            Ground state


 Total energy:                           -115.5134924182000    

 Charge:

               elec          nuc         total

           -18.000000    18.000000    -0.000000


 Electric dipole moment:

               elec          nuc         total   

    x      143.977252  -144.235142    -0.257890    Norm:              0.618513
    y     -110.854890   110.311648    -0.543243
    z        0.340768    -0.485471    -0.144702    Norm / debye:      1.572116


 Electric quadrupole moment:

               elec          nuc         total   

   xx    -1201.624615  1195.764940    -5.859674
   yy     -700.215353   684.720217   -15.495136    1/3*trace:       -10.485427
   zz      -16.289939     6.188469   -10.101470
   xy      888.903108  -887.679428     1.223681
   xz       -2.138605     2.892501     0.753896    Anisotropy:        8.771120
   yz        1.748774    -2.256050    -0.507276



 ==============================================================================

                              I R R E P   a   

 ==============================================================================


 Excitation is electric dipole allowed

 Excitation is magnetic dipole allowed

 Excitation is electric quadrupole allowed




                         1 singlet a excitation


 Total energy:                           -115.2687387747479    

 Excitation energy:                      0.2447536434521103    

 Excitation energy / eV:                  6.660088356026299    

 Excitation energy / nm:                  186.1600588140587    

 Excitation energy / cm^(-1):             53717.21550913138    


 Oscillator strength:

    velocity representation:             0.7967593392809402E-02

    length representation:               0.1171342933593149E-03

    mixed representation:                0.9660633306946081E-03


 Rotatory strength:

    velocity representation:             0.1013300973712290E-07

    velocity rep. / 10^(-40)erg*cm^3:    0.6546412337095687E-03

    length representation:               0.3241197866928274E-08

    length rep. / 10^(-40)erg*cm^3:      0.2093969931292303E-03


 Dominant contributions:

      occ. orbital   energy / eV   virt. orbital     energy / eV   |coeff.|^2*100
        9 a              -5.89          10 a               0.60       99.7
 

 Change of electron number:

            -0.000000


 Electric transition dipole moment (velocity rep.):

    x       -0.000002        Norm:                  0.220976
    y        0.056881
    z       -0.213529        Norm / debye:          0.561669


 Electric transition dipole moment (length rep.):

    x       -0.000006        Norm:                  0.026793
    y       -0.006894
    z        0.025891        Norm / debye:          0.068102


 Magnetic transition dipole moment / i:

    x       -0.000250        Norm:                  0.001095
    y        0.001030
    z        0.000274        Norm / Bohr mag.:      0.300044


 Electric quadrupole transition moment:

   xx        0.000098
   yy        0.089608        1/3*trace:            -0.028599
   zz       -0.175503
   xy        0.238845
   xz       -0.896890        Anisotropy:            1.643725
   yz       -0.144784




                         2 singlet a excitation


 Total energy:                           -115.2095176719327    

 Excitation energy:                      0.3039747462673315    

 Excitation energy / eV:                  8.271577246355587    

 Excitation energy / nm:                  149.8919012829085    

 Excitation energy / cm^(-1):             66714.74517914878    


 Oscillator strength:

    velocity representation:             0.5727653080309428E-01

    length representation:               0.2928866947345944E-01

    mixed representation:                0.4095794647222414E-01


 Rotatory strength:

    velocity representation:            -0.7450269343885039E-09

    velocity rep. / 10^(-40)erg*cm^3:   -0.4813232831388056E-04

    length representation:              -0.1503137621308699E-07

    length rep. / 10^(-40)erg*cm^3:     -0.9710993005797587E-03


 Dominant contributions:

      occ. orbital   energy / eV   virt. orbital     energy / eV   |coeff.|^2*100
        9 a              -5.89          11 a               2.24       98.9
 

 Change of electron number:

            -0.000000


 Electric transition dipole moment (velocity rep.):

    x        0.000003        Norm:                  0.531637
    y        0.136842
    z       -0.513724        Norm / debye:          1.351297


 Electric transition dipole moment (length rep.):

    x        0.000003        Norm:                  0.380169
    y        0.097856
    z       -0.367359        Norm / debye:          0.966301


 Magnetic transition dipole moment / i:

    x       -0.003235        Norm:                  0.006564
    y       -0.005519
    z       -0.001470        Norm / Bohr mag.:      1.798928


 Electric quadrupole transition moment:

   xx       -0.000056
   yy        0.934531        1/3*trace:             0.406382
   zz        0.284671
   xy       -1.054974
   xz        3.960504        Anisotropy:            7.792214
   yz       -1.792064




                         3 singlet a excitation


 Total energy:                           -115.2018908082189    

 Excitation energy:                      0.3116016099811219    

 Excitation energy / eV:                  8.479114856406133    

 Excitation energy / nm:                  146.2230977008123    

 Excitation energy / cm^(-1):             68388.64827613215    


 Oscillator strength:

    velocity representation:             0.1012268663686382E-01

    length representation:               0.5344670713176656E-02

    mixed representation:                0.6488662062327157E-02


 Rotatory strength:

    velocity representation:             0.4577476096055054E-08

    velocity rep. / 10^(-40)erg*cm^3:    0.2957270027896348E-03

    length representation:              -0.3039295287575961E-04

    length rep. / 10^(-40)erg*cm^3:      -1.963531140582257    


 Dominant contributions:

      occ. orbital   energy / eV   virt. orbital     energy / eV   |coeff.|^2*100
        8 a              -7.66          10 a               0.60       99.2
 

 Change of electron number:

             0.000000


 Electric transition dipole moment (velocity rep.):

    x       -0.004889        Norm:                  0.220746
    y        0.213256
    z        0.056807        Norm / debye:          0.561086


 Electric transition dipole moment (length rep.):

    x       -0.078656        Norm:                  0.160401
    y        0.135080
    z        0.035985        Norm / debye:          0.407701


 Magnetic transition dipole moment / i:

    x        0.000402        Norm:                  0.002001
    y       -0.000496
    z        0.001897        Norm / Bohr mag.:      0.548464


 Electric quadrupole transition moment:

   xx        1.148290
   yy        1.077789        1/3*trace:             0.893923
   zz        0.455690
   xy       -0.480617
   xz        0.002474        Anisotropy:            1.071464
   yz       -0.080003




                         4 singlet a excitation


 Total energy:                           -115.1762167012145    

 Excitation energy:                      0.3372757169855099    

 Excitation energy / eV:                  9.177743153413509    

 Excitation energy / nm:                  135.0923009436742    

 Excitation energy / cm^(-1):             74023.46342947251    


 Oscillator strength:

    velocity representation:             0.1310131421288632E-01

    length representation:               0.1320941002710063E-01

    mixed representation:                0.1315525109319365E-01


 Rotatory strength:

    velocity representation:             0.6324166620203542E-07

    velocity rep. / 10^(-40)erg*cm^3:    0.4085716234207844E-02

    length representation:               0.6162277003181152E-07

    length rep. / 10^(-40)erg*cm^3:      0.3981127744349748E-02


 Dominant contributions:

      occ. orbital   energy / eV   virt. orbital     energy / eV   |coeff.|^2*100
        9 a              -5.89          12 a               3.22       99.2
 

 Change of electron number:

             0.000000


 Electric transition dipole moment (velocity rep.):

    x       -0.000028        Norm:                  0.241385
    y       -0.062146
    z        0.233248        Norm / debye:          0.613544


 Electric transition dipole moment (length rep.):

    x       -0.000028        Norm:                  0.242379
    y       -0.062404
    z        0.234208        Norm / debye:          0.616070


 Magnetic transition dipole moment / i:

    x        0.001050        Norm:                  0.001989
    y        0.001632
    z        0.000435        Norm / Bohr mag.:      0.545215


 Electric quadrupole transition moment:

   xx        0.000483
   yy       -0.773247        1/3*trace:            -0.258972
   zz       -0.004151
   xy        0.679954
   xz       -2.552459        Anisotropy:            5.277225
   yz        1.451649




                         5 singlet a excitation


 Total energy:                           -115.1660511459227    

 Excitation energy:                      0.3474412722772937    

 Excitation energy / eV:                  9.454362105746275    

 Excitation energy / nm:                  131.1397243089640    

 Excitation energy / cm^(-1):             76254.54492299717    


 Oscillator strength:

    velocity representation:             0.7654802248436506E-02

    length representation:               0.9673047862177261E-02

    mixed representation:                0.8604956038017957E-02


 Rotatory strength:

    velocity representation:             0.7329004920700730E-07

    velocity rep. / 10^(-40)erg*cm^3:    0.4734890173423735E-02

    length representation:               0.4714305399266267E-07

    length rep. / 10^(-40)erg*cm^3:      0.3045668348025903E-02


 Dominant contributions:

      occ. orbital   energy / eV   virt. orbital     energy / eV   |coeff.|^2*100
        9 a              -5.89          13 a               3.46       99.1
 

 Change of electron number:

             0.000000


 Electric transition dipole moment (velocity rep.):

    x       -0.000038        Norm:                  0.181791
    y       -0.046801
    z        0.175663        Norm / debye:          0.462070


 Electric transition dipole moment (length rep.):

    x       -0.000042        Norm:                  0.204356
    y       -0.052618
    z        0.197465        Norm / debye:          0.519424


 Magnetic transition dipole moment / i:

    x       -0.000439        Norm:                  0.004507
    y        0.004335
    z        0.001155        Norm / Bohr mag.:      1.235339


 Electric quadrupole transition moment:

   xx        0.000718
   yy       -0.444975        1/3*trace:            -0.218243
   zz       -0.210474
   xy        0.616751
   xz       -2.315454        Anisotropy:            4.428096
   yz        0.862900

 SUMMARY OF EXCITATION ENERGIES AND DIPOLE OSCILLATOR STRENGTHS (velocity/length):

 -----------------------------------------------------------------------------------------------
 |    Exc.   | energy (Eh) | energy (eV) | energy (cm-1) | energy (nm) | Osc.(vel) | Osc.(len) |
 -----------------------------------------------------------------------------------------------
 |     1 a   |    0.244754 |     6.66009 |     53717.216 |     186.160 |   0.00797 |   0.00012 |
 |     2 a   |    0.303975 |     8.27157 |     66714.745 |     149.892 |   0.05728 |   0.02929 |
 |     3 a   |    0.311602 |     8.47911 |     68388.648 |     146.223 |   0.01012 |   0.00534 |
 |     4 a   |    0.337276 |     9.17774 |     74023.463 |     135.092 |   0.01310 |   0.01321 |
 |     5 a   |    0.347441 |     9.45436 |     76254.545 |     131.140 |   0.00765 |   0.00967 |
 -----------------------------------------------------------------------------------------------




    ------------------------------------------------------------------------
         total  cpu-time :   2.32 seconds
         total wall-time :   2.79 seconds
    ------------------------------------------------------------------------

   ****  escf : all done  ****


    2023-03-08 01:08:23.345 

