
 escf (compt228) : TURBOMOLE rev. V7-6-2381-g96b3af1 compiled 16 Jan 2023 at 13:48:01
 Copyright (C) 2023 TURBOMOLE GmbH, Karlsruhe


    2023-03-08 01:08:18.345 


 escf run will be profiled !




                                e s c f

                             TURBOMOLE GmbH

          integral direct evaluation of 

                    * excitation energies and transition moments 
                    * polarizabilities
                    * dynamic response properties 
                    * stabilities
                    * quasiparticle states with GW
                    * NMR coupling-constants



          references (see also programs dscf and ridft) 
          implementation and benchmarks (review) 
          F. Furche and D. Rappoport,  
          "Density functional methods for excited states: 
          equilibrium structure and electronic spectra",
          ch. III of "Computational Photochemistry", ed. by 
          M. Olivucci, vol. 16 of "Theoretical and Computational 
          Chemistry", Elsevier, Amsterdam, 2005.



              +--------------------------------------------------+
              | Atomic coordinate, charge and isotop information |
              +--------------------------------------------------+

                    atomic coordinates            atom    charge  isotop
         -9.24314180    6.23174984    0.00054802    c      6.000     0
         -9.98177905    5.77299993   -1.91166584    h      1.000     0
         -6.60094563    6.20640861   -0.00619830    o      8.000     0
         -9.98177905    4.88256098    1.43120298    h      1.000     0
         -9.90212710    8.15492412    0.51283388    h      1.000     0
         -6.10304059    4.45939461   -0.47154336    h      1.000     0
 
       center of nuclear mass  :   -7.89226438    6.16696788   -0.01670470
       center of nuclear charge:   -8.01306343    6.12842487   -0.02697059

              +--------------------------------------------------+
              |               basis set information              |
              +--------------------------------------------------+

              we will work with the 1s 3p 5d 7f 9g ... basis set
              ...i.e. with spherical basis functions...

   type   atoms  prim   cont   basis
   ---------------------------------------------------------------------------
    c        1     46     31   def2-TZVP   [5s3p2d1f|11s6p2d1f]
    h        4      4      2   def-SV(P)   [2s|4s]
    o        1     24     14   def-SV(P)   [3s2p1d|7s4p1d]
   ---------------------------------------------------------------------------
   total:    6     86     53
   ---------------------------------------------------------------------------

   total number of primitive shells          :   36
   total number of contracted shells         :   25
   total number of cartesian basis functions :   59
   total number of SCF-basis functions       :   53


 residuum convergence criterium   :  0.10E-04


 integral neglect threshold       :  0.33E-10
 integral storage threshold THIZE :  0.10E-04
 integral storage threshold THIME :         5

 
             FOUND RI-J FLAG !
 
  
 AUXILIARY BASIS SET information:

              we will work with the 1s 3p 5d 7f 9g ... basis set
              ...i.e. with spherical basis functions...

   type   atoms  prim   cont   basis
   ---------------------------------------------------------------------------
    c        1      1      1   def2-TZVP   [1s|1s]
    h        4      1      1   def-SV(P)   [1s|1s]
    o        1      1      1   def-SV(P)   [1s|1s]
   ---------------------------------------------------------------------------
   total:    6      6      6
   ---------------------------------------------------------------------------

   total number of primitive shells          :    3
   total number of contracted shells         :    6
   total number of cartesian basis functions :    6
   total number of SCF-basis functions       :    6

 RPA SINGLET-EXCITATION-CALCULATION 
 
             FOUND DFT-FLAG !
 

 maximum number of Davidson iterations set to   35


 symmetry group of the molecule :   c1 

 the group has the following generators :
   c1(z)

    1 symmetry operations found

 there are 1 real representations :   a   

 maximum number of shells which are related by symmetry :  1

 IRREPs of excited states :   a   
  
           ------------------
           density functional
           ------------------
 PBE functional
 exchange:    LDA + PBE
 correlation: LDA (PW) + PBE
 spherical integration : Lebedev's spherical grid
 spherical gridsize    :                     3
    i.e. gridpoints    :                   302
  maximum batchsize    :                   100
 value for diffuse not defined
 radial integration    : Chebyshev 2nd kind (scaling 3)
 radial gridsize       :                     3
 integration cells     :                     6
 partition function    : becke
 partition sharpness   :                     3
  

 ----------------------------------------------------------------------
          some useful papers before it begins
 ----------------------------------------------------------------------

     nonorthonormal Krylov space methods 
     F. Furche, B. T. Krull, B. D. Nguyen, and J. Kwon, 
     J. Chem. Phys. 144, 174105 (2016).

     RI-J method 
     R. Bauernschmitt, M. Haeser, O. Treutler, and R. Ahlrichs,
     Chem. Phys. Lett. 264, 573 (1997).

     density functional implementation               
     R. Bauernschmitt and R. Ahlrichs,
     Chem. Phys. Lett. 256, 454 (1996).
     R. Bauernschmitt and R. Ahlrichs,
     J. Chem. Phys. 104, 9047 (1996).

     UHF extension (RPA and CIS)
     C. Ochsenfeld, J. Gauss, and R. Ahlrichs, 
     J. Chem. Phys. 103, 7401 (1995).

     integral direct algorithm                 
     H. Weiss, R. Ahlrichs, and M. Haeser, 
     J. Chem. Phys. 99, 1262 (1993).

 ----------------------------------------------------------------------

  MOs are in ASCII format !


    mo occupation :
   irrep   mo's   occupied
    a       53        9
 
 number of basis functions   :    53
 number of occupied orbitals :     9
 

 reading orbital data $scfmo  from file mos
 orbital characterization : scfconv=7
  
           ----------------------
               RI - INFORMATION
           ----------------------

 biggest AO integral is expected to be     5.725698708

 Threshold for integral neglect (rithr2):   0.33E-10
 Threshold for integral neglect (rithr1):   0.33E-10

 Contributions to RI integral batches: 
  neglected integral batches:                     1
  direct contribution:                            0
  memory contribution:                   324
 Core memory available (ricore)            500 MiB
 Core memory needed for (P|Q) and Cholesky 1 MiB
 Core memory used for integrals            1 MiB
  
 ****************************************
 Memory allocated for RIDFT 1 MiB
 ****************************************
                                            
 preparing DFT   numerical integration ....
          Overall gridpoints after grid construction =         27148

 Calculating ground state density on molecular grid

 Integral of ground state density: N =   18.00000518917255    


 all orbitals will be included in the transformation

 number of non-frozen orbitals          :    53
 number of non-frozen occupied orbitals :     9



 dimension of super-tensorspace: 1

          IRREP   tensor space dimension   number of roots

           a                 396                      5
                     6
 Switching off XC: hybrid=  0.000000000000000E+000

 machine precision: 2.22D-16


 logfile sing_a    will be constructed




                       Nonorthonormal Krylov Space Iteration


 total number of roots to be determined: 5


 maximum core memory set to          500 MB,
 corresponding to    18481 vectors in CAO basis


 maximum number of simultaneously treated vectors (including degeneracy):       10


 Iteration IRREP Converged      Max. Euclidean
                 roots          residual norm

    1       a        0        6.800503730010418D-02
 
    2       a        4        1.226882402916806D-02
 
    3       a        4        1.285283200021938D-03
 
    4       a        4        1.567371074935586D-04
 
    5       a        4        2.219045192255430D-05
 
    6       a        5        3.331295922247156D-06
 

 converged!

 Eigenpairs written on logfile sing_a   



 IRREP   Vector     Eigenvalue           Euclidean residual norm

  a         1    5.697413810018682D-02    7.744210729848042D-07
            2    9.050285860877444D-02    2.703375673005838D-06
            3    9.628031753907745D-02    4.606551492985094D-07
            4    1.123246951011065D-01    1.545388211529968D-06
            5    1.203439261310636D-01    3.331295922247156D-06






                    Selection rules for point group c1  


 Subduction with respect to c1  :

    Polar vector representation: a                           

    Axial vector representation: a                           

    Symmetric second rank tensor representation: a                           




                            Ground state


 Total energy:                           -115.5134924182000    

 Charge:

               elec          nuc         total

           -18.000000    18.000000    -0.000000


 Electric dipole moment:

               elec          nuc         total   

    x      143.977252  -144.235142    -0.257890    Norm:              0.618513
    y     -110.854890   110.311648    -0.543243
    z        0.340768    -0.485471    -0.144702    Norm / debye:      1.572116


 Electric quadrupole moment:

               elec          nuc         total   

   xx    -1201.624615  1195.764940    -5.859674
   yy     -700.215353   684.720217   -15.495136    1/3*trace:       -10.485427
   zz      -16.289939     6.188469   -10.101470
   xy      888.903108  -887.679428     1.223681
   xz       -2.138605     2.892501     0.753896    Anisotropy:        8.771120
   yz        1.748774    -2.256050    -0.507276



 ==============================================================================

                              I R R E P   a   

 ==============================================================================


 Excitation is electric dipole allowed

 Excitation is magnetic dipole allowed

 Excitation is electric quadrupole allowed




                         1 singlet a excitation


 Total energy:                           -115.2747998584077    

 Excitation energy:                      0.2386925597922709    

 Excitation energy / eV:                  6.495157807338897    

 Excitation energy / nm:                  190.8871927120511    

 Excitation energy / cm^(-1):             52386.96141124633    


 Oscillator strength:

    velocity representation:             0.1101326832109447E-01

    length representation:               0.1718368782492978E-05

    mixed representation:                0.1375675042011119E-03


 Rotatory strength:

    velocity representation:             0.1985333209317501E-08

    velocity rep. / 10^(-40)erg*cm^3:    0.1282620874931882E-03

    length representation:               0.8834030291263642E-09

    length rep. / 10^(-40)erg*cm^3:      0.5707209050943388E-04


 Dominant contributions:

      occ. orbital   energy / eV   virt. orbital     energy / eV   |coeff.|^2*100
        9 a              -5.89          10 a               0.60       99.9
 

 Change of electron number:

             0.000000


 Electric transition dipole moment (velocity rep.):

    x       -0.000000        Norm:                  0.263078
    y       -0.067714
    z        0.254214        Norm / debye:          0.668682


 Electric transition dipole moment (length rep.):

    x        0.000004        Norm:                  0.003286
    y        0.000847
    z       -0.003175        Norm / debye:          0.008353


 Magnetic transition dipole moment / i:

    x        0.000422        Norm:                  0.000747
    y       -0.000595
    z       -0.000159        Norm / Bohr mag.:      0.204637


 Electric quadrupole transition moment:

   xx       -0.000067
   yy       -0.153557        1/3*trace:             0.003495
   zz        0.164109
   xy       -0.155030
   xz        0.582079        Anisotropy:            1.173544
   yz        0.266422




                         2 singlet a excitation


 Total energy:                           -115.2126554879391    

 Excitation energy:                      0.3008369302608548    

 Excitation energy / eV:                  8.186192891894782    

 Excitation energy / nm:                  151.4553170732468    

 Excitation energy / cm^(-1):             66026.07416992278    


 Oscillator strength:

    velocity representation:             0.4306335103103252E-01

    length representation:               0.1994577273256203E-01

    mixed representation:                0.2930753849663055E-01


 Rotatory strength:

    velocity representation:             0.4996861047185632E-08

    velocity rep. / 10^(-40)erg*cm^3:    0.3228212905609699E-03

    length representation:              -0.8429484079039853E-08

    length rep. / 10^(-40)erg*cm^3:     -0.5445852713257770E-03


 Dominant contributions:

      occ. orbital   energy / eV   virt. orbital     energy / eV   |coeff.|^2*100
        9 a              -5.89          11 a               2.24       99.3
 

 Change of electron number:

            -0.000000


 Electric transition dipole moment (velocity rep.):

    x        0.000002        Norm:                  0.463376
    y        0.119270
    z       -0.447764        Norm / debye:          1.177794


 Electric transition dipole moment (length rep.):

    x        0.000003        Norm:                  0.315359
    y        0.081173
    z       -0.304733        Norm / debye:          0.801569


 Magnetic transition dipole moment / i:

    x       -0.002817        Norm:                  0.005829
    y       -0.004931
    z       -0.001314        Norm / Bohr mag.:      1.597695


 Electric quadrupole transition moment:

   xx       -0.000045
   yy        0.705265        1/3*trace:             0.337099
   zz        0.306077
   xy       -0.933380
   xz        3.504044        Anisotropy:            6.738705
   yz       -1.364590




                         3 singlet a excitation


 Total energy:                           -115.2032017197589    

 Excitation energy:                      0.3102906984411190    

 Excitation energy / eV:                  8.443443123147290    

 Excitation energy / nm:                  146.8408588749435    

 Excitation energy / cm^(-1):             68100.93645000966    


 Oscillator strength:

    velocity representation:             0.1077547300252606E-01

    length representation:               0.5799790641784635E-02

    mixed representation:                0.6941821495610710E-02


 Rotatory strength:

    velocity representation:             0.4512238114626358E-08

    velocity rep. / 10^(-40)erg*cm^3:    0.2915123149767195E-03

    length representation:              -0.3318667318856416E-04

    length rep. / 10^(-40)erg*cm^3:      -2.144018928481406    


 Dominant contributions:

      occ. orbital   energy / eV   virt. orbital     energy / eV   |coeff.|^2*100
        8 a              -7.66          10 a               0.60       99.1
 

 Change of electron number:

            -0.000000


 Electric transition dipole moment (velocity rep.):

    x        0.003782        Norm:                  0.228234
    y       -0.220513
    z       -0.058739        Norm / debye:          0.580116


 Electric transition dipole moment (length rep.):

    x        0.082540        Norm:                  0.167443
    y       -0.140776
    z       -0.037502        Norm / debye:          0.425601


 Magnetic transition dipole moment / i:

    x       -0.000414        Norm:                  0.001810
    y        0.000447
    z       -0.001705        Norm / Bohr mag.:      0.496141


 Electric quadrupole transition moment:

   xx       -1.192116
   yy       -1.314246        1/3*trace:            -1.015833
   zz       -0.541137
   xy        0.681645
   xz        0.044623        Anisotropy:            1.387403
   yz        0.047609




                         4 singlet a excitation


 Total energy:                           -115.1783436525733    

 Excitation energy:                      0.3351487656267086    

 Excitation energy / eV:                  9.119865837354848    

 Excitation energy / nm:                  135.9496359021320    

 Excitation energy / cm^(-1):             73556.65156548274    


 Oscillator strength:

    velocity representation:             0.5235860626172731E-02

    length representation:               0.5546022934662373E-02

    mixed representation:                0.5388710709903128E-02


 Rotatory strength:

    velocity representation:             0.3689200425312398E-07

    velocity rep. / 10^(-40)erg*cm^3:    0.2383401161631669E-02

    length representation:               0.3841161911705226E-07

    length rep. / 10^(-40)erg*cm^3:      0.2481575600923964E-02


 Dominant contributions:

      occ. orbital   energy / eV   virt. orbital     energy / eV   |coeff.|^2*100
        9 a              -5.89          12 a               3.22       98.4
 

 Change of electron number:

             0.000000


 Electric transition dipole moment (velocity rep.):

    x        0.000019        Norm:                  0.153081
    y        0.039411
    z       -0.147921        Norm / debye:          0.389096


 Electric transition dipole moment (length rep.):

    x        0.000019        Norm:                  0.157550
    y        0.040562
    z       -0.152239        Norm / debye:          0.400454


 Magnetic transition dipole moment / i:

    x       -0.000657        Norm:                  0.000806
    y       -0.000452
    z       -0.000121        Norm / Bohr mag.:      0.220945


 Electric quadrupole transition moment:

   xx       -0.000317
   yy        0.547309        1/3*trace:             0.168316
   zz       -0.042042
   xy       -0.467811
   xz        1.756117        Anisotropy:            3.655657
   yz       -1.021594




                         5 singlet a excitation


 Total energy:                           -115.1665861972540    

 Excitation energy:                      0.3469062209460412    

 Excitation energy / eV:                  9.439802612000278    

 Excitation energy / nm:                  131.3419878598460    

 Excitation energy / cm^(-1):             76137.11472966500    


 Oscillator strength:

    velocity representation:             0.7811040382116630E-02

    length representation:               0.9717992388991566E-02

    mixed representation:                0.8712498537512698E-02


 Rotatory strength:

    velocity representation:             0.1028820114794907E-06

    velocity rep. / 10^(-40)erg*cm^3:    0.6646673463138198E-02

    length representation:               0.6633136083997179E-07

    length rep. / 10^(-40)erg*cm^3:      0.4285325389043098E-02


 Dominant contributions:

      occ. orbital   energy / eV   virt. orbital     energy / eV   |coeff.|^2*100
        9 a              -5.89          13 a               3.46       97.2
 

 Change of electron number:

             0.000000


 Electric transition dipole moment (velocity rep.):

    x       -0.000042        Norm:                  0.183778
    y       -0.047307
    z        0.177585        Norm / debye:          0.467121


 Electric transition dipole moment (length rep.):

    x       -0.000046        Norm:                  0.204988
    y       -0.052777
    z        0.198077        Norm / debye:          0.521031


 Magnetic transition dipole moment / i:

    x       -0.000506        Norm:                  0.004417
    y        0.004239
    z        0.001130        Norm / Bohr mag.:      1.210454


 Electric quadrupole transition moment:

   xx        0.000785
   yy       -0.455898        1/3*trace:            -0.218862
   zz       -0.201473
   xy        0.638807
   xz       -2.398422        Anisotropy:            4.579765
   yz        0.882353

 SUMMARY OF EXCITATION ENERGIES AND DIPOLE OSCILLATOR STRENGTHS (velocity/length):

 -----------------------------------------------------------------------------------------------
 |    Exc.   | energy (Eh) | energy (eV) | energy (cm-1) | energy (nm) | Osc.(vel) | Osc.(len) |
 -----------------------------------------------------------------------------------------------
 |     1 a   |    0.238693 |     6.49516 |     52386.961 |     190.887 |   0.01101 |   0.00000 |
 |     2 a   |    0.300837 |     8.18619 |     66026.074 |     151.455 |   0.04306 |   0.01995 |
 |     3 a   |    0.310291 |     8.44344 |     68100.936 |     146.841 |   0.01078 |   0.00580 |
 |     4 a   |    0.335149 |     9.11986 |     73556.652 |     135.950 |   0.00524 |   0.00555 |
 |     5 a   |    0.346906 |     9.43980 |     76137.115 |     131.342 |   0.00781 |   0.00972 |
 -----------------------------------------------------------------------------------------------



    escf profiling
  --------------------------------------------------------------------
             module   cpu total (s)       %  wall total (s)       %

         input total             0.0    9.88             0.0    5.50
       init symmetry             0.0    1.37             0.0    0.75
               moinp             0.0    1.59             0.0    0.45
            RI total             0.0    1.95             0.0    0.55
          RI prelims             0.0    0.75             0.0    0.21
           grid init             0.0   10.11             0.0    2.85
            becke...             0.0    5.15             0.0    1.45
         dft prelims             0.1   51.03             0.1   14.39
           dft total             0.1   51.04             0.1   14.39
             funct_2             0.0   27.68             0.0    7.82
              onde_2             0.0   17.59             0.0    4.98
                 gga             0.0    3.81             0.0    1.08
              tracao             0.0    0.28             0.0    0.21
           diag_prep             0.0    0.03             0.0    0.01
              respon             0.0   19.80             0.4   65.67
            startvec             0.0    0.10             0.0    0.12
           mvproduct             0.0    3.06             0.0    0.93
            tramocao             0.0    1.11             0.0    0.31
     tramocao_mvprod             0.0    0.82             0.0    0.23
              colrsp             0.0    1.17             0.0    0.33
              gammaP             0.0    0.50             0.0    0.14
              cotlet             0.0    0.08             0.0    0.02
              gammaQ             0.0    0.38             0.0    0.11
            tracaomo             0.0    0.72             0.0    0.28
                ritz             0.0    1.95             0.0    0.55
            expandl3             0.0    0.30             0.0    0.08
           startover             0.0    0.45             0.0    0.13
                rest             0.0    0.99             0.0    2.63
             writeep             0.0    2.19             0.0    2.70
              proper             0.0    3.47             0.0    3.11
 


    ------------------------------------------------------------------------
         total  cpu-time :   0.17 seconds
         total wall-time :   0.62 seconds
    ------------------------------------------------------------------------

   ****  escf : all done  ****


    2023-03-08 01:08:18.949 

