
 escf (compt228) : TURBOMOLE rev. V7-6-2381-g96b3af1 compiled 16 Jan 2023 at 13:48:01
 Copyright (C) 2023 TURBOMOLE GmbH, Karlsruhe


    2023-03-08 01:08:19.747 


 escf run will be profiled !




                                e s c f

                             TURBOMOLE GmbH

          integral direct evaluation of 

                    * excitation energies and transition moments 
                    * polarizabilities
                    * dynamic response properties 
                    * stabilities
                    * quasiparticle states with GW
                    * NMR coupling-constants



          references (see also programs dscf and ridft) 
          implementation and benchmarks (review) 
          F. Furche and D. Rappoport,  
          "Density functional methods for excited states: 
          equilibrium structure and electronic spectra",
          ch. III of "Computational Photochemistry", ed. by 
          M. Olivucci, vol. 16 of "Theoretical and Computational 
          Chemistry", Elsevier, Amsterdam, 2005.



              +--------------------------------------------------+
              | Atomic coordinate, charge and isotop information |
              +--------------------------------------------------+

                    atomic coordinates            atom    charge  isotop
         -9.24314180    6.23174984    0.00054802    c      6.000     0
         -9.98177905    5.77299993   -1.91166584    h      1.000     0
         -6.60094563    6.20640861   -0.00619830    o      8.000     0
         -9.98177905    4.88256098    1.43120298    h      1.000     0
         -9.90212710    8.15492412    0.51283388    h      1.000     0
         -6.10304059    4.45939461   -0.47154336    h      1.000     0
 
       center of nuclear mass  :   -7.89226438    6.16696788   -0.01670470
       center of nuclear charge:   -8.01306343    6.12842487   -0.02697059

              +--------------------------------------------------+
              |               basis set information              |
              +--------------------------------------------------+

              we will work with the 1s 3p 5d 7f 9g ... basis set
              ...i.e. with spherical basis functions...

   type   atoms  prim   cont   basis
   ---------------------------------------------------------------------------
    c        1     46     31   def2-TZVP   [5s3p2d1f|11s6p2d1f]
    h        4      4      2   def-SV(P)   [2s|4s]
    o        1     24     14   def-SV(P)   [3s2p1d|7s4p1d]
   ---------------------------------------------------------------------------
   total:    6     86     53
   ---------------------------------------------------------------------------

   total number of primitive shells          :   36
   total number of contracted shells         :   25
   total number of cartesian basis functions :   59
   total number of SCF-basis functions       :   53


 residuum convergence criterium   :  0.10E-04


 integral neglect threshold       :  0.33E-10
 integral storage threshold THIZE :  0.10E-04
 integral storage threshold THIME :         5

 
             FOUND RI-J FLAG !
 
  
 AUXILIARY BASIS SET information:

              assign orbital basis set names as defaults
              read basis sets from /home/smp201/dev/turbomole/cbasen/
              (basis sets have been saved in file auxbasis)

              we will work with the 1s 3p 5d 7f 9g ... basis set
              ...i.e. with spherical basis functions...

   type   atoms  prim   cont   basis
   ---------------------------------------------------------------------------
    c        1      4      4   def2-TZVP   [1s1p|1s1p]
    h        4      1      1   def-SV(P)   [1s|1s]
    o        1     72     48   def-SV(P)   [6s5p4d1f|8s6p5d3f]
   ---------------------------------------------------------------------------
   total:    6     80     56
   ---------------------------------------------------------------------------

   total number of primitive shells          :   25
   total number of contracted shells         :   22
   total number of cartesian basis functions :   63
   total number of SCF-basis functions       :   56

 
             FOUND RI-K FLAG !
 
  
 AUXILIARY BASIS SET information:

              we will work with the 1s 3p 5d 7f 9g ... basis set
              ...i.e. with spherical basis functions...

   type   atoms  prim   cont   basis
   ---------------------------------------------------------------------------
    c        1      4      4   def2-TZVP   [1s1p|1s1p]
    h        4      1      1   def-SV(P)   [1s|1s]
    o        1     72     48   def-SV(P)   [6s5p4d1f|8s6p5d3f]
   ---------------------------------------------------------------------------
   total:    6     80     56
   ---------------------------------------------------------------------------

   total number of primitive shells          :   25
   total number of contracted shells         :   22
   total number of cartesian basis functions :   63
   total number of SCF-basis functions       :   56

 RPA SINGLET-EXCITATION-CALCULATION 
 
             FOUND DFT-FLAG !
 

 maximum number of Davidson iterations set to   35


 symmetry group of the molecule :   c1 

 the group has the following generators :
   c1(z)

    1 symmetry operations found

 there are 1 real representations :   a   

 maximum number of shells which are related by symmetry :  1

 IRREPs of excited states :   a   
  
           ------------------
           density functional
           ------------------
 PBE functional
 exchange:    LDA + PBE
 correlation: LDA (PW) + PBE
 spherical integration : Lebedev's spherical grid
 spherical gridsize    :                     3
    i.e. gridpoints    :                   302
  maximum batchsize    :                   100
 value for diffuse not defined
 radial integration    : Chebyshev 2nd kind (scaling 3)
 radial gridsize       :                     3
 integration cells     :                     6
 partition function    : becke
 partition sharpness   :                     3
  
 ----------------------------------------
  No HARTREE-FOCK EXCHANGE is needed.
  -> Switching off RI-K.
 ----------------------------------------

 ----------------------------------------------------------------------
          some useful papers before it begins
 ----------------------------------------------------------------------

     nonorthonormal Krylov space methods 
     F. Furche, B. T. Krull, B. D. Nguyen, and J. Kwon, 
     J. Chem. Phys. 144, 174105 (2016).

     RI-J method 
     R. Bauernschmitt, M. Haeser, O. Treutler, and R. Ahlrichs,
     Chem. Phys. Lett. 264, 573 (1997).

     density functional implementation               
     R. Bauernschmitt and R. Ahlrichs,
     Chem. Phys. Lett. 256, 454 (1996).
     R. Bauernschmitt and R. Ahlrichs,
     J. Chem. Phys. 104, 9047 (1996).

     UHF extension (RPA and CIS)
     C. Ochsenfeld, J. Gauss, and R. Ahlrichs, 
     J. Chem. Phys. 103, 7401 (1995).

     integral direct algorithm                 
     H. Weiss, R. Ahlrichs, and M. Haeser, 
     J. Chem. Phys. 99, 1262 (1993).

 ----------------------------------------------------------------------

  MOs are in ASCII format !


    mo occupation :
   irrep   mo's   occupied
    a       53        9
 
 number of basis functions   :    53
 number of occupied orbitals :     9
 

 reading orbital data $scfmo  from file mos
 orbital characterization : scfconv=7
  
           ----------------------
               RI - INFORMATION
           ----------------------

 biggest AO integral is expected to be     5.725698708

 Threshold for integral neglect (rithr2):   0.33E-10
 Threshold for integral neglect (rithr1):   0.33E-10

 Contributions to RI integral batches: 
  neglected integral batches:                     1
  direct contribution:                            0
  memory contribution:                   324
 Core memory available (ricore)            500 MiB
 Core memory needed for (P|Q) and Cholesky 1 MiB
 Core memory used for integrals            1 MiB
  
 ****************************************
 Memory allocated for RIDFT 1 MiB
 ****************************************
                                            
 preparing DFT   numerical integration ....
          Overall gridpoints after grid construction =         27148

 Calculating ground state density on molecular grid

 Integral of ground state density: N =   18.00000518917255    


 all orbitals will be included in the transformation

 number of non-frozen orbitals          :    53
 number of non-frozen occupied orbitals :     9



 dimension of super-tensorspace: 1

          IRREP   tensor space dimension   number of roots

           a                 396                      5
                     6
 Switching off XC: hybrid=  0.000000000000000E+000

 machine precision: 2.22D-16


 logfile sing_a    will be constructed




                       Nonorthonormal Krylov Space Iteration


 total number of roots to be determined: 5


 maximum core memory set to          500 MB,
 corresponding to    18189 vectors in CAO basis


 maximum number of simultaneously treated vectors (including degeneracy):       10


 Iteration IRREP Converged      Max. Euclidean
                 roots          residual norm

    1       a        0        1.392566152116660D-01
 
    2       a        0        5.527386464706823D-02
 
    3       a        0        1.287999526335039D-02
 
    4       a        3        2.210292127808012D-03
 
    5       a        4        1.607263371243316D-04
 
    6       a        4        3.289050187149790D-05
 
    7       a        5        9.288235286539024D-06
 

 converged!

 Eigenpairs written on logfile sing_a   



 IRREP   Vector     Eigenvalue           Euclidean residual norm

  a         1    6.319612939716023D-02    9.288235286539024D-06
            2    9.393400805576922D-02    6.621497257730123D-06
            3    1.004425819560897D-01    7.882041060942031D-06
            4    1.158511220479308D-01    4.386677067525845D-06
            5    1.242948128045354D-01    2.109506740575346D-07






                    Selection rules for point group c1  


 Subduction with respect to c1  :

    Polar vector representation: a                           

    Axial vector representation: a                           

    Symmetric second rank tensor representation: a                           




                            Ground state


 Total energy:                           -115.5134924182000    

 Charge:

               elec          nuc         total

           -18.000000    18.000000    -0.000000


 Electric dipole moment:

               elec          nuc         total   

    x      143.977252  -144.235142    -0.257890    Norm:              0.618513
    y     -110.854890   110.311648    -0.543243
    z        0.340768    -0.485471    -0.144702    Norm / debye:      1.572116


 Electric quadrupole moment:

               elec          nuc         total   

   xx    -1201.624615  1195.764940    -5.859674
   yy     -700.215353   684.720217   -15.495136    1/3*trace:       -10.485427
   zz      -16.289939     6.188469   -10.101470
   xy      888.903108  -887.679428     1.223681
   xz       -2.138605     2.892501     0.753896    Anisotropy:        8.771120
   yz        1.748774    -2.256050    -0.507276



 ==============================================================================

                              I R R E P   a   

 ==============================================================================


 Excitation is electric dipole allowed

 Excitation is magnetic dipole allowed

 Excitation is electric quadrupole allowed




                         1 singlet a excitation


 Total energy:                           -115.2621040147340    

 Excitation energy:                      0.2513884034659519    

 Excitation energy / eV:                  6.840629439255819    

 Excitation energy / nm:                  181.2468357004825    

 Excitation energy / cm^(-1):             55173.37701295240    


 Oscillator strength:

    velocity representation:             0.6406117108677717E-02

    length representation:               0.2937068123459790E-03

    mixed representation:                0.1371685168860628E-02


 Rotatory strength:

    velocity representation:             0.8667459150464334E-09

    velocity rep. / 10^(-40)erg*cm^3:    0.5599596071244199E-04

    length representation:              -0.1357053892172088E-08

    length rep. / 10^(-40)erg*cm^3:     -0.8767221755716476E-04


 Dominant contributions:

      occ. orbital   energy / eV   virt. orbital     energy / eV   |coeff.|^2*100
        9 a              -5.89          10 a               0.60       99.2
 

 Change of electron number:

             0.000000


 Electric transition dipole moment (velocity rep.):

    x        0.000001        Norm:                  0.195511
    y       -0.050323
    z        0.188923        Norm / debye:          0.496942


 Electric transition dipole moment (length rep.):

    x        0.000005        Norm:                  0.041863
    y        0.010777
    z       -0.040452        Norm / debye:          0.106406


 Magnetic transition dipole moment / i:

    x        0.000148        Norm:                  0.001285
    y       -0.001233
    z       -0.000329        Norm / Bohr mag.:      0.352170


 Electric quadrupole transition moment:

   xx       -0.000080
   yy       -0.053223        1/3*trace:             0.044728
   zz        0.187487
   xy       -0.260929
   xz        0.979663        Anisotropy:            1.774346
   yz        0.074969




                         2 singlet a excitation


 Total energy:                           -115.2070058637547    

 Excitation energy:                      0.3064865544453284    

 Excitation energy / eV:                  8.339927053790104    

 Excitation energy / nm:                  148.6634633694108    

 Excitation energy / cm^(-1):             67266.02335140388    


 Oscillator strength:

    velocity representation:             0.4701652510846296E-01

    length representation:               0.2116194371248946E-01

    mixed representation:                0.3154300331112660E-01


 Rotatory strength:

    velocity representation:            -0.7682264335383626E-08

    velocity rep. / 10^(-40)erg*cm^3:   -0.4963112769717413E-03

    length representation:              -0.1256491238736246E-07

    length rep. / 10^(-40)erg*cm^3:     -0.8117538579461680E-03


 Dominant contributions:

      occ. orbital   energy / eV   virt. orbital     energy / eV   |coeff.|^2*100
        9 a              -5.89          11 a               2.24       97.0
 

 Change of electron number:

             0.000000


 Electric transition dipole moment (velocity rep.):

    x       -0.000002        Norm:                  0.479695
    y       -0.123471
    z        0.463532        Norm / debye:          1.219272


 Electric transition dipole moment (length rep.):

    x       -0.000001        Norm:                  0.321823
    y       -0.082837
    z        0.310980        Norm / debye:          0.818000


 Magnetic transition dipole moment / i:

    x        0.002951        Norm:                  0.005857
    y        0.004889
    z        0.001302        Norm / Bohr mag.:      1.605371


 Electric quadrupole transition moment:

   xx        0.000021
   yy       -0.774041        1/3*trace:            -0.344019
   zz       -0.258039
   xy        0.888629
   xz       -3.336060        Anisotropy:            6.546684
   yz        1.487300




                         3 singlet a excitation


 Total energy:                           -115.1965656412371    

 Excitation energy:                      0.3169267769628967    

 Excitation energy / eV:                  8.624020084818611    

 Excitation energy / nm:                  143.7661818816092    

 Excitation energy / cm^(-1):             69557.38733287301    


 Oscillator strength:

    velocity representation:             0.6424291189728888E-02

    length representation:               0.2762734397837894E-02

    mixed representation:                0.3517185389174005E-02


 Rotatory strength:

    velocity representation:             0.1139111717163358E-07

    velocity rep. / 10^(-40)erg*cm^3:    0.7359210335354694E-03

    length representation:              -0.2034168546340977E-04

    length rep. / 10^(-40)erg*cm^3:      -1.314170854757273    


 Dominant contributions:

      occ. orbital   energy / eV   virt. orbital     energy / eV   |coeff.|^2*100
        8 a              -7.66          10 a               0.60       98.1
 

 Change of electron number:

            -0.000000


 Electric transition dipole moment (velocity rep.):

    x       -0.012349        Norm:                  0.174373
    y       -0.168074
    z       -0.044773        Norm / debye:          0.443215


 Electric transition dipole moment (length rep.):

    x        0.056026        Norm:                  0.114350
    y       -0.096325
    z       -0.025662        Norm / debye:          0.290651


 Magnetic transition dipole moment / i:

    x       -0.000323        Norm:                  0.002193
    y        0.000580
    z       -0.002090        Norm / Bohr mag.:      0.601072


 Electric quadrupole transition moment:

   xx       -0.786231
   yy       -0.655888        1/3*trace:            -0.634978
   zz       -0.462814
   xy        0.169824
   xz       -0.047708        Anisotropy:            0.471819
   yz        0.128882




                         4 singlet a excitation


 Total energy:                           -115.1731233214125    

 Excitation energy:                      0.3403690967874886    

 Excitation energy / eV:                  9.261918336709426    

 Excitation energy / nm:                  133.8645402595047    

 Excitation energy / cm^(-1):             74702.38181912662    


 Oscillator strength:

    velocity representation:             0.1450325633379175E-01

    length representation:               0.1427478006755271E-01

    mixed representation:                0.1438856470893365E-01


 Rotatory strength:

    velocity representation:             0.7116596247801863E-07

    velocity rep. / 10^(-40)erg*cm^3:    0.4597663940266470E-02

    length representation:               0.6192177774319555E-07

    length rep. / 10^(-40)erg*cm^3:      0.4000445082647766E-02


 Dominant contributions:

      occ. orbital   energy / eV   virt. orbital     energy / eV   |coeff.|^2*100
        9 a              -5.89          12 a               3.22       94.9
 

 Change of electron number:

             0.000000


 Electric transition dipole moment (velocity rep.):

    x       -0.000024        Norm:                  0.252815
    y       -0.065081
    z        0.244295        Norm / debye:          0.642597


 Electric transition dipole moment (length rep.):

    x       -0.000026        Norm:                  0.250816
    y       -0.064569
    z        0.242362        Norm / debye:          0.637516


 Magnetic transition dipole moment / i:

    x        0.000844        Norm:                  0.002373
    y        0.002143
    z        0.000571        Norm / Bohr mag.:      0.650314


 Electric quadrupole transition moment:

   xx        0.000444
   yy       -0.773853        1/3*trace:            -0.267981
   zz       -0.030534
   xy        0.720135
   xz       -2.703471        Anisotropy:            5.515644
   yz        1.456453




                         5 singlet a excitation


 Total energy:                           -115.1609377234298    

 Excitation energy:                      0.3525546947702375    

 Excitation energy / eV:                  9.593505470986361    

 Excitation energy / nm:                  129.2376852042602    

 Excitation energy / cm^(-1):             77376.81143624910    


 Oscillator strength:

    velocity representation:             0.4167297061690047E-02

    length representation:               0.5591007853703663E-02

    mixed representation:                0.4826944213200633E-02


 Rotatory strength:

    velocity representation:             0.9057677565775401E-07

    velocity rep. / 10^(-40)erg*cm^3:    0.5851695962039292E-02

    length representation:               0.5157086124401831E-07

    length rep. / 10^(-40)erg*cm^3:      0.3331726022581996E-02


 Dominant contributions:

      occ. orbital   energy / eV   virt. orbital     energy / eV   |coeff.|^2*100
        9 a              -5.89          13 a               3.46       95.5
 

 Change of electron number:

             0.000000


 Electric transition dipole moment (velocity rep.):

    x       -0.000035        Norm:                  0.133156
    y       -0.034271
    z        0.128670        Norm / debye:          0.338450


 Electric transition dipole moment (length rep.):

    x       -0.000039        Norm:                  0.154233
    y       -0.039708
    z        0.149034        Norm / debye:          0.392024


 Magnetic transition dipole moment / i:

    x       -0.000721        Norm:                  0.004148
    y        0.003947
    z        0.001052        Norm / Bohr mag.:      1.136880


 Electric quadrupole transition moment:

   xx        0.000679
   yy       -0.310260        1/3*trace:            -0.164645
   zz       -0.184352
   xy        0.463216
   xz       -1.739324        Anisotropy:            3.301105
   yz        0.606755

 SUMMARY OF EXCITATION ENERGIES AND DIPOLE OSCILLATOR STRENGTHS (velocity/length):

 -----------------------------------------------------------------------------------------------
 |    Exc.   | energy (Eh) | energy (eV) | energy (cm-1) | energy (nm) | Osc.(vel) | Osc.(len) |
 -----------------------------------------------------------------------------------------------
 |     1 a   |    0.251388 |     6.84063 |     55173.377 |     181.247 |   0.00641 |   0.00029 |
 |     2 a   |    0.306487 |     8.33992 |     67266.023 |     148.663 |   0.04702 |   0.02116 |
 |     3 a   |    0.316927 |     8.62402 |     69557.387 |     143.766 |   0.00642 |   0.00276 |
 |     4 a   |    0.340369 |     9.26191 |     74702.382 |     133.865 |   0.01450 |   0.01427 |
 |     5 a   |    0.352555 |     9.59350 |     77376.811 |     129.238 |   0.00417 |   0.00559 |
 -----------------------------------------------------------------------------------------------



    escf profiling
  --------------------------------------------------------------------
             module   cpu total (s)       %  wall total (s)       %

         input total             0.0   14.18             0.1   13.71
       init symmetry             0.0    1.14             0.0    0.62
               moinp             0.0    1.45             0.0    0.40
            RI total             0.0    6.07             0.0    1.70
          RI prelims             0.0    2.56             0.0    0.72
           grid init             0.0    9.09             0.0    2.55
            becke...             0.0    4.72             0.0    1.32
         dft prelims             0.1   44.23             0.1   12.38
           dft total             0.1   44.23             0.1   12.38
             funct_2             0.0   23.93             0.0    6.72
              onde_2             0.0   15.26             0.0    4.29
                 gga             0.0    3.32             0.0    0.93
              tracao             0.0    0.24             0.0    0.18
           diag_prep             0.0    0.02             0.0    0.01
              respon             0.0   22.34             0.4   57.11
            startvec             0.0    0.08             0.0    0.08
           mvproduct             0.0    5.80             0.0    2.18
            tramocao             0.0    1.13             0.0    0.31
     tramocao_mvprod             0.0    0.88             0.0    0.25
              colrsp             0.0    3.47             0.0    0.97
              gammaP             0.0    1.85             0.0    0.52
              cotlet             0.0    0.21             0.0    0.06
              gammaQ             0.0    1.18             0.0    0.33
            tracaomo             0.0    1.06             0.0    0.86
                ritz             0.0    2.34             0.0    0.65
            expandl3             0.0    0.43             0.0    0.50
           startover             0.0    0.65             0.0    0.18
                rest             0.0    0.76             0.0    2.54
             writeep             0.0    1.89             0.0    2.25
              proper             0.0    3.01             0.0    2.26
 


    ------------------------------------------------------------------------
         total  cpu-time :   0.20 seconds
         total wall-time :   0.73 seconds
    ------------------------------------------------------------------------

   ****  escf : all done  ****


    2023-03-08 01:08:20.451 

