
 ridft (compt228) : TURBOMOLE rev. V7-6-2381-g96b3af1 compiled 16 Jan 2023 at 13:48:01
 Copyright (C) 2023 TURBOMOLE GmbH, Karlsruhe


    2023-03-08 01:08:12.164 



                                  r i d f t

                        DFT program with RI approximation 
                                for coulomb part 




                                                 
                                 References:     
                                                 
          TURBOMOLE:                             
              R. Ahlrichs, M. Baer, M. Haeser, H. Horn, and
              C. Koelmel
              Electronic structure calculations on workstation
              computers: the program system TURBOMOLE
              Chem. Phys. Lett. 162: 165 (1989)
          Density Functional:                              
              O. Treutler and R. Ahlrichs                      
              Efficient Molecular Numerical Integration Schemes
              J. Chem. Phys. 102: 346 (1995)                   
          Parallel Version:                                
              Performance of parallel TURBOMOLE for Density    
              Functional Calculations                          
              M. v. Arnim and R. Ahlrichs                      
              J. Comp. Chem. 19: 1746 (1998)                   
          RI-J Method:                                     
              Auxiliary Basis Sets to approximate Coulomb      
              Potentials                                       
              Chem. Phys. Lett. 240: 283 (1995)                
              K. Eichkorn, O. Treutler, H. Oehm, M. Haeser     
              and R. Ahlrichs                                  
              Chem. Phys. Lett. 242: 652 (1995)                
                                                           
              Auxiliary Basis Sets for Main Row Atoms and their
              Use to approximate Coulomb Potentials            
              K. Eichkorn, F. Weigend, O. Treutler and         
              R. Ahlrichs                                      
              Theo. Chem. Acc. 97: 119 (1997)                   
                                                           
              Accurate Coulomb-fitting basis sets for H to Rn 
              F. Weigend                                        
              Phys. Chem. Chem. Phys. 8: 1057 (2006)            
                                                           
          Multipole accelerated RI-J (MARI-J):             
              Fast evaluation of the Coulomb potential for     
              electron densities using multipole accelerated   
              resolution of identity approximation             
              M. Sierka, A. Hogekamp and R. Ahlrichs           
              J. Chem. Phys. 118: 9136 (2003)                  
          RI-JK Method:                                     
              A fully direct RI-HF algorithm: Implementation,
              optimised auxiliary basis sets, demonstration of
              accuracy and efficiency                         
              F. Weigend                                      
              Phys. Chem. Chem. Phys. 4: 4285 (2002)           
          Two-component HF and DFT with spin-orbit coupling:  
              Self-consistent treatment of spin-orbit         
              interactions with efficient Hartree-Fock and    
              density functional methods                      
              M. K. Armbruster, F. Weigend, C. van WÃ¼llen and 
              W. Klopper                                      
              Phys. Chem. Chem. Phys. 10: 1748 (2008)         
          Two-component difference density and DIIS algorithm 
              Efficient two-component self-consistent field   
              procedures and gradients: implementation in     
              TURBOMOLE and application to Au20-              
              A. Baldes, F. Weigend                           
              Mol. Phys. 111: 2617 (2013)                     
          Relativistic current density functional theory      
              Current density functional framework for        
              spin-orbit coupling                             
              C. Holzer, Y. J. Franzke, A. Pausch             
              J. Chem. Phys. 157: 204102 (2022)               
          Relativistic all-electron 2c calculations           
              An efficient implementation of two-component    
              relativistic exact-decoupling methods for large 
              molecules                                       
              D. Peng, N. Middendorf, F. Weigend, M. Reiher   
              J. Chem. Phys. 138: 184105 (2013)               
          Finite nucleus model and SNSO approximation         
              Efficient implementation of one- and two-       
              component analytical energy gradients in exact  
              two-component theory                            
              Y. J. Franzke, N. Middendorf, F. Weigend        
              J. Chem. Phys. 148: 104110 (2018)               
          Grids for all-electron relativistic methods         
              Error-consistent segmented contracted all-      
              electron relativistic basis sets of double-     
              and triple-zeta quality for NMR shielding       
              constants                                       
              Y. J. Franzke, R. Tress, T. M. Pazdera,         
              F. Weigend                                      
              Phys. Chem. Chem. Phys. 21: 166658 (2019)       
          Seminumerical exchange algorithms                   
              Seminumerical calculation of the Hartree-Fock   
              exchange matirx: Application to two-component   
              procedures and efficient evaluation of local    
              hybrid functionsl                               
              P. Plessow, F. Weigend,                         
              J. Comput. Chem. 33: 810 (2012)                 
          Improved seminumerical algorithms                   
              C. Holzer,                                      
              J. Chem. Phys. 153 (2020), 184115               
                                         




              +--------------------------------------------------+
              |      general information about current run       |
              +--------------------------------------------------+

 

 DENSITY CONVERGENCE CHECK SWITCHED ON !
 SCF CONVERGENCE IF RMS(delta[D]) <     0.1000000000E-06

 PBE functional
 exchange:    LDA + PBE
 correlation: LDA (PW) + PBE
 A DFT calculation using the RI-J approximation will be carried out.
 Allocatable memory for RI due to $ricore (MB):                   500


              +--------------------------------------------------+
              | Atomic coordinate, charge and isotop information |
              +--------------------------------------------------+

                    atomic coordinates            atom    charge  isotop
         -9.24314180    6.23174984    0.00054802    c      6.000     0
         -9.98177905    5.77299993   -1.91166584    h      1.000     0
         -6.60094563    6.20640861   -0.00619830    o      8.000     0
         -9.98177905    4.88256098    1.43120298    h      1.000     0
         -9.90212710    8.15492412    0.51283388    h      1.000     0
         -6.10304059    4.45939461   -0.47154336    h      1.000     0
 
       center of nuclear mass  :   -7.89226438    6.16696788   -0.01670470
       center of nuclear charge:   -8.01306343    6.12842487   -0.02697059

              +--------------------------------------------------+
              |               basis set information              |
              +--------------------------------------------------+

              we will work with the 1s 3p 5d 7f 9g ... basis set
              ...i.e. with spherical basis functions...

   type   atoms  prim   cont   basis
   ---------------------------------------------------------------------------
    c        1     46     31   def2-TZVP   [5s3p2d1f|11s6p2d1f]
    h        4      4      2   def-SV(P)   [2s|4s]
    o        1     24     14   def-SV(P)   [3s2p1d|7s4p1d]
   ---------------------------------------------------------------------------
   total:    6     86     53
   ---------------------------------------------------------------------------

   total number of primitive shells          :   36
   total number of contracted shells         :   25
   total number of cartesian basis functions :   59
   total number of SCF-basis functions       :   53


 integral neglect threshold       :  0.56E-10
 integral storage threshold THIZE :  0.10E-04
 integral storage threshold THIME :         5

 RI-J AUXILIARY BASIS SET information:

              we will work with the 1s 3p 5d 7f 9g ... basis set
              ...i.e. with spherical basis functions...

   type   atoms  prim   cont   basis
   ---------------------------------------------------------------------------
    c        1     70     49   def2-TZVP   [6s4p3d1f1g|12s5p4d2f1g]
    h        4     10      5   def-SV(P)   [2s1p|4s2p]
    o        1     39     37   def-SV(P)   [6s3p3d1f|8s3p3d1f]
   ---------------------------------------------------------------------------
   total:    6    149    106
   ---------------------------------------------------------------------------

   total number of primitive shells          :   45
   total number of contracted shells         :   40
   total number of cartesian basis functions :  124
   total number of SCF-basis functions       :  106


 symmetry group of the molecule :   c1 

 the group has the following generators :
   c1(z)

    1 symmetry operations found

 there are 1 real representations :   a   

 maximum number of shells which are related by symmetry :  1

  
           ------------------
           density functional
           ------------------
 PBE functional
 exchange:    LDA + PBE
 correlation: LDA (PW) + PBE
 spherical integration : Lebedev's spherical grid
 spherical gridsize    :                     3
    i.e. gridpoints    :                   302
  maximum batchsize    :                   100
 value for diffuse not defined
 radial integration    : Chebyshev 2nd kind (scaling 3)
 radial gridsize       :                     3
 integration cells     :                     6
 partition function    : becke
 partition sharpness   :                     3
  

 biggest AO integral is expected to be     5.725698708

          ------------------------
          nuclear repulsion energy  :   40.3453758809    
          ------------------------


         -----------------
         -S,T+V- integrals
         -----------------

 1e-integrals will be neglected if expon. factor < 0.566434E-11
 
 Difference densities algorithm switched on.
 The maximal number of linear combinations of
 difference densities is  20.

 DIIS switched on: error vector is FDS-SDF
 Max. Iterations for DIIS is     :   4
 DIIS matrix (see manual) 
    Scaling factor of diagonals  :  1.200
    threshold for scaling factor :  0.000

 scf convergence criterion : increment of total energy < .1000000D-06
                  and increment of one-electron energy < .1000000D-03

 MOs are in ASCII format !


    mo occupation :
   irrep   mo's   occupied
    a       53        9
 
 number of basis functions   :    53
 number of occupied orbitals :     9
 

 reading orbital data $scfmo  from file mos
 orbital characterization : expanded
 virtual MOs provided and orthogonalized by Cholesky decomposition

 automatic virtual orbital shift switched on 
      shift if e(lumo)-e(homo) < 0.10000000    

  
           ------------------------
               RI-J - INFORMATION
           ------------------------
 Contributions to RI integral batches: 
  neglected integral batches:                     1
  direct contribution:                            0
  memory contribution:                   324
 Memory core needed for (P|Q) and Cholesky      1 MByte
 Memory core minimum needed except of (P|Q)     1 MByte
 Total minimum memory core needed (sum)         1 MByte
  
 ****************************************
 Memory allocated for RI-J     2 MByte
 ****************************************
                                            

 DSCF restart information will be dumped onto file mos


 Starting SCF iterations

          Overall gridpoints after grid construction =         27148

 ITERATION  ENERGY          1e-ENERGY        2e-ENERGY     RMS[dD(SAO)]   TOL
   1  -115.11477195012    -236.21527991     80.755132083    0.000D+00 0.565D-10
                            Exc = -15.2404417865     Coul =  95.9955738696    
                              N = 18.000008474    
                            current damping = 0.300
 
          max. resid. norm for Fia-block=  2.867D-01 for orbital      7a         
          max. resid. fock norm         =  7.378D+00 for orbital     45a         

 ITERATION  ENERGY          1e-ENERGY        2e-ENERGY     RMS[dD(SAO)]   TOL
   2  -115.45425178732    -236.27798198     80.478354313    0.204D-01 0.377D-10
                            Exc = -15.1965289093     Coul =  95.6748832222    
                              N = 18.000004902    
                            current damping = 0.250
 
          Norm of current diis error: 0.72228    
          max. resid. norm for Fia-block=  9.216D-02 for orbital      3a         
          max. resid. fock norm         =  2.150D-01 for orbital     44a         

 ITERATION  ENERGY          1e-ENERGY        2e-ENERGY     RMS[dD(SAO)]   TOL
   3  -115.50679343413    -237.33075195     81.478582636    0.988D-02 0.309D-10
                            Exc = -15.3810597137     Coul =  96.8596423498    
                              N = 18.000005664    
                            current damping = 0.200
 
          Norm of current diis error: 0.23302    
          max. resid. norm for Fia-block=  2.990D-02 for orbital      8a         
          max. resid. fock norm         =  3.047D-02 for orbital      8a         

 ITERATION  ENERGY          1e-ENERGY        2e-ENERGY     RMS[dD(SAO)]   TOL
   4  -115.51193285371    -236.58432532     80.727016585    0.691D-02 0.269D-10
                            Exc = -15.2953450612     Coul =  96.0223616464    
                              N = 18.000005116    
                            current damping = 0.250
 
          Norm of current diis error: 0.12282    
          max. resid. norm for Fia-block=  9.904D-03 for orbital      5a         
          max. resid. fock norm         =  1.234D-02 for orbital      5a         

 ITERATION  ENERGY          1e-ENERGY        2e-ENERGY     RMS[dD(SAO)]   TOL
   5  -115.51339551667    -237.00249760     81.143726202    0.151D-02 0.261D-10
                            Exc = -15.3399629759     Coul =  96.4836891778    
                              N = 18.000005147    
                            current damping = 0.300
 
          Norm of current diis error: 0.31929E-01
          max. resid. norm for Fia-block=  2.654D-03 for orbital      6a         
          max. resid. fock norm         =  3.681D-03 for orbital     17a         
          mo-orthogonalization: Cholesky decomposition

 ITERATION  ENERGY          1e-ENERGY        2e-ENERGY     RMS[dD(SAO)]   TOL
   6  -115.51348979782    -236.93128020     81.072414518    0.448D-03 0.253D-10
                            Exc = -15.3335824253     Coul =  96.4059969435    
                              N = 18.000005192    
                            current damping = 0.350
 
          Norm of current diis error: 0.48545E-02
          max. resid. norm for Fia-block=  4.551D-04 for orbital      5a         
          max. resid. fock norm         =  5.532D-04 for orbital      5a         

 ITERATION  ENERGY          1e-ENERGY        2e-ENERGY     RMS[dD(SAO)]   TOL
   7  -115.51349237126    -236.94433876     81.085470507    0.501D-04 0.245D-10
                            Exc = -15.3351615791     Coul =  96.4206320857    
                              N = 18.000005189    
                            current damping = 0.400
 
          Norm of current diis error: 0.68913E-03
          max. resid. norm for Fia-block=  7.518D-05 for orbital      7a         
          max. resid. fock norm         =  1.127D-04 for orbital      7a         

 ITERATION  ENERGY          1e-ENERGY        2e-ENERGY     RMS[dD(SAO)]   TOL
   8  -115.51349241657    -236.94535488     81.086486580    0.951D-05 0.239D-10
                            Exc = -15.3352575580     Coul =  96.4217441380    
                              N = 18.000005189    
                            current damping = 0.250
 
          Norm of current diis error: 0.12393E-03
          max. resid. norm for Fia-block=  1.243D-05 for orbital      5a         
          max. resid. fock norm         =  2.712D-05 for orbital      8a         

 ITERATION  ENERGY          1e-ENERGY        2e-ENERGY     RMS[dD(SAO)]   TOL
   9  -115.51349241811    -236.94550133     81.086633032    0.276D-05 0.233D-10
                            Exc = -15.3352742844     Coul =  96.4219073163    
                              N = 18.000005189    
                            current damping = 0.100
 
          Norm of current diis error: 0.24791E-04
          max. resid. norm for Fia-block=  2.486D-06 for orbital      8a         
          max. resid. fock norm         =  3.338D-06 for orbital     17a         

 ENERGY & DENSITY CONVERGED !


 ITERATION  ENERGY          1e-ENERGY        2e-ENERGY     RMS[dD(SAO)]   TOL
  10  -115.51349241817    -236.94548751     81.086619214    0.107D-05 0.227D-10
                            Exc = -15.3352731779     Coul =  96.4218923922    
                              N = 18.000005189    
                            current damping = 0.150
 
          Norm of current diis error: 0.14145E-04
          max. resid. norm for Fia-block=  1.126D-06 for orbital      5a         
          max. resid. fock norm         =  1.730D-06 for orbital      8a         

 End of SCF iterations

   convergence criteria satisfied after    10 iterations


                  ------------------------------------------ 
                 |  total energy      =   -115.51349241817  |
                  ------------------------------------------ 
                 :  kinetic energy    =    114.84045308914  :
                 :  potential energy  =   -230.35394550731  :
                 :  virial theorem    =      1.99417350030  :
                 :  wavefunction norm =      1.00000000000  :
                  .......................................... 


 <geterg> : there is no data group $energy 


 <skperg> : $end is missing 


 orbitals $scfmo  will be written to file mos

    irrep                  5a          6a          7a          8a          9a   
 eigenvalues H         -0.45315    -0.38854    -0.37573    -0.28164    -0.21639
            eV         -12.3308    -10.5729    -10.2243     -7.6639     -5.8882
 occupation              2.0000      2.0000      2.0000      2.0000      2.0000

    irrep                 10a         11a         12a         13a         14a   
 eigenvalues H          0.02200     0.08244     0.11832     0.12723     0.12938
            eV           0.5986      2.2433      3.2197      3.4622      3.5206
 
 
 
 
 ==============================================================================
                           electrostatic moments
 ==============================================================================

 reference point for electrostatic moments:    0.00000   0.00000   0.00000

 
              nuc           elec       ->  total
 ------------------------------------------------------------------------------
                          charge      
 ------------------------------------------------------------------------------
          18.000000     -18.000000      -0.000000
 
 ------------------------------------------------------------------------------
                       dipole moment  
 ------------------------------------------------------------------------------
   x    -144.235142     143.977252      -0.257890
   y     110.311648    -110.854890      -0.543243
   z      -0.485471       0.340768      -0.144702
 
   | dipole moment | =     0.6185 a.u. =     1.5721 debye 
 
 ------------------------------------------------------------------------------
                     quadrupole moment
 ------------------------------------------------------------------------------
  xx    1195.764940   -1201.624615      -5.859674
  yy     684.720217    -700.215353     -15.495136
  zz       6.188469     -16.289939     -10.101470
  xy    -887.679428     888.903108       1.223681
  xz       2.892501      -2.138605       0.753896
  yz      -2.256050       1.748774      -0.507276
 
     1/3  trace=     -10.485427
     anisotropy=       8.771120
 
 ==============================================================================
 
HOMO-LUMO Separation
 HOMO         :   -0.21638668 H =     -5.88818 eV
 LUMO         :    0.02199868 H =     +0.59861 eV
 HOMO-LUMO gap:    0.23838536 H =     +6.48680 eV
 
 ==============================================================================


    ------------------------------------------------------------------------
         total  cpu-time :   1.30 seconds
         total wall-time :   2.07 seconds
    ------------------------------------------------------------------------

   ****  ridft : all done  ****


    2023-03-08 01:08:14.140 

