
 dscf (compt195) : TURBOMOLE rev. V7-6-2381-g96b3af1 compiled 16 Jan 2023 at 13:48:01
 Copyright (C) 2023 TURBOMOLE GmbH, Karlsruhe


    2023-03-08 01:08:15.087 



                             d s c f - program

                   idea & directorship : reinhart ahlrichs
                   program development : marco haeser
                                         michael baer
                           dft version : oliver treutler


                          quantum chemistry group
                          universitaet  karlsruhe
                                  germany



   *-----------------------------------------------------------------------*
   |                     program will use  1 thread(s)                     |
   *-----------------------------------------------------------------------*


              +--------------------------------------------------+
              | Atomic coordinate, charge and isotop information |
              +--------------------------------------------------+

                    atomic coordinates            atom    charge  isotop
         -9.24314180    6.23174984    0.00054802    c      6.000     0
         -9.98177905    5.77299993   -1.91166584    h      1.000     0
         -6.60094563    6.20640861   -0.00619830    o      8.000     0
         -9.98177905    4.88256098    1.43120298    h      1.000     0
         -9.90212710    8.15492412    0.51283388    h      1.000     0
         -6.10304059    4.45939461   -0.47154336    h      1.000     0
 
       center of nuclear mass  :   -7.89226438    6.16696788   -0.01670470
       center of nuclear charge:   -8.01306343    6.12842487   -0.02697059

              +--------------------------------------------------+
              |               basis set information              |
              +--------------------------------------------------+

              we will work with the 1s 3p 5d 7f 9g ... basis set
              ...i.e. with spherical basis functions...

   type   atoms  prim   cont   basis
   ---------------------------------------------------------------------------
    c        1     46     31   def2-TZVP   [5s3p2d1f|11s6p2d1f]
    h        4      8      6   def2-TZVP   [3s1p|5s1p]
    o        1     46     31   def2-TZVP   [5s3p2d1f|11s6p2d1f]
   ---------------------------------------------------------------------------
   total:    6    124     86
   ---------------------------------------------------------------------------

   total number of primitive shells          :   46
   total number of contracted shells         :   38
   total number of cartesian basis functions :   96
   total number of SCF-basis functions       :   86


 integral neglect threshold       :  0.35E-10
 integral storage threshold THIZE :  0.10E-04
 integral storage threshold THIME :         5


 DENSITY CONVERGENCE CHECK SWITCHED ON !
 SCF CONVERGENCE IF RMS(delta[D]) <     0.1000000000E-06


 symmetry group of the molecule :   c1 

 the group has the following generators :
   c1(z)

    1 symmetry operations found

 there are 1 real representations :   a   

 maximum number of shells which are related by symmetry :  1

  
           ------------------
           density functional
           ------------------
 PBE0 hybrid functional
 exchange:    3/4 (LDA+PBE) + 1/4 HF
 correlation: LDA (PW) + PBE
 spherical integration : Lebedev's spherical grid
 spherical gridsize    :                     3
    i.e. gridpoints    :                   302
  maximum batchsize    :                   100
 value for diffuse not defined
 radial integration    : Chebyshev 2nd kind (scaling 3)
 radial gridsize       :                     3
 integration cells     :                     6
 partition function    : becke
 partition sharpness   :                     3
  

          ------------------------
          nuclear repulsion energy  :   40.3453758809    
          ------------------------


         -----------------
         -S,T+V- integrals
         -----------------

 1e-integrals will be neglected if expon. factor < 0.348121E-11
 
 Difference densities algorithm switched on.
 The maximal number of linear combinations of
 difference densities is  20.

 DIIS switched on: error vector is FDS-SDF
 Max. Iterations for DIIS is     :   4
 DIIS matrix (see manual) 
    Scaling factor of diagonals  :  1.200
    threshold for scaling factor :  0.000

 scf convergence criterion : increment of total energy < .1000000D-06
                  and increment of one-electron energy < .1000000D-03

 MOs are in ASCII format !


    mo occupation :
   irrep   mo's   occupied
    a       86        9
 
 number of basis functions   :    86
 number of occupied orbitals :     9
 

 reading orbital data $scfmo  from file mos
 orbital characterization : expanded
 virtual MOs provided and orthogonalized by Cholesky decomposition

 automatic virtual orbital shift switched on 
      shift if e(lumo)-e(homo) < 0.10000000    


 DSCF restart information will be dumped onto file mos

          Overall gridpoints after grid construction =         27148
 
                                              current damping :  0.300
 ITERATION  ENERGY          1e-ENERGY        2e-ENERGY     RMS[dD(SAO)]   TOL
   1  -115.20374227562    -236.32108577     80.771967612    0.000D+00 0.347D-10
                            Exc =   -11.583980354474     N = 18.000007852    
          max. resid. norm for Fia-block=  2.954D-01 for orbital      7a         
          max. resid. fock norm         =  1.128D+01 for orbital     82a         
          Delta Eig. =   879.9297022068 eV 
 
                                              current damping :  0.250
 ITERATION  ENERGY          1e-ENERGY        2e-ENERGY     RMS[dD(SAO)]   TOL
   2  -115.58961817020    -236.48649663     80.551502574    0.873D-02 0.231D-10
                            Exc =   -11.564070159671     N = 18.000005129    
          Norm of current diis error: 0.86796    
          max. resid. norm for Fia-block=  9.968D-02 for orbital      3a         
          max. resid. fock norm         =  2.495D-01 for orbital     60a         
          Delta Eig. =   200.1930600967 eV 
 
                                              current damping :  0.200
 ITERATION  ENERGY          1e-ENERGY        2e-ENERGY     RMS[dD(SAO)]   TOL
   3  -115.62703874315    -237.46261325     81.490198628    0.406D-02 0.194D-10
                            Exc =   -11.689730725737     N = 18.000005433    
          Norm of current diis error: 0.33742    
          max. resid. norm for Fia-block=  3.351D-02 for orbital      8a         
          max. resid. fock norm         =  3.447D-02 for orbital      8a         
          Delta Eig. =    46.2601278936 eV 
 
                                              current damping :  0.250
 ITERATION  ENERGY          1e-ENERGY        2e-ENERGY     RMS[dD(SAO)]   TOL
   4  -115.63410964671    -236.84408718     80.864601653    0.219D-02 0.168D-10
                            Exc =   -11.635920982514     N = 18.000004847    
          Norm of current diis error: 0.13082    
          max. resid. norm for Fia-block=  9.799D-03 for orbital      5a         
          max. resid. fock norm         =  1.235D-02 for orbital     51a         
          Delta Eig. =     6.1987525533 eV 
 
                                              current damping :  0.300
 ITERATION  ENERGY          1e-ENERGY        2e-ENERGY     RMS[dD(SAO)]   TOL
   5  -115.63500687600    -237.15263710     81.172254347    0.492D-03 0.159D-10
                            Exc =   -11.662304386774     N = 18.000004813    
          Norm of current diis error: 0.33339E-01
          max. resid. norm for Fia-block=  2.526D-03 for orbital      8a         
          max. resid. fock norm         =  3.607D-03 for orbital     37a         
 mo-orthogonalization: Cholesky decomposition
          Delta Eig. =     1.3928855430 eV 
 
                                              current damping :  0.350
 ITERATION  ENERGY          1e-ENERGY        2e-ENERGY     RMS[dD(SAO)]   TOL
   6  -115.63507367859    -237.10201798     81.121568419    0.183D-03 0.153D-10
                            Exc =   -11.659033976795     N = 18.000004791    
          Norm of current diis error: 0.65246E-02
          max. resid. norm for Fia-block=  6.315D-04 for orbital      5a         
          max. resid. fock norm         =  7.075D-04 for orbital      5a         
          Delta Eig. =     0.2733418429 eV 
 
                                              current damping :  0.400
 ITERATION  ENERGY          1e-ENERGY        2e-ENERGY     RMS[dD(SAO)]   TOL
   7  -115.63507711764    -237.11068494     81.130231939    0.439D-04 0.146D-10
                            Exc =   -11.659884678133     N = 18.000004774    
          Norm of current diis error: 0.16999E-02
          max. resid. norm for Fia-block=  1.875D-04 for orbital      8a         
          max. resid. fock norm         =  1.941D-04 for orbital      8a         
          Delta Eig. =     0.0723269696 eV 
 
                                              current damping :  0.250
 ITERATION  ENERGY          1e-ENERGY        2e-ENERGY     RMS[dD(SAO)]   TOL
   8  -115.63507740629    -237.11176798     81.131314689    0.153D-04 0.140D-10
                            Exc =   -11.659995004890     N = 18.000004767    
          Norm of current diis error: 0.74986E-03
          max. resid. norm for Fia-block=  9.144D-05 for orbital      5a         
          max. resid. fock norm         =  1.028D-04 for orbital      5a         
          Delta Eig. =     0.0203442922 eV 
 
                                              current damping :  0.100
 ITERATION  ENERGY          1e-ENERGY        2e-ENERGY     RMS[dD(SAO)]   TOL
   9  -115.63507745636    -237.11272891     81.132275568    0.618D-05 0.135D-10
                            Exc =   -11.660094962375     N = 18.000004764    
          Norm of current diis error: 0.14339E-03
          max. resid. norm for Fia-block=  2.232D-05 for orbital      8a         
          max. resid. fock norm         =  2.605D-05 for orbital      8a         
          Delta Eig. =     0.0066944228 eV 
 
                                              current damping :  0.150
 ITERATION  ENERGY          1e-ENERGY        2e-ENERGY     RMS[dD(SAO)]   TOL
  10  -115.63507745851    -237.11244557     81.131992232    0.181D-05 0.132D-10
                            Exc =   -11.660070619621     N = 18.000004763    
          Norm of current diis error: 0.10655E-03
          max. resid. norm for Fia-block=  7.610D-06 for orbital      5a         
          max. resid. fock norm         =  9.184D-06 for orbital      5a         
 mo-orthogonalization: Cholesky decomposition
          Delta Eig. =     0.0006109842 eV 

 ENERGY & DENSITY CONVERGED !

 
                                              current damping :  0.200
 ITERATION  ENERGY          1e-ENERGY        2e-ENERGY     RMS[dD(SAO)]   TOL
  11  -115.63507745901    -237.11258975     81.132136414    0.359D-06 0.130D-10
                            Exc =   -11.660084488866     N = 18.000004763    
          max. resid. norm for Fia-block=  6.868D-07 for orbital      5a         
          max. resid. fock norm         =  8.332D-07 for orbital      5a         

 convergence criteria satisfied after    11 iterations


                  ------------------------------------------ 
                 |  total energy      =   -115.63507745901  |
                  ------------------------------------------ 
                 :  kinetic energy    =    115.05687719871  :
                 :  potential energy  =   -230.69195465772  :
                 :  virial theorem    =      1.99499978490  :
                 :  wavefunction norm =      1.00000000000  :
                  .......................................... 


 <geterg> : there is no data group $energy 


 <skperg> : $end is missing 


 orbitals $scfmo  will be written to file mos

    irrep                  5a          6a          7a          8a          9a   
 eigenvalues H         -0.52053    -0.45663    -0.44135    -0.34740    -0.28727
            eV         -14.1644    -12.4257    -12.0100     -9.4534     -7.8171
 occupation              2.0000      2.0000      2.0000      2.0000      2.0000

    irrep                 10a         11a         12a         13a         14a   
 eigenvalues H          0.03499     0.08144     0.12676     0.12770     0.14630
            eV           0.9522      2.2160      3.4493      3.4749      3.9810
 
 
 
 
 ==============================================================================
                           electrostatic moments
 ==============================================================================

 reference point for electrostatic moments:    0.00000   0.00000   0.00000

 
              nuc           elec       ->  total
 ------------------------------------------------------------------------------
                          charge      
 ------------------------------------------------------------------------------
          18.000000     -18.000000       0.000000
 
 ------------------------------------------------------------------------------
                       dipole moment  
 ------------------------------------------------------------------------------
   x    -144.235142     143.885776      -0.349366
   y     110.311648    -110.856204      -0.544556
   z      -0.485471       0.340420      -0.145051
 
   | dipole moment | =     0.6631 a.u. =     1.6853 debye 
 
 ------------------------------------------------------------------------------
                     quadrupole moment
 ------------------------------------------------------------------------------
  xx    1195.764940   -1200.310208      -4.545268
  yy     684.720217    -700.129163     -15.408946
  zz       6.188469     -16.303180     -10.114711
  xy    -887.679428     888.335835       0.656408
  xz       2.892501      -2.137923       0.754578
  yz      -2.256050       1.779803      -0.476248
 
     1/3  trace=     -10.022975
     anisotropy=       9.602852
 
 ==============================================================================
 
HOMO-LUMO Separation
 HOMO         :   -0.28726990 H =     -7.81702 eV
 LUMO         :    0.03499362 H =     +0.95223 eV
 HOMO-LUMO gap:    0.32226352 H =     +8.76924 eV
 
 ==============================================================================


    ------------------------------------------------------------------------
         total  cpu-time :   4.81 seconds
         total wall-time :   5.50 seconds
    ------------------------------------------------------------------------

   ****  dscf : all done  ****


    2023-03-08 01:08:20.495 

