
 escf (compt195) : TURBOMOLE rev. V7-6-2381-g96b3af1 compiled 16 Jan 2023 at 13:48:01
 Copyright (C) 2023 TURBOMOLE GmbH, Karlsruhe


    2023-03-08 01:08:20.551 




                                e s c f

                             TURBOMOLE GmbH

          integral direct evaluation of 

                    * excitation energies and transition moments 
                    * polarizabilities
                    * dynamic response properties 
                    * stabilities
                    * quasiparticle states with GW
                    * NMR coupling-constants



          references (see also programs dscf and ridft) 
          implementation and benchmarks (review) 
          F. Furche and D. Rappoport,  
          "Density functional methods for excited states: 
          equilibrium structure and electronic spectra",
          ch. III of "Computational Photochemistry", ed. by 
          M. Olivucci, vol. 16 of "Theoretical and Computational 
          Chemistry", Elsevier, Amsterdam, 2005.



              +--------------------------------------------------+
              | Atomic coordinate, charge and isotop information |
              +--------------------------------------------------+

                    atomic coordinates            atom    charge  isotop
         -9.24314180    6.23174984    0.00054802    c      6.000     0
         -9.98177905    5.77299993   -1.91166584    h      1.000     0
         -6.60094563    6.20640861   -0.00619830    o      8.000     0
         -9.98177905    4.88256098    1.43120298    h      1.000     0
         -9.90212710    8.15492412    0.51283388    h      1.000     0
         -6.10304059    4.45939461   -0.47154336    h      1.000     0
 
       center of nuclear mass  :   -7.89226438    6.16696788   -0.01670470
       center of nuclear charge:   -8.01306343    6.12842487   -0.02697059

              +--------------------------------------------------+
              |               basis set information              |
              +--------------------------------------------------+

              we will work with the 1s 3p 5d 7f 9g ... basis set
              ...i.e. with spherical basis functions...

   type   atoms  prim   cont   basis
   ---------------------------------------------------------------------------
    c        1     46     31   def2-TZVP   [5s3p2d1f|11s6p2d1f]
    h        4      8      6   def2-TZVP   [3s1p|5s1p]
    o        1     46     31   def2-TZVP   [5s3p2d1f|11s6p2d1f]
   ---------------------------------------------------------------------------
   total:    6    124     86
   ---------------------------------------------------------------------------

   total number of primitive shells          :   46
   total number of contracted shells         :   38
   total number of cartesian basis functions :   96
   total number of SCF-basis functions       :   86


 residuum convergence criterium   :  0.10E-04


 integral neglect threshold       :  0.33E-10
 integral storage threshold THIZE :  0.10E-04
 integral storage threshold THIME :         5

 RPA SINGLET-EXCITATION-CALCULATION 
 
             FOUND DFT-FLAG !
 

 maximum number of Davidson iterations set to   35


 symmetry group of the molecule :   c1 

 the group has the following generators :
   c1(z)

    1 symmetry operations found

 there are 1 real representations :   a   

 maximum number of shells which are related by symmetry :  1

 IRREPs of excited states :   a   
  
           ------------------
           density functional
           ------------------
 PBE0 hybrid functional
 exchange:    3/4 (LDA+PBE) + 1/4 HF
 correlation: LDA (PW) + PBE
 spherical integration : Lebedev's spherical grid
 spherical gridsize    :                     3
    i.e. gridpoints    :                   302
  maximum batchsize    :                   100
 value for diffuse not defined
 radial integration    : Chebyshev 2nd kind (scaling 3)
 radial gridsize       :                     3
 integration cells     :                     6
 partition function    : becke
 partition sharpness   :                     3
  

 ----------------------------------------------------------------------
          some useful papers before it begins
 ----------------------------------------------------------------------

     nonorthonormal Krylov space methods 
     F. Furche, B. T. Krull, B. D. Nguyen, and J. Kwon, 
     J. Chem. Phys. 144, 174105 (2016).

     density functional implementation               
     R. Bauernschmitt and R. Ahlrichs,
     Chem. Phys. Lett. 256, 454 (1996).
     R. Bauernschmitt and R. Ahlrichs,
     J. Chem. Phys. 104, 9047 (1996).

     UHF extension (RPA and CIS)
     C. Ochsenfeld, J. Gauss, and R. Ahlrichs, 
     J. Chem. Phys. 103, 7401 (1995).

     integral direct algorithm                 
     H. Weiss, R. Ahlrichs, and M. Haeser, 
     J. Chem. Phys. 99, 1262 (1993).

 ----------------------------------------------------------------------

  MOs are in ASCII format !


    mo occupation :
   irrep   mo's   occupied
    a       86        9
 
 number of basis functions   :    86
 number of occupied orbitals :     9
 

 reading orbital data $scfmo  from file mos
 orbital characterization : scfconv=7

 biggest AO integral is expected to be     7.998976882
 preparing DFT   numerical integration ....
          Overall gridpoints after grid construction =         27148

 Calculating ground state density on molecular grid

 Integral of ground state density: N =   18.00000476338389    


 all orbitals will be included in the transformation

 number of non-frozen orbitals          :    86
 number of non-frozen occupied orbitals :     9



 dimension of super-tensorspace: 2

          IRREP   tensor space dimension   number of roots

           a                 693                      5

 machine precision: 2.22D-16


 logfile sing_a    will be constructed




                       Nonorthonormal Krylov Space Iteration


 total number of roots to be determined: 5


 maximum core memory set to          500 MB,
 corresponding to     3387 vectors in CAO basis


 maximum number of simultaneously treated vectors (including degeneracy):       10


 Iteration IRREP Converged      Max. Euclidean
                 roots          residual norm

    1       a        0        1.051086716040640D-01
 
    2       a        0        3.004233395690538D-02
 
    3       a        0        7.303414798410860D-03
 
    4       a        0        1.327644485200629D-03
 
    5       a        0        2.817387405813971D-04
 
    6       a        3        6.758331097579579D-05
 
    7       a        4        1.296375101365672D-05
 
    8       a        5        9.027294936301739D-06
 

 converged!

 Eigenpairs written on logfile sing_a   



 IRREP   Vector     Eigenvalue           Euclidean residual norm

  a         1    2.553580169055767D-01    1.378794179521546D-06
            2    3.157598855151149D-01    1.880214049885537D-06
            3    3.223339813514182D-01    2.503816853610624D-06
            4    3.546064420623031D-01    6.552644276111370D-06
            5    3.645314181333636D-01    9.027294936301739D-06






                    Selection rules for point group c1  


 Subduction with respect to c1  :

    Polar vector representation: a                           

    Axial vector representation: a                           

    Symmetric second rank tensor representation: a                           




                            Ground state


 Total energy:                           -115.6350774590000    

 Charge:

               elec          nuc         total

           -18.000000    18.000000    -0.000000


 Electric dipole moment:

               elec          nuc         total   

    x      143.885776  -144.235142    -0.349366    Norm:              0.663052
    y     -110.856204   110.311648    -0.544556
    z        0.340420    -0.485471    -0.145051    Norm / debye:      1.685322


 Electric quadrupole moment:

               elec          nuc         total   

   xx    -1200.310208  1195.764940    -4.545268
   yy     -700.129163   684.720217   -15.408946    1/3*trace:       -10.022975
   zz      -16.303180     6.188469   -10.114711
   xy      888.335835  -887.679428     0.656408
   xz       -2.137923     2.892501     0.754578    Anisotropy:        9.602852
   yz        1.779803    -2.256050    -0.476248



 ==============================================================================

                              I R R E P   a   

 ==============================================================================


 Excitation is electric dipole allowed

 Excitation is magnetic dipole allowed

 Excitation is electric quadrupole allowed




                         1 singlet a excitation


 Total energy:                           -115.3797194420944    

 Excitation energy:                      0.2553580169055767    

 Excitation energy / eV:                  6.948648163203205    

 Excitation energy / nm:                  178.4293017784826    

 Excitation energy / cm^(-1):             56044.60645663580    


 Oscillator strength:

    velocity representation:             0.9360361771323938E-03

    length representation:               0.4536076646047826E-04

    mixed representation:                0.2060565853663849E-03


 Rotatory strength:

    velocity representation:            -0.5442181975870883E-08

    velocity rep. / 10^(-40)erg*cm^3:   -0.3515911674005412E-03

    length representation:              -0.3320322279998638E-08

    length rep. / 10^(-40)erg*cm^3:     -0.2145088113088934E-03


 Dominant contributions:

      occ. orbital   energy / eV   virt. orbital     energy / eV   |coeff.|^2*100
        9 a              -7.82          10 a               0.95       98.5
 

 Change of electron number:

            -0.000000


 Electric transition dipole moment (velocity rep.):

    x        0.000000        Norm:                  0.074151
    y        0.019084
    z       -0.071653        Norm / debye:          0.188475


 Electric transition dipole moment (length rep.):

    x       -0.000003        Norm:                  0.016323
    y       -0.004203
    z        0.015773        Norm / debye:          0.041490


 Magnetic transition dipole moment / i:

    x        0.000387        Norm:                  0.001980
    y        0.001877
    z        0.000500        Norm / Bohr mag.:      0.542717


 Electric quadrupole transition moment:

   xx        0.000053
   yy        0.081145        1/3*trace:            -0.017436
   zz       -0.133506
   xy        0.269145
   xz       -1.010450        Anisotropy:            1.835733
   yz       -0.134573




                         2 singlet a excitation


 Total energy:                           -115.3193175734849    

 Excitation energy:                      0.3157598855151149    

 Excitation energy / eV:                  8.592267339345636    

 Excitation energy / nm:                  144.2974701668333    

 Excitation energy / cm^(-1):             69301.28426330411    


 Oscillator strength:

    velocity representation:             0.7666104754282260E-01

    length representation:               0.6046451293701851E-01

    mixed representation:                0.6808283851912562E-01


 Rotatory strength:

    velocity representation:             0.2405370043355334E-07

    velocity rep. / 10^(-40)erg*cm^3:    0.1553984900400649E-02

    length representation:               0.9538253581440246E-08

    length rep. / 10^(-40)erg*cm^3:      0.6162171214652036E-03


 Dominant contributions:

      occ. orbital   energy / eV   virt. orbital     energy / eV   |coeff.|^2*100
        9 a              -7.82          11 a               2.22       98.6
 

 Change of electron number:

            -0.000000


 Electric transition dipole moment (velocity rep.):

    x       -0.000010        Norm:                  0.603468
    y       -0.155334
    z        0.583134        Norm / debye:          1.533875


 Electric transition dipole moment (length rep.):

    x       -0.000008        Norm:                  0.535942
    y       -0.137955
    z        0.517882        Norm / debye:          1.362238


 Magnetic transition dipole moment / i:

    x        0.003885        Norm:                  0.007629
    y        0.006344
    z        0.001690        Norm / Bohr mag.:      2.090852


 Electric quadrupole transition moment:

   xx        0.000138
   yy       -1.435207        1/3*trace:            -0.572888
   zz       -0.283595
   xy        1.435770
   xz       -5.389996        Anisotropy:           10.837857
   yz        2.731617




                         3 singlet a excitation


 Total energy:                           -115.3127434776486    

 Excitation energy:                      0.3223339813514182    

 Excitation energy / eV:                  8.771157665606832    

 Excitation energy / nm:                  141.3544810540018    

 Excitation energy / cm^(-1):             70744.13151916319    


 Oscillator strength:

    velocity representation:             0.3630616690229811E-02

    length representation:               0.2481570116219814E-02

    mixed representation:                0.2811453891591069E-02


 Rotatory strength:

    velocity representation:            -0.3835135044699114E-08

    velocity rep. / 10^(-40)erg*cm^3:   -0.2477681954559616E-03

    length representation:              -0.9229349705862146E-05

    length rep. / 10^(-40)erg*cm^3:     -0.5962604432963013    


 Dominant contributions:

      occ. orbital   energy / eV   virt. orbital     energy / eV   |coeff.|^2*100
        8 a              -9.45          10 a               0.95       99.0
 

 Change of electron number:

             0.000000


 Electric transition dipole moment (velocity rep.):

    x       -0.054059        Norm:                  0.129982
    y        0.114224
    z        0.030425        Norm / debye:          0.330383


 Electric transition dipole moment (length rep.):

    x       -0.076093        Norm:                  0.107462
    y        0.073325
    z        0.019531        Norm / debye:          0.273144


 Magnetic transition dipole moment / i:

    x        0.000223        Norm:                  0.003294
    y       -0.000747
    z        0.003201        Norm / Bohr mag.:      0.902863


 Electric quadrupole transition moment:

   xx        1.288457
   yy        0.225430        1/3*trace:             0.679191
   zz        0.523686
   xy        0.301772
   xz        0.206671        Anisotropy:            1.206728
   yz       -0.225777




                         4 singlet a excitation


 Total energy:                           -115.2804710169377    

 Excitation energy:                      0.3546064420623031    

 Excitation energy / eV:                  9.649336379391482    

 Excitation energy / nm:                  128.4899179919429    

 Excitation energy / cm^(-1):             77827.11791546493    


 Oscillator strength:

    velocity representation:             0.1273022995351470E-01

    length representation:               0.1342446759111961E-01

    mixed representation:                0.1307274107767311E-01


 Rotatory strength:

    velocity representation:             0.9093619654403240E-07

    velocity rep. / 10^(-40)erg*cm^3:    0.5874916282409878E-02

    length representation:               0.1010318214411358E-06

    length rep. / 10^(-40)erg*cm^3:      0.6527142275393613E-02


 Dominant contributions:

      occ. orbital   energy / eV   virt. orbital     energy / eV   |coeff.|^2*100
        9 a              -7.82          12 a               3.45       88.1
        9 a              -7.82          14 a               3.98       11.1
 

 Change of electron number:

             0.000000


 Electric transition dipole moment (velocity rep.):

    x       -0.000048        Norm:                  0.232055
    y       -0.059751
    z        0.224230        Norm / debye:          0.589829


 Electric transition dipole moment (length rep.):

    x       -0.000043        Norm:                  0.238298
    y       -0.061358
    z        0.230263        Norm / debye:          0.605698


 Magnetic transition dipole moment / i:

    x        0.001021        Norm:                  0.001934
    y        0.001587
    z        0.000424        Norm / Bohr mag.:      0.530165


 Electric quadrupole transition moment:

   xx        0.000737
   yy       -0.710691        1/3*trace:            -0.254531
   zz       -0.053638
   xy        0.685005
   xz       -2.571533        Anisotropy:            5.206624
   yz        1.340708




                         5 singlet a excitation


 Total energy:                           -115.2705460408666    

 Excitation energy:                      0.3645314181333636    

 Excitation energy / eV:                  9.919408835238880    

 Excitation energy / nm:                  124.9915655921067    

 Excitation energy / cm^(-1):             80005.39837336726    


 Oscillator strength:

    velocity representation:             0.7527571448389628E-01

    length representation:               0.6483068219004738E-01

    mixed representation:                0.6967549586787025E-01


 Rotatory strength:

    velocity representation:             0.1218558626207466E-06

    velocity rep. / 10^(-40)erg*cm^3:    0.7872475632638558E-02

    length representation:              -0.4420092748163579E-04

    length rep. / 10^(-40)erg*cm^3:      -2.855592804937050    


 Dominant contributions:

      occ. orbital   energy / eV   virt. orbital     energy / eV   |coeff.|^2*100
        9 a              -7.82          13 a               3.47       96.3
 

 Change of electron number:

            -0.000000


 Electric transition dipole moment (velocity rep.):

    x       -0.522170        Norm:                  0.556552
    y       -0.186111
    z       -0.049510        Norm / debye:          1.414624


 Electric transition dipole moment (length rep.):

    x       -0.470403        Norm:                  0.516498
    y       -0.206117
    z       -0.054835        Norm / debye:          1.312816


 Magnetic transition dipole moment / i:

    x       -0.000411        Norm:                  0.008024
    y       -0.000965
    z        0.007955        Norm / Bohr mag.:      2.199127


 Electric quadrupole transition moment:

   xx        8.196497
   yy       -2.247122        1/3*trace:             2.385662
   zz        1.207611
   xy       -0.309010
   xz        0.697504        Anisotropy:            9.366755
   yz       -0.596004

 SUMMARY OF EXCITATION ENERGIES AND DIPOLE OSCILLATOR STRENGTHS (velocity/length):

 -----------------------------------------------------------------------------------------------
 |    Exc.   | energy (Eh) | energy (eV) | energy (cm-1) | energy (nm) | Osc.(vel) | Osc.(len) |
 -----------------------------------------------------------------------------------------------
 |     1 a   |    0.255358 |     6.94865 |     56044.606 |     178.429 |   0.00094 |   0.00005 |
 |     2 a   |    0.315760 |     8.59226 |     69301.284 |     144.297 |   0.07666 |   0.06046 |
 |     3 a   |    0.322334 |     8.77115 |     70744.132 |     141.354 |   0.00363 |   0.00248 |
 |     4 a   |    0.354606 |     9.64933 |     77827.118 |     128.490 |   0.01273 |   0.01342 |
 |     5 a   |    0.364531 |     9.91941 |     80005.398 |     124.992 |   0.07528 |   0.06483 |
 -----------------------------------------------------------------------------------------------




    ------------------------------------------------------------------------
         total  cpu-time :   8.89 seconds
         total wall-time :   9.64 seconds
    ------------------------------------------------------------------------

   ****  escf : all done  ****


    2023-03-08 01:08:30.174 

