Copying working directory from "/home/zzz6/turbomole_tool/TDDFT-ris/test/ris" to "/scratch/pbsjobs/job.18659434.hpc"
sending incremental file list
./
21_Fe.xyz
auxbasis
auxbasis_ris_backup
basis
control
control_ris_backup
coord
energy
escf.slurm
mos
ridft.out
statistics

sent 3,680,237 bytes  received 247 bytes  7,360,968.00 bytes/sec
total size is 3,678,543  speedup is 1.00
Changing directory to "/scratch/pbsjobs/job.18659434.hpc"
 escf ended normally

Copying results from "/scratch/pbsjobs/job.18659434.hpc" to "/home/zzz6/turbomole_tool/TDDFT-ris/test/ris"
sending incremental file list
./
control
escf.out
exspectrum
moments
sing_a
statistics

sent 14,358,201 bytes  received 261 bytes  28,716,924.00 bytes/sec
total size is 18,002,607  speedup is 1.25
Copied successfully, removing temporary files
