
 escf (compt195) : TURBOMOLE rev. V7-6-2381-g96b3af1 compiled 16 Jan 2023 at 13:48:01
 Copyright (C) 2023 TURBOMOLE GmbH, Karlsruhe


    2023-03-08 01:08:20.741 


 escf run will be profiled !




                                e s c f

                             TURBOMOLE GmbH

          integral direct evaluation of 

                    * excitation energies and transition moments 
                    * polarizabilities
                    * dynamic response properties 
                    * stabilities
                    * quasiparticle states with GW
                    * NMR coupling-constants



          references (see also programs dscf and ridft) 
          implementation and benchmarks (review) 
          F. Furche and D. Rappoport,  
          "Density functional methods for excited states: 
          equilibrium structure and electronic spectra",
          ch. III of "Computational Photochemistry", ed. by 
          M. Olivucci, vol. 16 of "Theoretical and Computational 
          Chemistry", Elsevier, Amsterdam, 2005.



              +--------------------------------------------------+
              | Atomic coordinate, charge and isotop information |
              +--------------------------------------------------+

                    atomic coordinates            atom    charge  isotop
         -9.24314180    6.23174984    0.00054802    c      6.000     0
         -9.98177905    5.77299993   -1.91166584    h      1.000     0
         -6.60094563    6.20640861   -0.00619830    o      8.000     0
         -9.98177905    4.88256098    1.43120298    h      1.000     0
         -9.90212710    8.15492412    0.51283388    h      1.000     0
         -6.10304059    4.45939461   -0.47154336    h      1.000     0
 
       center of nuclear mass  :   -7.89226438    6.16696788   -0.01670470
       center of nuclear charge:   -8.01306343    6.12842487   -0.02697059

              +--------------------------------------------------+
              |               basis set information              |
              +--------------------------------------------------+

              we will work with the 1s 3p 5d 7f 9g ... basis set
              ...i.e. with spherical basis functions...

   type   atoms  prim   cont   basis
   ---------------------------------------------------------------------------
    c        1     46     31   def2-TZVP   [5s3p2d1f|11s6p2d1f]
    h        4      4      2   def-SV(P)   [2s|4s]
    o        1     24     14   def-SV(P)   [3s2p1d|7s4p1d]
   ---------------------------------------------------------------------------
   total:    6     86     53
   ---------------------------------------------------------------------------

   total number of primitive shells          :   36
   total number of contracted shells         :   25
   total number of cartesian basis functions :   59
   total number of SCF-basis functions       :   53


 residuum convergence criterium   :  0.10E-04


 integral neglect threshold       :  0.33E-10
 integral storage threshold THIZE :  0.10E-04
 integral storage threshold THIME :         5

 
             FOUND RI-J FLAG !
 
  
 AUXILIARY BASIS SET information:

              we will work with the 1s 3p 5d 7f 9g ... basis set
              ...i.e. with spherical basis functions...

   type   atoms  prim   cont   basis
   ---------------------------------------------------------------------------
    c        1      1      1   def2-TZVP   [1s|1s]
    h        4      1      1   def-SV(P)   [1s|1s]
    o        1      1      1   def-SV(P)   [1s|1s]
   ---------------------------------------------------------------------------
   total:    6      6      6
   ---------------------------------------------------------------------------

   total number of primitive shells          :    3
   total number of contracted shells         :    6
   total number of cartesian basis functions :    6
   total number of SCF-basis functions       :    6

 
             FOUND RI-K FLAG !
 
  
 AUXILIARY BASIS SET information:

              we will work with the 1s 3p 5d 7f 9g ... basis set
              ...i.e. with spherical basis functions...

   type   atoms  prim   cont   basis
   ---------------------------------------------------------------------------
    c        1      1      1   def2-TZVP   [1s|1s]
    h        4      1      1   def-SV(P)   [1s|1s]
    o        1      1      1   def-SV(P)   [1s|1s]
   ---------------------------------------------------------------------------
   total:    6      6      6
   ---------------------------------------------------------------------------

   total number of primitive shells          :    3
   total number of contracted shells         :    6
   total number of cartesian basis functions :    6
   total number of SCF-basis functions       :    6

 RPA SINGLET-EXCITATION-CALCULATION 
 
             FOUND DFT-FLAG !
 

 maximum number of Davidson iterations set to   35


 symmetry group of the molecule :   c1 

 the group has the following generators :
   c1(z)

    1 symmetry operations found

 there are 1 real representations :   a   

 maximum number of shells which are related by symmetry :  1

 IRREPs of excited states :   a   
  
           ------------------
           density functional
           ------------------
 PBE0 hybrid functional
 exchange:    3/4 (LDA+PBE) + 1/4 HF
 correlation: LDA (PW) + PBE
 spherical integration : Lebedev's spherical grid
 spherical gridsize    :                     3
    i.e. gridpoints    :                   302
  maximum batchsize    :                   100
 value for diffuse not defined
 radial integration    : Chebyshev 2nd kind (scaling 3)
 radial gridsize       :                     3
 integration cells     :                     6
 partition function    : becke
 partition sharpness   :                     3
  

 ----------------------------------------------------------------------
          some useful papers before it begins
 ----------------------------------------------------------------------

     nonorthonormal Krylov space methods 
     F. Furche, B. T. Krull, B. D. Nguyen, and J. Kwon, 
     J. Chem. Phys. 144, 174105 (2016).

     RI-J method 
     R. Bauernschmitt, M. Haeser, O. Treutler, and R. Ahlrichs,
     Chem. Phys. Lett. 264, 573 (1997).

     density functional implementation               
     R. Bauernschmitt and R. Ahlrichs,
     Chem. Phys. Lett. 256, 454 (1996).
     R. Bauernschmitt and R. Ahlrichs,
     J. Chem. Phys. 104, 9047 (1996).

     UHF extension (RPA and CIS)
     C. Ochsenfeld, J. Gauss, and R. Ahlrichs, 
     J. Chem. Phys. 103, 7401 (1995).

     integral direct algorithm                 
     H. Weiss, R. Ahlrichs, and M. Haeser, 
     J. Chem. Phys. 99, 1262 (1993).

 ----------------------------------------------------------------------

  MOs are in ASCII format !


    mo occupation :
   irrep   mo's   occupied
    a       53        9
 
 number of basis functions   :    53
 number of occupied orbitals :     9
 

 reading orbital data $scfmo  from file mos
 orbital characterization : scfconv=7
  
           ----------------------
               RI - INFORMATION
           ----------------------

 biggest AO integral is expected to be     5.725698708

 Threshold for integral neglect (rithr2):   0.33E-10
 Threshold for integral neglect (rithr1):   0.33E-10

 Contributions to RI integral batches: 
  neglected integral batches:                     1
  direct contribution:                            0
  memory contribution:                   324
 Core memory available (ricore)            500 MiB
 Core memory needed for (P|Q) and Cholesky 1 MiB
 Core memory used for integrals            1 MiB
  
 ****************************************
 Memory allocated for RIDFT 1 MiB
 ****************************************
                                            

 MAXIMUM CORE MEMORY WHICH CAN BE ALLOCATED DYNAMICALLY in escf_cc_setup= 500 MiB
              ( or 65536000 double words )

 Summary of integral storage options:
 B_ji^Q integral storage mode: on-disk   
 B_ai^Q integral storage mode: on-disk   
 B_ba^Q integral storage mode: on-disk   

   *-----------------------------------------------------------------------*
   |                     program will use  1 thread(s)                     |
   *-----------------------------------------------------------------------*
  MOs are in ASCII format !


 reading orbital data $scfmo  from file mos
 orbital characterization : scfconv=7
 time elapsed for calculating density matrices :   0.001 sec
 all orbitals will be active in the correlation treatment


   Molecular Orbital Statistic:
   ============================

   -----------------------------
   orbitals in total:
   -----------------------------
    frozen occupied :      0
    active occupied :      9
    active virtual  :     44
    frozen virtual  :      0
    all together    :     53
   -----------------------------


     time in riccmos       cpu:  0.01 sec    wall:  0.06 sec    ratio:  0.1

     total memory allocated for calculation of (Q|P)**(-1/2) : 1 MiB


     calculation of (P|Q) ...
     time in lp2sym        cpu:  0.00 sec    wall:  0.00 sec    ratio:  0.9


     calculation of the Cholesky decomposition of (P|Q)**(-1) ...
     time in invmetri      cpu:  0.00 sec    wall:  0.02 sec    ratio:  0.1
 preparing DFT   numerical integration ....
          Overall gridpoints after grid construction =         27148

 Calculating ground state density on molecular grid

 Integral of ground state density: N =   18.00000522510612    


 all orbitals will be included in the transformation

 number of non-frozen orbitals          :    53
 number of non-frozen occupied orbitals :     9



 dimension of super-tensorspace: 2

          IRREP   tensor space dimension   number of roots

           a                 396                      5
                    10
 Switching off XC: hybrid=  0.250000000000000     

 machine precision: 2.22D-16


 logfile sing_a    will be constructed




                       Nonorthonormal Krylov Space Iteration


 total number of roots to be determined: 5


 maximum core memory set to          500 MB,
 corresponding to     9248 vectors in CAO basis


 maximum number of simultaneously treated vectors (including degeneracy):       10


 Iteration IRREP Converged      Max. Euclidean
                 roots          residual norm

    1       a        0        7.321978591302666D-02
 
    2       a        0        1.716263839432890D-02
 
    3       a        0        5.064114744590749D-03
 
    4       a        0        6.109081108362416D-04
 
    5       a        2        1.401248122422121D-04
 
    6       a        4        2.049149567326720D-05
 
    7       a        5        9.014355553830729D-06
 

 converged!

 Eigenpairs written on logfile sing_a   



 IRREP   Vector     Eigenvalue           Euclidean residual norm

  a         1    2.624763039680130D-01    1.594695650698874D-06
            2    3.359026282294661D-01    4.206816817195990D-06
            3    3.380059609069266D-01    9.014355553830729D-06
            4    3.644752618209351D-01    1.487500729113517D-06
            5    3.823602837932561D-01    3.565577587847046D-06






                    Selection rules for point group c1  


 Subduction with respect to c1  :

    Polar vector representation: a                           

    Axial vector representation: a                           

    Symmetric second rank tensor representation: a                           




                            Ground state


 Total energy:                           -115.5214177744000    

 Charge:

               elec          nuc         total

           -18.000000    18.000000    -0.000000


 Electric dipole moment:

               elec          nuc         total   

    x      143.935426  -144.235142    -0.299716    Norm:              0.654013
    y     -110.873357   110.311648    -0.561709
    z        0.335849    -0.485471    -0.149621    Norm / debye:      1.662348


 Electric quadrupole moment:

               elec          nuc         total   

   xx    -1200.901559  1195.764940    -5.136619
   yy     -700.328903   684.720217   -15.608686    1/3*trace:       -10.251698
   zz      -16.198258     6.188469   -10.009789
   xy      888.762416  -887.679428     1.082988
   xz       -2.106677     2.892501     0.785824    Anisotropy:        9.412555
   yz        1.725255    -2.256050    -0.530795



 ==============================================================================

                              I R R E P   a   

 ==============================================================================


 Excitation is electric dipole allowed

 Excitation is magnetic dipole allowed

 Excitation is electric quadrupole allowed




                         1 singlet a excitation


 Total energy:                           -115.2589414704320    

 Excitation energy:                      0.2624763039680130    

 Excitation energy / eV:                  7.142346692510944    

 Excitation energy / nm:                  173.5903469044300    

 Excitation energy / cm^(-1):             57606.88988088059    


 Oscillator strength:

    velocity representation:             0.1015906457247595E-01

    length representation:               0.3412317954086161E-06

    mixed representation:                0.5887756343412660E-04


 Rotatory strength:

    velocity representation:            -0.1788070527398262E-08

    velocity rep. / 10^(-40)erg*cm^3:   -0.1155179681439913E-03

    length representation:               0.4917775275273039E-09

    length rep. / 10^(-40)erg*cm^3:      0.3177119687862102E-04


 Dominant contributions:

      occ. orbital   energy / eV   virt. orbital     energy / eV   |coeff.|^2*100
        9 a              -7.68          10 a               1.62       98.7
 

 Change of electron number:

            -0.000000


 Electric transition dipole moment (velocity rep.):

    x        0.000001        Norm:                  0.240950
    y       -0.062018
    z        0.232832        Norm / debye:          0.612439


 Electric transition dipole moment (length rep.):

    x        0.000004        Norm:                  0.001396
    y       -0.000358
    z        0.001350        Norm / debye:          0.003549


 Magnetic transition dipole moment / i:

    x        0.000406        Norm:                  0.000770
    y       -0.000632
    z       -0.000168        Norm / Bohr mag.:      0.211048


 Electric quadrupole transition moment:

   xx       -0.000056
   yy       -0.159472        1/3*trace:            -0.001508
   zz        0.155004
   xy       -0.136684
   xz        0.513178        Anisotropy:            1.073946
   yz        0.278735




                         2 singlet a excitation


 Total energy:                           -115.1855151461705    

 Excitation energy:                      0.3359026282294661    

 Excitation energy / eV:                  9.140379491296228    

 Excitation energy / nm:                  135.6445256179246    

 Excitation energy / cm^(-1):             73722.10528182147    


 Oscillator strength:

    velocity representation:             0.8844737804498256E-02

    length representation:               0.5088055944928580E-02

    mixed representation:                0.5926914813264490E-02


 Rotatory strength:

    velocity representation:             0.1120207865956515E-06

    velocity rep. / 10^(-40)erg*cm^3:    0.7237082351695775E-02

    length representation:              -0.2750338668440488E-04

    length rep. / 10^(-40)erg*cm^3:      -1.776851247296078    


 Dominant contributions:

      occ. orbital   energy / eV   virt. orbital     energy / eV   |coeff.|^2*100
        8 a              -9.34          10 a               1.62       98.4
 

 Change of electron number:

             0.000000


 Electric transition dipole moment (velocity rep.):

    x       -0.005826        Norm:                  0.198738
    y        0.191953
    z        0.051156        Norm / debye:          0.505146


 Electric transition dipole moment (length rep.):

    x       -0.074481        Norm:                  0.150735
    y        0.126628
    z        0.033752        Norm / debye:          0.383134


 Magnetic transition dipole moment / i:

    x        0.000391        Norm:                  0.002196
    y       -0.000545
    z        0.002091        Norm / Bohr mag.:      0.601853


 Electric quadrupole transition moment:

   xx        1.083321
   yy        1.116383        1/3*trace:             0.929242
   zz        0.588021
   xy       -0.465742
   xz       -0.000698        Anisotropy:            0.968599
   yz       -0.090638




                         3 singlet a excitation


 Total energy:                           -115.1834118134931    

 Excitation energy:                      0.3380059609069266    

 Excitation energy / eV:                  9.197614110059911    

 Excitation energy / nm:                  134.8004412044861    

 Excitation energy / cm^(-1):             74183.73344444635    


 Oscillator strength:

    velocity representation:             0.5968229414182900E-01

    length representation:               0.3724590489300230E-01

    mixed representation:                0.4714786369862452E-01


 Rotatory strength:

    velocity representation:            -0.9458638993335098E-07

    velocity rep. / 10^(-40)erg*cm^3:   -0.6110736356174113E-02

    length representation:              -0.7018488091643404E-07

    length rep. / 10^(-40)erg*cm^3:     -0.4534281346100740E-02


 Dominant contributions:

      occ. orbital   energy / eV   virt. orbital     energy / eV   |coeff.|^2*100
        9 a              -7.68          11 a               3.21       97.4
 

 Change of electron number:

             0.000000


 Electric transition dipole moment (velocity rep.):

    x        0.000006        Norm:                  0.514643
    y        0.132479
    z       -0.497300        Norm / debye:          1.308102


 Electric transition dipole moment (length rep.):

    x        0.000002        Norm:                  0.406558
    y        0.104656
    z       -0.392857        Norm / debye:          1.033376


 Magnetic transition dipole moment / i:

    x       -0.003574        Norm:                  0.007277
    y       -0.006126
    z       -0.001632        Norm / Bohr mag.:      1.994557


 Electric quadrupole transition moment:

   xx       -0.000049
   yy        0.952379        1/3*trace:             0.434623
   zz        0.351540
   xy       -1.198931
   xz        4.500820        Anisotropy:            8.710604
   yz       -1.834329




                         4 singlet a excitation


 Total energy:                           -115.1569425125791    

 Excitation energy:                      0.3644752618209351    

 Excitation energy / eV:                  9.917880743573940    

 Excitation energy / nm:                  125.0108235943460    

 Excitation energy / cm^(-1):             79993.07348743554    


 Oscillator strength:

    velocity representation:             0.9797491783423576E-06

    length representation:               0.4910848259057365E-04

    mixed representation:                0.6936297460642899E-05


 Rotatory strength:

    velocity representation:             0.1196225693165903E-07

    velocity rep. / 10^(-40)erg*cm^3:    0.7728194128742234E-03

    length representation:               0.1050398704238808E-07

    length rep. / 10^(-40)erg*cm^3:      0.6786081544071112E-03


 Dominant contributions:

      occ. orbital   energy / eV   virt. orbital     energy / eV   |coeff.|^2*100
        9 a              -7.68          12 a               4.24       81.2
        9 a              -7.68          13 a               4.46       16.1
 

 Change of electron number:

            -0.000000


 Electric transition dipole moment (velocity rep.):

    x       -0.000009        Norm:                  0.002008
    y        0.000511
    z       -0.001942        Norm / debye:          0.005104


 Electric transition dipole moment (length rep.):

    x       -0.000008        Norm:                  0.014216
    y       -0.003663
    z        0.013736        Norm / debye:          0.036135


 Magnetic transition dipole moment / i:

    x        0.000206        Norm:                  0.002216
    y       -0.002132
    z       -0.000568        Norm / Bohr mag.:      0.607343


 Electric quadrupole transition moment:

   xx        0.000137
   yy       -0.192913        1/3*trace:            -0.015152
   zz        0.147318
   xy        0.068804
   xz       -0.258198        Anisotropy:            0.808285
   yz        0.342433




                         5 singlet a excitation


 Total energy:                           -115.1390574906067    

 Excitation energy:                      0.3823602837932561    

 Excitation energy / eV:                  10.40455716197192    

 Excitation energy / nm:                  119.1634031860807    

 Excitation energy / cm^(-1):             83918.38207987208    


 Oscillator strength:

    velocity representation:             0.1775594442033314E-01

    length representation:               0.1947501886142483E-01

    mixed representation:                0.1859562723845288E-01


 Rotatory strength:

    velocity representation:             0.1136945436281565E-06

    velocity rep. / 10^(-40)erg*cm^3:    0.7345215117489434E-02

    length representation:               0.9504596944945192E-07

    length rep. / 10^(-40)erg*cm^3:      0.6140427406435888E-02


 Dominant contributions:

      occ. orbital   energy / eV   virt. orbital     energy / eV   |coeff.|^2*100
        9 a              -7.68          13 a               4.46       81.9
        9 a              -7.68          12 a               4.24       16.7
 

 Change of electron number:

             0.000000


 Electric transition dipole moment (velocity rep.):

    x        0.000043        Norm:                  0.263925
    y        0.067944
    z       -0.255030        Norm / debye:          0.670836


 Electric transition dipole moment (length rep.):

    x        0.000045        Norm:                  0.276406
    y        0.071162
    z       -0.267089        Norm / debye:          0.702560


 Magnetic transition dipole moment / i:

    x       -0.000069        Norm:                  0.005192
    y       -0.005017
    z       -0.001337        Norm / Bohr mag.:      1.423031


 Electric quadrupole transition moment:

   xx       -0.000785
   yy        0.709975        1/3*trace:             0.295206
   zz        0.176426
   xy       -0.838201
   xz        3.146862        Anisotropy:            6.143465
   yz       -1.355922

 SUMMARY OF EXCITATION ENERGIES AND DIPOLE OSCILLATOR STRENGTHS (velocity/length):

 -----------------------------------------------------------------------------------------------
 |    Exc.   | energy (Eh) | energy (eV) | energy (cm-1) | energy (nm) | Osc.(vel) | Osc.(len) |
 -----------------------------------------------------------------------------------------------
 |     1 a   |    0.262476 |     7.14234 |     57606.890 |     173.590 |   0.01016 |   0.00000 |
 |     2 a   |    0.335903 |     9.14038 |     73722.105 |     135.645 |   0.00884 |   0.00509 |
 |     3 a   |    0.338006 |     9.19761 |     74183.733 |     134.800 |   0.05968 |   0.03725 |
 |     4 a   |    0.364475 |     9.91788 |     79993.073 |     125.011 |   0.00000 |   0.00005 |
 |     5 a   |    0.382360 |    10.40455 |     83918.382 |     119.163 |   0.01776 |   0.01948 |
 -----------------------------------------------------------------------------------------------



    escf profiling
  --------------------------------------------------------------------
             module   cpu total (s)       %  wall total (s)       %

         input total             0.0    9.47             0.1   11.47
       init symmetry             0.0    1.12             0.0    0.42
               moinp             0.0    1.53             0.0    0.28
            RI total             0.0    1.62             0.0    0.29
          RI prelims             0.0    0.60             0.0    0.11
       escf_cc_setup             0.0   13.02             0.2   19.84
           grid init             0.0    9.25             0.0    1.67
            becke...             0.0    4.95             0.0    0.89
         dft prelims             0.1   28.85             0.1    5.20
           dft total             0.1   28.86             0.1    5.20
             funct_2             0.0   15.71             0.0    2.84
              onde_2             0.0    8.01             0.0    1.45
                 gga             0.0    3.44             0.0    0.62
              tracao             0.0    0.24             0.0    0.14
           diag_prep             0.0    0.02             0.0    0.00
              respon             0.1   29.78             0.5   50.71
            startvec             0.0    0.07             0.0    0.05
           mvproduct             0.0   11.78             0.1   11.22
            tramocao             0.0    0.91             0.0    0.16
     tramocao_mvprod             0.0    0.72             0.0    0.13
              colrsp             0.0    0.99             0.0    0.18
              gammaP             0.0    0.40             0.0    0.07
              cotlet             0.0    0.06             0.0    0.01
              gammaQ             0.0    0.31             0.0    0.06
            tracaomo             0.0    0.97             0.0    1.02
              mv_rik             0.0    8.81             0.1    9.84
                ritz             0.0    4.18             0.0    0.75
            expandl3             0.0    0.65             0.0    4.91
           startover             0.0    0.90             0.0    0.16
                rest             0.0    0.63             0.0    1.76
             writeep             0.0    3.42             0.0    2.10
              proper             0.0    2.93             0.0    1.50
 


    ------------------------------------------------------------------------
         total  cpu-time :   0.19 seconds
         total wall-time :   1.05 seconds
    ------------------------------------------------------------------------

   ****  escf : all done  ****


    2023-03-08 01:08:21.769 

