
 escf (compt195) : TURBOMOLE rev. V7-6-2381-g96b3af1 compiled 16 Jan 2023 at 13:48:01
 Copyright (C) 2023 TURBOMOLE GmbH, Karlsruhe


    2023-03-08 01:08:22.645 


 escf run will be profiled !




                                e s c f

                             TURBOMOLE GmbH

          integral direct evaluation of 

                    * excitation energies and transition moments 
                    * polarizabilities
                    * dynamic response properties 
                    * stabilities
                    * quasiparticle states with GW
                    * NMR coupling-constants



          references (see also programs dscf and ridft) 
          implementation and benchmarks (review) 
          F. Furche and D. Rappoport,  
          "Density functional methods for excited states: 
          equilibrium structure and electronic spectra",
          ch. III of "Computational Photochemistry", ed. by 
          M. Olivucci, vol. 16 of "Theoretical and Computational 
          Chemistry", Elsevier, Amsterdam, 2005.



              +--------------------------------------------------+
              | Atomic coordinate, charge and isotop information |
              +--------------------------------------------------+

                    atomic coordinates            atom    charge  isotop
         -9.24314180    6.23174984    0.00054802    c      6.000     0
         -9.98177905    5.77299993   -1.91166584    h      1.000     0
         -6.60094563    6.20640861   -0.00619830    o      8.000     0
         -9.98177905    4.88256098    1.43120298    h      1.000     0
         -9.90212710    8.15492412    0.51283388    h      1.000     0
         -6.10304059    4.45939461   -0.47154336    h      1.000     0
 
       center of nuclear mass  :   -7.89226438    6.16696788   -0.01670470
       center of nuclear charge:   -8.01306343    6.12842487   -0.02697059

              +--------------------------------------------------+
              |               basis set information              |
              +--------------------------------------------------+

              we will work with the 1s 3p 5d 7f 9g ... basis set
              ...i.e. with spherical basis functions...

   type   atoms  prim   cont   basis
   ---------------------------------------------------------------------------
    c        1     46     31   def2-TZVP   [5s3p2d1f|11s6p2d1f]
    h        4      4      2   def-SV(P)   [2s|4s]
    o        1     24     14   def-SV(P)   [3s2p1d|7s4p1d]
   ---------------------------------------------------------------------------
   total:    6     86     53
   ---------------------------------------------------------------------------

   total number of primitive shells          :   36
   total number of contracted shells         :   25
   total number of cartesian basis functions :   59
   total number of SCF-basis functions       :   53


 residuum convergence criterium   :  0.10E-04


 integral neglect threshold       :  0.33E-10
 integral storage threshold THIZE :  0.10E-04
 integral storage threshold THIME :         5

 
             FOUND RI-J FLAG !
 
  
 AUXILIARY BASIS SET information:
 Basis set with nickname o def-SV(P) is not contained within file auxbasis
              read basis sets from /home/smp201/dev/turbomole/cbasen/
              (basis sets have been saved in file auxbasis)

              we will work with the 1s 3p 5d 7f 9g ... basis set
              ...i.e. with spherical basis functions...

   type   atoms  prim   cont   basis
   ---------------------------------------------------------------------------
    c        1      4      4   def2-TZVP   [1s1p|1s1p]
    h        4      1      1   def-SV(P)   [1s|1s]
    o        1     72     48   def-SV(P)   [6s5p4d1f|8s6p5d3f]
   ---------------------------------------------------------------------------
   total:    6     80     56
   ---------------------------------------------------------------------------

   total number of primitive shells          :   25
   total number of contracted shells         :   22
   total number of cartesian basis functions :   63
   total number of SCF-basis functions       :   56

 
             FOUND RI-K FLAG !
 
  
 AUXILIARY BASIS SET information:

              we will work with the 1s 3p 5d 7f 9g ... basis set
              ...i.e. with spherical basis functions...

   type   atoms  prim   cont   basis
   ---------------------------------------------------------------------------
    c        1      4      4   def2-TZVP   [1s1p|1s1p]
    h        4      1      1   def-SV(P)   [1s|1s]
    o        1     72     48   def-SV(P)   [6s5p4d1f|8s6p5d3f]
   ---------------------------------------------------------------------------
   total:    6     80     56
   ---------------------------------------------------------------------------

   total number of primitive shells          :   25
   total number of contracted shells         :   22
   total number of cartesian basis functions :   63
   total number of SCF-basis functions       :   56

 RPA SINGLET-EXCITATION-CALCULATION 
 
             FOUND DFT-FLAG !
 

 maximum number of Davidson iterations set to   35


 symmetry group of the molecule :   c1 

 the group has the following generators :
   c1(z)

    1 symmetry operations found

 there are 1 real representations :   a   

 maximum number of shells which are related by symmetry :  1

 IRREPs of excited states :   a   
  
           ------------------
           density functional
           ------------------
 PBE0 hybrid functional
 exchange:    3/4 (LDA+PBE) + 1/4 HF
 correlation: LDA (PW) + PBE
 spherical integration : Lebedev's spherical grid
 spherical gridsize    :                     3
    i.e. gridpoints    :                   302
  maximum batchsize    :                   100
 value for diffuse not defined
 radial integration    : Chebyshev 2nd kind (scaling 3)
 radial gridsize       :                     3
 integration cells     :                     6
 partition function    : becke
 partition sharpness   :                     3
  

 ----------------------------------------------------------------------
          some useful papers before it begins
 ----------------------------------------------------------------------

     nonorthonormal Krylov space methods 
     F. Furche, B. T. Krull, B. D. Nguyen, and J. Kwon, 
     J. Chem. Phys. 144, 174105 (2016).

     RI-J method 
     R. Bauernschmitt, M. Haeser, O. Treutler, and R. Ahlrichs,
     Chem. Phys. Lett. 264, 573 (1997).

     density functional implementation               
     R. Bauernschmitt and R. Ahlrichs,
     Chem. Phys. Lett. 256, 454 (1996).
     R. Bauernschmitt and R. Ahlrichs,
     J. Chem. Phys. 104, 9047 (1996).

     UHF extension (RPA and CIS)
     C. Ochsenfeld, J. Gauss, and R. Ahlrichs, 
     J. Chem. Phys. 103, 7401 (1995).

     integral direct algorithm                 
     H. Weiss, R. Ahlrichs, and M. Haeser, 
     J. Chem. Phys. 99, 1262 (1993).

 ----------------------------------------------------------------------

  MOs are in ASCII format !


    mo occupation :
   irrep   mo's   occupied
    a       53        9
 
 number of basis functions   :    53
 number of occupied orbitals :     9
 

 reading orbital data $scfmo  from file mos
 orbital characterization : scfconv=7
  
           ----------------------
               RI - INFORMATION
           ----------------------

 biggest AO integral is expected to be     5.725698708

 Threshold for integral neglect (rithr2):   0.33E-10
 Threshold for integral neglect (rithr1):   0.33E-10

 Contributions to RI integral batches: 
  neglected integral batches:                     1
  direct contribution:                            0
  memory contribution:                   324
 Core memory available (ricore)            500 MiB
 Core memory needed for (P|Q) and Cholesky 1 MiB
 Core memory used for integrals            1 MiB
  
 ****************************************
 Memory allocated for RIDFT 1 MiB
 ****************************************
                                            

 MAXIMUM CORE MEMORY WHICH CAN BE ALLOCATED DYNAMICALLY in escf_cc_setup= 500 MiB
              ( or 65536000 double words )

 Summary of integral storage options:
 B_ji^Q integral storage mode: on-disk   
 B_ai^Q integral storage mode: on-disk   
 B_ba^Q integral storage mode: on-disk   

   *-----------------------------------------------------------------------*
   |                     program will use  1 thread(s)                     |
   *-----------------------------------------------------------------------*
  MOs are in ASCII format !


 reading orbital data $scfmo  from file mos
 orbital characterization : scfconv=7
 time elapsed for calculating density matrices :   0.001 sec
 all orbitals will be active in the correlation treatment


   Molecular Orbital Statistic:
   ============================

   -----------------------------
   orbitals in total:
   -----------------------------
    frozen occupied :      0
    active occupied :      9
    active virtual  :     44
    frozen virtual  :      0
    all together    :     53
   -----------------------------


     time in riccmos       cpu:  0.01 sec    wall:  0.05 sec    ratio:  0.1

     total memory allocated for calculation of (Q|P)**(-1/2) : 1 MiB


     calculation of (P|Q) ...
     time in lp2sym        cpu:  0.00 sec    wall:  0.00 sec    ratio:  1.0


     calculation of the Cholesky decomposition of (P|Q)**(-1) ...
     time in invmetri      cpu:  0.00 sec    wall:  0.02 sec    ratio:  0.1
 preparing DFT   numerical integration ....
          Overall gridpoints after grid construction =         27148

 Calculating ground state density on molecular grid

 Integral of ground state density: N =   18.00000522510612    


 all orbitals will be included in the transformation

 number of non-frozen orbitals          :    53
 number of non-frozen occupied orbitals :     9



 dimension of super-tensorspace: 2

          IRREP   tensor space dimension   number of roots

           a                 396                      5
                    10
 Switching off XC: hybrid=  0.250000000000000     

 machine precision: 2.22D-16


 logfile sing_a    will be constructed




                       Nonorthonormal Krylov Space Iteration


 total number of roots to be determined: 5


 maximum core memory set to          500 MB,
 corresponding to     9174 vectors in CAO basis


 maximum number of simultaneously treated vectors (including degeneracy):       10


 Iteration IRREP Converged      Max. Euclidean
                 roots          residual norm

    1       a        0        1.148654357426844D-01
 
    2       a        0        3.346528958774122D-02
 
    3       a        0        8.885264549432732D-03
 
    4       a        0        2.377493068376851D-03
 
    5       a        1        4.203239313804600D-04
 
    6       a        3        8.505302510395253D-05
 
    7       a        4        1.626346406119813D-05
 
    8       a        5        4.775885364276839D-06
 

 converged!

 Eigenpairs written on logfile sing_a   



 IRREP   Vector     Eigenvalue           Euclidean residual norm

  a         1    2.744647829181822D-01    4.775885364276839D-06
            2    3.427538199239801D-01    4.363587843448223D-06
            3    3.449027626007573D-01    1.774561238656059D-06
            4    3.706388214761310D-01    2.651359586123639D-06
            5    3.850920183474559D-01    9.635207091531988D-07






                    Selection rules for point group c1  


 Subduction with respect to c1  :

    Polar vector representation: a                           

    Axial vector representation: a                           

    Symmetric second rank tensor representation: a                           




                            Ground state


 Total energy:                           -115.5214177744000    

 Charge:

               elec          nuc         total

           -18.000000    18.000000    -0.000000


 Electric dipole moment:

               elec          nuc         total   

    x      143.935426  -144.235142    -0.299716    Norm:              0.654013
    y     -110.873357   110.311648    -0.561709
    z        0.335849    -0.485471    -0.149621    Norm / debye:      1.662348


 Electric quadrupole moment:

               elec          nuc         total   

   xx    -1200.901559  1195.764940    -5.136619
   yy     -700.328903   684.720217   -15.608686    1/3*trace:       -10.251698
   zz      -16.198258     6.188469   -10.009789
   xy      888.762416  -887.679428     1.082988
   xz       -2.106677     2.892501     0.785824    Anisotropy:        9.412555
   yz        1.725255    -2.256050    -0.530795



 ==============================================================================

                              I R R E P   a   

 ==============================================================================


 Excitation is electric dipole allowed

 Excitation is magnetic dipole allowed

 Excitation is electric quadrupole allowed




                         1 singlet a excitation


 Total energy:                           -115.2469529914818    

 Excitation energy:                      0.2744647829181822    

 Excitation energy / eV:                  7.468569942699704    

 Excitation energy / nm:                  166.0080108477247    

 Excitation energy / cm^(-1):             60238.05687112370    


 Oscillator strength:

    velocity representation:             0.7289599214527110E-02

    length representation:               0.1553299618765648E-03

    mixed representation:                0.1064092638680476E-02


 Rotatory strength:

    velocity representation:            -0.3020266912038617E-08

    velocity rep. / 10^(-40)erg*cm^3:   -0.1951237893501265E-03

    length representation:              -0.9181886440854746E-09

    length rep. / 10^(-40)erg*cm^3:     -0.5931940877744571E-04


 Dominant contributions:

      occ. orbital   energy / eV   virt. orbital     energy / eV   |coeff.|^2*100
        9 a              -7.68          10 a               1.62       99.7
 

 Change of electron number:

            -0.000000


 Electric transition dipole moment (velocity rep.):

    x        0.000001        Norm:                  0.199597
    y       -0.051374
    z        0.192872        Norm / debye:          0.507329


 Electric transition dipole moment (length rep.):

    x        0.000004        Norm:                  0.029136
    y        0.007501
    z       -0.028154        Norm / debye:          0.074057


 Magnetic transition dipole moment / i:

    x        0.000198        Norm:                  0.001157
    y       -0.001102
    z       -0.000294        Norm / Bohr mag.:      0.317175


 Electric quadrupole transition moment:

   xx       -0.000057
   yy       -0.076000        1/3*trace:             0.031131
   zz        0.169450
   xy       -0.221952
   xz        0.833285        Anisotropy:            1.523663
   yz        0.120131




                         2 singlet a excitation


 Total energy:                           -115.1786639544760    

 Excitation energy:                      0.3427538199239801    

 Excitation energy / eV:                  9.326809982732261    

 Excitation energy / nm:                  132.9331724737760    

 Excitation energy / cm^(-1):             75225.76804882984    


 Oscillator strength:

    velocity representation:             0.4567172754529208E-02

    length representation:               0.1772444529547091E-02

    mixed representation:                0.2187517248091493E-02


 Rotatory strength:

    velocity representation:             0.8568311029510060E-07

    velocity rep. / 10^(-40)erg*cm^3:    0.5535541609731444E-02

    length representation:              -0.1591057460806860E-04

    length rep. / 10^(-40)erg*cm^3:      -1.027899751472215    


 Dominant contributions:

      occ. orbital   energy / eV   virt. orbital     energy / eV   |coeff.|^2*100
        8 a              -9.34          10 a               1.62       99.0
 

 Change of electron number:

            -0.000000


 Electric transition dipole moment (velocity rep.):

    x       -0.016830        Norm:                  0.141377
    y       -0.135637
    z       -0.036149        Norm / debye:          0.359347


 Electric transition dipole moment (length rep.):

    x        0.047855        Norm:                  0.088073
    y       -0.071442
    z       -0.019047        Norm / debye:          0.223860


 Magnetic transition dipole moment / i:

    x       -0.000282        Norm:                  0.002721
    y        0.000729
    z       -0.002606        Norm / Bohr mag.:      0.745693


 Electric quadrupole transition moment:

   xx       -0.685399
   yy       -0.308861        1/3*trace:            -0.502519
   zz       -0.513298
   xy       -0.181364
   xz       -0.127552        Anisotropy:            0.606949
   yz        0.195195




                         3 singlet a excitation


 Total energy:                           -115.1765150117993    

 Excitation energy:                      0.3449027626007573    

 Excitation energy / eV:                  9.385285713256666    

 Excitation energy / nm:                  132.1049223161542    

 Excitation energy / cm^(-1):             75697.40644921098    


 Oscillator strength:

    velocity representation:             0.7041550959065740E-01

    length representation:               0.4295879238691665E-01

    mixed representation:                0.5499968415639319E-01


 Rotatory strength:

    velocity representation:            -0.7090388709212817E-07

    velocity rep. / 10^(-40)erg*cm^3:   -0.4580732608076420E-02

    length representation:              -0.5446045219666824E-07

    length rep. / 10^(-40)erg*cm^3:     -0.3518407515567106E-02


 Dominant contributions:

      occ. orbital   energy / eV   virt. orbital     energy / eV   |coeff.|^2*100
        9 a              -7.68          11 a               3.21       99.1
 

 Change of electron number:

             0.000000


 Electric transition dipole moment (velocity rep.):

    x        0.000005        Norm:                  0.553390
    y        0.142447
    z       -0.534743        Norm / debye:          1.406588


 Electric transition dipole moment (length rep.):

    x        0.000003        Norm:                  0.432238
    y        0.111262
    z       -0.417673        Norm / debye:          1.098649


 Magnetic transition dipole moment / i:

    x       -0.003927        Norm:                  0.007778
    y       -0.006487
    z       -0.001728        Norm / Bohr mag.:      2.131669


 Electric quadrupole transition moment:

   xx       -0.000049
   yy        1.075499        1/3*trace:             0.462061
   zz        0.310732
   xy       -1.198916
   xz        4.500881        Anisotropy:            8.873388
   yz       -2.060090




                         4 singlet a excitation


 Total energy:                           -115.1507789529239    

 Excitation energy:                      0.3706388214761310    

 Excitation energy / eV:                  10.08559980716890    

 Excitation energy / nm:                  122.9319488944421    

 Excitation energy / cm^(-1):             81345.81846655707    


 Oscillator strength:

    velocity representation:             0.1335481416196955E-02

    length representation:               0.1725350009823152E-02

    mixed representation:                0.1517950220203677E-02


 Rotatory strength:

    velocity representation:             0.2051217632171056E-07

    velocity rep. / 10^(-40)erg*cm^3:    0.1325185385356739E-02

    length representation:               0.2148368145419237E-07

    length rep. / 10^(-40)erg*cm^3:      0.1387949296078456E-02


 Dominant contributions:

      occ. orbital   energy / eV   virt. orbital     energy / eV   |coeff.|^2*100
        9 a              -7.68          12 a               4.24       88.9
        9 a              -7.68          13 a               4.46        9.9
 

 Change of electron number:

             0.000000


 Electric transition dipole moment (velocity rep.):

    x        0.000011        Norm:                  0.073517
    y        0.018930
    z       -0.071038        Norm / debye:          0.186864


 Electric transition dipole moment (length rep.):

    x        0.000010        Norm:                  0.083562
    y        0.021514
    z       -0.080745        Norm / debye:          0.212395


 Magnetic transition dipole moment / i:

    x       -0.000556        Norm:                  0.001236
    y        0.001067
    z        0.000284        Norm / Bohr mag.:      0.338695


 Electric quadrupole transition moment:

   xx       -0.000177
   yy        0.365881        1/3*trace:             0.089276
   zz       -0.097874
   xy       -0.266721
   xz        1.001208        Anisotropy:            2.182060
   yz       -0.673648




                         5 singlet a excitation


 Total energy:                           -115.1363257560526    

 Excitation energy:                      0.3850920183474559    

 Excitation energy / eV:                  10.47889147315753    

 Excitation energy / nm:                  118.3180914928485    

 Excitation energy / cm^(-1):             84517.92851232552    


 Oscillator strength:

    velocity representation:             0.2418222692507791E-01

    length representation:               0.2535193708391539E-01

    mixed representation:                0.2476017559169042E-01


 Rotatory strength:

    velocity representation:             0.1020587321182389E-06

    velocity rep. / 10^(-40)erg*cm^3:    0.6593485651153472E-02

    length representation:               0.7029704534965473E-07

    length rep. / 10^(-40)erg*cm^3:      0.4541527708716274E-02


 Dominant contributions:

      occ. orbital   energy / eV   virt. orbital     energy / eV   |coeff.|^2*100
        9 a              -7.68          13 a               4.46       88.1
        9 a              -7.68          12 a               4.24        9.9
 

 Change of electron number:

            -0.000000


 Electric transition dipole moment (velocity rep.):

    x       -0.000031        Norm:                  0.306910
    y       -0.079003
    z        0.296568        Norm / debye:          0.780094


 Electric transition dipole moment (length rep.):

    x       -0.000034        Norm:                  0.314245
    y       -0.080897
    z        0.303654        Norm / debye:          0.798738


 Magnetic transition dipole moment / i:

    x        0.000378        Norm:                  0.005994
    y        0.005780
    z        0.001540        Norm / Bohr mag.:      1.642724


 Electric quadrupole transition moment:

   xx        0.000584
   yy       -0.812920        1/3*trace:            -0.335735
   zz       -0.194869
   xy        0.902560
   xz       -3.388496        Anisotropy:            6.682319
   yz        1.551649

 SUMMARY OF EXCITATION ENERGIES AND DIPOLE OSCILLATOR STRENGTHS (velocity/length):

 -----------------------------------------------------------------------------------------------
 |    Exc.   | energy (Eh) | energy (eV) | energy (cm-1) | energy (nm) | Osc.(vel) | Osc.(len) |
 -----------------------------------------------------------------------------------------------
 |     1 a   |    0.274465 |     7.46857 |     60238.057 |     166.008 |   0.00729 |   0.00016 |
 |     2 a   |    0.342754 |     9.32681 |     75225.768 |     132.933 |   0.00457 |   0.00177 |
 |     3 a   |    0.344903 |     9.38528 |     75697.406 |     132.105 |   0.07042 |   0.04296 |
 |     4 a   |    0.370639 |    10.08560 |     81345.818 |     122.932 |   0.00134 |   0.00173 |
 |     5 a   |    0.385092 |    10.47889 |     84517.929 |     118.318 |   0.02418 |   0.02535 |
 -----------------------------------------------------------------------------------------------



    escf profiling
  --------------------------------------------------------------------
             module   cpu total (s)       %  wall total (s)       %

         input total             0.0   10.44             0.1    5.59
       init symmetry             0.0    0.87             0.0    0.50
               moinp             0.0    1.18             0.0    0.20
            RI total             0.0    3.69             0.0    0.62
          RI prelims             0.0    1.82             0.0    0.30
       escf_cc_setup             0.0   15.73             0.3   20.48
           grid init             0.0    7.39             0.0    1.23
            becke...             0.0    3.89             0.0    0.65
         dft prelims             0.1   22.85             0.1    3.81
           dft total             0.1   22.86             0.1    3.81
             funct_2             0.0   12.49             0.0    2.09
              onde_2             0.0    6.23             0.0    1.04
                 gga             0.0    2.73             0.0    0.46
              tracao             0.0    0.20             0.0    0.22
           diag_prep             0.0    0.02             0.0    0.00
              respon             0.1   34.02             0.7   53.10
            startvec             0.0    0.06             0.0    0.06
           mvproduct             0.0   17.39             0.2   11.05
            tramocao             0.0    0.70             0.0    0.12
     tramocao_mvprod             0.0    0.56             0.0    0.09
              colrsp             0.0    1.84             0.0    0.31
              gammaP             0.0    0.84             0.0    0.14
              cotlet             0.0    0.13             0.0    0.02
              gammaQ             0.0    0.68             0.0    0.11
            tracaomo             0.0    0.80             0.0    0.80
              mv_rik             0.0   13.93             0.1    9.81
                ritz             0.0    4.08             0.0    0.68
            expandl3             0.0    0.51             0.0    0.65
           startover             0.0    0.85             0.0    0.14
                rest             0.0    0.55             0.0    2.10
             writeep             0.0    2.73             0.0    1.94
              proper             0.0    2.39             0.0    1.23
 


    ------------------------------------------------------------------------
         total  cpu-time :   0.24 seconds
         total wall-time :   1.44 seconds
    ------------------------------------------------------------------------

   ****  escf : all done  ****


    2023-03-08 01:08:24.061 

