
   OpenMP run-time library returned nthreads = 16

 ridft (compt195) : TURBOMOLE rev. V7.5.0 compiled 17 Jun 2020 at 09:15:30
 Copyright (C) 2020 TURBOMOLE GmbH, Karlsruhe


    2022-09-06 23:59:34.845 



                                  r i d f t

                        DFT program with RI approximation 
                                for coulomb part 




                                                 
                                 References:     
                                                 
          TURBOMOLE:                             
              R. Ahlrichs, M. Baer, M. Haeser, H. Horn, and
              C. Koelmel
              Electronic structure calculations on workstation
              computers: the program system TURBOMOLE
              Chem. Phys. Lett. 162: 165 (1989)
          Density Functional:                              
              O. Treutler and R. Ahlrichs                      
              Efficient Molecular Numerical Integration Schemes
              J. Chem. Phys. 102: 346 (1995)                   
          Parallel Version:                                
              Performance of parallel TURBOMOLE for Density    
              Functional Calculations                          
              M. v. Arnim and R. Ahlrichs                      
              J. Comp. Chem. 19: 1746 (1998)                   
          RI-J Method:                                     
              Auxiliary Basis Sets to approximate Coulomb      
              Potentials                                       
              Chem. Phys. Lett. 240: 283 (1995)                
              K. Eichkorn, O. Treutler, H. Oehm, M. Haeser     
              and R. Ahlrichs                                  
              Chem. Phys. Lett. 242: 652 (1995)                
                                                           
              Auxiliary Basis Sets for Main Row Atoms and their
              Use to approximate Coulomb Potentials            
              K. Eichkorn, F. Weigend, O. Treutler and         
              R. Ahlrichs                                      
              Theo. Chem. Acc. 97: 119 (1997)                   
                                                           
              Accurate Coulomb-fitting basis sets for H to Rn 
              F. Weigend                                        
              Phys. Chem. Chem. Phys. 8: 1057 (2006)            
                                                           
          Multipole accelerated RI-J (MARI-J):             
              Fast evaluation of the Coulomb potential for     
              electron densities using multipole accelerated   
              resolution of identity approximation             
              M. Sierka, A. Hogekamp and R. Ahlrichs           
              J. Chem. Phys. 118: 9136 (2003)                  
          RI-JK Method:                                     
              A fully direct RI-HF algorithm: Implementation,
              optimised auxiliary basis sets, demonstration of
              accuracy and efficiency                         
              F. Weigend                                      
              Phys. Chem. Chem. Phys. 4: 4285 (2002)           
          Two-component HF and DFT with spin-orbit coupling:  
              Self-consistent treatment of spin-orbit         
              interactions with efficient Hartree-Fock and    
              density functional methods                      
              M. K. Armbruster, F. Weigend, C. van WÃ¼llen and 
              W. Klopper                                      
              Phys. Chem. Chem. Phys. 10: 1748 (2008)         
          Two-component difference density and DIIS algorithm 
              Efficient two-component self-consistent field   
              procedures and gradients: implementation in     
              TURBOMOLE and application to Au20-              
              A. Baldes, F. Weigend                           
              Mol. Phys. 111: 2617 (2013)                     
          Relativistic all-electron 2c calculations           
              An efficient implementation of two-component    
              relativistic exact-decoupling methods for large 
              molecules                                       
              D. Peng, N. Middendorf, F. Weigend, M. Reiher   
              J. Chem. Phys. 138: 184105 (2013)               
          Finite nucleus model and SNSO approximation         
              Efficient implementation of one- and two-       
              component analytical energy gradients in exact  
              two-component theory                            
              Y. J. Franzke, N. Middendorf, F. Weigend        
              J. Chem. Phys. 148: 104110 (2018)               
          Grids for all-electron relativistic methods         
              Error-consistent segmented contracted all-      
              electron relativistic basis sets of double-     
              and triple-zeta quality for NMR shielding       
              constants                                       
              Y. J. Franzke, R. Tress, T. M. Pazdera,         
              F. Weigend                                      
              Phys. Chem. Chem. Phys. 21: 166658 (2019)       
          Seminumerical exchange algorithms                   
              Seminumerical calculation of the Hartree-Fock   
              exchange matirx: Application to two-component   
              procedures and efficient evaluation of local    
              hybrid functionsl                               
              P. Plessow, F. Weigend,                         
              J. Comput. Chem. 33: 810 (2012)                 
          Improved seminumerical algorithms                   
              C. Holzer, in preparation (2020)                
                                         





          OpenMP Shared-Memory Parallelization: 16 CPUs.

            By: Christof Holzer and Yannick J. Franzke


              +--------------------------------------------------+
              |      general information about current run       |
              +--------------------------------------------------+

 

 DENSITY CONVERGENCE CHECK SWITCHED ON !
 SCF CONVERGENCE IF RMS(delta[D]) <     0.1000000000E-06

 PBE0 hybrid functional
 exchange:    3/4 (LDA+PBE) + 1/4 HF
 correlation: LDA (PW) + PBE
 A Hybrid-DFT calculation using the RI-J approximation will be carried out.
 Allocatable memory for RI due to $ricore (MB):                   500


              +--------------------------------------------------+
              | Atomic coordinate, charge and isotop information |
              +--------------------------------------------------+

                    atomic coordinates            atom    charge  isotop
         -3.06154624    1.13535331    2.01298842    c      6.000     0
         -3.06194724   -1.56362062    1.70172823    c      6.000     0
         -3.06183934   -2.10154742   -0.96133429    c      6.000     0
         -3.06134744    0.26483945   -2.29595488    c      6.000     0
         -3.06121006    2.26537836   -0.45769110    c      6.000     0
         -3.03466791    4.28719539   -0.86612384    h      1.000     0
         -0.00000926   -0.00020768    0.00012982    fe    26.000     0
         -3.03484384    0.50110491   -4.34504898    h      1.000     0
         -3.03620879   -3.97738103   -1.81924331    h      1.000     0
         -3.03620785   -2.95940050    3.22041155    h      1.000     0
         -3.03556912    2.14862767    3.80961644    h      1.000     0
          3.06193269   -1.57540231    1.69083075    c      6.000     0
          3.06154076    1.12134931    2.02081340    c      6.000     0
          3.06120080    2.26850207   -0.44195592    c      6.000     0
          3.06132571    0.28077230   -2.29405797    c      6.000     0
          3.06181704   -2.09482623   -0.97590484    c      6.000     0
          3.03621257   -3.96467565   -1.84677719    h      1.000     0
          3.03485083    0.53120353   -4.34146833    h      1.000     0
          3.03467547    4.29309549   -0.83639902    h      1.000     0
          3.03559444    2.12217434    3.82440808    h      1.000     0
          3.03621805   -2.98162953    3.19984528    h      1.000     0
 
       center of nuclear mass  :   -0.00000722   -0.00000911    0.00000000
       center of nuclear charge:   -0.00000653   -0.00000308   -0.00000659

              +--------------------------------------------------+
              |               basis set information              |
              +--------------------------------------------------+

              we will work with the 1s 3p 5d 7f 9g ... basis set
              ...i.e. with spherical basis functions...

   type   atoms  prim   cont   basis
   ---------------------------------------------------------------------------
    c       10     46     31   def2-TZVP   [5s3p2d1f|11s6p2d1f]
    h       10      8      6   def2-TZVP   [3s1p|5s1p]
    fe       1     92     45   def2-TZVP   [6s4p4d1f|17s11p7d1f]
   ---------------------------------------------------------------------------
   total:   21    632    415
   ---------------------------------------------------------------------------

   total number of primitive shells          :   62
   total number of contracted shells         :  165
   total number of cartesian basis functions :  472
   total number of SCF-basis functions       :  415


 integral neglect threshold       :  0.71E-12
 integral storage threshold THIZE :  0.10E-04
 integral storage threshold THIME :         5

 RI-J AUXILIARY BASIS SET information:

              we will work with the 1s 3p 5d 7f 9g ... basis set
              ...i.e. with spherical basis functions...

   type   atoms  prim   cont   basis
   ---------------------------------------------------------------------------
    c       10     70     49   def2-TZVP   [6s4p3d1f1g|12s5p4d2f1g]
    h       10     16     11   def2-TZVP   [3s1p1d|5s2p1d]
    fe       1    107     89   def2-TZVP   [8s5p5d2f3g|19s5p5d3f3g]
   ---------------------------------------------------------------------------
   total:   21    967    689
   ---------------------------------------------------------------------------

   total number of primitive shells          :   67
   total number of contracted shells         :  223
   total number of cartesian basis functions :  848
   total number of SCF-basis functions       :  689


 symmetry group of the molecule :   c1 

 the group has the following generators :
   c1(z)

    1 symmetry operations found

 there are 1 real representations :   a   

 maximum number of shells which are related by symmetry :  1

  
           ------------------
           density functional
           ------------------
 PBE0 hybrid functional
 exchange:    3/4 (LDA+PBE) + 1/4 HF
 correlation: LDA (PW) + PBE

 spherical integration : Lebedev's spherical grid
 spherical gridsize    :                     4
    i.e. gridpoints    :                   434
 value for diffuse not defined
 radial integration    : Chebyshev 2nd kind (scaling 3)
 radial gridsize       :                     6
 integration cells     :                    21
 partition function    : becke
 partition sharpness   :                     3
  

 biggest AO integral is expected to be    15.952572132

          ------------------------
          nuclear repulsion energy  :   922.021761899    
          ------------------------

  _________________________________
 |                                 |
 |         DFTD3 V3.1 Rev 0        |
 | S.Grimme, University Bonn       |
 |            June  2014           |
 |   see standalone version        |
 |       dftd3 -h for options      |
 |_________________________________|
 
 Please cite DFT-D3 work done with this code as:
 S. Grimme, J. Antony, S. Ehrlich and H. Krieg,
 J. Chem. Phys, 132 (2010), 154104.
 If used with BJ-damping cite also
 S. Grimme, S. Ehrlich and L. Goerigk,
 J. Comput. Chem. 32 (2011), 1456-1465
 For DFT-D2 the reference is
 S. Grimme, J. Comput. Chem., 27 (2006), 1787-1799
 
C6 coefficients used:
                     2  C6 for element                      1
Z=  1 CN= 0.912     C6(AA)=    3.03
Z=  1 CN= 0.000     C6(AA)=    7.59
                     5  C6 for element                      6
Z=  6 CN= 0.000     C6(AA)=   49.11
Z=  6 CN= 0.987     C6(AA)=   43.25
Z=  6 CN= 1.998     C6(AA)=   29.36
Z=  6 CN= 2.999     C6(AA)=   25.78
Z=  6 CN= 3.984     C6(AA)=   18.21
                     3  C6 for element                     26
Z= 26 CN= 0.000     C6(AA)=  491.33
Z= 26 CN= 1.648     C6(AA)=  204.99
Z= 26 CN= 9.138     C6(AA)=  109.50

#           XYZ [au]              R0(AA) [Ang.]  CN          C6(AA)     C8(AA)   C10(AA) [au]
  1  -3.06155   1.13535   2.01299   c   0.590  4.135        18.2       527.8     18698.5
  2  -3.06195  -1.56362   1.70173   c   0.590  4.135        18.2       527.8     18698.5
  3  -3.06184  -2.10155  -0.96133   c   0.590  4.135        18.2       527.8     18698.5
  4  -3.06135   0.26484  -2.29595   c   0.590  4.135        18.2       527.8     18698.5
  5  -3.06121   2.26538  -0.45769   c   0.590  4.135        18.2       527.8     18698.5
  6  -3.03467   4.28720  -0.86612   h   0.381  1.002         3.1        37.3       553.1
  7  -0.00001  -0.00021   0.00013   fe  1.061  9.467       109.5     10243.9   1173921.8
  8  -3.03484   0.50110  -4.34505   h   0.381  1.002         3.1        37.3       553.1
  9  -3.03621  -3.97738  -1.81924   h   0.381  1.002         3.1        37.3       553.1
 10  -3.03621  -2.95940   3.22041   h   0.381  1.002         3.1        37.3       553.1
 11  -3.03557   2.14863   3.80962   h   0.381  1.002         3.1        37.3       553.1
 12   3.06193  -1.57540   1.69083   c   0.590  4.135        18.2       527.8     18698.5
 13   3.06154   1.12135   2.02081   c   0.590  4.135        18.2       527.8     18698.5
 14   3.06120   2.26850  -0.44196   c   0.590  4.135        18.2       527.8     18698.5
 15   3.06133   0.28077  -2.29406   c   0.590  4.135        18.2       527.8     18698.5
 16   3.06182  -2.09483  -0.97590   c   0.590  4.135        18.2       527.8     18698.5
 17   3.03621  -3.96468  -1.84678   h   0.381  1.002         3.1        37.3       553.1
 18   3.03485   0.53120  -4.34147   h   0.381  1.002         3.1        37.3       553.1
 19   3.03468   4.29310  -0.83640   h   0.381  1.002         3.1        37.3       553.1
 20   3.03559   2.12217   3.82441   h   0.381  1.002         3.1        37.3       553.1
 21   3.03622  -2.98163   3.19985   h   0.381  1.002         3.1        37.3       553.1

molecular C6(AA) [au] =      4979.59

           DFT-D V3(BJ)
 DF pbe0                                              
 parameters
 s6       :    1.0000
 s8       :    1.2177
 a1       :    0.4145
 a2       :    4.8593
 k1-k3    :   16.0000    1.3333   -4.0000
 
 Edisp /kcal,au:   -13.8018 -0.02199454

 E6    /kcal :    -8.2430
 E8    /kcal :    -5.5588
 % E8        : 40.28
 nuclear repulsion energy                  =     922.021761899
 empirical dispersive energy correction    =      -0.021994537
 nuclear repulsion + dispersion correction =     921.999767362


         -----------------
         -S,T+V- integrals
         -----------------

 1e-integrals will be neglected if expon. factor < 0.708043E-13
 
   Difference densities algorithm switched on.
   The maximal number of linear combinations of
   difference densities is                    20 .

 DIIS switched on: error vector is FDS-SDF
 Max. Iterations for DIIS is     :   4
 DIIS matrix (see manual) 
    Scaling factor of diagonals  :  1.200
    threshold for scaling factor :  0.000

 scf convergence criterion : increment of total energy < .1000000D-07
                  and increment of one-electron energy < .1000000D-04

 MOs are in ASCII format !


    mo occupation :
   irrep   mo's   occupied
    a      415       48
 
 number of basis functions   :   415
 number of occupied orbitals :    48
 

 reading orbital data $scfmo  from file mos
 orbital characterization : expanded
 virtual MOs provided and orthogonalized by Cholesky decomposition

 automatic virtual orbital shift switched on 
      shift if e(lumo)-e(homo) < 0.10000000    

  
           ------------------------
               RI-J - INFORMATION
           ------------------------
 Contributions to RI integral batches: 
  neglected integral batches:                  1250
  direct contribution:                         2293
  memory contribution:                 10152
 Memory core needed for (P|Q) and Cholesky      4 MByte
 Memory core minimum needed except of (P|Q)     1 MByte
 Total minimum memory core needed (sum)         5 MByte
  
 ****************************************
 Memory allocated for RI-J   452 MByte
 ****************************************
                                            

 DSCF restart information will be dumped onto file mos


 Starting SCF iterations

          Overall gridpoints after grid construction =        204137

 ITERATION  ENERGY          1e-ENERGY        2e-ENERGY     RMS[dD(SAO)]   TOL
   1  -1645.8339248872    -4138.5776805     1570.7439883    0.000D+00 0.706D-12
                            Exc = -86.3071304027     Coul =  1684.65764368    
                            exK = -27.6065250218    
                              N = 96.000003127    
                            current damping = 1.000
 
          max. resid. norm for Fia-block=  9.590D-01 for orbital     31a         
          max. resid. fock norm         =  6.359D+00 for orbital    306a         

 ITERATION  ENERGY          1e-ENERGY        2e-ENERGY     RMS[dD(SAO)]   TOL
   2  -1649.2983423716    -4084.8755836     1513.5774739    0.127D-01 0.566D-12
                            Exc = -84.5514904589      Eck =  1598.12896431    
                              N = 96.000004431    
                            current damping = 0.950
 
          Norm of current diis error:  4.3256    
          max. resid. norm for Fia-block=  3.651D-01 for orbital     16a         
          max. resid. fock norm         =  8.764D-01 for orbital    393a         

 ITERATION  ENERGY          1e-ENERGY        2e-ENERGY     RMS[dD(SAO)]   TOL
   3  -1650.0095632605    -4104.0305822     1532.0212516    0.751D-02 0.365D-12
                            Exc = -85.4816756133      Eck =  1617.50292717    
                              N = 96.000005408    
                            current damping = 0.900
 
          Norm of current diis error:  2.1763    
          max. resid. norm for Fia-block=  9.234D-02 for orbital      1a         
          max. resid. fock norm         =  2.560D-01 for orbital    385a         

 ITERATION  ENERGY          1e-ENERGY        2e-ENERGY     RMS[dD(SAO)]   TOL
   4  -1650.1979173042    -4100.9157220     1528.7180373    0.348D-02 0.316D-12
                            Exc = -85.4807392829      Eck =  1614.19877661    
                              N = 96.000008606    
                            current damping = 0.950
 
          Norm of current diis error:  1.2048    
          max. resid. norm for Fia-block=  5.466D-02 for orbital     43a         
          max. resid. fock norm         =  1.278D-01 for orbital    385a         

 ITERATION  ENERGY          1e-ENERGY        2e-ENERGY     RMS[dD(SAO)]   TOL
   5  -1650.2588010316    -4103.9960541     1531.7374857    0.157D-02 0.287D-12
                            Exc = -85.6088161925      Eck =  1617.34630191    
                              N = 96.000010298    
                            current damping = 1.000
 
          Norm of current diis error: 0.68127    
          max. resid. norm for Fia-block=  4.352D-02 for orbital     44a         
          max. resid. fock norm         =  4.935D-02 for orbital     50a         
          mo-orthogonalization: Cholesky decomposition

 ITERATION  ENERGY          1e-ENERGY        2e-ENERGY     RMS[dD(SAO)]   TOL
   6  -1650.2724947264    -4098.3729000     1526.1006379    0.116D-02 0.265D-12
                            Exc = -85.4912764235      Eck =  1611.59191430    
                              N = 96.000012389    
                            current damping = 1.050
 
          Norm of current diis error: 0.70111    
          max. resid. norm for Fia-block=  3.859D-02 for orbital     46a         
          max. resid. fock norm         =  4.732D-02 for orbital    352a         

 ITERATION  ENERGY          1e-ENERGY        2e-ENERGY     RMS[dD(SAO)]   TOL
   7  -1650.2903199564    -4103.1697598     1530.8796725    0.566D-03 0.252D-12
                            Exc = -85.6430972658      Eck =  1616.52276977    
                              N = 96.000012539    
                            current damping = 1.100
 
          Norm of current diis error: 0.17849    
          max. resid. norm for Fia-block=  1.050D-02 for orbital     45a         
          max. resid. fock norm         =  1.538D-02 for orbital    380a         

 ITERATION  ENERGY          1e-ENERGY        2e-ENERGY     RMS[dD(SAO)]   TOL
   8  -1650.2925053481    -4102.6954751     1530.4032024    0.388D-03 0.240D-12
                            Exc = -85.6335424431      Eck =  1616.03674482    
                              N = 96.000013158    
                            current damping = 1.150
 
          Norm of current diis error: 0.10235    
          max. resid. norm for Fia-block=  7.681D-03 for orbital     46a         
          max. resid. fock norm         =  9.248D-03 for orbital    380a         

 ITERATION  ENERGY          1e-ENERGY        2e-ENERGY     RMS[dD(SAO)]   TOL
   9  -1650.2932145021    -4102.9657361     1530.6727542    0.202D-03 0.231D-12
                            Exc = -85.6454637985      Eck =  1616.31821801    
                              N = 96.000013347    
                            current damping = 1.200
 
          Norm of current diis error: 0.52381E-01
          max. resid. norm for Fia-block=  4.172D-03 for orbital     46a         
          max. resid. fock norm         =  4.626D-03 for orbital     46a         

 ITERATION  ENERGY          1e-ENERGY        2e-ENERGY     RMS[dD(SAO)]   TOL
  10  -1650.2934348211    -4102.9096611     1530.6164589    0.131D-03 0.224D-12
                            Exc = -85.6466045206      Eck =  1616.26306339    
                              N = 96.000013487    
                            current damping = 1.250
 
          Norm of current diis error: 0.32911E-01
          max. resid. norm for Fia-block=  3.637D-03 for orbital     46a         
          max. resid. fock norm         =  4.017D-03 for orbital     46a         
          mo-orthogonalization: Cholesky decomposition

 ITERATION  ENERGY          1e-ENERGY        2e-ENERGY     RMS[dD(SAO)]   TOL
  11  -1650.2934868073    -4103.1764461     1530.8831920    0.703D-04 0.219D-12
                            Exc = -85.6549118361      Eck =  1616.53810380    
                              N = 96.000013524    
                            current damping = 1.300
 
          Norm of current diis error: 0.29425E-01
          max. resid. norm for Fia-block=  1.862D-03 for orbital     42a         
          max. resid. fock norm         =  2.184D-03 for orbital     49a         

 ITERATION  ENERGY          1e-ENERGY        2e-ENERGY     RMS[dD(SAO)]   TOL
  12  -1650.2935324435    -4102.9359287     1530.6426289    0.511D-04 0.216D-12
                            Exc = -85.6489235222      Eck =  1616.29155239    
                              N = 96.000013593    
                            current damping = 1.350
 
          Norm of current diis error: 0.15374E-01
          max. resid. norm for Fia-block=  1.266D-03 for orbital     46a         
          max. resid. fock norm         =  1.402D-03 for orbital     46a         

 ITERATION  ENERGY          1e-ENERGY        2e-ENERGY     RMS[dD(SAO)]   TOL
  13  -1650.2935454574    -4103.0028302     1530.7095174    0.250D-04 0.212D-12
                            Exc = -85.6512305220      Eck =  1616.36074793    
                              N = 96.000013600    
                            current damping = 1.400
 
          Norm of current diis error: 0.65254E-02
          max. resid. norm for Fia-block=  6.490D-04 for orbital     46a         
          max. resid. fock norm         =  7.243D-04 for orbital     46a         

 ITERATION  ENERGY          1e-ENERGY        2e-ENERGY     RMS[dD(SAO)]   TOL
  14  -1650.2935489911    -4103.0115478     1530.7182314    0.155D-04 0.209D-12
                            Exc = -85.6516984714      Eck =  1616.36992991    
                              N = 96.000013609    
                            current damping = 1.250
 
          Norm of current diis error: 0.38640E-02
          max. resid. norm for Fia-block=  3.873D-04 for orbital     46a         
          max. resid. fock norm         =  4.381D-04 for orbital     46a         

 ITERATION  ENERGY          1e-ENERGY        2e-ENERGY     RMS[dD(SAO)]   TOL
  15  -1650.2935503920    -4103.0172471     1530.7239293    0.987D-05 0.203D-12
                            Exc = -85.6519880785      Eck =  1616.37591740    
                              N = 96.000013613    
                            current damping = 1.100
 
          Norm of current diis error: 0.21769E-02
          max. resid. norm for Fia-block=  2.037D-04 for orbital     46a         
          max. resid. fock norm         =  2.327D-04 for orbital     46a         
          mo-orthogonalization: Cholesky decomposition

 ITERATION  ENERGY          1e-ENERGY        2e-ENERGY     RMS[dD(SAO)]   TOL
  16  -1650.2935508441    -4103.0117739     1530.7184557    0.653D-05 0.199D-12
                            Exc = -85.6519357292      Eck =  1616.37039144    
                              N = 96.000013616    
                            current damping = 1.150
 
          Norm of current diis error: 0.18893E-02
          max. resid. norm for Fia-block=  2.180D-04 for orbital     46a         
          max. resid. fock norm         =  2.391D-04 for orbital     46a         

 ITERATION  ENERGY          1e-ENERGY        2e-ENERGY     RMS[dD(SAO)]   TOL
  17  -1650.2935509766    -4103.0328045     1530.7394862    0.363D-05 0.194D-12
                            Exc = -85.6525588650      Eck =  1616.39204507    
                              N = 96.000013615    
                            current damping = 1.200
 
          Norm of current diis error: 0.16268E-02
          max. resid. norm for Fia-block=  8.465D-05 for orbital     42a         
          max. resid. fock norm         =  9.915D-05 for orbital     49a         

 ITERATION  ENERGY          1e-ENERGY        2e-ENERGY     RMS[dD(SAO)]   TOL
  18  -1650.2935511150    -4103.0224402     1530.7291217    0.220D-05 0.192D-12
                            Exc = -85.6522991854      Eck =  1616.38142089    
                              N = 96.000013617    
                            current damping = 1.250
 
          Norm of current diis error: 0.37901E-03
          max. resid. norm for Fia-block=  4.214D-05 for orbital     46a         
          max. resid. fock norm         =  4.877D-05 for orbital     46a         

 ITERATION  ENERGY          1e-ENERGY        2e-ENERGY     RMS[dD(SAO)]   TOL
  19  -1650.2935511347    -4103.0215176     1530.7281991    0.117D-05 0.189D-12
                            Exc = -85.6522869783      Eck =  1616.38048604    
                              N = 96.000013617    
                            current damping = 1.100
 
          Norm of current diis error: 0.24206E-03
          max. resid. norm for Fia-block=  2.918D-05 for orbital     46a         
          max. resid. fock norm         =  3.308D-05 for orbital     46a         

 ITERATION  ENERGY          1e-ENERGY        2e-ENERGY     RMS[dD(SAO)]   TOL
  20  -1650.2935511422    -4103.0218676     1530.7285491    0.719D-06 0.185D-12
                            Exc = -85.6523063883      Eck =  1616.38085545    
                              N = 96.000013617    
                            current damping = 1.150
 
          Norm of current diis error: 0.13242E-03
          max. resid. norm for Fia-block=  1.763D-05 for orbital     46a         
          max. resid. fock norm         =  1.998D-05 for orbital     46a         
          mo-orthogonalization: Cholesky decomposition

 ITERATION  ENERGY          1e-ENERGY        2e-ENERGY     RMS[dD(SAO)]   TOL
  21  -1650.2935511448    -4103.0222422     1530.7289237    0.399D-06 0.180D-12
                            Exc = -85.6523214040      Eck =  1616.38124510    
                              N = 96.000013617    
                            current damping = 1.000
 
          Norm of current diis error: 0.70132E-04
          max. resid. norm for Fia-block=  8.078D-06 for orbital     46a         
          max. resid. fock norm         =  9.510D-06 for orbital     46a         

 ITERATION  ENERGY          1e-ENERGY        2e-ENERGY     RMS[dD(SAO)]   TOL
  22  -1650.2935511457    -4103.0218682     1530.7285497    0.258D-06 0.706D-12
                            Exc = -85.6523142319     Coul =  1643.76036806    
                            exK = -27.3795040931    
                              N = 96.000013617    
                            current damping = 1.050
 
          Norm of current diis error: 0.56276E-04
          max. resid. norm for Fia-block=  6.560D-06 for orbital     46a         
          max. resid. fock norm         =  7.345D-06 for orbital     46a         

 ITERATION  ENERGY          1e-ENERGY        2e-ENERGY     RMS[dD(SAO)]   TOL
  23  -1650.2935511460    -4103.0222378     1530.7289193    0.131D-06 0.448D-12
                            Exc = -85.6523258530      Eck =  1616.38124516    
                              N = 96.000013617    
                            current damping = 1.100
 
          Norm of current diis error: 0.22926E-04
          max. resid. norm for Fia-block=  2.529D-06 for orbital     42a         
          max. resid. fock norm         =  2.933D-06 for orbital    125a         

 DENSITY CONVERGED !


 ITERATION  ENERGY          1e-ENERGY        2e-ENERGY     RMS[dD(SAO)]   TOL
  24  -1650.2935511474    -4103.0220931     1530.7287746    0.700D-07 0.339D-12
                            Exc = -85.6523227402      Eck =  1616.38109731    
                              N = 96.000013617    
                            current damping = 1.150
 
          Norm of current diis error: 0.13959E-04
          max. resid. norm for Fia-block=  1.802D-06 for orbital     46a         
          max. resid. fock norm         =  2.176D-06 for orbital    125a         

 ENERGY & DENSITY CONVERGED !


 ITERATION  ENERGY          1e-ENERGY        2e-ENERGY     RMS[dD(SAO)]   TOL
  25  -1650.2935511471    -4103.0221454     1530.7288269    0.362D-07 0.302D-12
                            Exc = -85.6523246283      Eck =  1616.38115154    
                              N = 96.000013617    
                            current damping = 1.200
 
          Norm of current diis error: 0.62202E-05
          max. resid. norm for Fia-block=  8.471D-07 for orbital     46a         
          max. resid. fock norm         =  1.728D-06 for orbital    124a         

 End of SCF iterations

   convergence criteria satisfied after    25 iterations


                  ------------------------------------------ 
                 |  total energy      =  -1650.29355114707  |
                  ------------------------------------------ 
                 :  kinetic energy    =   1646.02038367824  :
                 :  potential energy  =  -3296.31393482530  :
                 :  virial theorem    =      1.99741066220  :
                 :  wavefunction norm =      1.00000000000  :
                  .......................................... 


 <geterg> : there is no data group $energy 


 <skperg> : $end is missing 


 orbitals $scfmo  will be written to file mos

    irrep                 44a         45a         46a         47a         48a   
 eigenvalues H         -0.26321    -0.26321    -0.24553    -0.21852    -0.21851
            eV          -7.1624     -7.1623     -6.6813     -5.9462     -5.9459
 occupation              2.0000      2.0000      2.0000      2.0000      2.0000

    irrep                 49a         50a         51a         52a         53a   
 eigenvalues H          0.00665     0.00666     0.03113     0.06189     0.06189
            eV           0.1811      0.1811      0.8472      1.6840      1.6842
 
 
 
 
 ==============================================================================
                           electrostatic moments
 ==============================================================================

 reference point for electrostatic moments:    0.00000   0.00000   0.00000

 
              nuc           elec       ->  total
 ------------------------------------------------------------------------------
                          charge      
 ------------------------------------------------------------------------------
          96.000000     -96.000000       0.000000
 
 ------------------------------------------------------------------------------
                       dipole moment  
 ------------------------------------------------------------------------------
   x      -0.000627       0.000641       0.000014
   y      -0.000296       0.000267      -0.000029
   z      -0.000633       0.000535      -0.000098
 
   | dipole moment | =     0.0001 a.u. =     0.0003 debye 
 
 ------------------------------------------------------------------------------
                     quadrupole moment
 ------------------------------------------------------------------------------
  xx     654.535828    -715.035816     -60.499988
  yy     255.880995    -305.571857     -49.690863
  zz     255.883505    -305.574717     -49.691212
  xy       0.000108      -0.000091       0.000017
  xz      -0.000031       0.000030      -0.000001
  yz       0.000131      -0.000098       0.000034
 
     1/3  trace=     -53.294021
     anisotropy=      10.808950
 
 ==============================================================================
 
HOMO-LUMO Separation
 HOMO         :   -0.21850688 H =     -5.94588 eV
 LUMO         :    0.00665376 H =     +0.18106 eV
 HOMO-LUMO gap:    0.22516064 H =     +6.12694 eV
 
 ==============================================================================


    ------------------------------------------------------------------------
         total  cpu-time : 53 minutes and 50 seconds
         total wall-time :  3 minutes and 26 seconds
    ------------------------------------------------------------------------

   ****  ridft : all done  ****


    2022-09-07 00:03:00.501 

