
 escf (compt230) : TURBOMOLE rev. V7-6-2381-g96b3af1 compiled 16 Jan 2023 at 13:48:01
 Copyright (C) 2023 TURBOMOLE GmbH, Karlsruhe


    2023-03-08 01:08:25.578 


 escf run will be profiled !




                                e s c f

                             TURBOMOLE GmbH

          integral direct evaluation of 

                    * excitation energies and transition moments 
                    * polarizabilities
                    * dynamic response properties 
                    * stabilities
                    * quasiparticle states with GW
                    * NMR coupling-constants



          references (see also programs dscf and ridft) 
          implementation and benchmarks (review) 
          F. Furche and D. Rappoport,  
          "Density functional methods for excited states: 
          equilibrium structure and electronic spectra",
          ch. III of "Computational Photochemistry", ed. by 
          M. Olivucci, vol. 16 of "Theoretical and Computational 
          Chemistry", Elsevier, Amsterdam, 2005.



              +--------------------------------------------------+
              | Atomic coordinate, charge and isotop information |
              +--------------------------------------------------+

                    atomic coordinates            atom    charge  isotop
         -9.24314180    6.23174984    0.00054802    c      6.000     0
         -9.98177905    5.77299993   -1.91166584    h      1.000     0
         -6.60094563    6.20640861   -0.00619830    o      8.000     0
         -9.98177905    4.88256098    1.43120298    h      1.000     0
         -9.90212710    8.15492412    0.51283388    h      1.000     0
         -6.10304059    4.45939461   -0.47154336    h      1.000     0
 
       center of nuclear mass  :   -7.89226438    6.16696788   -0.01670470
       center of nuclear charge:   -8.01306343    6.12842487   -0.02697059

              +--------------------------------------------------+
              |               basis set information              |
              +--------------------------------------------------+

              we will work with the 1s 3p 5d 7f 9g ... basis set
              ...i.e. with spherical basis functions...

   type   atoms  prim   cont   basis
   ---------------------------------------------------------------------------
    c        1     46     31   def2-TZVP   [5s3p2d1f|11s6p2d1f]
    h        4      4      2   def-SV(P)   [2s|4s]
    o        1     24     14   def-SV(P)   [3s2p1d|7s4p1d]
   ---------------------------------------------------------------------------
   total:    6     86     53
   ---------------------------------------------------------------------------

   total number of primitive shells          :   36
   total number of contracted shells         :   25
   total number of cartesian basis functions :   59
   total number of SCF-basis functions       :   53


 residuum convergence criterium   :  0.10E-04


 integral neglect threshold       :  0.33E-10
 integral storage threshold THIZE :  0.10E-04
 integral storage threshold THIME :         5

 
             FOUND RI-J FLAG !
 
  
 AUXILIARY BASIS SET information:

              we will work with the 1s 3p 5d 7f 9g ... basis set
              ...i.e. with spherical basis functions...

   type   atoms  prim   cont   basis
   ---------------------------------------------------------------------------
    c        1      1      1   def2-TZVP   [1s|1s]
    h        4      1      1   def-SV(P)   [1s|1s]
    o        1      1      1   def-SV(P)   [1s|1s]
   ---------------------------------------------------------------------------
   total:    6      6      6
   ---------------------------------------------------------------------------

   total number of primitive shells          :    3
   total number of contracted shells         :    6
   total number of cartesian basis functions :    6
   total number of SCF-basis functions       :    6

 
             FOUND RI-K FLAG !
 
  
 AUXILIARY BASIS SET information:

              we will work with the 1s 3p 5d 7f 9g ... basis set
              ...i.e. with spherical basis functions...

   type   atoms  prim   cont   basis
   ---------------------------------------------------------------------------
    c        1      1      1   def2-TZVP   [1s|1s]
    h        4      1      1   def-SV(P)   [1s|1s]
    o        1      1      1   def-SV(P)   [1s|1s]
   ---------------------------------------------------------------------------
   total:    6      6      6
   ---------------------------------------------------------------------------

   total number of primitive shells          :    3
   total number of contracted shells         :    6
   total number of cartesian basis functions :    6
   total number of SCF-basis functions       :    6

 RPA SINGLET-EXCITATION-CALCULATION 
 
             FOUND DFT-FLAG !
 

 maximum number of Davidson iterations set to   35


 symmetry group of the molecule :   c1 

 the group has the following generators :
   c1(z)

    1 symmetry operations found

 there are 1 real representations :   a   

 maximum number of shells which are related by symmetry :  1

 IRREPs of excited states :   a   
  
           ------------------
           density functional
           ------------------
 TPSS global hybrid functional
 exchange:    9/10 (LDA+TPSS) + 1/10 HF
 correlation: LDA (PW) + TPSS
 spherical integration : Lebedev's spherical grid
 spherical gridsize    :                     3
    i.e. gridpoints    :                   302
  maximum batchsize    :                   100
 value for diffuse not defined
 radial integration    : Chebyshev 2nd kind (scaling 3)
 radial gridsize       :                     3
 integration cells     :                     6
 partition function    : becke
 partition sharpness   :                     3
  

 The current-density response will be included
 for meta-GGA and LHF functionals in TDDFT.


 ----------------------------------------------------------------------
          some useful papers before it begins
 ----------------------------------------------------------------------

     nonorthonormal Krylov space methods 
     F. Furche, B. T. Krull, B. D. Nguyen, and J. Kwon, 
     J. Chem. Phys. 144, 174105 (2016).

     current-density dependent meta-GGA linear response
     excitation energies.
     J. E. Bates and F. Furche, 
     J. Chem. Phys. 137, 164105 (2012).

     More current-density dependent meta-GGA response
     NMR couplings, SCF instabilities, damped response, etc.
     C. Holzer, Y. J. Franzke, and M. Kehry, 
     J. Chem. Theory Comput. 17, 2928 (2021).

     RI-J method 
     R. Bauernschmitt, M. Haeser, O. Treutler, and R. Ahlrichs,
     Chem. Phys. Lett. 264, 573 (1997).

     density functional implementation               
     R. Bauernschmitt and R. Ahlrichs,
     Chem. Phys. Lett. 256, 454 (1996).
     R. Bauernschmitt and R. Ahlrichs,
     J. Chem. Phys. 104, 9047 (1996).

     UHF extension (RPA and CIS)
     C. Ochsenfeld, J. Gauss, and R. Ahlrichs, 
     J. Chem. Phys. 103, 7401 (1995).

     integral direct algorithm                 
     H. Weiss, R. Ahlrichs, and M. Haeser, 
     J. Chem. Phys. 99, 1262 (1993).

 ----------------------------------------------------------------------

  MOs are in ASCII format !


    mo occupation :
   irrep   mo's   occupied
    a       53        9
 
 number of basis functions   :    53
 number of occupied orbitals :     9
 

 reading orbital data $scfmo  from file mos
 orbital characterization : scfconv=7
  
           ----------------------
               RI - INFORMATION
           ----------------------

 biggest AO integral is expected to be     5.725698708

 Threshold for integral neglect (rithr2):   0.33E-10
 Threshold for integral neglect (rithr1):   0.33E-10

 Contributions to RI integral batches: 
  neglected integral batches:                     1
  direct contribution:                            0
  memory contribution:                   324
 Core memory available (ricore)            500 MiB
 Core memory needed for (P|Q) and Cholesky 1 MiB
 Core memory used for integrals            1 MiB
  
 ****************************************
 Memory allocated for RIDFT 1 MiB
 ****************************************
                                            

 MAXIMUM CORE MEMORY WHICH CAN BE ALLOCATED DYNAMICALLY in escf_cc_setup= 500 MiB
              ( or 65536000 double words )

 Summary of integral storage options:
 B_ji^Q integral storage mode: on-disk   
 B_ai^Q integral storage mode: on-disk   
 B_ba^Q integral storage mode: on-disk   

   *-----------------------------------------------------------------------*
   |                     program will use  1 thread(s)                     |
   *-----------------------------------------------------------------------*
  MOs are in ASCII format !


 reading orbital data $scfmo  from file mos
 orbital characterization : scfconv=7
 time elapsed for calculating density matrices :   0.001 sec
 all orbitals will be active in the correlation treatment


   Molecular Orbital Statistic:
   ============================

   -----------------------------
   orbitals in total:
   -----------------------------
    frozen occupied :      0
    active occupied :      9
    active virtual  :     44
    frozen virtual  :      0
    all together    :     53
   -----------------------------


     time in riccmos       cpu:  0.01 sec    wall:  0.08 sec    ratio:  0.1

     total memory allocated for calculation of (Q|P)**(-1/2) : 1 MiB


     calculation of (P|Q) ...
     time in lp2sym        cpu:  0.00 sec    wall:  0.00 sec    ratio:  1.0


     calculation of the Cholesky decomposition of (P|Q)**(-1) ...
     time in invmetri      cpu:  0.00 sec    wall:  0.02 sec    ratio:  0.1
 preparing DFT   numerical integration ....
          Overall gridpoints after grid construction =         27148

 Calculating ground state density on molecular grid

 Integral of ground state density: N =   18.00000497721145    


 all orbitals will be included in the transformation

 number of non-frozen orbitals          :    53
 number of non-frozen occupied orbitals :     9



 dimension of super-tensorspace: 2

          IRREP   tensor space dimension   number of roots

           a                 396                      5
                    12
 Switching off XC: hybrid=  0.100000000000000     

 machine precision: 2.22D-16


 logfile sing_a    will be constructed




                       Nonorthonormal Krylov Space Iteration


 total number of roots to be determined: 5


 maximum core memory set to          500 MB,
 corresponding to     9248 vectors in CAO basis


 maximum number of simultaneously treated vectors (including degeneracy):       10


 Iteration IRREP Converged      Max. Euclidean
                 roots          residual norm

    1       a        0        7.599919960732969D-02
 
    2       a        0        1.375578194286571D-02
 
    3       a        0        2.616103872683770D-03
 
    4       a        3        3.682390440221510D-04
 
    5       a        4        5.278102942652666D-05
 
    6       a        5        7.280569681751527D-06
 

 converged!

 Eigenpairs written on logfile sing_a   



 IRREP   Vector     Eigenvalue           Euclidean residual norm

  a         1    2.626909428542463D-01    1.009130275487111D-06
            2    3.308891504058769D-01    5.903325119884591D-06
            3    3.357829867347925D-01    6.765177794291897D-06
            4    3.624306220177071D-01    7.280569681751527D-06
            5    3.757973731789269D-01    2.265417711557101D-06






                    Selection rules for point group c1  


 Subduction with respect to c1  :

    Polar vector representation: a                           

    Axial vector representation: a                           

    Symmetric second rank tensor representation: a                           




                            Ground state


 Total energy:                           -115.6583837467000    

 Charge:

               elec          nuc         total

           -18.000000    18.000000     0.000000


 Electric dipole moment:

               elec          nuc         total   

    x      143.943174  -144.235142    -0.291968    Norm:              0.638713
    y     -110.860583   110.311648    -0.548935
    z        0.339254    -0.485471    -0.146217    Norm / debye:      1.623459


 Electric quadrupole moment:

               elec          nuc         total   

   xx    -1201.034218  1195.764940    -5.269277
   yy     -700.204801   684.720217   -15.484584    1/3*trace:       -10.259015
   zz      -16.211651     6.188469   -10.023182
   xy      888.734636  -887.679428     1.055208
   xz       -2.126953     2.892501     0.765548    Anisotropy:        9.180754
   yz        1.740254    -2.256050    -0.515797



 ==============================================================================

                              I R R E P   a   

 ==============================================================================


 Excitation is electric dipole allowed

 Excitation is magnetic dipole allowed

 Excitation is electric quadrupole allowed




                         1 singlet a excitation


 Total energy:                           -115.3956928038457    

 Excitation energy:                      0.2626909428542463    

 Excitation energy / eV:                  7.148187316277728    

 Excitation energy / nm:                  173.4485101196685    

 Excitation energy / cm^(-1):             57653.99767117052    


 Oscillator strength:

    velocity representation:             0.1076200740006700E-01

    length representation:               0.8425643951319033E-05

    mixed representation:                0.3011258445023585E-03


 Rotatory strength:

    velocity representation:             0.3790139840345332E-08

    velocity rep. / 10^(-40)erg*cm^3:    0.2448612885395238E-03

    length representation:               0.1597922647749531E-08

    length rep. / 10^(-40)erg*cm^3:      0.1032334992892473E-03


 Dominant contributions:

      occ. orbital   energy / eV   virt. orbital     energy / eV   |coeff.|^2*100
        9 a              -6.76          10 a               1.25       99.7
 

 Change of electron number:

            -0.000000


 Electric transition dipole moment (velocity rep.):

    x       -0.000003        Norm:                  0.247896
    y        0.063808
    z       -0.239543        Norm / debye:          0.630094


 Electric transition dipole moment (length rep.):

    x       -0.000006        Norm:                  0.006936
    y        0.001783
    z       -0.006703        Norm / debye:          0.017630


 Magnetic transition dipole moment / i:

    x       -0.000455        Norm:                  0.000695
    y        0.000508
    z        0.000135        Norm / Bohr mag.:      0.190553


 Electric quadrupole transition moment:

   xx        0.000090
   yy        0.174428        1/3*trace:             0.007442
   zz       -0.152193
   xy        0.128799
   xz       -0.483606        Anisotropy:            1.055755
   yz       -0.307188




                         2 singlet a excitation


 Total energy:                           -115.3274945962941    

 Excitation energy:                      0.3308891504058769    

 Excitation energy / eV:                  9.003955760049033    

 Excitation energy / nm:                  137.6997481002651    

 Excitation energy / cm^(-1):             72621.77408796659    


 Oscillator strength:

    velocity representation:             0.4513084147019729E-01

    length representation:               0.2668783069204952E-01

    mixed representation:                0.3470510417723044E-01


 Rotatory strength:

    velocity representation:             0.2633102023140360E-07

    velocity rep. / 10^(-40)erg*cm^3:    0.1701110727839084E-02

    length representation:              -0.6737407236540390E-08

    length rep. / 10^(-40)erg*cm^3:     -0.4352689575708321E-03


 Dominant contributions:

      occ. orbital   energy / eV   virt. orbital     energy / eV   |coeff.|^2*100
        9 a              -6.76          11 a               2.87       99.2
 

 Change of electron number:

            -0.000000


 Electric transition dipole moment (velocity rep.):

    x       -0.000006        Norm:                  0.452315
    y       -0.116423
    z        0.437075        Norm / debye:          1.149679


 Electric transition dipole moment (length rep.):

    x       -0.000008        Norm:                  0.347825
    y       -0.089531
    z        0.336105        Norm / debye:          0.884090


 Magnetic transition dipole moment / i:

    x        0.003040        Norm:                  0.006287
    y        0.005318
    z        0.001417        Norm / Bohr mag.:      1.723102


 Electric quadrupole transition moment:

   xx        0.000129
   yy       -0.799461        1/3*trace:            -0.371775
   zz       -0.315995
   xy        1.026893
   xz       -3.855109        Anisotropy:            7.441463
   yz        1.542697




                         3 singlet a excitation


 Total energy:                           -115.3226007599652    

 Excitation energy:                      0.3357829867347925    

 Excitation energy / eV:                  9.137123879186293    

 Excitation energy / nm:                  135.6928565769974    

 Excitation energy / cm^(-1):             73695.84700896157    


 Oscillator strength:

    velocity representation:             0.1108520859970706E-01

    length representation:               0.6574843808032416E-02

    mixed representation:                0.7725649979235069E-02


 Rotatory strength:

    velocity representation:            -0.1117477776269387E-07

    velocity rep. / 10^(-40)erg*cm^3:   -0.7219444657394823E-03

    length representation:              -0.3188415448803142E-04

    length rep. / 10^(-40)erg*cm^3:      -2.059869946967782    


 Dominant contributions:

      occ. orbital   energy / eV   virt. orbital     energy / eV   |coeff.|^2*100
        8 a              -8.50          10 a               1.25       99.1
 

 Change of electron number:

             0.000000


 Electric transition dipole moment (velocity rep.):

    x        0.001207        Norm:                  0.222530
    y       -0.215029
    z       -0.057275        Norm / debye:          0.565619


 Electric transition dipole moment (length rep.):

    x        0.073768        Norm:                  0.171380
    y       -0.149478
    z       -0.039817        Norm / debye:          0.435607


 Magnetic transition dipole moment / i:

    x       -0.000437        Norm:                  0.001728
    y        0.000428
    z       -0.001617        Norm / Bohr mag.:      0.473731


 Electric quadrupole transition moment:

   xx       -1.068591
   yy       -1.413890        1/3*trace:            -1.011280
   zz       -0.551358
   xy        0.683129
   xz        0.059547        Anisotropy:            1.407293
   yz        0.038629




                         4 singlet a excitation


 Total energy:                           -115.2959531246823    

 Excitation energy:                      0.3624306220177071    

 Excitation energy / eV:                  9.862243239863353    

 Excitation energy / nm:                  125.7160678265589    

 Excitation energy / cm^(-1):             79544.32692170756    


 Oscillator strength:

    velocity representation:             0.1720171492064580E-02

    length representation:               0.2169605009331905E-02

    mixed representation:                0.1931862490365593E-02


 Rotatory strength:

    velocity representation:             0.2792236073481445E-07

    velocity rep. / 10^(-40)erg*cm^3:    0.1803918988901772E-02

    length representation:               0.3129547312953284E-07

    length rep. / 10^(-40)erg*cm^3:      0.2021838295880199E-02


 Dominant contributions:

      occ. orbital   energy / eV   virt. orbital     energy / eV   |coeff.|^2*100
        9 a              -6.76          12 a               3.88       93.1
 

 Change of electron number:

             0.000000


 Electric transition dipole moment (velocity rep.):

    x       -0.000016        Norm:                  0.084376
    y       -0.021728
    z        0.081530        Norm / debye:          0.214464


 Electric transition dipole moment (length rep.):

    x       -0.000016        Norm:                  0.094760
    y       -0.024400
    z        0.091564        Norm / debye:          0.240857


 Magnetic transition dipole moment / i:

    x        0.000542        Norm:                  0.000884
    y       -0.000676
    z       -0.000180        Norm / Bohr mag.:      0.242359


 Electric quadrupole transition moment:

   xx        0.000269
   yy       -0.402027        1/3*trace:            -0.101214
   zz        0.098116
   xy        0.285945
   xz       -1.073312        Anisotropy:            2.358208
   yz        0.741413




                         5 singlet a excitation


 Total energy:                           -115.2825863735211    

 Excitation energy:                      0.3757973731789269    

 Excitation energy / eV:                  10.22597120121711    

 Excitation energy / nm:                  121.2444681945824    

 Excitation energy / cm^(-1):             82477.98969647508    


 Oscillator strength:

    velocity representation:             0.1160793875745128E-01

    length representation:               0.1421528442381675E-01

    mixed representation:                0.1284562769569612E-01


 Rotatory strength:

    velocity representation:             0.9376648563547835E-07

    velocity rep. / 10^(-40)erg*cm^3:    0.6057766589539357E-02

    length representation:               0.7391964981377489E-07

    length rep. / 10^(-40)erg*cm^3:      0.4775565405033219E-02


 Dominant contributions:

      occ. orbital   energy / eV   virt. orbital     energy / eV   |coeff.|^2*100
        9 a              -6.76          13 a               4.12       92.3
 

 Change of electron number:

            -0.000000


 Electric transition dipole moment (velocity rep.):

    x       -0.000038        Norm:                  0.215252
    y       -0.055413
    z        0.207997        Norm / debye:          0.547119


 Electric transition dipole moment (length rep.):

    x       -0.000043        Norm:                  0.238203
    y       -0.061328
    z        0.230173        Norm / debye:          0.605455


 Magnetic transition dipole moment / i:

    x       -0.000229        Norm:                  0.004774
    y        0.004608
    z        0.001228        Norm / Bohr mag.:      1.308411


 Electric quadrupole transition moment:

   xx        0.000737
   yy       -0.574563        1/3*trace:            -0.254388
   zz       -0.189339
   xy        0.733940
   xz       -2.755437        Anisotropy:            5.320141
   yz        1.103456

 SUMMARY OF EXCITATION ENERGIES AND DIPOLE OSCILLATOR STRENGTHS (velocity/length):

 -----------------------------------------------------------------------------------------------
 |    Exc.   | energy (Eh) | energy (eV) | energy (cm-1) | energy (nm) | Osc.(vel) | Osc.(len) |
 -----------------------------------------------------------------------------------------------
 |     1 a   |    0.262691 |     7.14818 |     57653.998 |     173.449 |   0.01076 |   0.00001 |
 |     2 a   |    0.330889 |     9.00395 |     72621.774 |     137.700 |   0.04513 |   0.02669 |
 |     3 a   |    0.335783 |     9.13712 |     73695.847 |     135.693 |   0.01109 |   0.00657 |
 |     4 a   |    0.362431 |     9.86224 |     79544.327 |     125.716 |   0.00172 |   0.00217 |
 |     5 a   |    0.375797 |    10.22597 |     82477.990 |     121.244 |   0.01161 |   0.01422 |
 -----------------------------------------------------------------------------------------------



    escf profiling
  --------------------------------------------------------------------
             module   cpu total (s)       %  wall total (s)       %

         input total             0.0    8.02             0.0    4.33
       init symmetry             0.0    0.96             0.0    0.47
               moinp             0.0    1.30             0.0    0.37
            RI total             0.0    1.26             0.0    0.31
          RI prelims             0.0    0.52             0.0    0.13
       escf_cc_setup             0.0   11.25             0.2   21.81
           grid init             0.0    7.86             0.0    1.93
            becke...             0.0    4.16             0.0    1.02
         dft prelims             0.1   42.89             0.1   10.52
           dft total             0.1   42.90             0.1   10.52
             funct_2             0.0   13.45             0.0    3.31
              onde_3             0.0   18.60             0.0    4.58
                mgga             0.0    9.38             0.0    2.30
              tracao             0.0    0.22             0.0    0.23
           diag_prep             0.0    0.02             0.0    0.00
              respon             0.0   21.71             0.4   47.80
            startvec             0.0    0.08             0.0    0.07
           mvproduct             0.0    8.39             0.1   10.03
            tramocao             0.0    0.77             0.0    0.19
     tramocao_mvprod             0.0    0.61             0.0    0.15
              colrsp             0.0    0.72             0.0    0.18
              gammaP             0.0    0.29             0.0    0.07
              cotlet             0.0    0.05             0.0    0.01
              gammaQ             0.0    0.23             0.0    0.06
            tracaomo             0.0    0.84             0.0    0.78
              mv_rik             0.0    5.96             0.1    8.86
                ritz             0.0    2.69             0.0    0.66
            expandl3             0.0    0.40             0.1    8.92
           startover             0.0    0.61             0.0    0.15
                rest             0.0    0.51             0.0    1.91
             writeep             0.0    3.04             0.0    2.33
              proper             0.0    2.60             0.0    1.64
 


    ------------------------------------------------------------------------
         total  cpu-time :   0.23 seconds
         total wall-time :   0.96 seconds
    ------------------------------------------------------------------------

   ****  escf : all done  ****


    2023-03-08 01:08:26.511 

