
 escf (compt230) : TURBOMOLE rev. V7-6-2381-g96b3af1 compiled 16 Jan 2023 at 13:48:01
 Copyright (C) 2023 TURBOMOLE GmbH, Karlsruhe


    2023-03-08 01:08:18.995 




                                e s c f

                             TURBOMOLE GmbH

          integral direct evaluation of 

                    * excitation energies and transition moments 
                    * polarizabilities
                    * dynamic response properties 
                    * stabilities
                    * quasiparticle states with GW
                    * NMR coupling-constants



          references (see also programs dscf and ridft) 
          implementation and benchmarks (review) 
          F. Furche and D. Rappoport,  
          "Density functional methods for excited states: 
          equilibrium structure and electronic spectra",
          ch. III of "Computational Photochemistry", ed. by 
          M. Olivucci, vol. 16 of "Theoretical and Computational 
          Chemistry", Elsevier, Amsterdam, 2005.



              +--------------------------------------------------+
              | Atomic coordinate, charge and isotop information |
              +--------------------------------------------------+

                    atomic coordinates            atom    charge  isotop
         -9.24314180    6.23174984    0.00054802    c      6.000     0
         -9.98177905    5.77299993   -1.91166584    h      1.000     0
         -6.60094563    6.20640861   -0.00619830    o      8.000     0
         -9.98177905    4.88256098    1.43120298    h      1.000     0
         -9.90212710    8.15492412    0.51283388    h      1.000     0
         -6.10304059    4.45939461   -0.47154336    h      1.000     0
 
       center of nuclear mass  :   -7.89226438    6.16696788   -0.01670470
       center of nuclear charge:   -8.01306343    6.12842487   -0.02697059

              +--------------------------------------------------+
              |               basis set information              |
              +--------------------------------------------------+

              we will work with the 1s 3p 5d 7f 9g ... basis set
              ...i.e. with spherical basis functions...

   type   atoms  prim   cont   basis
   ---------------------------------------------------------------------------
    c        1     46     31   def2-TZVP   [5s3p2d1f|11s6p2d1f]
    h        4      4      2   def-SV(P)   [2s|4s]
    o        1     24     14   def-SV(P)   [3s2p1d|7s4p1d]
   ---------------------------------------------------------------------------
   total:    6     86     53
   ---------------------------------------------------------------------------

   total number of primitive shells          :   36
   total number of contracted shells         :   25
   total number of cartesian basis functions :   59
   total number of SCF-basis functions       :   53


 residuum convergence criterium   :  0.10E-04


 integral neglect threshold       :  0.33E-10
 integral storage threshold THIZE :  0.10E-04
 integral storage threshold THIME :         5

 
             FOUND RI-J FLAG !
 
  
 AUXILIARY BASIS SET information:

              assign orbital basis set names as defaults
              read basis sets from /home/smp201/dev/turbomole/cbasen/
              (basis sets have been saved in file auxbasis)

              we will work with the 1s 3p 5d 7f 9g ... basis set
              ...i.e. with spherical basis functions...

   type   atoms  prim   cont   basis
   ---------------------------------------------------------------------------
    c        1     81     76   def2-TZVP   [8s6p4d3f1g|8s6p5d3f1g]
    h        4     23     14   def-SV(P)   [3s2p1d|4s3p2d]
    o        1     72     48   def-SV(P)   [6s5p4d1f|8s6p5d3f]
   ---------------------------------------------------------------------------
   total:    6    245    180
   ---------------------------------------------------------------------------

   total number of primitive shells          :   54
   total number of contracted shells         :   62
   total number of cartesian basis functions :  210
   total number of SCF-basis functions       :  180

 
             FOUND RI-K FLAG !
 
  
 AUXILIARY BASIS SET information:

              we will work with the 1s 3p 5d 7f 9g ... basis set
              ...i.e. with spherical basis functions...

   type   atoms  prim   cont   basis
   ---------------------------------------------------------------------------
    c        1     81     76   def2-TZVP   [8s6p4d3f1g|8s6p5d3f1g]
    h        4     23     14   def-SV(P)   [3s2p1d|4s3p2d]
    o        1     72     48   def-SV(P)   [6s5p4d1f|8s6p5d3f]
   ---------------------------------------------------------------------------
   total:    6    245    180
   ---------------------------------------------------------------------------

   total number of primitive shells          :   54
   total number of contracted shells         :   62
   total number of cartesian basis functions :  210
   total number of SCF-basis functions       :  180

 RPA SINGLET-EXCITATION-CALCULATION 
 
             FOUND DFT-FLAG !
 

 maximum number of Davidson iterations set to   35


 symmetry group of the molecule :   c1 

 the group has the following generators :
   c1(z)

    1 symmetry operations found

 there are 1 real representations :   a   

 maximum number of shells which are related by symmetry :  1

 IRREPs of excited states :   a   
  
           ------------------
           density functional
           ------------------
 TPSS global hybrid functional
 exchange:    9/10 (LDA+TPSS) + 1/10 HF
 correlation: LDA (PW) + TPSS
 spherical integration : Lebedev's spherical grid
 spherical gridsize    :                     3
    i.e. gridpoints    :                   302
  maximum batchsize    :                   100
 value for diffuse not defined
 radial integration    : Chebyshev 2nd kind (scaling 3)
 radial gridsize       :                     3
 integration cells     :                     6
 partition function    : becke
 partition sharpness   :                     3
  

 The current-density response will be included
 for meta-GGA and LHF functionals in TDDFT.


 ----------------------------------------------------------------------
          some useful papers before it begins
 ----------------------------------------------------------------------

     nonorthonormal Krylov space methods 
     F. Furche, B. T. Krull, B. D. Nguyen, and J. Kwon, 
     J. Chem. Phys. 144, 174105 (2016).

     current-density dependent meta-GGA linear response
     excitation energies.
     J. E. Bates and F. Furche, 
     J. Chem. Phys. 137, 164105 (2012).

     More current-density dependent meta-GGA response
     NMR couplings, SCF instabilities, damped response, etc.
     C. Holzer, Y. J. Franzke, and M. Kehry, 
     J. Chem. Theory Comput. 17, 2928 (2021).

     RI-J method 
     R. Bauernschmitt, M. Haeser, O. Treutler, and R. Ahlrichs,
     Chem. Phys. Lett. 264, 573 (1997).

     density functional implementation               
     R. Bauernschmitt and R. Ahlrichs,
     Chem. Phys. Lett. 256, 454 (1996).
     R. Bauernschmitt and R. Ahlrichs,
     J. Chem. Phys. 104, 9047 (1996).

     UHF extension (RPA and CIS)
     C. Ochsenfeld, J. Gauss, and R. Ahlrichs, 
     J. Chem. Phys. 103, 7401 (1995).

     integral direct algorithm                 
     H. Weiss, R. Ahlrichs, and M. Haeser, 
     J. Chem. Phys. 99, 1262 (1993).

 ----------------------------------------------------------------------

  MOs are in ASCII format !


    mo occupation :
   irrep   mo's   occupied
    a       53        9
 
 number of basis functions   :    53
 number of occupied orbitals :     9
 

 reading orbital data $scfmo  from file mos
 orbital characterization : scfconv=7
  
           ----------------------
               RI - INFORMATION
           ----------------------

 biggest AO integral is expected to be     5.725698708

 Threshold for integral neglect (rithr2):   0.33E-10
 Threshold for integral neglect (rithr1):   0.33E-10

 Contributions to RI integral batches: 
  neglected integral batches:                     1
  direct contribution:                            0
  memory contribution:                   324
 Core memory available (ricore)            500 MiB
 Core memory needed for (P|Q) and Cholesky 1 MiB
 Core memory used for integrals            3 MiB
  
 ****************************************
 Memory allocated for RIDFT 4 MiB
 ****************************************
                                            

 MAXIMUM CORE MEMORY WHICH CAN BE ALLOCATED DYNAMICALLY in escf_cc_setup= 500 MiB
              ( or 65536000 double words )

 Summary of integral storage options:
 B_ji^Q integral storage mode: on-disk   
 B_ai^Q integral storage mode: on-disk   
 B_ba^Q integral storage mode: on-disk   

   *-----------------------------------------------------------------------*
   |                     program will use  1 thread(s)                     |
   *-----------------------------------------------------------------------*
  MOs are in ASCII format !


 reading orbital data $scfmo  from file mos
 orbital characterization : scfconv=7
 time elapsed for calculating density matrices :   0.001 sec
 all orbitals will be active in the correlation treatment


   Molecular Orbital Statistic:
   ============================

   -----------------------------
   orbitals in total:
   -----------------------------
    frozen occupied :      0
    active occupied :      9
    active virtual  :     44
    frozen virtual  :      0
    all together    :     53
   -----------------------------


     time in riccmos       cpu:  0.01 sec    wall:  0.06 sec    ratio:  0.1

     total memory allocated for calculation of (Q|P)**(-1/2) : 1 MiB


     calculation of (P|Q) ...
     time in lp2sym        cpu:  0.00 sec    wall:  0.00 sec    ratio:  1.0


     calculation of the Cholesky decomposition of (P|Q)**(-1) ...
     time in invmetri      cpu:  0.00 sec    wall:  0.04 sec    ratio:  0.1
 preparing DFT   numerical integration ....
          Overall gridpoints after grid construction =         27148

 Calculating ground state density on molecular grid

 Integral of ground state density: N =   18.00000497721145    


 all orbitals will be included in the transformation

 number of non-frozen orbitals          :    53
 number of non-frozen occupied orbitals :     9



 dimension of super-tensorspace: 2

          IRREP   tensor space dimension   number of roots

           a                 396                      5

 machine precision: 2.22D-16


 logfile sing_a    will be constructed




                       Nonorthonormal Krylov Space Iteration


 total number of roots to be determined: 5


 maximum core memory set to          500 MB,
 corresponding to     8989 vectors in CAO basis


 maximum number of simultaneously treated vectors (including degeneracy):       10


 Iteration IRREP Converged      Max. Euclidean
                 roots          residual norm

    1       a        0        1.143969544349691D-01
 
    2       a        0        2.778032529935410D-02
 
    3       a        0        7.134575891681550D-03
 
    4       a        0        1.410080614248801D-03
 
    5       a        3        2.198261700610425D-04
 
    6       a        4        2.670939363345281D-05
 
    7       a        5        5.668785713080458D-06
 

 converged!

 Eigenpairs written on logfile sing_a   



 IRREP   Vector     Eigenvalue           Euclidean residual norm

  a         1    2.658116794559583D-01    7.523220475822792D-07
            2    3.327639736491682D-01    2.669099327424763D-06
            3    3.343172425840717D-01    5.668785713080458D-06
            4    3.620065011799206D-01    2.897367970647490D-06
            5    3.736507834642507D-01    7.549307136315308D-07






                    Selection rules for point group c1  


 Subduction with respect to c1  :

    Polar vector representation: a                           

    Axial vector representation: a                           

    Symmetric second rank tensor representation: a                           




                            Ground state


 Total energy:                           -115.6583837467000    

 Charge:

               elec          nuc         total

           -18.000000    18.000000     0.000000


 Electric dipole moment:

               elec          nuc         total   

    x      143.943174  -144.235142    -0.291968    Norm:              0.638713
    y     -110.860583   110.311648    -0.548935
    z        0.339254    -0.485471    -0.146217    Norm / debye:      1.623459


 Electric quadrupole moment:

               elec          nuc         total   

   xx    -1201.034218  1195.764940    -5.269277
   yy     -700.204801   684.720217   -15.484584    1/3*trace:       -10.259015
   zz      -16.211651     6.188469   -10.023182
   xy      888.734636  -887.679428     1.055208
   xz       -2.126953     2.892501     0.765548    Anisotropy:        9.180754
   yz        1.740254    -2.256050    -0.515797



 ==============================================================================

                              I R R E P   a   

 ==============================================================================


 Excitation is electric dipole allowed

 Excitation is magnetic dipole allowed

 Excitation is electric quadrupole allowed




                         1 singlet a excitation


 Total energy:                           -115.3925720672440    

 Excitation energy:                      0.2658116794559583    

 Excitation energy / eV:                  7.233106916289133    

 Excitation energy / nm:                  171.4121544743833    

 Excitation energy / cm^(-1):             58338.92018434324    


 Oscillator strength:

    velocity representation:             0.8421738578256876E-02

    length representation:               0.3203334733320983E-04

    mixed representation:                0.5193999930062481E-03


 Rotatory strength:

    velocity representation:             0.2540921749385985E-07

    velocity rep. / 10^(-40)erg*cm^3:    0.1641557831217291E-02

    length representation:               0.6200251547953470E-08

    length rep. / 10^(-40)erg*cm^3:      0.4005661129281013E-03


 Dominant contributions:

      occ. orbital   energy / eV   virt. orbital     energy / eV   |coeff.|^2*100
        9 a              -6.76          10 a               1.25       99.9
 

 Change of electron number:

             0.000000


 Electric transition dipole moment (velocity rep.):

    x        0.000003        Norm:                  0.218001
    y       -0.056122
    z        0.210654        Norm / debye:          0.554109


 Electric transition dipole moment (length rep.):

    x        0.000007        Norm:                  0.013445
    y        0.003455
    z       -0.012993        Norm / debye:          0.034174


 Magnetic transition dipole moment / i:

    x        0.000291        Norm:                  0.000985
    y       -0.000909
    z       -0.000242        Norm / Bohr mag.:      0.269861


 Electric quadrupole transition moment:

   xx       -0.000103
   yy       -0.115105        1/3*trace:             0.014316
   zz        0.158157
   xy       -0.205644
   xz        0.772365        Anisotropy:            1.444617
   yz        0.194880




                         2 singlet a excitation


 Total energy:                           -115.3256197730508    

 Excitation energy:                      0.3327639736491682    

 Excitation energy / eV:                  9.054972318070956    

 Excitation energy / nm:                  136.9239348849623    

 Excitation energy / cm^(-1):             73033.25022691571    


 Oscillator strength:

    velocity representation:             0.7201263110071185E-01

    length representation:               0.4452272212664454E-01

    mixed representation:                0.5662330230220986E-01


 Rotatory strength:

    velocity representation:             0.1107896067613588E-06

    velocity rep. / 10^(-40)erg*cm^3:    0.7157542204538219E-02

    length representation:               0.4958848260688501E-07

    length rep. / 10^(-40)erg*cm^3:      0.3203654814682327E-02


 Dominant contributions:

      occ. orbital   energy / eV   virt. orbital     energy / eV   |coeff.|^2*100
        9 a              -6.76          11 a               2.87       99.9
 

 Change of electron number:

             0.000000


 Electric transition dipole moment (velocity rep.):

    x        0.000005        Norm:                  0.569747
    y        0.146640
    z       -0.550553        Norm / debye:          1.448163


 Electric transition dipole moment (length rep.):

    x        0.000009        Norm:                  0.447990
    y        0.115305
    z       -0.432897        Norm / debye:          1.138686


 Magnetic transition dipole moment / i:

    x       -0.003845        Norm:                  0.007765
    y       -0.006519
    z       -0.001737        Norm / Bohr mag.:      2.128229


 Electric quadrupole transition moment:

   xx       -0.000144
   yy        1.126502        1/3*trace:             0.478819
   zz        0.310098
   xy       -1.242130
   xz        4.663308        Anisotropy:            9.210228
   yz       -2.155943




                         3 singlet a excitation


 Total energy:                           -115.3240665041159    

 Excitation energy:                      0.3343172425840717    

 Excitation energy / eV:                  9.097238934417170    

 Excitation energy / nm:                  136.2877735764468    

 Excitation energy / cm^(-1):             73374.15335278146    


 Oscillator strength:

    velocity representation:             0.1098568185321102E-01

    length representation:               0.6197520923057140E-02

    mixed representation:                0.7488893724892555E-02


 Rotatory strength:

    velocity representation:            -0.1091593727784644E-06

    velocity rep. / 10^(-40)erg*cm^3:   -0.7052221237374095E-02

    length representation:              -0.3046290292082800E-04

    length rep. / 10^(-40)erg*cm^3:      -1.968050250401510    


 Dominant contributions:

      occ. orbital   energy / eV   virt. orbital     energy / eV   |coeff.|^2*100
        8 a              -8.50          10 a               1.25       99.4
 

 Change of electron number:

            -0.000000


 Electric transition dipole moment (velocity rep.):

    x       -0.009416        Norm:                  0.222014
    y        0.214346
    z        0.057072        Norm / debye:          0.564307


 Electric transition dipole moment (length rep.):

    x       -0.076364        Norm:                  0.166754
    y        0.143250
    z        0.038142        Norm / debye:          0.423849


 Magnetic transition dipole moment / i:

    x        0.000434        Norm:                  0.002045
    y       -0.000497
    z        0.001936        Norm / Bohr mag.:      0.560525


 Electric quadrupole transition moment:

   xx        1.142345
   yy        1.138134        1/3*trace:             0.920110
   zz        0.479852
   xy       -0.455449
   xz        0.005573        Anisotropy:            1.039408
   yz       -0.085344




                         4 singlet a excitation


 Total energy:                           -115.2963772455201    

 Excitation energy:                      0.3620065011799206    

 Excitation energy / eV:                  9.850702319722391    

 Excitation energy / nm:                  125.8633546952644    

 Excitation energy / cm^(-1):             79451.24315746219    


 Oscillator strength:

    velocity representation:             0.3476604216489561E-02

    length representation:               0.3855373476208849E-02

    mixed representation:                0.3661093780768749E-02


 Rotatory strength:

    velocity representation:             0.4456804824748908E-07

    velocity rep. / 10^(-40)erg*cm^3:    0.2879310574613924E-02

    length representation:               0.4923304882482870E-07

    length rep. / 10^(-40)erg*cm^3:      0.3180692080448000E-02


 Dominant contributions:

      occ. orbital   energy / eV   virt. orbital     energy / eV   |coeff.|^2*100
        9 a              -6.76          12 a               3.88       92.0
 

 Change of electron number:

             0.000000


 Electric transition dipole moment (velocity rep.):

    x       -0.000020        Norm:                  0.120023
    y       -0.030912
    z        0.115974        Norm / debye:          0.305071


 Electric transition dipole moment (length rep.):

    x       -0.000018        Norm:                  0.126392
    y       -0.032551
    z        0.122129        Norm / debye:          0.321260


 Magnetic transition dipole moment / i:

    x        0.000831        Norm:                  0.000922
    y       -0.000387
    z       -0.000102        Norm / Bohr mag.:      0.252771


 Electric quadrupole transition moment:

   xx        0.000312
   yy       -0.492712        1/3*trace:            -0.135057
   zz        0.087230
   xy        0.352116
   xz       -1.321479        Anisotropy:            2.898988
   yz        0.912829




                         5 singlet a excitation


 Total energy:                           -115.2847329632357    

 Excitation energy:                      0.3736507834642507    

 Excitation energy / eV:                  10.16755949807661    

 Excitation energy / nm:                  121.9410066200472    

 Excitation energy / cm^(-1):             82006.86771158209    


 Oscillator strength:

    velocity representation:             0.1876465543797855E-01

    length representation:               0.2138327746185508E-01

    mixed representation:                0.2003122147222045E-01


 Rotatory strength:

    velocity representation:             0.6535518279427246E-07

    velocity rep. / 10^(-40)erg*cm^3:    0.4222259585620882E-02

    length representation:               0.5526730503890945E-07

    length rep. / 10^(-40)erg*cm^3:      0.3570534095306960E-02


 Dominant contributions:

      occ. orbital   energy / eV   virt. orbital     energy / eV   |coeff.|^2*100
        9 a              -6.76          13 a               4.12       91.6
 

 Change of electron number:

            -0.000000


 Electric transition dipole moment (velocity rep.):

    x       -0.000033        Norm:                  0.274462
    y       -0.070665
    z        0.265210        Norm / debye:          0.697619


 Electric transition dipole moment (length rep.):

    x       -0.000036        Norm:                  0.292988
    y       -0.075437
    z        0.283110        Norm / debye:          0.744707


 Magnetic transition dipole moment / i:

    x        0.000233        Norm:                  0.005434
    y        0.005246
    z        0.001398        Norm / Bohr mag.:      1.489366


 Electric quadrupole transition moment:

   xx        0.000612
   yy       -0.730549        1/3*trace:            -0.313048
   zz       -0.209207
   xy        0.857992
   xz       -3.220746        Anisotropy:            6.294587
   yz        1.398636

 SUMMARY OF EXCITATION ENERGIES AND DIPOLE OSCILLATOR STRENGTHS (velocity/length):

 -----------------------------------------------------------------------------------------------
 |    Exc.   | energy (Eh) | energy (eV) | energy (cm-1) | energy (nm) | Osc.(vel) | Osc.(len) |
 -----------------------------------------------------------------------------------------------
 |     1 a   |    0.265812 |     7.23310 |     58338.920 |     171.412 |   0.00842 |   0.00003 |
 |     2 a   |    0.332764 |     9.05497 |     73033.250 |     136.924 |   0.07201 |   0.04452 |
 |     3 a   |    0.334317 |     9.09724 |     73374.153 |     136.288 |   0.01099 |   0.00620 |
 |     4 a   |    0.362007 |     9.85070 |     79451.243 |     125.863 |   0.00348 |   0.00386 |
 |     5 a   |    0.373651 |    10.16756 |     82006.868 |     121.941 |   0.01876 |   0.02138 |
 -----------------------------------------------------------------------------------------------




    ------------------------------------------------------------------------
         total  cpu-time :   4.14 seconds
         total wall-time :   5.30 seconds
    ------------------------------------------------------------------------

   ****  escf : all done  ****


    2023-03-08 01:08:24.260 

