
 ridft (compt230) : TURBOMOLE rev. V7-6-2381-g96b3af1 compiled 16 Jan 2023 at 13:48:01
 Copyright (C) 2023 TURBOMOLE GmbH, Karlsruhe


    2023-03-08 01:08:16.151 



                                  r i d f t

                        DFT program with RI approximation 
                                for coulomb part 




                                                 
                                 References:     
                                                 
          TURBOMOLE:                             
              R. Ahlrichs, M. Baer, M. Haeser, H. Horn, and
              C. Koelmel
              Electronic structure calculations on workstation
              computers: the program system TURBOMOLE
              Chem. Phys. Lett. 162: 165 (1989)
          Density Functional:                              
              O. Treutler and R. Ahlrichs                      
              Efficient Molecular Numerical Integration Schemes
              J. Chem. Phys. 102: 346 (1995)                   
          Parallel Version:                                
              Performance of parallel TURBOMOLE for Density    
              Functional Calculations                          
              M. v. Arnim and R. Ahlrichs                      
              J. Comp. Chem. 19: 1746 (1998)                   
          RI-J Method:                                     
              Auxiliary Basis Sets to approximate Coulomb      
              Potentials                                       
              Chem. Phys. Lett. 240: 283 (1995)                
              K. Eichkorn, O. Treutler, H. Oehm, M. Haeser     
              and R. Ahlrichs                                  
              Chem. Phys. Lett. 242: 652 (1995)                
                                                           
              Auxiliary Basis Sets for Main Row Atoms and their
              Use to approximate Coulomb Potentials            
              K. Eichkorn, F. Weigend, O. Treutler and         
              R. Ahlrichs                                      
              Theo. Chem. Acc. 97: 119 (1997)                   
                                                           
              Accurate Coulomb-fitting basis sets for H to Rn 
              F. Weigend                                        
              Phys. Chem. Chem. Phys. 8: 1057 (2006)            
                                                           
          Multipole accelerated RI-J (MARI-J):             
              Fast evaluation of the Coulomb potential for     
              electron densities using multipole accelerated   
              resolution of identity approximation             
              M. Sierka, A. Hogekamp and R. Ahlrichs           
              J. Chem. Phys. 118: 9136 (2003)                  
          RI-JK Method:                                     
              A fully direct RI-HF algorithm: Implementation,
              optimised auxiliary basis sets, demonstration of
              accuracy and efficiency                         
              F. Weigend                                      
              Phys. Chem. Chem. Phys. 4: 4285 (2002)           
          Two-component HF and DFT with spin-orbit coupling:  
              Self-consistent treatment of spin-orbit         
              interactions with efficient Hartree-Fock and    
              density functional methods                      
              M. K. Armbruster, F. Weigend, C. van WÃ¼llen and 
              W. Klopper                                      
              Phys. Chem. Chem. Phys. 10: 1748 (2008)         
          Two-component difference density and DIIS algorithm 
              Efficient two-component self-consistent field   
              procedures and gradients: implementation in     
              TURBOMOLE and application to Au20-              
              A. Baldes, F. Weigend                           
              Mol. Phys. 111: 2617 (2013)                     
          Relativistic current density functional theory      
              Current density functional framework for        
              spin-orbit coupling                             
              C. Holzer, Y. J. Franzke, A. Pausch             
              J. Chem. Phys. 157: 204102 (2022)               
          Relativistic all-electron 2c calculations           
              An efficient implementation of two-component    
              relativistic exact-decoupling methods for large 
              molecules                                       
              D. Peng, N. Middendorf, F. Weigend, M. Reiher   
              J. Chem. Phys. 138: 184105 (2013)               
          Finite nucleus model and SNSO approximation         
              Efficient implementation of one- and two-       
              component analytical energy gradients in exact  
              two-component theory                            
              Y. J. Franzke, N. Middendorf, F. Weigend        
              J. Chem. Phys. 148: 104110 (2018)               
          Grids for all-electron relativistic methods         
              Error-consistent segmented contracted all-      
              electron relativistic basis sets of double-     
              and triple-zeta quality for NMR shielding       
              constants                                       
              Y. J. Franzke, R. Tress, T. M. Pazdera,         
              F. Weigend                                      
              Phys. Chem. Chem. Phys. 21: 166658 (2019)       
          Seminumerical exchange algorithms                   
              Seminumerical calculation of the Hartree-Fock   
              exchange matirx: Application to two-component   
              procedures and efficient evaluation of local    
              hybrid functionsl                               
              P. Plessow, F. Weigend,                         
              J. Comput. Chem. 33: 810 (2012)                 
          Improved seminumerical algorithms                   
              C. Holzer,                                      
              J. Chem. Phys. 153 (2020), 184115               
                                         




              +--------------------------------------------------+
              |      general information about current run       |
              +--------------------------------------------------+

 

 DENSITY CONVERGENCE CHECK SWITCHED ON !
 SCF CONVERGENCE IF RMS(delta[D]) <     0.1000000000E-06

 TPSS global hybrid functional
 exchange:    9/10 (LDA+TPSS) + 1/10 HF
 correlation: LDA (PW) + TPSS
 A Hybrid-DFT calculation using the RI-JK approximation will be carried out.
 Allocatable memory for RI due to $ricore (MB):                   500


              +--------------------------------------------------+
              | Atomic coordinate, charge and isotop information |
              +--------------------------------------------------+

                    atomic coordinates            atom    charge  isotop
         -9.24314180    6.23174984    0.00054802    c      6.000     0
         -9.98177905    5.77299993   -1.91166584    h      1.000     0
         -6.60094563    6.20640861   -0.00619830    o      8.000     0
         -9.98177905    4.88256098    1.43120298    h      1.000     0
         -9.90212710    8.15492412    0.51283388    h      1.000     0
         -6.10304059    4.45939461   -0.47154336    h      1.000     0
 
       center of nuclear mass  :   -7.89226438    6.16696788   -0.01670470
       center of nuclear charge:   -8.01306343    6.12842487   -0.02697059

              +--------------------------------------------------+
              |               basis set information              |
              +--------------------------------------------------+

              we will work with the 1s 3p 5d 7f 9g ... basis set
              ...i.e. with spherical basis functions...

   type   atoms  prim   cont   basis
   ---------------------------------------------------------------------------
    c        1     46     31   def2-TZVP   [5s3p2d1f|11s6p2d1f]
    h        4      4      2   def-SV(P)   [2s|4s]
    o        1     24     14   def-SV(P)   [3s2p1d|7s4p1d]
   ---------------------------------------------------------------------------
   total:    6     86     53
   ---------------------------------------------------------------------------

   total number of primitive shells          :   36
   total number of contracted shells         :   25
   total number of cartesian basis functions :   59
   total number of SCF-basis functions       :   53


 integral neglect threshold       :  0.56E-10
 integral storage threshold THIZE :  0.10E-04
 integral storage threshold THIME :         5

 RI-JK AUXILIARY BASIS SET information:

              we will work with the 1s 3p 5d 7f 9g ... basis set
              ...i.e. with spherical basis functions...

   type   atoms  prim   cont   basis
   ---------------------------------------------------------------------------
    c        1     97     75   def2-TZVP   [10s8p5d1f1g|14s10p6d2f1g]
    h        4     20     18   def-SV(P)   [2s2p2d|4s2p2d]
    o        1     97     77   def-SV(P)   [10s8p4d2f1g|14s10p6d2f1g]
   ---------------------------------------------------------------------------
   total:    6    274    224
   ---------------------------------------------------------------------------

   total number of primitive shells          :   74
   total number of contracted shells         :   74
   total number of cartesian basis functions :  262
   total number of SCF-basis functions       :  224


 symmetry group of the molecule :   c1 

 the group has the following generators :
   c1(z)

    1 symmetry operations found

 there are 1 real representations :   a   

 maximum number of shells which are related by symmetry :  1

  
           ------------------
           density functional
           ------------------
 TPSS global hybrid functional
 exchange:    9/10 (LDA+TPSS) + 1/10 HF
 correlation: LDA (PW) + TPSS
 spherical integration : Lebedev's spherical grid
 spherical gridsize    :                     3
    i.e. gridpoints    :                   302
  maximum batchsize    :                   100
 value for diffuse not defined
 radial integration    : Chebyshev 2nd kind (scaling 3)
 radial gridsize       :                     3
 integration cells     :                     6
 partition function    : becke
 partition sharpness   :                     3
  

 biggest AO integral is expected to be     5.725698708

          ------------------------
          nuclear repulsion energy  :   40.3453758809    
          ------------------------


         -----------------
         -S,T+V- integrals
         -----------------

 1e-integrals will be neglected if expon. factor < 0.566434E-11
 
 Difference densities algorithm switched on.
 The maximal number of linear combinations of
 difference densities is  20.

 DIIS switched on: error vector is FDS-SDF
 Max. Iterations for DIIS is     :   4
 DIIS matrix (see manual) 
    Scaling factor of diagonals  :  1.200
    threshold for scaling factor :  0.000

 scf convergence criterion : increment of total energy < .1000000D-06
                  and increment of one-electron energy < .1000000D-03

 MOs are in ASCII format !


    mo occupation :
   irrep   mo's   occupied
    a       53        9
 
 number of basis functions   :    53
 number of occupied orbitals :     9
 

 reading orbital data $scfmo  from file mos
 orbital characterization : expanded
 virtual MOs provided and orthogonalized by Cholesky decomposition

 automatic virtual orbital shift switched on 
      shift if e(lumo)-e(homo) < 0.10000000    

  
           ------------------------
               RI-JK - INFORMATION
           ------------------------
 Contributions to RI integral batches: 
  neglected integral batches:                     1
  direct contribution:                            0
  memory contribution:                   324
 Memory core needed for (P|Q) and Cholesky      1 MByte
 Memory core minimum needed except of (P|Q)     1 MByte
 Total minimum memory core needed (sum)         1 MByte
  
 ****************************************
 Memory allocated for RI-J     4 MByte
 ****************************************
                                            
 total memory allocated for calculation of  (Q|P)**(-1/2) :    1 MiB

  forming (P|Q)**(-1/2) 
 eigenvalues of original matrix 
 smallest =0.3587105387171E-06  largest = 17.09291680310    
  The symmetry information takes                      1  MB

 DSCF restart information will be dumped onto file mos


 Starting SCF iterations

          Overall gridpoints after grid construction =         27148
 
 BLOCKING OF MOS FOR RI-K
 
 
 occupied MOs partitioned into blocks of maximum length 9
 this requires 1 MiB core memory.
 
            MULTIPLE PASS Statistics 
 ----------------------------------------------------
  pass       irrep     lambda      batch : MO  to  MO
 ----------------------------------------------------
   1       1  ->  1    1  ->  9             1  ->   9



 ITERATION  ENERGY          1e-ENERGY        2e-ENERGY     RMS[dD(SAO)]   TOL
   1  -115.25892663788    -236.21527991     80.610977395    0.000D+00 0.565D-10
                            Exc = -13.9139894448     Coul =  95.9956540238    
                           RI-K = -1.47068718359    
                              N = 18.000008474    
                            current damping = 0.300
 
          max. resid. norm for Fia-block=  2.824D-01 for orbital      7a         
          max. resid. fock norm         =  7.474D+00 for orbital     45a         

 ITERATION  ENERGY          1e-ENERGY        2e-ENERGY     RMS[dD(SAO)]   TOL
   2  -115.60714800357    -236.30672250     80.354198614    0.190D-01 0.375D-10
                            Exc = -13.8824517969     Coul =  95.7019868705    
                           RI-K = -1.46533645960    
                              N = 18.000005027    
                            current damping = 0.250
 
          Norm of current diis error: 0.64489    
          max. resid. norm for Fia-block=  8.937D-02 for orbital      3a         
          max. resid. fock norm         =  2.122D-01 for orbital     44a         

 ITERATION  ENERGY          1e-ENERGY        2e-ENERGY     RMS[dD(SAO)]   TOL
   3  -115.65134015316    -237.30192443     81.305208393    0.898D-02 0.308D-10
                            Exc = -14.0467894238     Coul =  96.8356995362    
                           RI-K = -1.48370171928    
                              N = 18.000005593    
                            current damping = 0.200
 
          Norm of current diis error: 0.22872    
          max. resid. norm for Fia-block=  3.184D-02 for orbital      8a         
          max. resid. fock norm         =  3.248D-02 for orbital      8a         

 ITERATION  ENERGY          1e-ENERGY        2e-ENERGY     RMS[dD(SAO)]   TOL
   4  -115.65727171520    -236.66594672     80.663299123    0.594D-02 0.268D-10
                            Exc = -13.9850007407     Coul =  96.1250330518    
                           RI-K = -1.47673318797    
                              N = 18.000004999    
                            current damping = 0.250
 
          Norm of current diis error: 0.10200    
          max. resid. norm for Fia-block=  9.495D-03 for orbital      5a         
          max. resid. fock norm         =  1.204D-02 for orbital      5a         

 ITERATION  ENERGY          1e-ENERGY        2e-ENERGY     RMS[dD(SAO)]   TOL
   5  -115.65832790717    -237.00377124     81.000067456    0.117D-02 0.258D-10
                            Exc = -14.0193176420     Coul =  96.4997951115    
                           RI-K = -1.48041001380    
                              N = 18.000004972    
                            current damping = 0.300
 
          Norm of current diis error: 0.23387E-01
          max. resid. norm for Fia-block=  2.129D-03 for orbital      6a         
          max. resid. fock norm         =  3.220D-03 for orbital     17a         
          mo-orthogonalization: Cholesky decomposition

 ITERATION  ENERGY          1e-ENERGY        2e-ENERGY     RMS[dD(SAO)]   TOL
   6  -115.65838176721    -236.95463832     80.950880668    0.383D-03 0.249D-10
                            Exc = -14.0157516035     Coul =  96.4466816367    
                           RI-K = -1.48004936484    
                              N = 18.000004987    
                            current damping = 0.350
 
          Norm of current diis error: 0.39855E-02
          max. resid. norm for Fia-block=  4.457D-04 for orbital      5a         
          max. resid. fock norm         =  5.315D-04 for orbital      5a         

 ITERATION  ENERGY          1e-ENERGY        2e-ENERGY     RMS[dD(SAO)]   TOL
   7  -115.65838366281    -236.96387209     80.960112545    0.573D-04 0.240D-10
                            Exc = -14.0167983746     Coul =  96.4570717329    
                           RI-K = -1.48016081346    
                              N = 18.000004980    
                            current damping = 0.400
 
          Norm of current diis error: 0.71954E-03
          max. resid. norm for Fia-block=  8.518D-05 for orbital      5a         
          max. resid. fock norm         =  1.061D-04 for orbital      7a         

 ITERATION  ENERGY          1e-ENERGY        2e-ENERGY     RMS[dD(SAO)]   TOL
   8  -115.65838373490    -236.96480219     80.961042572    0.175D-04 0.232D-10
                            Exc = -14.0169017347     Coul =  96.4581153343    
                           RI-K = -1.48017102792    
                              N = 18.000004978    
                            current damping = 0.250
 
          Norm of current diis error: 0.29564E-03
          max. resid. norm for Fia-block=  3.963D-05 for orbital      5a         
          max. resid. fock norm         =  4.857D-05 for orbital      5a         

 ITERATION  ENERGY          1e-ENERGY        2e-ENERGY     RMS[dD(SAO)]   TOL
   9  -115.65838374629    -236.96536254     80.961602914    0.593D-05 0.225D-10
                            Exc = -14.0169702942     Coul =  96.4587516784    
                           RI-K = -1.48017847042    
                              N = 18.000004977    
                            current damping = 0.100
 
          Norm of current diis error: 0.42805E-04
          max. resid. norm for Fia-block=  7.961D-06 for orbital      8a         
          max. resid. fock norm         =  8.812D-06 for orbital      8a         

 ITERATION  ENERGY          1e-ENERGY        2e-ENERGY     RMS[dD(SAO)]   TOL
  10  -115.65838374661    -236.96530494     80.961545311    0.218D-05 0.220D-10
                            Exc = -14.0169649268     Coul =  96.4586879808    
                           RI-K = -1.48017774318    
                              N = 18.000004977    
                            current damping = 0.150
 
          Norm of current diis error: 0.31423E-04
          max. resid. norm for Fia-block=  2.569D-06 for orbital      5a         
          max. resid. fock norm         =  3.454D-06 for orbital      7a         
          mo-orthogonalization: Cholesky decomposition

 ENERGY & DENSITY CONVERGED !


 ITERATION  ENERGY          1e-ENERGY        2e-ENERGY     RMS[dD(SAO)]   TOL
  11  -115.65838374672    -236.96534278     80.961583157    0.258D-06 0.217D-10
                            Exc = -14.0169697960     Coul =  96.4587312542    
                           RI-K = -1.48017830162    
                              N = 18.000004977    
                            current damping = 0.200
 
          Norm of current diis error: 0.35516E-05
          max. resid. norm for Fia-block=  4.314D-07 for orbital      7a         
          max. resid. fock norm         =  5.474D-07 for orbital      5a         

 End of SCF iterations

   convergence criteria satisfied after    11 iterations


                  ------------------------------------------ 
                 |  total energy      =   -115.65838374672  |
                  ------------------------------------------ 
                 :  kinetic energy    =    114.93495739790  :
                 :  potential energy  =   -230.59334114462  :
                 :  virial theorem    =      1.99374514561  :
                 :  wavefunction norm =      1.00000000000  :
                  .......................................... 


 <geterg> : there is no data group $energy 


 <skperg> : $end is missing 


 orbitals $scfmo  will be written to file mos

    irrep                  5a          6a          7a          8a          9a   
 eigenvalues H         -0.48503    -0.42263    -0.40615    -0.31246    -0.24841
            eV         -13.1985    -11.5005    -11.0519     -8.5025     -6.7596
 occupation              2.0000      2.0000      2.0000      2.0000      2.0000

    irrep                 10a         11a         12a         13a         14a   
 eigenvalues H          0.04588     0.10550     0.14259     0.15123     0.15442
            eV           1.2485      2.8709      3.8801      4.1151      4.2021
 
 
 
 
 ==============================================================================
                           electrostatic moments
 ==============================================================================

 reference point for electrostatic moments:    0.00000   0.00000   0.00000

 
              nuc           elec       ->  total
 ------------------------------------------------------------------------------
                          charge      
 ------------------------------------------------------------------------------
          18.000000     -18.000000      -0.000000
 
 ------------------------------------------------------------------------------
                       dipole moment  
 ------------------------------------------------------------------------------
   x    -144.235142     143.943174      -0.291968
   y     110.311648    -110.860583      -0.548935
   z      -0.485471       0.339254      -0.146217
 
   | dipole moment | =     0.6387 a.u. =     1.6234 debye 
 
 ------------------------------------------------------------------------------
                     quadrupole moment
 ------------------------------------------------------------------------------
  xx    1195.764940   -1201.034218      -5.269277
  yy     684.720217    -700.204801     -15.484584
  zz       6.188469     -16.211651     -10.023182
  xy    -887.679428     888.734636       1.055208
  xz       2.892501      -2.126953       0.765548
  yz      -2.256050       1.740254      -0.515797
 
     1/3  trace=     -10.259015
     anisotropy=       9.180754
 
 ==============================================================================
 
HOMO-LUMO Separation
 HOMO         :   -0.24840812 H =     -6.75953 eV
 LUMO         :    0.04588261 H =     +1.24853 eV
 HOMO-LUMO gap:    0.29429073 H =     +8.00806 eV
 
 ==============================================================================


    ------------------------------------------------------------------------
         total  cpu-time :   1.88 seconds
         total wall-time :   2.82 seconds
    ------------------------------------------------------------------------

   ****  ridft : all done  ****


    2023-03-08 01:08:18.892 

