
 escf (compt231) : TURBOMOLE rev. V7-6-2381-g96b3af1 compiled 16 Jan 2023 at 13:48:01
 Copyright (C) 2023 TURBOMOLE GmbH, Karlsruhe


    2023-03-08 01:08:26.310 


 escf run will be profiled !




                                e s c f

                             TURBOMOLE GmbH

          integral direct evaluation of 

                    * excitation energies and transition moments 
                    * polarizabilities
                    * dynamic response properties 
                    * stabilities
                    * quasiparticle states with GW
                    * NMR coupling-constants



          references (see also programs dscf and ridft) 
          implementation and benchmarks (review) 
          F. Furche and D. Rappoport,  
          "Density functional methods for excited states: 
          equilibrium structure and electronic spectra",
          ch. III of "Computational Photochemistry", ed. by 
          M. Olivucci, vol. 16 of "Theoretical and Computational 
          Chemistry", Elsevier, Amsterdam, 2005.



              +--------------------------------------------------+
              | Atomic coordinate, charge and isotop information |
              +--------------------------------------------------+

                    atomic coordinates            atom    charge  isotop
         -9.24314180    6.23174984    0.00054802    c      6.000     0
         -9.98177905    5.77299993   -1.91166584    h      1.000     0
         -6.60094563    6.20640861   -0.00619830    o      8.000     0
         -9.98177905    4.88256098    1.43120298    h      1.000     0
         -9.90212710    8.15492412    0.51283388    h      1.000     0
         -6.10304059    4.45939461   -0.47154336    h      1.000     0
 
       center of nuclear mass  :   -7.89226438    6.16696788   -0.01670470
       center of nuclear charge:   -8.01306343    6.12842487   -0.02697059

              +--------------------------------------------------+
              |               basis set information              |
              +--------------------------------------------------+

              we will work with the 1s 3p 5d 7f 9g ... basis set
              ...i.e. with spherical basis functions...

   type   atoms  prim   cont   basis
   ---------------------------------------------------------------------------
    c        1     46     31   def2-TZVP   [5s3p2d1f|11s6p2d1f]
    h        4      4      2   def-SV(P)   [2s|4s]
    o        1     24     14   def-SV(P)   [3s2p1d|7s4p1d]
   ---------------------------------------------------------------------------
   total:    6     86     53
   ---------------------------------------------------------------------------

   total number of primitive shells          :   36
   total number of contracted shells         :   25
   total number of cartesian basis functions :   59
   total number of SCF-basis functions       :   53


 residuum convergence criterium   :  0.10E-04


 integral neglect threshold       :  0.33E-10
 integral storage threshold THIZE :  0.10E-04
 integral storage threshold THIME :         5

 
             FOUND RI-J FLAG !
 
  
 AUXILIARY BASIS SET information:
 Basis set with nickname o def-SV(P) is not contained within file auxbasis
              read basis sets from /home/smp201/dev/turbomole/cbasen/
              (basis sets have been saved in file auxbasis)

              we will work with the 1s 3p 5d 7f 9g ... basis set
              ...i.e. with spherical basis functions...

   type   atoms  prim   cont   basis
   ---------------------------------------------------------------------------
    c        1      4      4   def2-TZVP   [1s1p|1s1p]
    h        4      1      1   def-SV(P)   [1s|1s]
    o        1     72     48   def-SV(P)   [6s5p4d1f|8s6p5d3f]
   ---------------------------------------------------------------------------
   total:    6     80     56
   ---------------------------------------------------------------------------

   total number of primitive shells          :   25
   total number of contracted shells         :   22
   total number of cartesian basis functions :   63
   total number of SCF-basis functions       :   56

 
             FOUND RI-K FLAG !
 
  
 AUXILIARY BASIS SET information:

              we will work with the 1s 3p 5d 7f 9g ... basis set
              ...i.e. with spherical basis functions...

   type   atoms  prim   cont   basis
   ---------------------------------------------------------------------------
    c        1      4      4   def2-TZVP   [1s1p|1s1p]
    h        4      1      1   def-SV(P)   [1s|1s]
    o        1     72     48   def-SV(P)   [6s5p4d1f|8s6p5d3f]
   ---------------------------------------------------------------------------
   total:    6     80     56
   ---------------------------------------------------------------------------

   total number of primitive shells          :   25
   total number of contracted shells         :   22
   total number of cartesian basis functions :   63
   total number of SCF-basis functions       :   56

 RPA SINGLET-EXCITATION-CALCULATION 
 
             FOUND DFT-FLAG !
 

 maximum number of Davidson iterations set to   35


 symmetry group of the molecule :   c1 

 the group has the following generators :
   c1(z)

    1 symmetry operations found

 there are 1 real representations :   a   

 maximum number of shells which are related by symmetry :  1

 IRREPs of excited states :   a   
  
           ------------------
           density functional
           ------------------
 TPSS global hybrid functional
 exchange:    9/10 (LDA+TPSS) + 1/10 HF
 correlation: LDA (PW) + TPSS
 spherical integration : Lebedev's spherical grid
 spherical gridsize    :                     3
    i.e. gridpoints    :                   302
  maximum batchsize    :                   100
 value for diffuse not defined
 radial integration    : Chebyshev 2nd kind (scaling 3)
 radial gridsize       :                     3
 integration cells     :                     6
 partition function    : becke
 partition sharpness   :                     3
  

 The current-density response will be included
 for meta-GGA and LHF functionals in TDDFT.


 ----------------------------------------------------------------------
          some useful papers before it begins
 ----------------------------------------------------------------------

     nonorthonormal Krylov space methods 
     F. Furche, B. T. Krull, B. D. Nguyen, and J. Kwon, 
     J. Chem. Phys. 144, 174105 (2016).

     current-density dependent meta-GGA linear response
     excitation energies.
     J. E. Bates and F. Furche, 
     J. Chem. Phys. 137, 164105 (2012).

     More current-density dependent meta-GGA response
     NMR couplings, SCF instabilities, damped response, etc.
     C. Holzer, Y. J. Franzke, and M. Kehry, 
     J. Chem. Theory Comput. 17, 2928 (2021).

     RI-J method 
     R. Bauernschmitt, M. Haeser, O. Treutler, and R. Ahlrichs,
     Chem. Phys. Lett. 264, 573 (1997).

     density functional implementation               
     R. Bauernschmitt and R. Ahlrichs,
     Chem. Phys. Lett. 256, 454 (1996).
     R. Bauernschmitt and R. Ahlrichs,
     J. Chem. Phys. 104, 9047 (1996).

     UHF extension (RPA and CIS)
     C. Ochsenfeld, J. Gauss, and R. Ahlrichs, 
     J. Chem. Phys. 103, 7401 (1995).

     integral direct algorithm                 
     H. Weiss, R. Ahlrichs, and M. Haeser, 
     J. Chem. Phys. 99, 1262 (1993).

 ----------------------------------------------------------------------

  MOs are in ASCII format !


    mo occupation :
   irrep   mo's   occupied
    a       53        9
 
 number of basis functions   :    53
 number of occupied orbitals :     9
 

 reading orbital data $scfmo  from file mos
 orbital characterization : scfconv=7
  
           ----------------------
               RI - INFORMATION
           ----------------------

 biggest AO integral is expected to be     5.725698708

 Threshold for integral neglect (rithr2):   0.33E-10
 Threshold for integral neglect (rithr1):   0.33E-10

 Contributions to RI integral batches: 
  neglected integral batches:                     1
  direct contribution:                            0
  memory contribution:                   324
 Core memory available (ricore)            500 MiB
 Core memory needed for (P|Q) and Cholesky 1 MiB
 Core memory used for integrals            1 MiB
  
 ****************************************
 Memory allocated for RIDFT 1 MiB
 ****************************************
                                            

 MAXIMUM CORE MEMORY WHICH CAN BE ALLOCATED DYNAMICALLY in escf_cc_setup= 500 MiB
              ( or 65536000 double words )

 Summary of integral storage options:
 B_ji^Q integral storage mode: on-disk   
 B_ai^Q integral storage mode: on-disk   
 B_ba^Q integral storage mode: on-disk   

   *-----------------------------------------------------------------------*
   |                     program will use  1 thread(s)                     |
   *-----------------------------------------------------------------------*
  MOs are in ASCII format !


 reading orbital data $scfmo  from file mos
 orbital characterization : scfconv=7
 time elapsed for calculating density matrices :   0.001 sec
 all orbitals will be active in the correlation treatment


   Molecular Orbital Statistic:
   ============================

   -----------------------------
   orbitals in total:
   -----------------------------
    frozen occupied :      0
    active occupied :      9
    active virtual  :     44
    frozen virtual  :      0
    all together    :     53
   -----------------------------


     time in riccmos       cpu:  0.01 sec    wall:  0.09 sec    ratio:  0.1

     total memory allocated for calculation of (Q|P)**(-1/2) : 1 MiB


     calculation of (P|Q) ...
     time in lp2sym        cpu:  0.00 sec    wall:  0.00 sec    ratio:  1.0


     calculation of the Cholesky decomposition of (P|Q)**(-1) ...
     time in invmetri      cpu:  0.00 sec    wall:  0.06 sec    ratio:  0.0
 preparing DFT   numerical integration ....
          Overall gridpoints after grid construction =         27148

 Calculating ground state density on molecular grid

 Integral of ground state density: N =   18.00000497849893    


 all orbitals will be included in the transformation

 number of non-frozen orbitals          :    53
 number of non-frozen occupied orbitals :     9



 dimension of super-tensorspace: 2

          IRREP   tensor space dimension   number of roots

           a                 396                      5
                    12
 Switching off XC: hybrid=  0.100000000000000     

 machine precision: 2.22D-16


 logfile sing_a    will be constructed




                       Nonorthonormal Krylov Space Iteration


 total number of roots to be determined: 5


 maximum core memory set to          500 MB,
 corresponding to     9174 vectors in CAO basis


 maximum number of simultaneously treated vectors (including degeneracy):       10


 Iteration IRREP Converged      Max. Euclidean
                 roots          residual norm

    1       a        0        1.242861919247614D-01
 
    2       a        0        3.726491028222131D-02
 
    3       a        0        8.907076160950319D-03
 
    4       a        0        1.378108797585015D-03
 
    5       a        4        2.287748686419741D-04
 
    6       a        4        3.284954117989321D-05
 
    7       a        5        7.792532835889556D-06
 

 converged!

 Eigenpairs written on logfile sing_a   



 IRREP   Vector     Eigenvalue           Euclidean residual norm

  a         1    2.753613870221841D-01    7.698012966339984D-07
            2    3.368898008979985D-01    1.150042241695871D-06
            3    3.428562006386471D-01    5.563323985453811D-06
            4    3.684572426605208D-01    1.856438984050002D-06
            5    3.797589305203921D-01    7.792532835889556D-06






                    Selection rules for point group c1  


 Subduction with respect to c1  :

    Polar vector representation: a                           

    Axial vector representation: a                           

    Symmetric second rank tensor representation: a                           




                            Ground state


 Total energy:                           -115.6583415021000    

 Charge:

               elec          nuc         total

           -18.000000    18.000000     0.000000


 Electric dipole moment:

               elec          nuc         total   

    x      143.943196  -144.235142    -0.291945    Norm:              0.638671
    y     -110.860548   110.311648    -0.548901
    z        0.339263    -0.485471    -0.146207    Norm / debye:      1.623352


 Electric quadrupole moment:

               elec          nuc         total   

   xx    -1201.034622  1195.764940    -5.269682
   yy     -700.204386   684.720217   -15.484169    1/3*trace:       -10.259012
   zz      -16.211654     6.188469   -10.023184
   xy      888.734518  -887.679428     1.055090
   xz       -2.127022     2.892501     0.765478    Anisotropy:        9.180001
   yz        1.740308    -2.256050    -0.515743



 ==============================================================================

                              I R R E P   a   

 ==============================================================================


 Excitation is electric dipole allowed

 Excitation is magnetic dipole allowed

 Excitation is electric quadrupole allowed




                         1 singlet a excitation


 Total energy:                           -115.3829801150778    

 Excitation energy:                      0.2753613870221841    

 Excitation energy / eV:                  7.492967792181348    

 Excitation energy / nm:                  165.4674722288832    

 Excitation energy / cm^(-1):             60434.83872573363    


 Oscillator strength:

    velocity representation:             0.7076845798248242E-02

    length representation:               0.1314196290975348E-03

    mixed representation:                0.9643839439385347E-03


 Rotatory strength:

    velocity representation:             0.3598766682537659E-08

    velocity rep. / 10^(-40)erg*cm^3:    0.2324976608142749E-03

    length representation:              -0.1234400782996099E-08

    length rep. / 10^(-40)erg*cm^3:     -0.7974823595719424E-04


 Dominant contributions:

      occ. orbital   energy / eV   virt. orbital     energy / eV   |coeff.|^2*100
        9 a              -6.76          10 a               1.25       99.8
 

 Change of electron number:

            -0.000000


 Electric transition dipole moment (velocity rep.):

    x        0.000003        Norm:                  0.196342
    y       -0.050539
    z        0.189726        Norm / debye:          0.499056


 Electric transition dipole moment (length rep.):

    x        0.000006        Norm:                  0.026756
    y        0.006889
    z       -0.025854        Norm / debye:          0.068008


 Magnetic transition dipole moment / i:

    x        0.000219        Norm:                  0.001119
    y       -0.001061
    z       -0.000283        Norm / Bohr mag.:      0.306776


 Electric quadrupole transition moment:

   xx       -0.000095
   yy       -0.085406        1/3*trace:             0.028574
   zz        0.171223
   xy       -0.222229
   xz        0.834358        Anisotropy:            1.531216
   yz        0.137555




                         2 singlet a excitation


 Total energy:                           -115.3214517012020    

 Excitation energy:                      0.3368898008979985    

 Excitation energy / eV:                  9.167241837867858    

 Excitation energy / nm:                  135.2470527114456    

 Excitation energy / cm^(-1):             73938.76463868475    


 Oscillator strength:

    velocity representation:             0.5098202784963712E-01

    length representation:               0.2940485631713427E-01

    mixed representation:                0.3871846075906944E-01


 Rotatory strength:

    velocity representation:             0.4970969211952761E-09

    velocity rep. / 10^(-40)erg*cm^3:    0.3211485532993294E-04

    length representation:              -0.2089019408790046E-07

    length rep. / 10^(-40)erg*cm^3:     -0.1349607153739738E-02


 Dominant contributions:

      occ. orbital   energy / eV   virt. orbital     energy / eV   |coeff.|^2*100
        9 a              -6.76          11 a               2.87       98.6
 

 Change of electron number:

            -0.000000


 Electric transition dipole moment (velocity rep.):

    x        0.000005        Norm:                  0.476442
    y        0.122635
    z       -0.460389        Norm / debye:          1.211005


 Electric transition dipole moment (length rep.):

    x        0.000005        Norm:                  0.361836
    y        0.093138
    z       -0.349643        Norm / debye:          0.919701


 Magnetic transition dipole moment / i:

    x       -0.003252        Norm:                  0.006495
    y       -0.005433
    z       -0.001447        Norm / Bohr mag.:      1.780049


 Electric quadrupole transition moment:

   xx       -0.000093
   yy        0.886187        1/3*trace:             0.386773
   zz        0.274224
   xy       -1.001549
   xz        3.759960        Anisotropy:            7.396481
   yz       -1.699913




                         3 singlet a excitation


 Total energy:                           -115.3154853014614    

 Excitation energy:                      0.3428562006386471    

 Excitation energy / eV:                  9.329595904919234    

 Excitation energy / nm:                  132.8934771345187    

 Excitation energy / cm^(-1):             75248.23801837218    


 Oscillator strength:

    velocity representation:             0.6808495232647197E-02

    length representation:               0.3127962402533690E-02

    mixed representation:                0.3999390733848872E-02


 Rotatory strength:

    velocity representation:             0.1171342811133109E-07

    velocity rep. / 10^(-40)erg*cm^3:    0.7567438726203525E-03

    length representation:              -0.2019492900967015E-04

    length rep. / 10^(-40)erg*cm^3:      -1.304689681006992    


 Dominant contributions:

      occ. orbital   energy / eV   virt. orbital     energy / eV   |coeff.|^2*100
        8 a              -8.50          10 a               1.25       98.9
 

 Change of electron number:

            -0.000000


 Electric transition dipole moment (velocity rep.):

    x       -0.016966        Norm:                  0.172590
    y       -0.165966
    z       -0.044211        Norm / debye:          0.438683


 Electric transition dipole moment (length rep.):

    x        0.048118        Norm:                  0.116982
    y       -0.103034
    z       -0.027450        Norm / debye:          0.297342


 Magnetic transition dipole moment / i:

    x       -0.000345        Norm:                  0.002138
    y        0.000576
    z       -0.002030        Norm / Bohr mag.:      0.586055


 Electric quadrupole transition moment:

   xx       -0.680969
   yy       -0.724414        1/3*trace:            -0.626847
   zz       -0.475159
   xy        0.142185
   xz       -0.041936        Anisotropy:            0.407974
   yz        0.125606




                         4 singlet a excitation


 Total energy:                           -115.2898842594395    

 Excitation energy:                      0.3684572426605208    

 Excitation energy / eV:                  10.02623600174126    

 Excitation energy / nm:                  123.6598101071389    

 Excitation energy / cm^(-1):             80867.01726165810    


 Oscillator strength:

    velocity representation:             0.8043992554365140E-02

    length representation:               0.8697339839858863E-02

    mixed representation:                0.8364289384836476E-02


 Rotatory strength:

    velocity representation:             0.5234174139383371E-07

    velocity rep. / 10^(-40)erg*cm^3:    0.3381528593132043E-02

    length representation:               0.5351025396750951E-07

    length rep. / 10^(-40)erg*cm^3:      0.3457020133422762E-02


 Dominant contributions:

      occ. orbital   energy / eV   virt. orbital     energy / eV   |coeff.|^2*100
        9 a              -6.76          12 a               3.88       98.8
 

 Change of electron number:

            -0.000000


 Electric transition dipole moment (velocity rep.):

    x        0.000021        Norm:                  0.180962
    y        0.046589
    z       -0.174862        Norm / debye:          0.459964


 Electric transition dipole moment (length rep.):

    x        0.000022        Norm:                  0.188168
    y        0.048445
    z       -0.181825        Norm / debye:          0.478278


 Magnetic transition dipole moment / i:

    x       -0.000843        Norm:                  0.001271
    y       -0.000919
    z       -0.000245        Norm / Bohr mag.:      0.348267


 Electric quadrupole transition moment:

   xx       -0.000387
   yy        0.633935        1/3*trace:             0.201036
   zz       -0.030439
   xy       -0.546460
   xz        2.051371        Anisotropy:            4.261453
   yz       -1.185669




                         5 singlet a excitation


 Total energy:                           -115.2785825715796    

 Excitation energy:                      0.3797589305203921    

 Excitation energy / eV:                  10.33377070748589    

 Excitation energy / nm:                  119.9796739409486    

 Excitation energy / cm^(-1):             83347.45103099002    


 Oscillator strength:

    velocity representation:             0.1110694867136183E-01

    length representation:               0.1326069833861352E-01

    mixed representation:                0.1213614006294752E-01


 Rotatory strength:

    velocity representation:             0.7954741710727414E-07

    velocity rep. / 10^(-40)erg*cm^3:    0.5139146277806836E-02

    length representation:               0.5067866467391474E-07

    length rep. / 10^(-40)erg*cm^3:      0.3274085826972169E-02


 Dominant contributions:

      occ. orbital   energy / eV   virt. orbital     energy / eV   |coeff.|^2*100
        9 a              -6.76          13 a               4.12       98.5
 

 Change of electron number:

             0.000000


 Electric transition dipole moment (velocity rep.):

    x        0.000027        Norm:                  0.209454
    y        0.053915
    z       -0.202396        Norm / debye:          0.532383


 Electric transition dipole moment (length rep.):

    x        0.000032        Norm:                  0.228863
    y        0.058917
    z       -0.221149        Norm / debye:          0.581715


 Magnetic transition dipole moment / i:

    x        0.000237        Norm:                  0.005048
    y       -0.004872
    z       -0.001298        Norm / Bohr mag.:      1.383402


 Electric quadrupole transition moment:

   xx       -0.000553
   yy        0.539282        1/3*trace:             0.244470
   zz        0.194680
   xy       -0.670087
   xz        2.515805        Anisotropy:            4.877650
   yz       -1.038020

 SUMMARY OF EXCITATION ENERGIES AND DIPOLE OSCILLATOR STRENGTHS (velocity/length):

 -----------------------------------------------------------------------------------------------
 |    Exc.   | energy (Eh) | energy (eV) | energy (cm-1) | energy (nm) | Osc.(vel) | Osc.(len) |
 -----------------------------------------------------------------------------------------------
 |     1 a   |    0.275361 |     7.49296 |     60434.839 |     165.467 |   0.00708 |   0.00013 |
 |     2 a   |    0.336890 |     9.16724 |     73938.765 |     135.247 |   0.05098 |   0.02940 |
 |     3 a   |    0.342856 |     9.32959 |     75248.238 |     132.893 |   0.00681 |   0.00313 |
 |     4 a   |    0.368457 |    10.02623 |     80867.017 |     123.660 |   0.00804 |   0.00870 |
 |     5 a   |    0.379759 |    10.33377 |     83347.451 |     119.980 |   0.01111 |   0.01326 |
 -----------------------------------------------------------------------------------------------



    escf profiling
  --------------------------------------------------------------------
             module   cpu total (s)       %  wall total (s)       %

         input total             0.0    9.13             0.1   10.56
       init symmetry             0.0    0.74             0.0    0.37
               moinp             0.0    1.01             0.0    0.23
            RI total             0.0    3.09             0.0    0.72
          RI prelims             0.0    1.70             0.0    0.39
       escf_cc_setup             0.0   14.32             0.3   31.09
           grid init             0.0    6.53             0.0    1.52
            becke...             0.0    3.49             0.0    0.81
         dft prelims             0.1   35.29             0.1    8.19
           dft total             0.1   35.30             0.1    8.20
             funct_2             0.0   11.12             0.0    2.59
              onde_3             0.0   15.11             0.0    3.52
                mgga             0.0    7.81             0.0    1.81
              tracao             0.0    0.15             0.0    0.10
           diag_prep             0.0    0.01             0.0    0.00
              respon             0.1   26.62             0.4   39.67
            startvec             0.0    0.06             0.0    0.05
           mvproduct             0.0   12.36             0.1    7.38
            tramocao             0.0    0.63             0.0    0.15
     tramocao_mvprod             0.0    0.52             0.0    0.12
              colrsp             0.0    1.37             0.0    0.32
              gammaP             0.0    0.60             0.0    0.14
              cotlet             0.0    0.09             0.0    0.02
              gammaQ             0.0    0.54             0.0    0.13
            tracaomo             0.0    0.78             0.0    1.00
              mv_rik             0.0    9.48             0.1    5.90
                ritz             0.0    2.61             0.0    0.60
            expandl3             0.0    0.41             0.0    0.89
           startover             0.0    0.56             0.0    0.13
                rest             0.0    0.61             0.0    2.48
             writeep             0.0    2.49             0.0    2.13
              proper             0.0    2.07             0.0    1.33
 


    ------------------------------------------------------------------------
         total  cpu-time :   0.27 seconds
         total wall-time :   1.15 seconds
    ------------------------------------------------------------------------

   ****  escf : all done  ****


    2023-03-08 01:08:27.442 

