
 escf (compt231) : TURBOMOLE rev. V7-6-2381-g96b3af1 compiled 16 Jan 2023 at 13:48:01
 Copyright (C) 2023 TURBOMOLE GmbH, Karlsruhe


    2023-03-08 01:08:17.782 




                                e s c f

                             TURBOMOLE GmbH

          integral direct evaluation of 

                    * excitation energies and transition moments 
                    * polarizabilities
                    * dynamic response properties 
                    * stabilities
                    * quasiparticle states with GW
                    * NMR coupling-constants



          references (see also programs dscf and ridft) 
          implementation and benchmarks (review) 
          F. Furche and D. Rappoport,  
          "Density functional methods for excited states: 
          equilibrium structure and electronic spectra",
          ch. III of "Computational Photochemistry", ed. by 
          M. Olivucci, vol. 16 of "Theoretical and Computational 
          Chemistry", Elsevier, Amsterdam, 2005.



              +--------------------------------------------------+
              | Atomic coordinate, charge and isotop information |
              +--------------------------------------------------+

                    atomic coordinates            atom    charge  isotop
         -9.24314180    6.23174984    0.00054802    c      6.000     0
         -9.98177905    5.77299993   -1.91166584    h      1.000     0
         -6.60094563    6.20640861   -0.00619830    o      8.000     0
         -9.98177905    4.88256098    1.43120298    h      1.000     0
         -9.90212710    8.15492412    0.51283388    h      1.000     0
         -6.10304059    4.45939461   -0.47154336    h      1.000     0
 
       center of nuclear mass  :   -7.89226438    6.16696788   -0.01670470
       center of nuclear charge:   -8.01306343    6.12842487   -0.02697059

              +--------------------------------------------------+
              |               basis set information              |
              +--------------------------------------------------+

              we will work with the 1s 3p 5d 7f 9g ... basis set
              ...i.e. with spherical basis functions...

   type   atoms  prim   cont   basis
   ---------------------------------------------------------------------------
    c        1     46     31   def2-TZVP   [5s3p2d1f|11s6p2d1f]
    h        4      4      2   def-SV(P)   [2s|4s]
    o        1     24     14   def-SV(P)   [3s2p1d|7s4p1d]
   ---------------------------------------------------------------------------
   total:    6     86     53
   ---------------------------------------------------------------------------

   total number of primitive shells          :   36
   total number of contracted shells         :   25
   total number of cartesian basis functions :   59
   total number of SCF-basis functions       :   53


 residuum convergence criterium   :  0.10E-04


 integral neglect threshold       :  0.33E-10
 integral storage threshold THIZE :  0.10E-04
 integral storage threshold THIME :         5

 RPA SINGLET-EXCITATION-CALCULATION 
 
             FOUND DFT-FLAG !
 

 maximum number of Davidson iterations set to   35


 symmetry group of the molecule :   c1 

 the group has the following generators :
   c1(z)

    1 symmetry operations found

 there are 1 real representations :   a   

 maximum number of shells which are related by symmetry :  1

 IRREPs of excited states :   a   
  
           ------------------
           density functional
           ------------------
 TPSS global hybrid functional
 exchange:    9/10 (LDA+TPSS) + 1/10 HF
 correlation: LDA (PW) + TPSS
 spherical integration : Lebedev's spherical grid
 spherical gridsize    :                     3
    i.e. gridpoints    :                   302
  maximum batchsize    :                   100
 value for diffuse not defined
 radial integration    : Chebyshev 2nd kind (scaling 3)
 radial gridsize       :                     3
 integration cells     :                     6
 partition function    : becke
 partition sharpness   :                     3
  

 The current-density response will be included
 for meta-GGA and LHF functionals in TDDFT.


 ----------------------------------------------------------------------
          some useful papers before it begins
 ----------------------------------------------------------------------

     nonorthonormal Krylov space methods 
     F. Furche, B. T. Krull, B. D. Nguyen, and J. Kwon, 
     J. Chem. Phys. 144, 174105 (2016).

     current-density dependent meta-GGA linear response
     excitation energies.
     J. E. Bates and F. Furche, 
     J. Chem. Phys. 137, 164105 (2012).

     More current-density dependent meta-GGA response
     NMR couplings, SCF instabilities, damped response, etc.
     C. Holzer, Y. J. Franzke, and M. Kehry, 
     J. Chem. Theory Comput. 17, 2928 (2021).

     density functional implementation               
     R. Bauernschmitt and R. Ahlrichs,
     Chem. Phys. Lett. 256, 454 (1996).
     R. Bauernschmitt and R. Ahlrichs,
     J. Chem. Phys. 104, 9047 (1996).

     UHF extension (RPA and CIS)
     C. Ochsenfeld, J. Gauss, and R. Ahlrichs, 
     J. Chem. Phys. 103, 7401 (1995).

     integral direct algorithm                 
     H. Weiss, R. Ahlrichs, and M. Haeser, 
     J. Chem. Phys. 99, 1262 (1993).

 ----------------------------------------------------------------------

  MOs are in ASCII format !


    mo occupation :
   irrep   mo's   occupied
    a       53        9
 
 number of basis functions   :    53
 number of occupied orbitals :     9
 

 reading orbital data $scfmo  from file mos
 orbital characterization : scfconv=7

 biggest AO integral is expected to be     5.725698708
 preparing DFT   numerical integration ....
          Overall gridpoints after grid construction =         27148

 Calculating ground state density on molecular grid

 Integral of ground state density: N =   18.00000497849893    


 all orbitals will be included in the transformation

 number of non-frozen orbitals          :    53
 number of non-frozen occupied orbitals :     9



 dimension of super-tensorspace: 2

          IRREP   tensor space dimension   number of roots

           a                 396                      5

 machine precision: 2.22D-16


 logfile sing_a    will be constructed




                       Nonorthonormal Krylov Space Iteration


 total number of roots to be determined: 5


 maximum core memory set to          500 MB,
 corresponding to     8738 vectors in CAO basis


 maximum number of simultaneously treated vectors (including degeneracy):       10


 Iteration IRREP Converged      Max. Euclidean
                 roots          residual norm

    1       a        0        1.144202763082478D-01
 
    2       a        0        2.776133410054739D-02
 
    3       a        0        7.132358462380308D-03
 
    4       a        0        1.410091250246540D-03
 
    5       a        3        2.195168300297719D-04
 
    6       a        4        2.666384450825427D-05
 
    7       a        5        5.644788013304492D-06
 

 converged!

 Eigenpairs written on logfile sing_a   



 IRREP   Vector     Eigenvalue           Euclidean residual norm

  a         1    2.658626557916294D-01    7.504496317338779D-07
            2    3.327674839000447D-01    2.654377894504435D-06
            3    3.343241102817909D-01    5.644788013304492D-06
            4    3.620750403630850D-01    2.850909436919056D-06
            5    3.737300956646002D-01    7.452869354429688D-07






                    Selection rules for point group c1  


 Subduction with respect to c1  :

    Polar vector representation: a                           

    Axial vector representation: a                           

    Symmetric second rank tensor representation: a                           




                            Ground state


 Total energy:                           -115.6583415021000    

 Charge:

               elec          nuc         total

           -18.000000    18.000000     0.000000


 Electric dipole moment:

               elec          nuc         total   

    x      143.943196  -144.235142    -0.291945    Norm:              0.638671
    y     -110.860548   110.311648    -0.548901
    z        0.339263    -0.485471    -0.146207    Norm / debye:      1.623352


 Electric quadrupole moment:

               elec          nuc         total   

   xx    -1201.034622  1195.764940    -5.269682
   yy     -700.204386   684.720217   -15.484169    1/3*trace:       -10.259012
   zz      -16.211654     6.188469   -10.023184
   xy      888.734518  -887.679428     1.055090
   xz       -2.127022     2.892501     0.765478    Anisotropy:        9.180001
   yz        1.740308    -2.256050    -0.515743



 ==============================================================================

                              I R R E P   a   

 ==============================================================================


 Excitation is electric dipole allowed

 Excitation is magnetic dipole allowed

 Excitation is electric quadrupole allowed




                         1 singlet a excitation


 Total energy:                           -115.3924788463084    

 Excitation energy:                      0.2658626557916294    

 Excitation energy / eV:                  7.234494053554372    

 Excitation energy / nm:                  171.3792880174582    

 Excitation energy / cm^(-1):             58350.10819678908    


 Oscillator strength:

    velocity representation:             0.8412139517879908E-02

    length representation:               0.3273914395087388E-04

    mixed representation:                0.5247915035625797E-03


 Rotatory strength:

    velocity representation:             0.2540349250390897E-07

    velocity rep. / 10^(-40)erg*cm^3:    0.1641187969292587E-02

    length representation:               0.6192907661277676E-08

    length rep. / 10^(-40)erg*cm^3:      0.4000916624777033E-03


 Dominant contributions:

      occ. orbital   energy / eV   virt. orbital     energy / eV   |coeff.|^2*100
        9 a              -6.76          10 a               1.25       99.9
 

 Change of electron number:

            -0.000000


 Electric transition dipole moment (velocity rep.):

    x        0.000003        Norm:                  0.217856
    y       -0.056084
    z        0.210513        Norm / debye:          0.553740


 Electric transition dipole moment (length rep.):

    x        0.000007        Norm:                  0.013591
    y        0.003493
    z       -0.013134        Norm / debye:          0.034545


 Magnetic transition dipole moment / i:

    x        0.000291        Norm:                  0.000985
    y       -0.000910
    z       -0.000242        Norm / Bohr mag.:      0.270013


 Electric quadrupole transition moment:

   xx       -0.000103
   yy       -0.114599        1/3*trace:             0.014473
   zz        0.158119
   xy       -0.205941
   xz        0.773480        Anisotropy:            1.446077
   yz        0.193934




                         2 singlet a excitation


 Total energy:                           -115.3255740182000    

 Excitation energy:                      0.3327674839000447    

 Excitation energy / eV:                  9.055067836898212    

 Excitation energy / nm:                  136.9224905209973    

 Excitation energy / cm^(-1):             73034.02063793050    


 Oscillator strength:

    velocity representation:             0.7205018630703763E-01

    length representation:               0.4454590499727193E-01

    mixed representation:                0.5665280887805373E-01


 Rotatory strength:

    velocity representation:             0.1102397521661901E-06

    velocity rep. / 10^(-40)erg*cm^3:    0.7122018949367210E-02

    length representation:               0.4923322424935029E-07

    length rep. / 10^(-40)erg*cm^3:      0.3180703413717011E-02


 Dominant contributions:

      occ. orbital   energy / eV   virt. orbital     energy / eV   |coeff.|^2*100
        9 a              -6.76          11 a               2.87       99.9
 

 Change of electron number:

            -0.000000


 Electric transition dipole moment (velocity rep.):

    x        0.000005        Norm:                  0.569892
    y        0.146677
    z       -0.550693        Norm / debye:          1.448533


 Electric transition dipole moment (length rep.):

    x        0.000009        Norm:                  0.448104
    y        0.115335
    z       -0.433007        Norm / debye:          1.138976


 Magnetic transition dipole moment / i:

    x       -0.003846        Norm:                  0.007767
    y       -0.006520
    z       -0.001737        Norm / Bohr mag.:      2.128709


 Electric quadrupole transition moment:

   xx       -0.000144
   yy        1.126926        1/3*trace:             0.478941
   zz        0.310041
   xy       -1.242438
   xz        4.664466        Anisotropy:            9.212711
   yz       -2.156730




                         3 singlet a excitation


 Total energy:                           -115.3240173918182    

 Excitation energy:                      0.3343241102817909    

 Excitation energy / eV:                  9.097425814060584    

 Excitation energy / nm:                  136.2849739481730    

 Excitation energy / cm^(-1):             73375.66063820214    


 Oscillator strength:

    velocity representation:             0.1098937958290231E-01

    length representation:               0.6201947009793109E-02

    mixed representation:                0.7493129423337433E-02


 Rotatory strength:

    velocity representation:            -0.1086435187625457E-06

    velocity rep. / 10^(-40)erg*cm^3:   -0.7018894583383243E-02

    length representation:              -0.3047285983909591E-04

    length rep. / 10^(-40)erg*cm^3:      -1.968693515278180    


 Dominant contributions:

      occ. orbital   energy / eV   virt. orbital     energy / eV   |coeff.|^2*100
        8 a              -8.50          10 a               1.25       99.4
 

 Change of electron number:

            -0.000000


 Electric transition dipole moment (velocity rep.):

    x        0.009417        Norm:                  0.222049
    y       -0.214380
    z       -0.057081        Norm / debye:          0.564396


 Electric transition dipole moment (length rep.):

    x        0.076378        Norm:                  0.166811
    y       -0.143306
    z       -0.038157        Norm / debye:          0.423996


 Magnetic transition dipole moment / i:

    x       -0.000434        Norm:                  0.002044
    y        0.000497
    z       -0.001935        Norm / Bohr mag.:      0.560340


 Electric quadrupole transition moment:

   xx       -1.142676
   yy       -1.138708        1/3*trace:            -0.920301
   zz       -0.479518
   xy        0.456045
   xz       -0.005436        Anisotropy:            1.040651
   yz        0.085191




                         4 singlet a excitation


 Total energy:                           -115.2962664617369    

 Excitation energy:                      0.3620750403630850    

 Excitation energy / eV:                  9.852567366588648    

 Excitation energy / nm:                  125.8395293260468    

 Excitation energy / cm^(-1):             79466.28576937568    


 Oscillator strength:

    velocity representation:             0.3479476093977382E-02

    length representation:               0.3857918603576661E-02

    mixed representation:                0.3663814343242169E-02


 Rotatory strength:

    velocity representation:             0.4462446512629584E-07

    velocity rep. / 10^(-40)erg*cm^3:    0.2882955376711449E-02

    length representation:               0.4929105504435965E-07

    length rep. / 10^(-40)erg*cm^3:      0.3184439561611218E-02


 Dominant contributions:

      occ. orbital   energy / eV   virt. orbital     energy / eV   |coeff.|^2*100
        9 a              -6.76          12 a               3.88       92.0
 

 Change of electron number:

            -0.000000


 Electric transition dipole moment (velocity rep.):

    x        0.000020        Norm:                  0.120061
    y        0.030922
    z       -0.116011        Norm / debye:          0.305168


 Electric transition dipole moment (length rep.):

    x        0.000018        Norm:                  0.126422
    y        0.032559
    z       -0.122158        Norm / debye:          0.321335


 Magnetic transition dipole moment / i:

    x       -0.000830        Norm:                  0.000921
    y        0.000385
    z        0.000102        Norm / Bohr mag.:      0.252479


 Electric quadrupole transition moment:

   xx       -0.000313
   yy        0.492594        1/3*trace:             0.135088
   zz       -0.087016
   xy       -0.352187
   xz        1.321743        Anisotropy:            2.899144
   yz       -0.912634




                         5 singlet a excitation


 Total energy:                           -115.2846114064354    

 Excitation energy:                      0.3737300956646002    

 Excitation energy / eV:                  10.16971769378144    

 Excitation energy / nm:                  121.9151285608273    

 Excitation energy / cm^(-1):             82024.27472746379    


 Oscillator strength:

    velocity representation:             0.1877699769582227E-01

    length representation:               0.2140619897891896E-01

    mixed representation:                0.2004854480668689E-01


 Rotatory strength:

    velocity representation:             0.6569713937427339E-07

    velocity rep. / 10^(-40)erg*cm^3:    0.4244351627690750E-02

    length representation:               0.5551663830382121E-07

    length rep. / 10^(-40)erg*cm^3:      0.3586642225110556E-02


 Dominant contributions:

      occ. orbital   energy / eV   virt. orbital     energy / eV   |coeff.|^2*100
        9 a              -6.76          13 a               4.12       91.6
 

 Change of electron number:

            -0.000000


 Electric transition dipole moment (velocity rep.):

    x        0.000033        Norm:                  0.274524
    y        0.070681
    z       -0.265269        Norm / debye:          0.697775


 Electric transition dipole moment (length rep.):

    x        0.000036        Norm:                  0.293114
    y        0.075470
    z       -0.283231        Norm / debye:          0.745027


 Magnetic transition dipole moment / i:

    x       -0.000234        Norm:                  0.005436
    y       -0.005248
    z       -0.001399        Norm / Bohr mag.:      1.489862


 Electric quadrupole transition moment:

   xx       -0.000614
   yy        0.730843        1/3*trace:             0.313182
   zz        0.209317
   xy       -0.858106
   xz        3.221176        Anisotropy:            6.295697
   yz       -1.399202

 SUMMARY OF EXCITATION ENERGIES AND DIPOLE OSCILLATOR STRENGTHS (velocity/length):

 -----------------------------------------------------------------------------------------------
 |    Exc.   | energy (Eh) | energy (eV) | energy (cm-1) | energy (nm) | Osc.(vel) | Osc.(len) |
 -----------------------------------------------------------------------------------------------
 |     1 a   |    0.265863 |     7.23449 |     58350.108 |     171.379 |   0.00841 |   0.00003 |
 |     2 a   |    0.332767 |     9.05506 |     73034.021 |     136.922 |   0.07205 |   0.04455 |
 |     3 a   |    0.334324 |     9.09742 |     73375.661 |     136.285 |   0.01099 |   0.00620 |
 |     4 a   |    0.362075 |     9.85256 |     79466.286 |     125.840 |   0.00348 |   0.00386 |
 |     5 a   |    0.373730 |    10.16971 |     82024.275 |     121.915 |   0.01878 |   0.02141 |
 -----------------------------------------------------------------------------------------------




    ------------------------------------------------------------------------
         total  cpu-time :   4.85 seconds
         total wall-time :   5.54 seconds
    ------------------------------------------------------------------------

   ****  escf : all done  ****


    2023-03-08 01:08:23.186 

