Copying working directory from "/home/zzz6/turbomole_tool/TDDFT-ris/test/no_fe" to "/scratch/pbsjobs/job.18659436.hpc"
sending incremental file list
./
21_Fe.xyz
auxbasis
auxbasis_ris_backup
basis
control
control_ris_backup
coord
energy
escf.slurm
mos
ridft.out
statistics

sent 3,680,187 bytes  received 247 bytes  2,453,622.67 bytes/sec
total size is 3,678,495  speedup is 1.00
Changing directory to "/scratch/pbsjobs/job.18659436.hpc"
 escf ended normally

Copying results from "/scratch/pbsjobs/job.18659436.hpc" to "/home/zzz6/turbomole_tool/TDDFT-ris/test/no_fe"
sending incremental file list
./
auxbasis
control
escf.out
exspectrum
moments
sing_a
statistics

sent 14,364,449 bytes  received 280 bytes  28,729,458.00 bytes/sec
total size is 18,008,652  speedup is 1.25
Copied successfully, removing temporary files
