
 escf (compt195) : TURBOMOLE rev. V7-6-2381-g96b3af1 compiled 16 Jan 2023 at 13:48:01
 Copyright (C) 2023 TURBOMOLE GmbH, Karlsruhe


    2023-03-08 01:08:25.560 


 escf run will be profiled !




                                e s c f

                             TURBOMOLE GmbH

          integral direct evaluation of 

                    * excitation energies and transition moments 
                    * polarizabilities
                    * dynamic response properties 
                    * stabilities
                    * quasiparticle states with GW
                    * NMR coupling-constants



          references (see also programs dscf and ridft) 
          implementation and benchmarks (review) 
          F. Furche and D. Rappoport,  
          "Density functional methods for excited states: 
          equilibrium structure and electronic spectra",
          ch. III of "Computational Photochemistry", ed. by 
          M. Olivucci, vol. 16 of "Theoretical and Computational 
          Chemistry", Elsevier, Amsterdam, 2005.



              +--------------------------------------------------+
              | Atomic coordinate, charge and isotop information |
              +--------------------------------------------------+

                    atomic coordinates            atom    charge  isotop
         -9.24314180    6.23174984    0.00054802    c      6.000     0
         -9.98177905    5.77299993   -1.91166584    h      1.000     0
         -6.60094563    6.20640861   -0.00619830    o      8.000     0
         -9.98177905    4.88256098    1.43120298    h      1.000     0
         -9.90212710    8.15492412    0.51283388    h      1.000     0
         -6.10304059    4.45939461   -0.47154336    h      1.000     0
 
       center of nuclear mass  :   -7.89226438    6.16696788   -0.01670470
       center of nuclear charge:   -8.01306343    6.12842487   -0.02697059

              +--------------------------------------------------+
              |               basis set information              |
              +--------------------------------------------------+

              we will work with the 1s 3p 5d 7f 9g ... basis set
              ...i.e. with spherical basis functions...

   type   atoms  prim   cont   basis
   ---------------------------------------------------------------------------
    c        1     46     31   def2-TZVP   [5s3p2d1f|11s6p2d1f]
    h        4      8      6   def2-TZVP   [3s1p|5s1p]
    o        1     46     31   def2-TZVP   [5s3p2d1f|11s6p2d1f]
   ---------------------------------------------------------------------------
   total:    6    124     86
   ---------------------------------------------------------------------------

   total number of primitive shells          :   46
   total number of contracted shells         :   38
   total number of cartesian basis functions :   96
   total number of SCF-basis functions       :   86


 residuum convergence criterium   :  0.10E-04


 integral neglect threshold       :  0.33E-10
 integral storage threshold THIZE :  0.10E-04
 integral storage threshold THIME :         5

 
             FOUND RI-J FLAG !
 
  
 AUXILIARY BASIS SET information:
 Basis set with nickname o  def2-TZVP is not contained within file auxbasis
              read basis sets from /home/smp201/dev/turbomole/cbasen/
              (basis sets have been saved in file auxbasis)

              we will work with the 1s 3p 5d 7f 9g ... basis set
              ...i.e. with spherical basis functions...

   type   atoms  prim   cont   basis
   ---------------------------------------------------------------------------
    c        1      4      4   def2-TZVP   [1s1p|1s1p]
    h        4      1      1   def2-TZVP   [1s|1s]
    o        1     81     76   def2-TZVP   [8s6p4d3f1g|8s6p5d3f1g]
   ---------------------------------------------------------------------------
   total:    6     89     84
   ---------------------------------------------------------------------------

   total number of primitive shells          :   26
   total number of contracted shells         :   28
   total number of cartesian basis functions :  103
   total number of SCF-basis functions       :   84

 
             FOUND RI-K FLAG !
 
  
 AUXILIARY BASIS SET information:

              we will work with the 1s 3p 5d 7f 9g ... basis set
              ...i.e. with spherical basis functions...

   type   atoms  prim   cont   basis
   ---------------------------------------------------------------------------
    c        1      4      4   def2-TZVP   [1s1p|1s1p]
    h        4      1      1   def2-TZVP   [1s|1s]
    o        1     81     76   def2-TZVP   [8s6p4d3f1g|8s6p5d3f1g]
   ---------------------------------------------------------------------------
   total:    6     89     84
   ---------------------------------------------------------------------------

   total number of primitive shells          :   26
   total number of contracted shells         :   28
   total number of cartesian basis functions :  103
   total number of SCF-basis functions       :   84

 RPA SINGLET-EXCITATION-CALCULATION 
 
             FOUND DFT-FLAG !
 

 maximum number of Davidson iterations set to   35


 symmetry group of the molecule :   c1 

 the group has the following generators :
   c1(z)

    1 symmetry operations found

 there are 1 real representations :   a   

 maximum number of shells which are related by symmetry :  1

 IRREPs of excited states :   a   
  
           ------------------
           density functional
           ------------------
 PBE0 hybrid functional
 exchange:    3/4 (LDA+PBE) + 1/4 HF
 correlation: LDA (PW) + PBE
 spherical integration : Lebedev's spherical grid
 spherical gridsize    :                     3
    i.e. gridpoints    :                   302
  maximum batchsize    :                   100
 value for diffuse not defined
 radial integration    : Chebyshev 2nd kind (scaling 3)
 radial gridsize       :                     3
 integration cells     :                     6
 partition function    : becke
 partition sharpness   :                     3
  

 ----------------------------------------------------------------------
          some useful papers before it begins
 ----------------------------------------------------------------------

     nonorthonormal Krylov space methods 
     F. Furche, B. T. Krull, B. D. Nguyen, and J. Kwon, 
     J. Chem. Phys. 144, 174105 (2016).

     RI-J method 
     R. Bauernschmitt, M. Haeser, O. Treutler, and R. Ahlrichs,
     Chem. Phys. Lett. 264, 573 (1997).

     density functional implementation               
     R. Bauernschmitt and R. Ahlrichs,
     Chem. Phys. Lett. 256, 454 (1996).
     R. Bauernschmitt and R. Ahlrichs,
     J. Chem. Phys. 104, 9047 (1996).

     UHF extension (RPA and CIS)
     C. Ochsenfeld, J. Gauss, and R. Ahlrichs, 
     J. Chem. Phys. 103, 7401 (1995).

     integral direct algorithm                 
     H. Weiss, R. Ahlrichs, and M. Haeser, 
     J. Chem. Phys. 99, 1262 (1993).

 ----------------------------------------------------------------------

  MOs are in ASCII format !


    mo occupation :
   irrep   mo's   occupied
    a       86        9
 
 number of basis functions   :    86
 number of occupied orbitals :     9
 

 reading orbital data $scfmo  from file mos
 orbital characterization : scfconv=7
  
           ----------------------
               RI - INFORMATION
           ----------------------

 biggest AO integral is expected to be     7.998976882

 Threshold for integral neglect (rithr2):   0.33E-10
 Threshold for integral neglect (rithr1):   0.33E-10

 Contributions to RI integral batches: 
  neglected integral batches:                     2
  direct contribution:                            0
  memory contribution:                   739
 Core memory available (ricore)            500 MiB
 Core memory needed for (P|Q) and Cholesky 1 MiB
 Core memory used for integrals            4 MiB
  
 ****************************************
 Memory allocated for RIDFT 4 MiB
 ****************************************
                                            

 MAXIMUM CORE MEMORY WHICH CAN BE ALLOCATED DYNAMICALLY in escf_cc_setup= 500 MiB
              ( or 65536000 double words )

 Summary of integral storage options:
 B_ji^Q integral storage mode: on-disk   
 B_ai^Q integral storage mode: on-disk   
 B_ba^Q integral storage mode: on-disk   

   *-----------------------------------------------------------------------*
   |                     program will use  1 thread(s)                     |
   *-----------------------------------------------------------------------*
  MOs are in ASCII format !


 reading orbital data $scfmo  from file mos
 orbital characterization : scfconv=7
 time elapsed for calculating density matrices :   0.001 sec
 all orbitals will be active in the correlation treatment


   Molecular Orbital Statistic:
   ============================

   -----------------------------
   orbitals in total:
   -----------------------------
    frozen occupied :      0
    active occupied :      9
    active virtual  :     77
    frozen virtual  :      0
    all together    :     86
   -----------------------------


     time in riccmos       cpu:  0.01 sec    wall:  0.11 sec    ratio:  0.1

     total memory allocated for calculation of (Q|P)**(-1/2) : 1 MiB


     calculation of (P|Q) ...
     time in lp2sym        cpu:  0.00 sec    wall:  0.00 sec    ratio:  1.0


     calculation of the Cholesky decomposition of (P|Q)**(-1) ...
     time in invmetri      cpu:  0.00 sec    wall:  0.02 sec    ratio:  0.1
 preparing DFT   numerical integration ....
          Overall gridpoints after grid construction =         27148

 Calculating ground state density on molecular grid

 Integral of ground state density: N =   18.00000476213000    


 all orbitals will be included in the transformation

 number of non-frozen orbitals          :    86
 number of non-frozen occupied orbitals :     9



 dimension of super-tensorspace: 2

          IRREP   tensor space dimension   number of roots

           a                 693                      5
                    10
 Switching off XC: hybrid=  0.250000000000000     

 machine precision: 2.22D-16


 logfile sing_a    will be constructed




                       Nonorthonormal Krylov Space Iteration


 total number of roots to be determined: 5


 maximum core memory set to          500 MB,
 corresponding to     3499 vectors in CAO basis


 maximum number of simultaneously treated vectors (including degeneracy):       10


 Iteration IRREP Converged      Max. Euclidean
                 roots          residual norm

    1       a        0        1.107082191673431D-01
 
    2       a        0        3.734854333122620D-02
 
    3       a        0        8.976173668007566D-03
 
    4       a        0        2.159231912758818D-03
 
    5       a        0        6.327181950074278D-04
 
    6       a        3        1.367025784683935D-04
 
    7       a        3        3.321230203023492D-05
 
    8       a        5        5.544957502820277D-06
 

 converged!

 Eigenpairs written on logfile sing_a   



 IRREP   Vector     Eigenvalue           Euclidean residual norm

  a         1    2.592616999806662D-01    9.345361800035557D-07
            2    3.166029276161705D-01    2.316207430527253D-06
            3    3.253956516778807D-01    1.820843455629498D-06
            4    3.554820173186738D-01    5.544957502820277D-06
            5    3.663182740173780D-01    4.650033134559117D-06






                    Selection rules for point group c1  


 Subduction with respect to c1  :

    Polar vector representation: a                           

    Axial vector representation: a                           

    Symmetric second rank tensor representation: a                           




                            Ground state


 Total energy:                           -115.6351252339000    

 Charge:

               elec          nuc         total

           -18.000000    18.000000    -0.000000


 Electric dipole moment:

               elec          nuc         total   

    x      143.885717  -144.235142    -0.349425    Norm:              0.663141
    y     -110.856270   110.311648    -0.544623
    z        0.340402    -0.485471    -0.145069    Norm / debye:      1.685550


 Electric quadrupole moment:

               elec          nuc         total   

   xx    -1200.309272  1195.764940    -4.544332
   yy     -700.129835   684.720217   -15.409618    1/3*trace:       -10.022900
   zz      -16.303219     6.188469   -10.114750
   xy      888.335850  -887.679428     0.656422
   xz       -2.137822     2.892501     0.754679    Anisotropy:        9.604254
   yz        1.779748    -2.256050    -0.476302



 ==============================================================================

                              I R R E P   a   

 ==============================================================================


 Excitation is electric dipole allowed

 Excitation is magnetic dipole allowed

 Excitation is electric quadrupole allowed




                         1 singlet a excitation


 Total energy:                           -115.3758635339193    

 Excitation energy:                      0.2592616999806662    

 Excitation energy / eV:                  7.054872829881591    

 Excitation energy / nm:                  175.7427057810613    

 Excitation energy / cm^(-1):             56901.36585791092    


 Oscillator strength:

    velocity representation:             0.2453496202729075E-03

    length representation:               0.3922324857847374E-03

    mixed representation:                0.3102161992209883E-03


 Rotatory strength:

    velocity representation:            -0.5811498816704769E-08

    velocity rep. / 10^(-40)erg*cm^3:   -0.3754508140983507E-03

    length representation:              -0.3756114384400950E-08

    length rep. / 10^(-40)erg*cm^3:     -0.2426630802050981E-03


 Dominant contributions:

      occ. orbital   energy / eV   virt. orbital     energy / eV   |coeff.|^2*100
        9 a              -7.82          10 a               0.95       99.2
 

 Change of electron number:

             0.000000


 Electric transition dipole moment (velocity rep.):

    x       -0.000000        Norm:                  0.037676
    y        0.009696
    z       -0.036407        Norm / debye:          0.095765


 Electric transition dipole moment (length rep.):

    x       -0.000003        Norm:                  0.047637
    y       -0.012263
    z        0.046032        Norm / debye:          0.121083


 Magnetic transition dipole moment / i:

    x        0.000581        Norm:                  0.002345
    y        0.002195
    z        0.000585        Norm / Bohr mag.:      0.642718


 Electric quadrupole transition moment:

   xx        0.000053
   yy        0.007410        1/3*trace:            -0.050909
   zz       -0.160190
   xy        0.328256
   xz       -1.232362        Anisotropy:            2.215057
   yz        0.007389




                         2 singlet a excitation


 Total energy:                           -115.3185223062838    

 Excitation energy:                      0.3166029276161705    

 Excitation energy / eV:                  8.615207691945448    

 Excitation energy / nm:                  143.9132385889942    

 Excitation energy / cm^(-1):             69486.31061709786    


 Oscillator strength:

    velocity representation:             0.6932229932134322E-01

    length representation:               0.5237864710491566E-01

    mixed representation:                0.6025784805793954E-01


 Rotatory strength:

    velocity representation:             0.1720884947588888E-07

    velocity rep. / 10^(-40)erg*cm^3:    0.1111774560952593E-02

    length representation:               0.5887180515499267E-08

    length rep. / 10^(-40)erg*cm^3:      0.3803402163542824E-03


 Dominant contributions:

      occ. orbital   energy / eV   virt. orbital     energy / eV   |coeff.|^2*100
        9 a              -7.82          11 a               2.22       99.0
 

 Change of electron number:

             0.000000


 Electric transition dipole moment (velocity rep.):

    x        0.000008        Norm:                  0.573092
    y        0.147516
    z       -0.553782        Norm / debye:          1.456667


 Electric transition dipole moment (length rep.):

    x        0.000006        Norm:                  0.498156
    y        0.128229
    z       -0.481370        Norm / debye:          1.266196


 Magnetic transition dipole moment / i:

    x       -0.003682        Norm:                  0.007117
    y       -0.005885
    z       -0.001568        Norm / Bohr mag.:      1.950540


 Electric quadrupole transition moment:

   xx       -0.000108
   yy        1.320628        1/3*trace:             0.532508
   zz        0.277005
   xy       -1.328752
   xz        4.988204        Anisotropy:           10.019184
   yz       -2.515659




                         3 singlet a excitation


 Total energy:                           -115.3097295822221    

 Excitation energy:                      0.3253956516778807    

 Excitation energy / eV:                  8.854469989802137    

 Excitation energy / nm:                  140.0244669068429    

 Excitation energy / cm^(-1):             71416.09048338870    


 Oscillator strength:

    velocity representation:             0.7498725418926939E-03

    length representation:               0.9122382003367495E-03

    mixed representation:                0.6484496667162060E-03


 Rotatory strength:

    velocity representation:             0.5481565937858556E-09

    velocity rep. / 10^(-40)erg*cm^3:    0.3541355610341056E-04

    length representation:              -0.4505787496603838E-05

    length rep. / 10^(-40)erg*cm^3:     -0.2910955739836678    


 Dominant contributions:

      occ. orbital   energy / eV   virt. orbital     energy / eV   |coeff.|^2*100
        8 a              -9.45          10 a               0.95       99.1
 

 Change of electron number:

            -0.000000


 Electric transition dipole moment (velocity rep.):

    x        0.041814        Norm:                  0.058794
    y       -0.039939
    z       -0.010639        Norm / debye:          0.149441


 Electric transition dipole moment (length rep.):

    x        0.064456        Norm:                  0.064848
    y       -0.006874
    z       -0.001831        Norm / debye:          0.164827


 Magnetic transition dipole moment / i:

    x       -0.000079        Norm:                  0.003887
    y        0.000923
    z       -0.003775        Norm / Bohr mag.:      1.065442


 Electric quadrupole transition moment:

   xx       -1.098582
   yy        0.554151        1/3*trace:            -0.376131
   zz       -0.583963
   xy       -0.815476
   xz       -0.324189        Anisotropy:            2.191309
   yz        0.339463




                         4 singlet a excitation


 Total energy:                           -115.2796432165813    

 Excitation energy:                      0.3554820173186738    

 Excitation energy / eV:                  9.673162004569235    

 Excitation energy / nm:                  128.1734389932711    

 Excitation energy / cm^(-1):             78019.28447150695    


 Oscillator strength:

    velocity representation:             0.1338017555359788E-01

    length representation:               0.1372172125875339E-01

    mixed representation:                0.1354987229614486E-01


 Rotatory strength:

    velocity representation:             0.8205870524495801E-07

    velocity rep. / 10^(-40)erg*cm^3:    0.5301387586885096E-02

    length representation:               0.8793625775778340E-07

    length rep. / 10^(-40)erg*cm^3:      0.5681105787894274E-02


 Dominant contributions:

      occ. orbital   energy / eV   virt. orbital     energy / eV   |coeff.|^2*100
        9 a              -7.82          12 a               3.45       91.7
 

 Change of electron number:

             0.000000


 Electric transition dipole moment (velocity rep.):

    x       -0.000040        Norm:                  0.237612
    y       -0.061174
    z        0.229602        Norm / debye:          0.603953


 Electric transition dipole moment (length rep.):

    x       -0.000035        Norm:                  0.240625
    y       -0.061951
    z        0.232514        Norm / debye:          0.611613


 Magnetic transition dipole moment / i:

    x        0.000941        Norm:                  0.002094
    y        0.001807
    z        0.000482        Norm / Bohr mag.:      0.573867


 Electric quadrupole transition moment:

   xx        0.000610
   yy       -0.710036        1/3*trace:            -0.257041
   zz       -0.061697
   xy        0.706014
   xz       -2.650498        Anisotropy:            5.331783
   yz        1.340710




                         5 singlet a excitation


 Total energy:                           -115.2688069598826    

 Excitation energy:                      0.3663182740173780    

 Excitation energy / eV:                  9.968031678597491    

 Excitation energy / nm:                  124.3818719724544    

 Excitation energy / cm^(-1):             80397.56790862545    


 Oscillator strength:

    velocity representation:             0.5630602603630883E-01

    length representation:               0.4735486686596716E-01

    mixed representation:                0.5149425072244973E-01


 Rotatory strength:

    velocity representation:             0.8096748929461529E-07

    velocity rep. / 10^(-40)erg*cm^3:    0.5230889780753633E-02

    length representation:              -0.3358531018747953E-04

    length rep. / 10^(-40)erg*cm^3:      -2.169772798609073    


 Dominant contributions:

      occ. orbital   energy / eV   virt. orbital     energy / eV   |coeff.|^2*100
        9 a              -7.82          13 a               3.47       92.4
 

 Change of electron number:

             0.000000


 Electric transition dipole moment (velocity rep.):

    x        0.464578        Norm:                  0.480169
    y        0.117280
    z        0.031212        Norm / debye:          1.220476


 Electric transition dipole moment (length rep.):

    x        0.416611        Norm:                  0.440351
    y        0.137834
    z        0.036685        Norm / debye:          1.119268


 Magnetic transition dipole moment / i:

    x        0.000260        Norm:                  0.006901
    y        0.000793
    z       -0.006850        Norm / Bohr mag.:      1.891396


 Electric quadrupole transition moment:

   xx       -7.297219
   yy        1.353615        1/3*trace:            -2.351023
   zz       -1.109466
   xy        0.643007
   xz       -0.519730        Anisotropy:            7.888853
   yz        0.442447

 SUMMARY OF EXCITATION ENERGIES AND DIPOLE OSCILLATOR STRENGTHS (velocity/length):

 -----------------------------------------------------------------------------------------------
 |    Exc.   | energy (Eh) | energy (eV) | energy (cm-1) | energy (nm) | Osc.(vel) | Osc.(len) |
 -----------------------------------------------------------------------------------------------
 |     1 a   |    0.259262 |     7.05487 |     56901.366 |     175.743 |   0.00025 |   0.00039 |
 |     2 a   |    0.316603 |     8.61520 |     69486.311 |     143.913 |   0.06932 |   0.05238 |
 |     3 a   |    0.325396 |     8.85447 |     71416.090 |     140.024 |   0.00075 |   0.00091 |
 |     4 a   |    0.355482 |     9.67316 |     78019.284 |     128.173 |   0.01338 |   0.01372 |
 |     5 a   |    0.366318 |     9.96803 |     80397.568 |     124.382 |   0.05631 |   0.04735 |
 -----------------------------------------------------------------------------------------------



    escf profiling
  --------------------------------------------------------------------
             module   cpu total (s)       %  wall total (s)       %

         input total             0.0    7.20             0.2   10.87
       init symmetry             0.0    0.49             0.0    0.49
               moinp             0.0    1.41             0.0    0.39
            RI total             0.0    6.76             0.0    1.88
          RI prelims             0.0    2.90             0.0    0.81
       escf_cc_setup             0.1   20.76             0.4   25.53
           grid init             0.0    4.28             0.0    1.19
            becke...             0.0    2.31             0.0    0.64
         dft prelims             0.1   20.53             0.1    5.71
           dft total             0.1   20.53             0.1    5.71
             funct_2             0.0   10.64             0.0    2.96
              onde_2             0.0    7.46             0.0    2.08
                 gga             0.0    1.62             0.0    0.45
              tracao             0.0    0.13             0.0    0.26
           diag_prep             0.0    0.01             0.0    0.00
              respon             0.1   38.83             0.6   46.95
            startvec             0.0    0.04             0.0    0.42
           mvproduct             0.1   27.26             0.2   14.58
            tramocao             0.0    0.63             0.0    0.18
     tramocao_mvprod             0.0    0.50             0.0    0.14
              colrsp             0.0    3.84             0.0    1.07
              gammaP             0.0    2.05             0.0    0.57
              cotlet             0.0    0.12             0.0    0.03
              gammaQ             0.0    1.54             0.0    0.43
            tracaomo             0.0    0.72             0.0    1.46
              mv_rik             0.1   21.92             0.2   11.84
                ritz             0.0    3.07             0.0    0.85
            expandl3             0.0    0.51             0.0    1.15
           startover             0.0    0.66             0.0    0.18
                rest             0.0    0.37             0.0    2.41
             writeep             0.0    2.62             0.0    3.10
              proper             0.0    1.93             0.0    1.41
 


    ------------------------------------------------------------------------
         total  cpu-time :   0.39 seconds
         total wall-time :   1.52 seconds
    ------------------------------------------------------------------------

   ****  escf : all done  ****


    2023-03-08 01:08:27.054 

