
 escf (compt195) : TURBOMOLE rev. V7-6-2381-g96b3af1 compiled 16 Jan 2023 at 13:48:01
 Copyright (C) 2023 TURBOMOLE GmbH, Karlsruhe


    2023-03-08 01:08:27.173 




                                e s c f

                             TURBOMOLE GmbH

          integral direct evaluation of 

                    * excitation energies and transition moments 
                    * polarizabilities
                    * dynamic response properties 
                    * stabilities
                    * quasiparticle states with GW
                    * NMR coupling-constants



          references (see also programs dscf and ridft) 
          implementation and benchmarks (review) 
          F. Furche and D. Rappoport,  
          "Density functional methods for excited states: 
          equilibrium structure and electronic spectra",
          ch. III of "Computational Photochemistry", ed. by 
          M. Olivucci, vol. 16 of "Theoretical and Computational 
          Chemistry", Elsevier, Amsterdam, 2005.



              +--------------------------------------------------+
              | Atomic coordinate, charge and isotop information |
              +--------------------------------------------------+

                    atomic coordinates            atom    charge  isotop
         -9.24314180    6.23174984    0.00054802    c      6.000     0
         -9.98177905    5.77299993   -1.91166584    h      1.000     0
         -6.60094563    6.20640861   -0.00619830    o      8.000     0
         -9.98177905    4.88256098    1.43120298    h      1.000     0
         -9.90212710    8.15492412    0.51283388    h      1.000     0
         -6.10304059    4.45939461   -0.47154336    h      1.000     0
 
       center of nuclear mass  :   -7.89226438    6.16696788   -0.01670470
       center of nuclear charge:   -8.01306343    6.12842487   -0.02697059

              +--------------------------------------------------+
              |               basis set information              |
              +--------------------------------------------------+

              we will work with the 1s 3p 5d 7f 9g ... basis set
              ...i.e. with spherical basis functions...

   type   atoms  prim   cont   basis
   ---------------------------------------------------------------------------
    c        1     46     31   def2-TZVP   [5s3p2d1f|11s6p2d1f]
    h        4      8      6   def2-TZVP   [3s1p|5s1p]
    o        1     46     31   def2-TZVP   [5s3p2d1f|11s6p2d1f]
   ---------------------------------------------------------------------------
   total:    6    124     86
   ---------------------------------------------------------------------------

   total number of primitive shells          :   46
   total number of contracted shells         :   38
   total number of cartesian basis functions :   96
   total number of SCF-basis functions       :   86


 residuum convergence criterium   :  0.10E-04


 integral neglect threshold       :  0.33E-10
 integral storage threshold THIZE :  0.10E-04
 integral storage threshold THIME :         5

 
             FOUND RI-J FLAG !
 
  
 AUXILIARY BASIS SET information:
 $cbas  : could not find file <auxbasis> !
              read basis sets from /home/smp201/dev/turbomole/cbasen/
              (basis sets have been saved in file auxbasis)

              we will work with the 1s 3p 5d 7f 9g ... basis set
              ...i.e. with spherical basis functions...

   type   atoms  prim   cont   basis
   ---------------------------------------------------------------------------
    c        1     81     76   def2-TZVP   [8s6p4d3f1g|8s6p5d3f1g]
    h        4     23     15   def2-TZVP   [4s2p1d|4s3p2d]
    o        1     81     76   def2-TZVP   [8s6p4d3f1g|8s6p5d3f1g]
   ---------------------------------------------------------------------------
   total:    6    254    212
   ---------------------------------------------------------------------------

   total number of primitive shells          :   55
   total number of contracted shells         :   72
   total number of cartesian basis functions :  254
   total number of SCF-basis functions       :  212

 
             FOUND RI-K FLAG !
 
  
 AUXILIARY BASIS SET information:

              we will work with the 1s 3p 5d 7f 9g ... basis set
              ...i.e. with spherical basis functions...

   type   atoms  prim   cont   basis
   ---------------------------------------------------------------------------
    c        1     81     76   def2-TZVP   [8s6p4d3f1g|8s6p5d3f1g]
    h        4     23     15   def2-TZVP   [4s2p1d|4s3p2d]
    o        1     81     76   def2-TZVP   [8s6p4d3f1g|8s6p5d3f1g]
   ---------------------------------------------------------------------------
   total:    6    254    212
   ---------------------------------------------------------------------------

   total number of primitive shells          :   55
   total number of contracted shells         :   72
   total number of cartesian basis functions :  254
   total number of SCF-basis functions       :  212

 RPA SINGLET-EXCITATION-CALCULATION 
 
             FOUND DFT-FLAG !
 

 maximum number of Davidson iterations set to   35


 symmetry group of the molecule :   c1 

 the group has the following generators :
   c1(z)

    1 symmetry operations found

 there are 1 real representations :   a   

 maximum number of shells which are related by symmetry :  1

 IRREPs of excited states :   a   
  
           ------------------
           density functional
           ------------------
 PBE0 hybrid functional
 exchange:    3/4 (LDA+PBE) + 1/4 HF
 correlation: LDA (PW) + PBE
 spherical integration : Lebedev's spherical grid
 spherical gridsize    :                     3
    i.e. gridpoints    :                   302
  maximum batchsize    :                   100
 value for diffuse not defined
 radial integration    : Chebyshev 2nd kind (scaling 3)
 radial gridsize       :                     3
 integration cells     :                     6
 partition function    : becke
 partition sharpness   :                     3
  

 ----------------------------------------------------------------------
          some useful papers before it begins
 ----------------------------------------------------------------------

     nonorthonormal Krylov space methods 
     F. Furche, B. T. Krull, B. D. Nguyen, and J. Kwon, 
     J. Chem. Phys. 144, 174105 (2016).

     RI-J method 
     R. Bauernschmitt, M. Haeser, O. Treutler, and R. Ahlrichs,
     Chem. Phys. Lett. 264, 573 (1997).

     density functional implementation               
     R. Bauernschmitt and R. Ahlrichs,
     Chem. Phys. Lett. 256, 454 (1996).
     R. Bauernschmitt and R. Ahlrichs,
     J. Chem. Phys. 104, 9047 (1996).

     UHF extension (RPA and CIS)
     C. Ochsenfeld, J. Gauss, and R. Ahlrichs, 
     J. Chem. Phys. 103, 7401 (1995).

     integral direct algorithm                 
     H. Weiss, R. Ahlrichs, and M. Haeser, 
     J. Chem. Phys. 99, 1262 (1993).

 ----------------------------------------------------------------------

  MOs are in ASCII format !


    mo occupation :
   irrep   mo's   occupied
    a       86        9
 
 number of basis functions   :    86
 number of occupied orbitals :     9
 

 reading orbital data $scfmo  from file mos
 orbital characterization : scfconv=7
  
           ----------------------
               RI - INFORMATION
           ----------------------

 biggest AO integral is expected to be     7.998976882

 Threshold for integral neglect (rithr2):   0.33E-10
 Threshold for integral neglect (rithr1):   0.33E-10

 Contributions to RI integral batches: 
  neglected integral batches:                     2
  direct contribution:                            0
  memory contribution:                   739
 Core memory available (ricore)            500 MiB
 Core memory needed for (P|Q) and Cholesky 1 MiB
 Core memory used for integrals            10 MiB
  
 ****************************************
 Memory allocated for RIDFT 10 MiB
 ****************************************
                                            

 MAXIMUM CORE MEMORY WHICH CAN BE ALLOCATED DYNAMICALLY in escf_cc_setup= 500 MiB
              ( or 65536000 double words )

 Summary of integral storage options:
 B_ji^Q integral storage mode: on-disk   
 B_ai^Q integral storage mode: on-disk   
 B_ba^Q integral storage mode: on-disk   

   *-----------------------------------------------------------------------*
   |                     program will use  1 thread(s)                     |
   *-----------------------------------------------------------------------*
  MOs are in ASCII format !


 reading orbital data $scfmo  from file mos
 orbital characterization : scfconv=7
 time elapsed for calculating density matrices :   0.001 sec
 all orbitals will be active in the correlation treatment


   Molecular Orbital Statistic:
   ============================

   -----------------------------
   orbitals in total:
   -----------------------------
    frozen occupied :      0
    active occupied :      9
    active virtual  :     77
    frozen virtual  :      0
    all together    :     86
   -----------------------------


     time in riccmos       cpu:  0.01 sec    wall:  0.07 sec    ratio:  0.2

     total memory allocated for calculation of (Q|P)**(-1/2) : 1 MiB


     calculation of (P|Q) ...
     time in lp2sym        cpu:  0.00 sec    wall:  0.00 sec    ratio:  1.0


     calculation of the Cholesky decomposition of (P|Q)**(-1) ...
     time in invmetri      cpu:  0.00 sec    wall:  0.07 sec    ratio:  0.1
 preparing DFT   numerical integration ....
          Overall gridpoints after grid construction =         27148

 Calculating ground state density on molecular grid

 Integral of ground state density: N =   18.00000476213000    


 all orbitals will be included in the transformation

 number of non-frozen orbitals          :    86
 number of non-frozen occupied orbitals :     9



 dimension of super-tensorspace: 2

          IRREP   tensor space dimension   number of roots

           a                 693                      5

 machine precision: 2.22D-16


 logfile sing_a    will be constructed




                       Nonorthonormal Krylov Space Iteration


 total number of roots to be determined: 5


 maximum core memory set to          500 MB,
 corresponding to     3471 vectors in CAO basis


 maximum number of simultaneously treated vectors (including degeneracy):       10


 Iteration IRREP Converged      Max. Euclidean
                 roots          residual norm

    1       a        0        1.051068045252753D-01
 
    2       a        0        3.005208872071258D-02
 
    3       a        0        7.307539523910262D-03
 
    4       a        0        1.330289756045193D-03
 
    5       a        0        2.809903883282181D-04
 
    6       a        3        6.771575083071445D-05
 
    7       a        4        1.306183977588373D-05
 
    8       a        5        8.870089423408646D-06
 

 converged!

 Eigenpairs written on logfile sing_a   



 IRREP   Vector     Eigenvalue           Euclidean residual norm

  a         1    2.552779695213206D-01    1.390721382248398D-06
            2    3.157295290271809D-01    1.879284928870441D-06
            3    3.223164390278516D-01    2.513727447608411D-06
            4    3.545445895720273D-01    6.559850086884997D-06
            5    3.644662179012499D-01    8.870089423408646D-06






                    Selection rules for point group c1  


 Subduction with respect to c1  :

    Polar vector representation: a                           

    Axial vector representation: a                           

    Symmetric second rank tensor representation: a                           




                            Ground state


 Total energy:                           -115.6351252339000    

 Charge:

               elec          nuc         total

           -18.000000    18.000000    -0.000000


 Electric dipole moment:

               elec          nuc         total   

    x      143.885717  -144.235142    -0.349425    Norm:              0.663141
    y     -110.856270   110.311648    -0.544623
    z        0.340402    -0.485471    -0.145069    Norm / debye:      1.685550


 Electric quadrupole moment:

               elec          nuc         total   

   xx    -1200.309272  1195.764940    -4.544332
   yy     -700.129835   684.720217   -15.409618    1/3*trace:       -10.022900
   zz      -16.303219     6.188469   -10.114750
   xy      888.335850  -887.679428     0.656422
   xz       -2.137822     2.892501     0.754679    Anisotropy:        9.604254
   yz        1.779748    -2.256050    -0.476302



 ==============================================================================

                              I R R E P   a   

 ==============================================================================


 Excitation is electric dipole allowed

 Excitation is magnetic dipole allowed

 Excitation is electric quadrupole allowed




                         1 singlet a excitation


 Total energy:                           -115.3798472643787    

 Excitation energy:                      0.2552779695213206    

 Excitation energy / eV:                  6.946469962117842    

 Excitation energy / nm:                  178.4852517647222    

 Excitation energy / cm^(-1):             56027.03808653771    


 Oscillator strength:

    velocity representation:             0.9472090214566783E-03

    length representation:               0.4350776371541243E-04

    mixed representation:                0.2030047886725922E-03


 Rotatory strength:

    velocity representation:            -0.5444250323436169E-08

    velocity rep. / 10^(-40)erg*cm^3:   -0.3517247926152608E-03

    length representation:              -0.3322168435774717E-08

    length rep. / 10^(-40)erg*cm^3:     -0.2146280818638643E-03


 Dominant contributions:

      occ. orbital   energy / eV   virt. orbital     energy / eV   |coeff.|^2*100
        9 a              -7.82          10 a               0.95       98.5
 

 Change of electron number:

             0.000000


 Electric transition dipole moment (velocity rep.):

    x        0.000000        Norm:                  0.074604
    y        0.019200
    z       -0.072091        Norm / debye:          0.189626


 Electric transition dipole moment (length rep.):

    x       -0.000003        Norm:                  0.015989
    y       -0.004117
    z        0.015450        Norm / debye:          0.040640


 Magnetic transition dipole moment / i:

    x        0.000384        Norm:                  0.001977
    y        0.001874
    z        0.000499        Norm / Bohr mag.:      0.541872


 Electric quadrupole transition moment:

   xx        0.000053
   yy        0.082075        1/3*trace:            -0.017078
   zz       -0.133363
   xy        0.268509
   xz       -1.008059        Anisotropy:            1.831959
   yz       -0.136336




                         2 singlet a excitation


 Total energy:                           -115.3193957048728    

 Excitation energy:                      0.3157295290271809    

 Excitation energy / eV:                  8.591441296926133    

 Excitation energy / nm:                  144.3113439543930    

 Excitation energy / cm^(-1):             69294.62178432546    


 Oscillator strength:

    velocity representation:             0.7665617996859067E-01

    length representation:               0.6048590452551333E-01

    mixed representation:                0.6809271901439914E-01


 Rotatory strength:

    velocity representation:             0.2397395561574067E-07

    velocity rep. / 10^(-40)erg*cm^3:    0.1548833001086513E-02

    length representation:               0.9506292400608198E-08

    length rep. / 10^(-40)erg*cm^3:      0.6141522752454221E-03


 Dominant contributions:

      occ. orbital   energy / eV   virt. orbital     energy / eV   |coeff.|^2*100
        9 a              -7.82          11 a               2.22       98.6
 

 Change of electron number:

            -0.000000


 Electric transition dipole moment (velocity rep.):

    x        0.000010        Norm:                  0.603478
    y        0.155337
    z       -0.583144        Norm / debye:          1.533900


 Electric transition dipole moment (length rep.):

    x        0.000008        Norm:                  0.536062
    y        0.137986
    z       -0.517999        Norm / debye:          1.362544


 Magnetic transition dipole moment / i:

    x       -0.003885        Norm:                  0.007629
    y       -0.006344
    z       -0.001690        Norm / Bohr mag.:      2.090813


 Electric quadrupole transition moment:

   xx       -0.000138
   yy        1.435501        1/3*trace:             0.573017
   zz        0.283687
   xy       -1.436058
   xz        5.391078        Anisotropy:           10.840044
   yz       -2.732182




                         3 singlet a excitation


 Total energy:                           -115.3128087948721    

 Excitation energy:                      0.3223164390278516    

 Excitation energy / eV:                  8.770680314490519    

 Excitation energy / nm:                  141.3621743818746    

 Excitation energy / cm^(-1):             70740.28142417679    


 Oscillator strength:

    velocity representation:             0.3621164335949019E-02

    length representation:               0.2471849326854282E-02

    mixed representation:                0.2801446502084847E-02


 Rotatory strength:

    velocity representation:            -0.3713935048552883E-08

    velocity rep. / 10^(-40)erg*cm^3:   -0.2399380919564962E-03

    length representation:              -0.9218876005871743E-05

    length rep. / 10^(-40)erg*cm^3:     -0.5955837918313273    


 Dominant contributions:

      occ. orbital   energy / eV   virt. orbital     energy / eV   |coeff.|^2*100
        8 a              -9.45          10 a               0.95       99.0
 

 Change of electron number:

             0.000000


 Electric transition dipole moment (velocity rep.):

    x       -0.053946        Norm:                  0.129816
    y        0.114098
    z        0.030391        Norm / debye:          0.329962


 Electric transition dipole moment (length rep.):

    x       -0.075978        Norm:                  0.107254
    y        0.073152
    z        0.019485        Norm / debye:          0.272616


 Magnetic transition dipole moment / i:

    x        0.000223        Norm:                  0.003295
    y       -0.000748
    z        0.003202        Norm / Bohr mag.:      0.903129


 Electric quadrupole transition moment:

   xx        1.286756
   yy        0.223571        1/3*trace:             0.678138
   zz        0.524086
   xy        0.304110
   xz        0.207103        Anisotropy:            1.208572
   yz       -0.226093




                         4 singlet a excitation


 Total energy:                           -115.2805806443280    

 Excitation energy:                      0.3545445895720273    

 Excitation energy / eV:                  9.647653286774485    

 Excitation energy / nm:                  128.5123338505878    

 Excitation energy / cm^(-1):             77813.54286300376    


 Oscillator strength:

    velocity representation:             0.1269803414517570E-01

    length representation:               0.1339373684266089E-01

    mixed representation:                0.1304124716447302E-01


 Rotatory strength:

    velocity representation:             0.9086255038968785E-07

    velocity rep. / 10^(-40)erg*cm^3:    0.5870158386129423E-02

    length representation:               0.1009722938829460E-06

    length rep. / 10^(-40)erg*cm^3:      0.6523296508425649E-02


 Dominant contributions:

      occ. orbital   energy / eV   virt. orbital     energy / eV   |coeff.|^2*100
        9 a              -7.82          12 a               3.45       88.0
        9 a              -7.82          14 a               3.98       11.2
 

 Change of electron number:

            -0.000000


 Electric transition dipole moment (velocity rep.):

    x        0.000048        Norm:                  0.231781
    y        0.059680
    z       -0.223966        Norm / debye:          0.589134


 Electric transition dipole moment (length rep.):

    x        0.000043        Norm:                  0.238046
    y        0.061293
    z       -0.230020        Norm / debye:          0.605057


 Magnetic transition dipole moment / i:

    x       -0.001021        Norm:                  0.001929
    y       -0.001581
    z       -0.000422        Norm / Bohr mag.:      0.528642


 Electric quadrupole transition moment:

   xx       -0.000738
   yy        0.710044        1/3*trace:             0.254261
   zz        0.053476
   xy       -0.684412
   xz        2.569307        Anisotropy:            5.202062
   yz       -1.339472




                         5 singlet a excitation


 Total energy:                           -115.2706590159987    

 Excitation energy:                      0.3644662179012499    

 Excitation energy / eV:                  9.917634645892457    

 Excitation energy / nm:                  125.0139256317718    

 Excitation energy / cm^(-1):             79991.08857650255    


 Oscillator strength:

    velocity representation:             0.7532542222450161E-01

    length representation:               0.6487550579517122E-01

    mixed representation:                0.6972246545022882E-01


 Rotatory strength:

    velocity representation:             0.1223856841341662E-06

    velocity rep. / 10^(-40)erg*cm^3:    0.7906704654241111E-02

    length representation:              -0.4424507719884297E-04

    length rep. / 10^(-40)erg*cm^3:      -2.858445089311608    


 Dominant contributions:

      occ. orbital   energy / eV   virt. orbital     energy / eV   |coeff.|^2*100
        9 a              -7.82          13 a               3.47       96.3
 

 Change of electron number:

            -0.000000


 Electric transition dipole moment (velocity rep.):

    x       -0.522376        Norm:                  0.556785
    y       -0.186222
    z       -0.049540        Norm / debye:          1.415218


 Electric transition dipole moment (length rep.):

    x       -0.470589        Norm:                  0.516722
    y       -0.206247
    z       -0.054870        Norm / debye:          1.313388


 Magnetic transition dipole moment / i:

    x       -0.000411        Norm:                  0.008024
    y       -0.000964
    z        0.007956        Norm / Bohr mag.:      2.199255


 Electric quadrupole transition moment:

   xx        8.199883
   yy       -2.248186        1/3*trace:             2.386671
   zz        1.208315
   xy       -0.309344
   xz        0.697720        Anisotropy:            9.370693
   yz       -0.596260

 SUMMARY OF EXCITATION ENERGIES AND DIPOLE OSCILLATOR STRENGTHS (velocity/length):

 -----------------------------------------------------------------------------------------------
 |    Exc.   | energy (Eh) | energy (eV) | energy (cm-1) | energy (nm) | Osc.(vel) | Osc.(len) |
 -----------------------------------------------------------------------------------------------
 |     1 a   |    0.255278 |     6.94647 |     56027.038 |     178.485 |   0.00095 |   0.00004 |
 |     2 a   |    0.315730 |     8.59144 |     69294.622 |     144.311 |   0.07666 |   0.06049 |
 |     3 a   |    0.322316 |     8.77068 |     70740.281 |     141.362 |   0.00362 |   0.00247 |
 |     4 a   |    0.354545 |     9.64765 |     77813.543 |     128.512 |   0.01270 |   0.01339 |
 |     5 a   |    0.364466 |     9.91763 |     79991.089 |     125.014 |   0.07533 |   0.06488 |
 -----------------------------------------------------------------------------------------------




    ------------------------------------------------------------------------
         total  cpu-time :   3.12 seconds
         total wall-time :   4.14 seconds
    ------------------------------------------------------------------------

   ****  escf : all done  ****


    2023-03-08 01:08:31.257 

