
 ridft (compt195) : TURBOMOLE rev. V7-6-2381-g96b3af1 compiled 16 Jan 2023 at 13:48:01
 Copyright (C) 2023 TURBOMOLE GmbH, Karlsruhe


    2023-03-08 01:08:14.654 



                                  r i d f t

                        DFT program with RI approximation 
                                for coulomb part 




                                                 
                                 References:     
                                                 
          TURBOMOLE:                             
              R. Ahlrichs, M. Baer, M. Haeser, H. Horn, and
              C. Koelmel
              Electronic structure calculations on workstation
              computers: the program system TURBOMOLE
              Chem. Phys. Lett. 162: 165 (1989)
          Density Functional:                              
              O. Treutler and R. Ahlrichs                      
              Efficient Molecular Numerical Integration Schemes
              J. Chem. Phys. 102: 346 (1995)                   
          Parallel Version:                                
              Performance of parallel TURBOMOLE for Density    
              Functional Calculations                          
              M. v. Arnim and R. Ahlrichs                      
              J. Comp. Chem. 19: 1746 (1998)                   
          RI-J Method:                                     
              Auxiliary Basis Sets to approximate Coulomb      
              Potentials                                       
              Chem. Phys. Lett. 240: 283 (1995)                
              K. Eichkorn, O. Treutler, H. Oehm, M. Haeser     
              and R. Ahlrichs                                  
              Chem. Phys. Lett. 242: 652 (1995)                
                                                           
              Auxiliary Basis Sets for Main Row Atoms and their
              Use to approximate Coulomb Potentials            
              K. Eichkorn, F. Weigend, O. Treutler and         
              R. Ahlrichs                                      
              Theo. Chem. Acc. 97: 119 (1997)                   
                                                           
              Accurate Coulomb-fitting basis sets for H to Rn 
              F. Weigend                                        
              Phys. Chem. Chem. Phys. 8: 1057 (2006)            
                                                           
          Multipole accelerated RI-J (MARI-J):             
              Fast evaluation of the Coulomb potential for     
              electron densities using multipole accelerated   
              resolution of identity approximation             
              M. Sierka, A. Hogekamp and R. Ahlrichs           
              J. Chem. Phys. 118: 9136 (2003)                  
          RI-JK Method:                                     
              A fully direct RI-HF algorithm: Implementation,
              optimised auxiliary basis sets, demonstration of
              accuracy and efficiency                         
              F. Weigend                                      
              Phys. Chem. Chem. Phys. 4: 4285 (2002)           
          Two-component HF and DFT with spin-orbit coupling:  
              Self-consistent treatment of spin-orbit         
              interactions with efficient Hartree-Fock and    
              density functional methods                      
              M. K. Armbruster, F. Weigend, C. van WÃ¼llen and 
              W. Klopper                                      
              Phys. Chem. Chem. Phys. 10: 1748 (2008)         
          Two-component difference density and DIIS algorithm 
              Efficient two-component self-consistent field   
              procedures and gradients: implementation in     
              TURBOMOLE and application to Au20-              
              A. Baldes, F. Weigend                           
              Mol. Phys. 111: 2617 (2013)                     
          Relativistic current density functional theory      
              Current density functional framework for        
              spin-orbit coupling                             
              C. Holzer, Y. J. Franzke, A. Pausch             
              J. Chem. Phys. 157: 204102 (2022)               
          Relativistic all-electron 2c calculations           
              An efficient implementation of two-component    
              relativistic exact-decoupling methods for large 
              molecules                                       
              D. Peng, N. Middendorf, F. Weigend, M. Reiher   
              J. Chem. Phys. 138: 184105 (2013)               
          Finite nucleus model and SNSO approximation         
              Efficient implementation of one- and two-       
              component analytical energy gradients in exact  
              two-component theory                            
              Y. J. Franzke, N. Middendorf, F. Weigend        
              J. Chem. Phys. 148: 104110 (2018)               
          Grids for all-electron relativistic methods         
              Error-consistent segmented contracted all-      
              electron relativistic basis sets of double-     
              and triple-zeta quality for NMR shielding       
              constants                                       
              Y. J. Franzke, R. Tress, T. M. Pazdera,         
              F. Weigend                                      
              Phys. Chem. Chem. Phys. 21: 166658 (2019)       
          Seminumerical exchange algorithms                   
              Seminumerical calculation of the Hartree-Fock   
              exchange matirx: Application to two-component   
              procedures and efficient evaluation of local    
              hybrid functionsl                               
              P. Plessow, F. Weigend,                         
              J. Comput. Chem. 33: 810 (2012)                 
          Improved seminumerical algorithms                   
              C. Holzer,                                      
              J. Chem. Phys. 153 (2020), 184115               
                                         




              +--------------------------------------------------+
              |      general information about current run       |
              +--------------------------------------------------+

 

 DENSITY CONVERGENCE CHECK SWITCHED ON !
 SCF CONVERGENCE IF RMS(delta[D]) <     0.1000000000E-06

 PBE0 hybrid functional
 exchange:    3/4 (LDA+PBE) + 1/4 HF
 correlation: LDA (PW) + PBE
 A Hybrid-DFT calculation using the RI-JK approximation will be carried out.
 Allocatable memory for RI due to $ricore (MB):                   500


              +--------------------------------------------------+
              | Atomic coordinate, charge and isotop information |
              +--------------------------------------------------+

                    atomic coordinates            atom    charge  isotop
         -9.24314180    6.23174984    0.00054802    c      6.000     0
         -9.98177905    5.77299993   -1.91166584    h      1.000     0
         -6.60094563    6.20640861   -0.00619830    o      8.000     0
         -9.98177905    4.88256098    1.43120298    h      1.000     0
         -9.90212710    8.15492412    0.51283388    h      1.000     0
         -6.10304059    4.45939461   -0.47154336    h      1.000     0
 
       center of nuclear mass  :   -7.89226438    6.16696788   -0.01670470
       center of nuclear charge:   -8.01306343    6.12842487   -0.02697059

              +--------------------------------------------------+
              |               basis set information              |
              +--------------------------------------------------+

              we will work with the 1s 3p 5d 7f 9g ... basis set
              ...i.e. with spherical basis functions...

   type   atoms  prim   cont   basis
   ---------------------------------------------------------------------------
    c        1     46     31   def2-TZVP   [5s3p2d1f|11s6p2d1f]
    h        4      8      6   def2-TZVP   [3s1p|5s1p]
    o        1     46     31   def2-TZVP   [5s3p2d1f|11s6p2d1f]
   ---------------------------------------------------------------------------
   total:    6    124     86
   ---------------------------------------------------------------------------

   total number of primitive shells          :   46
   total number of contracted shells         :   38
   total number of cartesian basis functions :   96
   total number of SCF-basis functions       :   86


 integral neglect threshold       :  0.35E-10
 integral storage threshold THIZE :  0.10E-04
 integral storage threshold THIME :         5

 RI-JK AUXILIARY BASIS SET information:

              we will work with the 1s 3p 5d 7f 9g ... basis set
              ...i.e. with spherical basis functions...

   type   atoms  prim   cont   basis
   ---------------------------------------------------------------------------
    c        1     97     75   def2-TZVP   [10s8p5d1f1g|14s10p6d2f1g]
    h        4     20     18   def2-TZVP   [2s2p2d|4s2p2d]
    o        1     97     77   def2-TZVP   [10s8p4d2f1g|14s10p6d2f1g]
   ---------------------------------------------------------------------------
   total:    6    274    224
   ---------------------------------------------------------------------------

   total number of primitive shells          :   74
   total number of contracted shells         :   74
   total number of cartesian basis functions :  262
   total number of SCF-basis functions       :  224


 symmetry group of the molecule :   c1 

 the group has the following generators :
   c1(z)

    1 symmetry operations found

 there are 1 real representations :   a   

 maximum number of shells which are related by symmetry :  1

  
           ------------------
           density functional
           ------------------
 PBE0 hybrid functional
 exchange:    3/4 (LDA+PBE) + 1/4 HF
 correlation: LDA (PW) + PBE
 spherical integration : Lebedev's spherical grid
 spherical gridsize    :                     3
    i.e. gridpoints    :                   302
  maximum batchsize    :                   100
 value for diffuse not defined
 radial integration    : Chebyshev 2nd kind (scaling 3)
 radial gridsize       :                     3
 integration cells     :                     6
 partition function    : becke
 partition sharpness   :                     3
  

 biggest AO integral is expected to be     7.998976882

          ------------------------
          nuclear repulsion energy  :   40.3453758809    
          ------------------------


         -----------------
         -S,T+V- integrals
         -----------------

 1e-integrals will be neglected if expon. factor < 0.348121E-11
 
 Difference densities algorithm switched on.
 The maximal number of linear combinations of
 difference densities is  20.

 DIIS switched on: error vector is FDS-SDF
 Max. Iterations for DIIS is     :   4
 DIIS matrix (see manual) 
    Scaling factor of diagonals  :  1.200
    threshold for scaling factor :  0.000

 scf convergence criterion : increment of total energy < .1000000D-06
                  and increment of one-electron energy < .1000000D-03

 MOs are in ASCII format !


    mo occupation :
   irrep   mo's   occupied
    a       86        9
 
 number of basis functions   :    86
 number of occupied orbitals :     9
 

 reading orbital data $scfmo  from file mos
 orbital characterization : expanded
 virtual MOs provided and orthogonalized by Cholesky decomposition

 automatic virtual orbital shift switched on 
      shift if e(lumo)-e(homo) < 0.10000000    

  
           ------------------------
               RI-JK - INFORMATION
           ------------------------
 Contributions to RI integral batches: 
  neglected integral batches:                     2
  direct contribution:                            0
  memory contribution:                   739
 Memory core needed for (P|Q) and Cholesky      1 MByte
 Memory core minimum needed except of (P|Q)     1 MByte
 Total minimum memory core needed (sum)         1 MByte
  
 ****************************************
 Memory allocated for RI-J    10 MByte
 ****************************************
                                            
 total memory allocated for calculation of  (Q|P)**(-1/2) :    1 MiB

  forming (P|Q)**(-1/2) 
 eigenvalues of original matrix 
 smallest =0.3587105387171E-06  largest = 17.09291680310    
  The symmetry information takes                      1  MB

 DSCF restart information will be dumped onto file mos


 Starting SCF iterations

          Overall gridpoints after grid construction =         27148
 
 BLOCKING OF MOS FOR RI-K
 
 
 occupied MOs partitioned into blocks of maximum length 9
 this requires 2 MiB core memory.
 
            MULTIPLE PASS Statistics 
 ----------------------------------------------------
  pass       irrep     lambda      batch : MO  to  MO
 ----------------------------------------------------
   1       1  ->  1    1  ->  9             1  ->   9



 ITERATION  ENERGY          1e-ENERGY        2e-ENERGY     RMS[dD(SAO)]   TOL
   1  -115.20379324275    -236.32108577     80.771916645    0.000D+00 0.347D-10
                            Exc = -11.5839803545     Coul =  96.0367561526    
                           RI-K = -3.68085915339    
                              N = 18.000007852    
                            current damping = 0.300
 
          max. resid. norm for Fia-block=  2.954D-01 for orbital      7a         
          max. resid. fock norm         =  1.128D+01 for orbital     82a         

 ITERATION  ENERGY          1e-ENERGY        2e-ENERGY     RMS[dD(SAO)]   TOL
   2  -115.58963106940    -236.48625684     80.551249888    0.873D-02 0.231D-10
                            Exc = -11.5640331444     Coul =  95.7836426651    
                           RI-K = -3.66835963235    
                              N = 18.000005129    
                            current damping = 0.250
 
          Norm of current diis error: 0.86837    
          max. resid. norm for Fia-block=  9.971D-02 for orbital      3a         
          max. resid. fock norm         =  2.497D-01 for orbital     60a         

 ITERATION  ENERGY          1e-ENERGY        2e-ENERGY     RMS[dD(SAO)]   TOL
   3  -115.62708193733    -237.46291272     81.490454901    0.407D-02 0.194D-10
                            Exc = -11.6897885929     Coul =  96.8916945013    
                           RI-K = -3.71145100737    
                              N = 18.000005432    
                            current damping = 0.200
 
          Norm of current diis error: 0.33762    
          max. resid. norm for Fia-block=  3.353D-02 for orbital      8a         
          max. resid. fock norm         =  3.449D-02 for orbital      8a         

 ITERATION  ENERGY          1e-ENERGY        2e-ENERGY     RMS[dD(SAO)]   TOL
   4  -115.63415655803    -236.84416418     80.864631746    0.219D-02 0.168D-10
                            Exc = -11.6359831483     Coul =  96.1938135841    
                           RI-K = -3.69319869001    
                              N = 18.000004846    
                            current damping = 0.250
 
          Norm of current diis error: 0.13090    
          max. resid. norm for Fia-block=  9.804D-03 for orbital      5a         
          max. resid. fock norm         =  1.237D-02 for orbital     51a         

 ITERATION  ENERGY          1e-ENERGY        2e-ENERGY     RMS[dD(SAO)]   TOL
   5  -115.63505466812    -237.15291147     81.172480921    0.492D-03 0.159D-10
                            Exc = -11.6623837755     Coul =  96.5365520816    
                           RI-K = -3.70168738485    
                              N = 18.000004811    
                            current damping = 0.300
 
          Norm of current diis error: 0.33337E-01
          max. resid. norm for Fia-block=  2.525D-03 for orbital      8a         
          max. resid. fock norm         =  3.605D-03 for orbital     37a         
          mo-orthogonalization: Cholesky decomposition

 ITERATION  ENERGY          1e-ENERGY        2e-ENERGY     RMS[dD(SAO)]   TOL
   6  -115.63512145398    -237.10227564     81.121778305    0.183D-03 0.153D-10
                            Exc = -11.6591110496     Coul =  96.4816115217    
                           RI-K = -3.70072216683    
                              N = 18.000004789    
                            current damping = 0.350
 
          Norm of current diis error: 0.65236E-02
          max. resid. norm for Fia-block=  6.314D-04 for orbital      5a         
          max. resid. fock norm         =  7.073D-04 for orbital      5a         

 ITERATION  ENERGY          1e-ENERGY        2e-ENERGY     RMS[dD(SAO)]   TOL
   7  -115.63512489225    -237.11093884     81.130438063    0.439D-04 0.146D-10
                            Exc = -11.6599606508     Coul =  96.4913925748    
                           RI-K = -3.70099386140    
                              N = 18.000004772    
                            current damping = 0.400
 
          Norm of current diis error: 0.17004E-02
          max. resid. norm for Fia-block=  1.876D-04 for orbital      8a         
          max. resid. fock norm         =  1.942D-04 for orbital      8a         

 ITERATION  ENERGY          1e-ENERGY        2e-ENERGY     RMS[dD(SAO)]   TOL
   8  -115.63512518117    -237.11202358     81.131522520    0.153D-04 0.140D-10
                            Exc = -11.6600709379     Coul =  96.4926208773    
                           RI-K = -3.70102741945    
                              N = 18.000004766    
                            current damping = 0.250
 
          Norm of current diis error: 0.74969E-03
          max. resid. norm for Fia-block=  9.146D-05 for orbital      5a         
          max. resid. fock norm         =  1.027D-04 for orbital      5a         

 ITERATION  ENERGY          1e-ENERGY        2e-ENERGY     RMS[dD(SAO)]   TOL
   9  -115.63512523127    -237.11298385     81.132482737    0.618D-05 0.135D-10
                            Exc = -11.6601707561     Coul =  96.4937142381    
                           RI-K = -3.70106074479    
                              N = 18.000004763    
                            current damping = 0.100
 
          Norm of current diis error: 0.14323E-03
          max. resid. norm for Fia-block=  2.232D-05 for orbital      8a         
          max. resid. fock norm         =  2.605D-05 for orbital      8a         

 ITERATION  ENERGY          1e-ENERGY        2e-ENERGY     RMS[dD(SAO)]   TOL
  10  -115.63512523327    -237.11270095     81.132199831    0.181D-05 0.132D-10
                            Exc = -11.6601464361     Coul =  96.4933983911    
                           RI-K = -3.70105212369    
                              N = 18.000004762    
                            current damping = 0.150
 
          Norm of current diis error: 0.10654E-03
          max. resid. norm for Fia-block=  7.612D-06 for orbital      5a         
          max. resid. fock norm         =  9.185D-06 for orbital      5a         
          mo-orthogonalization: Cholesky decomposition

 ENERGY & DENSITY CONVERGED !


 ITERATION  ENERGY          1e-ENERGY        2e-ENERGY     RMS[dD(SAO)]   TOL
  11  -115.63512523391    -237.11284498     81.132343869    0.360D-06 0.130D-10
                            Exc = -11.6601602923     Coul =  96.4935609792    
                           RI-K = -3.70105681834    
                              N = 18.000004762    
                            current damping = 0.200
 
          Norm of current diis error: 0.55019E-05
          max. resid. norm for Fia-block=  6.517D-07 for orbital      8a         
          max. resid. fock norm         =  7.004D-07 for orbital      8a         

 End of SCF iterations

   convergence criteria satisfied after    11 iterations


                  ------------------------------------------ 
                 |  total energy      =   -115.63512523391  |
                  ------------------------------------------ 
                 :  kinetic energy    =    115.05795552177  :
                 :  potential energy  =   -230.69308075568  :
                 :  virial theorem    =      1.99500869904  :
                 :  wavefunction norm =      1.00000000000  :
                  .......................................... 


 <geterg> : there is no data group $energy 


 <skperg> : $end is missing 


 orbitals $scfmo  will be written to file mos

    irrep                  5a          6a          7a          8a          9a   
 eigenvalues H         -0.52052    -0.45662    -0.44134    -0.34740    -0.28726
            eV         -14.1642    -12.4253    -12.0096     -9.4532     -7.8169
 occupation              2.0000      2.0000      2.0000      2.0000      2.0000

    irrep                 10a         11a         12a         13a         14a   
 eigenvalues H          0.03501     0.08143     0.12674     0.12768     0.14632
            eV           0.9526      2.2159      3.4489      3.4743      3.9816
 
 
 
 
 ==============================================================================
                           electrostatic moments
 ==============================================================================

 reference point for electrostatic moments:    0.00000   0.00000   0.00000

 
              nuc           elec       ->  total
 ------------------------------------------------------------------------------
                          charge      
 ------------------------------------------------------------------------------
          18.000000     -18.000000       0.000000
 
 ------------------------------------------------------------------------------
                       dipole moment  
 ------------------------------------------------------------------------------
   x    -144.235142     143.885717      -0.349425
   y     110.311648    -110.856270      -0.544623
   z      -0.485471       0.340402      -0.145069
 
   | dipole moment | =     0.6631 a.u. =     1.6855 debye 
 
 ------------------------------------------------------------------------------
                     quadrupole moment
 ------------------------------------------------------------------------------
  xx    1195.764940   -1200.309272      -4.544332
  yy     684.720217    -700.129835     -15.409618
  zz       6.188469     -16.303219     -10.114750
  xy    -887.679428     888.335850       0.656422
  xz       2.892501      -2.137822       0.754679
  yz      -2.256050       1.779748      -0.476302
 
     1/3  trace=     -10.022900
     anisotropy=       9.604254
 
 ==============================================================================
 
HOMO-LUMO Separation
 HOMO         :   -0.28726268 H =     -7.81682 eV
 LUMO         :    0.03500672 H =     +0.95258 eV
 HOMO-LUMO gap:    0.32226940 H =     +8.76940 eV
 
 ==============================================================================


    ------------------------------------------------------------------------
         total  cpu-time :   1.93 seconds
         total wall-time :   2.87 seconds
    ------------------------------------------------------------------------

   ****  ridft : all done  ****


    2023-03-08 01:08:17.491 

