Copying working directory from "/home/zzz6/turbomole_tool/TDDFT-ris/test/pbe0_pure_rijk" to "/scratch/pbsjobs/job.18681658.hpc"
sending incremental file list
./
coord
define.inp
escf.slurm

sent 5,234 bytes  received 76 bytes  10,620.00 bytes/sec
total size is 4,977  speedup is 0.94
Changing directory to "/scratch/pbsjobs/job.18681658.hpc"
 define ended normally 
 ridft ended normally
 escf ended normally

             +--------------------------------------+
             |            escfrisprep               |
             |  prepare for TDDFT-ris calculations  |
             |           with TURBOMOLE             |
             +--------------------------------------+

   Ref: 1. Z. Zhou, F. Della Sala, S. M. Parker,
           J. Phys. Chem. Lett. 2023, 14, 7, 1968–1976
        2. G. Giannone, F. Della Sala.,
           J. Chem. Phys. 2020, 153, 084110

            Wed Mar  8 01:08:21 EST 2023

rpa detected
dealing with hybrid functional
modify the setting, turn on RIJK and turn off xckernel
control file is control
create control_ris_backup
control file revision done
generate ris auxbasis file
create auxbasis_ris_backup 
included element: c
included element: h
included element: o
 escf ended normally

             +--------------------------------------+
             |            escfrisprep               |
             |  prepare for TDDFT-ris calculations  |
             |           with TURBOMOLE             |
             +--------------------------------------+

   Ref: 1. Z. Zhou, F. Della Sala, S. M. Parker,
           J. Phys. Chem. Lett. 2023, 14, 7, 1968–1976
        2. G. Giannone, F. Della Sala.,
           J. Chem. Phys. 2020, 153, 084110

            Wed Mar  8 01:08:24 EST 2023

rpa detected
elements [ o ] will use the default full fitting basis
dealing with hybrid functional
modify the setting, turn on RIJK and turn off xckernel
control file is control
control file revision done
generate ris auxbasis file
included element: c
included element: h
excluded element: o will use full fitting basis
 escf ended normally

             +--------------------------------------+
             |            escfrisprep               |
             |  prepare for TDDFT-ris calculations  |
             |           with TURBOMOLE             |
             +--------------------------------------+

   Ref: 1. Z. Zhou, F. Della Sala, S. M. Parker,
           J. Phys. Chem. Lett. 2023, 14, 7, 1968–1976
        2. G. Giannone, F. Della Sala.,
           J. Chem. Phys. 2020, 153, 084110

            Wed Mar  8 01:08:27 EST 2023

rpa detected
restore auxbasis from auxbasis_ris_backup
restore control from control_ris_backup
Data group $ri not found in file control
The original calculation did not use RI, remove auxbasis
recover the original setting from backup
 escf ended normally

Copying results from "/scratch/pbsjobs/job.18681658.hpc" to "/home/zzz6/turbomole_tool/TDDFT-ris/test/pbe0_pure_rijk"
sending incremental file list
./
auxbasis
basis
control
coord
define.out
energy
escf-escf2.out
escf-ris-x.out
escf-ris.out
escf1.out
exspectrum-final
exspectrum-initial
exspectrum-ris
exspectrum-ris-x
moments
mos
ridft.out
statistics

sent 361,533 bytes  received 537 bytes  724,140.00 bytes/sec
total size is 361,819  speedup is 1.00
Copied successfully, removing temporary files
