
 escf (compt230) : TURBOMOLE rev. V7-6-2381-g96b3af1 compiled 16 Jan 2023 at 13:48:01
 Copyright (C) 2023 TURBOMOLE GmbH, Karlsruhe


    2023-03-08 01:08:30.782 


 escf run will be profiled !




                                e s c f

                             TURBOMOLE GmbH

          integral direct evaluation of 

                    * excitation energies and transition moments 
                    * polarizabilities
                    * dynamic response properties 
                    * stabilities
                    * quasiparticle states with GW
                    * NMR coupling-constants



          references (see also programs dscf and ridft) 
          implementation and benchmarks (review) 
          F. Furche and D. Rappoport,  
          "Density functional methods for excited states: 
          equilibrium structure and electronic spectra",
          ch. III of "Computational Photochemistry", ed. by 
          M. Olivucci, vol. 16 of "Theoretical and Computational 
          Chemistry", Elsevier, Amsterdam, 2005.



              +--------------------------------------------------+
              | Atomic coordinate, charge and isotop information |
              +--------------------------------------------------+

                    atomic coordinates            atom    charge  isotop
         -9.24314180    6.23174984    0.00054802    c      6.000     0
         -9.98177905    5.77299993   -1.91166584    h      1.000     0
         -6.60094563    6.20640861   -0.00619830    o      8.000     0
         -9.98177905    4.88256098    1.43120298    h      1.000     0
         -9.90212710    8.15492412    0.51283388    h      1.000     0
         -6.10304059    4.45939461   -0.47154336    h      1.000     0
 
       center of nuclear mass  :   -7.89226438    6.16696788   -0.01670470
       center of nuclear charge:   -8.01306343    6.12842487   -0.02697059

              +--------------------------------------------------+
              |               basis set information              |
              +--------------------------------------------------+

              we will work with the 1s 3p 5d 7f 9g ... basis set
              ...i.e. with spherical basis functions...

   type   atoms  prim   cont   basis
   ---------------------------------------------------------------------------
    c        1     46     31   def2-TZVP   [5s3p2d1f|11s6p2d1f]
    h        4      8      6   def2-TZVP   [3s1p|5s1p]
    o        1     46     31   def2-TZVP   [5s3p2d1f|11s6p2d1f]
   ---------------------------------------------------------------------------
   total:    6    124     86
   ---------------------------------------------------------------------------

   total number of primitive shells          :   46
   total number of contracted shells         :   38
   total number of cartesian basis functions :   96
   total number of SCF-basis functions       :   86


 residuum convergence criterium   :  0.10E-04


 integral neglect threshold       :  0.33E-10
 integral storage threshold THIZE :  0.10E-04
 integral storage threshold THIME :         5

 
             FOUND RI-J FLAG !
 
  
 AUXILIARY BASIS SET information:

              we will work with the 1s 3p 5d 7f 9g ... basis set
              ...i.e. with spherical basis functions...

   type   atoms  prim   cont   basis
   ---------------------------------------------------------------------------
    c        1      1      1   def2-TZVP   [1s|1s]
    h        4      1      1   def2-TZVP   [1s|1s]
    o        1      1      1   def2-TZVP   [1s|1s]
   ---------------------------------------------------------------------------
   total:    6      6      6
   ---------------------------------------------------------------------------

   total number of primitive shells          :    3
   total number of contracted shells         :    6
   total number of cartesian basis functions :    6
   total number of SCF-basis functions       :    6

 
             FOUND RI-K FLAG !
 
  
 AUXILIARY BASIS SET information:

              we will work with the 1s 3p 5d 7f 9g ... basis set
              ...i.e. with spherical basis functions...

   type   atoms  prim   cont   basis
   ---------------------------------------------------------------------------
    c        1      1      1   def2-TZVP   [1s|1s]
    h        4      1      1   def2-TZVP   [1s|1s]
    o        1      1      1   def2-TZVP   [1s|1s]
   ---------------------------------------------------------------------------
   total:    6      6      6
   ---------------------------------------------------------------------------

   total number of primitive shells          :    3
   total number of contracted shells         :    6
   total number of cartesian basis functions :    6
   total number of SCF-basis functions       :    6

 RPA SINGLET-EXCITATION-CALCULATION 
 
             FOUND DFT-FLAG !
 

 maximum number of Davidson iterations set to   35


 symmetry group of the molecule :   c1 

 the group has the following generators :
   c1(z)

    1 symmetry operations found

 there are 1 real representations :   a   

 maximum number of shells which are related by symmetry :  1

 IRREPs of excited states :   a   
  
           ------------------
           density functional
           ------------------
 TPSS global hybrid functional
 exchange:    9/10 (LDA+TPSS) + 1/10 HF
 correlation: LDA (PW) + TPSS
 spherical integration : Lebedev's spherical grid
 spherical gridsize    :                     3
    i.e. gridpoints    :                   302
  maximum batchsize    :                   100
 value for diffuse not defined
 radial integration    : Chebyshev 2nd kind (scaling 3)
 radial gridsize       :                     3
 integration cells     :                     6
 partition function    : becke
 partition sharpness   :                     3
  

 The current-density response will be included
 for meta-GGA and LHF functionals in TDDFT.


 ----------------------------------------------------------------------
          some useful papers before it begins
 ----------------------------------------------------------------------

     nonorthonormal Krylov space methods 
     F. Furche, B. T. Krull, B. D. Nguyen, and J. Kwon, 
     J. Chem. Phys. 144, 174105 (2016).

     current-density dependent meta-GGA linear response
     excitation energies.
     J. E. Bates and F. Furche, 
     J. Chem. Phys. 137, 164105 (2012).

     More current-density dependent meta-GGA response
     NMR couplings, SCF instabilities, damped response, etc.
     C. Holzer, Y. J. Franzke, and M. Kehry, 
     J. Chem. Theory Comput. 17, 2928 (2021).

     RI-J method 
     R. Bauernschmitt, M. Haeser, O. Treutler, and R. Ahlrichs,
     Chem. Phys. Lett. 264, 573 (1997).

     density functional implementation               
     R. Bauernschmitt and R. Ahlrichs,
     Chem. Phys. Lett. 256, 454 (1996).
     R. Bauernschmitt and R. Ahlrichs,
     J. Chem. Phys. 104, 9047 (1996).

     UHF extension (RPA and CIS)
     C. Ochsenfeld, J. Gauss, and R. Ahlrichs, 
     J. Chem. Phys. 103, 7401 (1995).

     integral direct algorithm                 
     H. Weiss, R. Ahlrichs, and M. Haeser, 
     J. Chem. Phys. 99, 1262 (1993).

 ----------------------------------------------------------------------

  MOs are in ASCII format !


    mo occupation :
   irrep   mo's   occupied
    a       86        9
 
 number of basis functions   :    86
 number of occupied orbitals :     9
 

 reading orbital data $scfmo  from file mos
 orbital characterization : scfconv=7
  
           ----------------------
               RI - INFORMATION
           ----------------------

 biggest AO integral is expected to be     7.998976882

 Threshold for integral neglect (rithr2):   0.33E-10
 Threshold for integral neglect (rithr1):   0.33E-10

 Contributions to RI integral batches: 
  neglected integral batches:                     2
  direct contribution:                            0
  memory contribution:                   739
 Core memory available (ricore)            500 MiB
 Core memory needed for (P|Q) and Cholesky 1 MiB
 Core memory used for integrals            1 MiB
  
 ****************************************
 Memory allocated for RIDFT 1 MiB
 ****************************************
                                            

 MAXIMUM CORE MEMORY WHICH CAN BE ALLOCATED DYNAMICALLY in escf_cc_setup= 500 MiB
              ( or 65536000 double words )

 Summary of integral storage options:
 B_ji^Q integral storage mode: on-disk   
 B_ai^Q integral storage mode: on-disk   
 B_ba^Q integral storage mode: on-disk   

   *-----------------------------------------------------------------------*
   |                     program will use  1 thread(s)                     |
   *-----------------------------------------------------------------------*
  MOs are in ASCII format !


 reading orbital data $scfmo  from file mos
 orbital characterization : scfconv=7
 time elapsed for calculating density matrices :   0.001 sec
 all orbitals will be active in the correlation treatment


   Molecular Orbital Statistic:
   ============================

   -----------------------------
   orbitals in total:
   -----------------------------
    frozen occupied :      0
    active occupied :      9
    active virtual  :     77
    frozen virtual  :      0
    all together    :     86
   -----------------------------


     time in riccmos       cpu:  0.01 sec    wall:  0.14 sec    ratio:  0.1

     total memory allocated for calculation of (Q|P)**(-1/2) : 1 MiB


     calculation of (P|Q) ...
     time in lp2sym        cpu:  0.00 sec    wall:  0.00 sec    ratio:  1.0


     calculation of the Cholesky decomposition of (P|Q)**(-1) ...
     time in invmetri      cpu:  0.00 sec    wall:  0.02 sec    ratio:  0.1
 preparing DFT   numerical integration ....
          Overall gridpoints after grid construction =         27148

 Calculating ground state density on molecular grid

 Integral of ground state density: N =   18.00000456606310    


 all orbitals will be included in the transformation

 number of non-frozen orbitals          :    86
 number of non-frozen occupied orbitals :     9



 dimension of super-tensorspace: 2

          IRREP   tensor space dimension   number of roots

           a                 693                      5
                    12
 Switching off XC: hybrid=  0.100000000000000     

 machine precision: 2.22D-16


 logfile sing_a    will be constructed




                       Nonorthonormal Krylov Space Iteration


 total number of roots to be determined: 5


 maximum core memory set to          500 MB,
 corresponding to     3517 vectors in CAO basis


 maximum number of simultaneously treated vectors (including degeneracy):       10


 Iteration IRREP Converged      Max. Euclidean
                 roots          residual norm

    1       a        0        7.289732663822979D-02
 
    2       a        0        1.413808795336069D-02
 
    3       a        0        1.851155195964380D-03
 
    4       a        3        2.240565562268069D-04
 
    5       a        4        2.318218969396955D-05
 
    6       a        5        6.170746766466407D-06
 

 converged!

 Eigenpairs written on logfile sing_a   



 IRREP   Vector     Eigenvalue           Euclidean residual norm

  a         1    2.491579359028442D-01    1.096886414728992D-06
            2    3.026215321730750D-01    5.566047182827862D-06
            3    3.195064724078837D-01    3.708549343255710D-06
            4    3.458633600779111D-01    6.170746766466407D-06
            5    3.543223842887512D-01    1.926747371747599D-06






                    Selection rules for point group c1  


 Subduction with respect to c1  :

    Polar vector representation: a                           

    Axial vector representation: a                           

    Symmetric second rank tensor representation: a                           




                            Ground state


 Total energy:                           -115.7710436916000    

 Charge:

               elec          nuc         total

           -18.000000    18.000000    -0.000000


 Electric dipole moment:

               elec          nuc         total   

    x      143.890042  -144.235142    -0.345100    Norm:              0.652679
    y     -110.846965   110.311648    -0.535317
    z        0.342883    -0.485471    -0.142588    Norm / debye:      1.658958


 Electric quadrupole moment:

               elec          nuc         total   

   xx    -1200.381846  1195.764940    -4.616906
   yy     -700.033895   684.720217   -15.313678    1/3*trace:       -10.016149
   zz      -16.306331     6.188469   -10.117862
   xy      888.304858  -887.679428     0.625430
   xz       -2.153272     2.892501     0.739229    Anisotropy:        9.449997
   yz        1.790359    -2.256050    -0.465691



 ==============================================================================

                              I R R E P   a   

 ==============================================================================


 Excitation is electric dipole allowed

 Excitation is magnetic dipole allowed

 Excitation is electric quadrupole allowed




                         1 singlet a excitation


 Total energy:                           -115.5218857556972    

 Excitation energy:                      0.2491579359028442    

 Excitation energy / eV:                  6.779935302751760    

 Excitation energy / nm:                  182.8693615352746    

 Excitation energy / cm^(-1):             54683.84596825100    


 Oscillator strength:

    velocity representation:             0.1285570725812918E-02

    length representation:               0.6766469176090124E-06

    mixed representation:                0.2949359039374562E-04


 Rotatory strength:

    velocity representation:            -0.5835104749197003E-08

    velocity rep. / 10^(-40)erg*cm^3:   -0.3769758710331098E-03

    length representation:              -0.2322422371870793E-08

    length rep. / 10^(-40)erg*cm^3:     -0.1500396709524802E-03


 Dominant contributions:

      occ. orbital   energy / eV   virt. orbital     energy / eV   |coeff.|^2*100
        9 a              -6.91          10 a               0.65       99.4
 

 Change of electron number:

             0.000000


 Electric transition dipole moment (velocity rep.):

    x       -0.000001        Norm:                  0.087974
    y        0.022642
    z       -0.085011        Norm / debye:          0.223610


 Electric transition dipole moment (length rep.):

    x       -0.000005        Norm:                  0.002018
    y        0.000519
    z       -0.001950        Norm / debye:          0.005130


 Magnetic transition dipole moment / i:

    x        0.000293        Norm:                  0.001668
    y        0.001587
    z        0.000423        Norm / Bohr mag.:      0.457154


 Electric quadrupole transition moment:

   xx        0.000081
   yy        0.150682        1/3*trace:             0.002186
   zz       -0.144206
   xy        0.212493
   xz       -0.797830        Anisotropy:            1.522771
   yz       -0.263656




                         2 singlet a excitation


 Total energy:                           -115.4684221594269    

 Excitation energy:                      0.3026215321730750    

 Excitation energy / eV:                  8.234754401533946    

 Excitation energy / nm:                  150.5621636795542    

 Excitation energy / cm^(-1):             66417.74901555381    


 Oscillator strength:

    velocity representation:             0.4623255332167878E-01

    length representation:               0.3530784165561095E-01

    mixed representation:                0.4040261961743474E-01


 Rotatory strength:

    velocity representation:             0.9311377033328691E-08

    velocity rep. / 10^(-40)erg*cm^3:    0.6015598037275729E-03

    length representation:              -0.1905770442405037E-08

    length rep. / 10^(-40)erg*cm^3:     -0.1231219495440352E-03


 Dominant contributions:

      occ. orbital   energy / eV   virt. orbital     energy / eV   |coeff.|^2*100
        9 a              -6.91          11 a               1.92       99.2
 

 Change of electron number:

             0.000000


 Electric transition dipole moment (velocity rep.):

    x       -0.000012        Norm:                  0.478707
    y       -0.123221
    z        0.462576        Norm / debye:          1.216761


 Electric transition dipole moment (length rep.):

    x       -0.000009        Norm:                  0.418342
    y       -0.107685
    z        0.404245        Norm / debye:          1.063327


 Magnetic transition dipole moment / i:

    x        0.002896        Norm:                  0.005791
    y        0.004846
    z        0.001291        Norm / Bohr mag.:      1.587059


 Electric quadrupole transition moment:

   xx        0.000165
   yy       -1.074985        1/3*trace:            -0.447161
   zz       -0.266663
   xy        1.161654
   xz       -4.360990        Anisotropy:            8.642361
   yz        2.053220




                         3 singlet a excitation


 Total energy:                           -115.4515372191921    

 Excitation energy:                      0.3195064724078837    

 Excitation energy / eV:                  8.694217199570096    

 Excitation energy / nm:                  142.6054136450594    

 Excitation energy / cm^(-1):             70123.56503798001    


 Oscillator strength:

    velocity representation:             0.4406267792111584E-02

    length representation:               0.3338874497008432E-02

    mixed representation:                0.3675076059686960E-02


 Rotatory strength:

    velocity representation:             0.1712006473021066E-07

    velocity rep. / 10^(-40)erg*cm^3:    0.1106038638758376E-02

    length representation:              -0.9625469596111818E-05

    length rep. / 10^(-40)erg*cm^3:     -0.6218516960807453    


 Dominant contributions:

      occ. orbital   energy / eV   virt. orbital     energy / eV   |coeff.|^2*100
        8 a              -8.62          10 a               0.65       99.4
 

 Change of electron number:

             0.000000


 Electric transition dipole moment (velocity rep.):

    x       -0.053459        Norm:                  0.143827
    y        0.129023
    z        0.034372        Norm / debye:          0.365575


 Electric transition dipole moment (length rep.):

    x       -0.077863        Norm:                  0.125200
    y        0.094739
    z        0.025238        Norm / debye:          0.318230


 Magnetic transition dipole moment / i:

    x        0.000250        Norm:                  0.002748
    y       -0.000607
    z        0.002669        Norm / Bohr mag.:      0.753276


 Electric quadrupole transition moment:

   xx        1.300745
   yy        0.672190        1/3*trace:             0.857619
   zz        0.599922
   xy       -0.076910
   xz        0.108694        Anisotropy:            0.759070
   yz       -0.160489




                         4 singlet a excitation


 Total energy:                           -115.4251803315221    

 Excitation energy:                      0.3458633600779111    

 Excitation energy / eV:                  9.411424911767401    

 Excitation energy / nm:                  131.7380154108725    

 Excitation energy / cm^(-1):             75908.23322576066    


 Oscillator strength:

    velocity representation:             0.8660610699672337E-02

    length representation:               0.9922857138526451E-02

    mixed representation:                0.9270275209951519E-02


 Rotatory strength:

    velocity representation:             0.1034033761491653E-06

    velocity rep. / 10^(-40)erg*cm^3:    0.6680356131903235E-02

    length representation:               0.1132665254736158E-06

    length rep. / 10^(-40)erg*cm^3:      0.7317563083196789E-02


 Dominant contributions:

      occ. orbital   energy / eV   virt. orbital     energy / eV   |coeff.|^2*100
        9 a              -6.91          12 a               3.15       96.4
 

 Change of electron number:

             0.000000


 Electric transition dipole moment (velocity rep.):

    x       -0.000062        Norm:                  0.193806
    y       -0.049900
    z        0.187272        Norm / debye:          0.492610


 Electric transition dipole moment (length rep.):

    x       -0.000055        Norm:                  0.207449
    y       -0.053415
    z        0.200455        Norm / debye:          0.527287


 Magnetic transition dipole moment / i:

    x        0.000571        Norm:                  0.001802
    y        0.001651
    z        0.000441        Norm / Bohr mag.:      0.493905


 Electric quadrupole transition moment:

   xx        0.000959
   yy       -0.609547        1/3*trace:            -0.221440
   zz       -0.055734
   xy        0.634807
   xz       -2.383374        Anisotropy:            4.750573
   yz        1.151270




                         5 singlet a excitation


 Total energy:                           -115.4167213073112    

 Excitation energy:                      0.3543223842887512    

 Excitation energy / eV:                  9.641606770780193    

 Excitation energy / nm:                  128.5929274591600    

 Excitation energy / cm^(-1):             77764.77444051717    


 Oscillator strength:

    velocity representation:             0.4940379693029257E-01

    length representation:               0.4183837769300023E-01

    mixed representation:                0.4529426418645452E-01


 Rotatory strength:

    velocity representation:            -0.3802451486645896E-07

    velocity rep. / 10^(-40)erg*cm^3:   -0.2456566801884305E-02

    length representation:              -0.3449057671347902E-04

    length rep. / 10^(-40)erg*cm^3:      -2.228257376319994    


 Dominant contributions:

      occ. orbital   energy / eV   virt. orbital     energy / eV   |coeff.|^2*100
        9 a              -6.91          13 a               3.19       93.6
 

 Change of electron number:

            -0.000000


 Electric transition dipole moment (velocity rep.):

    x        0.450900        Norm:                  0.457327
    y        0.073822
    z        0.019681        Norm / debye:          1.162417


 Electric transition dipole moment (length rep.):

    x        0.407323        Norm:                  0.420856
    y        0.102295
    z        0.027266        Norm / debye:          1.069718


 Magnetic transition dipole moment / i:

    x        0.000159        Norm:                  0.005938
    y        0.000606
    z       -0.005905        Norm / Bohr mag.:      1.627520


 Electric quadrupole transition moment:

   xx       -7.052426
   yy        0.753166        1/3*trace:            -2.473951
   zz       -1.122593
   xy        0.912356
   xz       -0.433082        Anisotropy:            7.294901
   yz        0.342247

 SUMMARY OF EXCITATION ENERGIES AND DIPOLE OSCILLATOR STRENGTHS (velocity/length):

 -----------------------------------------------------------------------------------------------
 |    Exc.   | energy (Eh) | energy (eV) | energy (cm-1) | energy (nm) | Osc.(vel) | Osc.(len) |
 -----------------------------------------------------------------------------------------------
 |     1 a   |    0.249158 |     6.77993 |     54683.846 |     182.869 |   0.00129 |   0.00000 |
 |     2 a   |    0.302622 |     8.23475 |     66417.749 |     150.562 |   0.04623 |   0.03531 |
 |     3 a   |    0.319506 |     8.69421 |     70123.565 |     142.605 |   0.00441 |   0.00334 |
 |     4 a   |    0.345863 |     9.41142 |     75908.233 |     131.738 |   0.00866 |   0.00992 |
 |     5 a   |    0.354322 |     9.64160 |     77764.774 |     128.593 |   0.04940 |   0.04184 |
 -----------------------------------------------------------------------------------------------



    escf profiling
  --------------------------------------------------------------------
             module   cpu total (s)       %  wall total (s)       %

         input total             0.0    6.45             0.0    3.90
       init symmetry             0.0    0.67             0.0    0.36
               moinp             0.0    1.78             0.0    0.47
            RI total             0.0    1.52             0.0    0.40
          RI prelims             0.0    0.61             0.0    0.16
       escf_cc_setup             0.0   11.91             0.3   25.86
           grid init             0.0    5.43             0.0    1.43
            becke...             0.0    2.87             0.0    0.75
         dft prelims             0.2   49.25             0.2   12.95
           dft total             0.2   49.25             0.2   12.95
             funct_2             0.0   13.57             0.0    3.58
              onde_3             0.1   28.16             0.1    7.42
                mgga             0.0    6.48             0.0    1.70
              tracao             0.0    0.16             0.0    0.11
           diag_prep             0.0    0.02             0.0    0.00
              respon             0.1   19.49             0.5   45.38
            startvec             0.0    0.07             0.0    0.23
           mvproduct             0.0    8.51             0.1   12.21
            tramocao             0.0    0.87             0.0    0.23
     tramocao_mvprod             0.0    0.70             0.0    0.19
              colrsp             0.0    0.89             0.0    0.23
              gammaP             0.0    0.41             0.0    0.11
              cotlet             0.0    0.03             0.0    0.01
              gammaQ             0.0    0.33             0.0    0.09
            tracaomo             0.0    0.91             0.0    1.51
              mv_rik             0.0    5.53             0.1   10.16
                ritz             0.0    1.99             0.0    0.52
            expandl3             0.0    0.40             0.0    0.85
           startover             0.0    0.50             0.0    0.13
                rest             0.0    0.43             0.1    4.76
             writeep             0.0    3.50             0.0    2.85
              proper             0.0    2.46             0.0    1.44
 


    ------------------------------------------------------------------------
         total  cpu-time :   0.32 seconds
         total wall-time :   1.23 seconds
    ------------------------------------------------------------------------

   ****  escf : all done  ****


    2023-03-08 01:08:31.991 

