
 escf (compt230) : TURBOMOLE rev. V7-6-2381-g96b3af1 compiled 16 Jan 2023 at 13:48:01
 Copyright (C) 2023 TURBOMOLE GmbH, Karlsruhe


    2023-03-08 01:08:20.535 




                                e s c f

                             TURBOMOLE GmbH

          integral direct evaluation of 

                    * excitation energies and transition moments 
                    * polarizabilities
                    * dynamic response properties 
                    * stabilities
                    * quasiparticle states with GW
                    * NMR coupling-constants



          references (see also programs dscf and ridft) 
          implementation and benchmarks (review) 
          F. Furche and D. Rappoport,  
          "Density functional methods for excited states: 
          equilibrium structure and electronic spectra",
          ch. III of "Computational Photochemistry", ed. by 
          M. Olivucci, vol. 16 of "Theoretical and Computational 
          Chemistry", Elsevier, Amsterdam, 2005.



              +--------------------------------------------------+
              | Atomic coordinate, charge and isotop information |
              +--------------------------------------------------+

                    atomic coordinates            atom    charge  isotop
         -9.24314180    6.23174984    0.00054802    c      6.000     0
         -9.98177905    5.77299993   -1.91166584    h      1.000     0
         -6.60094563    6.20640861   -0.00619830    o      8.000     0
         -9.98177905    4.88256098    1.43120298    h      1.000     0
         -9.90212710    8.15492412    0.51283388    h      1.000     0
         -6.10304059    4.45939461   -0.47154336    h      1.000     0
 
       center of nuclear mass  :   -7.89226438    6.16696788   -0.01670470
       center of nuclear charge:   -8.01306343    6.12842487   -0.02697059

              +--------------------------------------------------+
              |               basis set information              |
              +--------------------------------------------------+

              we will work with the 1s 3p 5d 7f 9g ... basis set
              ...i.e. with spherical basis functions...

   type   atoms  prim   cont   basis
   ---------------------------------------------------------------------------
    c        1     46     31   def2-TZVP   [5s3p2d1f|11s6p2d1f]
    h        4      8      6   def2-TZVP   [3s1p|5s1p]
    o        1     46     31   def2-TZVP   [5s3p2d1f|11s6p2d1f]
   ---------------------------------------------------------------------------
   total:    6    124     86
   ---------------------------------------------------------------------------

   total number of primitive shells          :   46
   total number of contracted shells         :   38
   total number of cartesian basis functions :   96
   total number of SCF-basis functions       :   86


 residuum convergence criterium   :  0.10E-04


 integral neglect threshold       :  0.33E-10
 integral storage threshold THIZE :  0.10E-04
 integral storage threshold THIME :         5

 
             FOUND RI-J FLAG !
 
  
 AUXILIARY BASIS SET information:

              assign orbital basis set names as defaults
              read basis sets from /home/smp201/dev/turbomole/cbasen/
              (basis sets have been saved in file auxbasis)

              we will work with the 1s 3p 5d 7f 9g ... basis set
              ...i.e. with spherical basis functions...

   type   atoms  prim   cont   basis
   ---------------------------------------------------------------------------
    c        1     81     76   def2-TZVP   [8s6p4d3f1g|8s6p5d3f1g]
    h        4     23     15   def2-TZVP   [4s2p1d|4s3p2d]
    o        1     81     76   def2-TZVP   [8s6p4d3f1g|8s6p5d3f1g]
   ---------------------------------------------------------------------------
   total:    6    254    212
   ---------------------------------------------------------------------------

   total number of primitive shells          :   55
   total number of contracted shells         :   72
   total number of cartesian basis functions :  254
   total number of SCF-basis functions       :  212

 
             FOUND RI-K FLAG !
 
  
 AUXILIARY BASIS SET information:

              we will work with the 1s 3p 5d 7f 9g ... basis set
              ...i.e. with spherical basis functions...

   type   atoms  prim   cont   basis
   ---------------------------------------------------------------------------
    c        1     81     76   def2-TZVP   [8s6p4d3f1g|8s6p5d3f1g]
    h        4     23     15   def2-TZVP   [4s2p1d|4s3p2d]
    o        1     81     76   def2-TZVP   [8s6p4d3f1g|8s6p5d3f1g]
   ---------------------------------------------------------------------------
   total:    6    254    212
   ---------------------------------------------------------------------------

   total number of primitive shells          :   55
   total number of contracted shells         :   72
   total number of cartesian basis functions :  254
   total number of SCF-basis functions       :  212

 RPA SINGLET-EXCITATION-CALCULATION 
 
             FOUND DFT-FLAG !
 

 maximum number of Davidson iterations set to   35


 symmetry group of the molecule :   c1 

 the group has the following generators :
   c1(z)

    1 symmetry operations found

 there are 1 real representations :   a   

 maximum number of shells which are related by symmetry :  1

 IRREPs of excited states :   a   
  
           ------------------
           density functional
           ------------------
 TPSS global hybrid functional
 exchange:    9/10 (LDA+TPSS) + 1/10 HF
 correlation: LDA (PW) + TPSS
 spherical integration : Lebedev's spherical grid
 spherical gridsize    :                     3
    i.e. gridpoints    :                   302
  maximum batchsize    :                   100
 value for diffuse not defined
 radial integration    : Chebyshev 2nd kind (scaling 3)
 radial gridsize       :                     3
 integration cells     :                     6
 partition function    : becke
 partition sharpness   :                     3
  

 The current-density response will be included
 for meta-GGA and LHF functionals in TDDFT.


 ----------------------------------------------------------------------
          some useful papers before it begins
 ----------------------------------------------------------------------

     nonorthonormal Krylov space methods 
     F. Furche, B. T. Krull, B. D. Nguyen, and J. Kwon, 
     J. Chem. Phys. 144, 174105 (2016).

     current-density dependent meta-GGA linear response
     excitation energies.
     J. E. Bates and F. Furche, 
     J. Chem. Phys. 137, 164105 (2012).

     More current-density dependent meta-GGA response
     NMR couplings, SCF instabilities, damped response, etc.
     C. Holzer, Y. J. Franzke, and M. Kehry, 
     J. Chem. Theory Comput. 17, 2928 (2021).

     RI-J method 
     R. Bauernschmitt, M. Haeser, O. Treutler, and R. Ahlrichs,
     Chem. Phys. Lett. 264, 573 (1997).

     density functional implementation               
     R. Bauernschmitt and R. Ahlrichs,
     Chem. Phys. Lett. 256, 454 (1996).
     R. Bauernschmitt and R. Ahlrichs,
     J. Chem. Phys. 104, 9047 (1996).

     UHF extension (RPA and CIS)
     C. Ochsenfeld, J. Gauss, and R. Ahlrichs, 
     J. Chem. Phys. 103, 7401 (1995).

     integral direct algorithm                 
     H. Weiss, R. Ahlrichs, and M. Haeser, 
     J. Chem. Phys. 99, 1262 (1993).

 ----------------------------------------------------------------------

  MOs are in ASCII format !


    mo occupation :
   irrep   mo's   occupied
    a       86        9
 
 number of basis functions   :    86
 number of occupied orbitals :     9
 

 reading orbital data $scfmo  from file mos
 orbital characterization : scfconv=7
  
           ----------------------
               RI - INFORMATION
           ----------------------

 biggest AO integral is expected to be     7.998976882

 Threshold for integral neglect (rithr2):   0.33E-10
 Threshold for integral neglect (rithr1):   0.33E-10

 Contributions to RI integral batches: 
  neglected integral batches:                     2
  direct contribution:                            0
  memory contribution:                   739
 Core memory available (ricore)            500 MiB
 Core memory needed for (P|Q) and Cholesky 1 MiB
 Core memory used for integrals            10 MiB
  
 ****************************************
 Memory allocated for RIDFT 10 MiB
 ****************************************
                                            

 MAXIMUM CORE MEMORY WHICH CAN BE ALLOCATED DYNAMICALLY in escf_cc_setup= 500 MiB
              ( or 65536000 double words )

 Summary of integral storage options:
 B_ji^Q integral storage mode: on-disk   
 B_ai^Q integral storage mode: on-disk   
 B_ba^Q integral storage mode: on-disk   

   *-----------------------------------------------------------------------*
   |                     program will use  1 thread(s)                     |
   *-----------------------------------------------------------------------*
  MOs are in ASCII format !


 reading orbital data $scfmo  from file mos
 orbital characterization : scfconv=7
 time elapsed for calculating density matrices :   0.001 sec
 all orbitals will be active in the correlation treatment


   Molecular Orbital Statistic:
   ============================

   -----------------------------
   orbitals in total:
   -----------------------------
    frozen occupied :      0
    active occupied :      9
    active virtual  :     77
    frozen virtual  :      0
    all together    :     86
   -----------------------------


     time in riccmos       cpu:  0.01 sec    wall:  0.16 sec    ratio:  0.1

     total memory allocated for calculation of (Q|P)**(-1/2) : 1 MiB


     calculation of (P|Q) ...
     time in lp2sym        cpu:  0.00 sec    wall:  0.00 sec    ratio:  1.0


     calculation of the Cholesky decomposition of (P|Q)**(-1) ...
     time in invmetri      cpu:  0.00 sec    wall:  0.04 sec    ratio:  0.1
 preparing DFT   numerical integration ....
          Overall gridpoints after grid construction =         27148

 Calculating ground state density on molecular grid

 Integral of ground state density: N =   18.00000456606310    


 all orbitals will be included in the transformation

 number of non-frozen orbitals          :    86
 number of non-frozen occupied orbitals :     9



 dimension of super-tensorspace: 2

          IRREP   tensor space dimension   number of roots

           a                 693                      5

 machine precision: 2.22D-16


 logfile sing_a    will be constructed




                       Nonorthonormal Krylov Space Iteration


 total number of roots to be determined: 5


 maximum core memory set to          500 MB,
 corresponding to     3471 vectors in CAO basis


 maximum number of simultaneously treated vectors (including degeneracy):       10


 Iteration IRREP Converged      Max. Euclidean
                 roots          residual norm

    1       a        0        1.067567815860411D-01
 
    2       a        0        2.925349735822904D-02
 
    3       a        0        5.589906232717111D-03
 
    4       a        0        8.375561549687236D-04
 
    5       a        3        1.319769614167382D-04
 
    6       a        3        2.222624002926202D-05
 
    7       a        5        7.894981128430062D-06
 

 converged!

 Eigenpairs written on logfile sing_a   



 IRREP   Vector     Eigenvalue           Euclidean residual norm

  a         1    2.511675271826320D-01    1.930785937768906D-06
            2    3.043974658290853D-01    3.024677172486608D-06
            3    3.176602160647139D-01    2.869670925296178D-06
            4    3.457823768483560D-01    7.894981128430062D-06
            5    3.532658818959148D-01    2.307974472427947D-06






                    Selection rules for point group c1  


 Subduction with respect to c1  :

    Polar vector representation: a                           

    Axial vector representation: a                           

    Symmetric second rank tensor representation: a                           




                            Ground state


 Total energy:                           -115.7710436916000    

 Charge:

               elec          nuc         total

           -18.000000    18.000000    -0.000000


 Electric dipole moment:

               elec          nuc         total   

    x      143.890042  -144.235142    -0.345100    Norm:              0.652679
    y     -110.846965   110.311648    -0.535317
    z        0.342883    -0.485471    -0.142588    Norm / debye:      1.658958


 Electric quadrupole moment:

               elec          nuc         total   

   xx    -1200.381846  1195.764940    -4.616906
   yy     -700.033895   684.720217   -15.313678    1/3*trace:       -10.016149
   zz      -16.306331     6.188469   -10.117862
   xy      888.304858  -887.679428     0.625430
   xz       -2.153272     2.892501     0.739229    Anisotropy:        9.449997
   yz        1.790359    -2.256050    -0.465691



 ==============================================================================

                              I R R E P   a   

 ==============================================================================


 Excitation is electric dipole allowed

 Excitation is magnetic dipole allowed

 Excitation is electric quadrupole allowed




                         1 singlet a excitation


 Total energy:                           -115.5198761644174    

 Excitation energy:                      0.2511675271826320    

 Excitation energy / eV:                  6.834619087205843    

 Excitation energy / nm:                  181.4062238502250    

 Excitation energy / cm^(-1):             55124.90027224037    


 Oscillator strength:

    velocity representation:             0.4828832980656183E-03

    length representation:               0.1548799267181827E-03

    mixed representation:                0.2734756446825263E-03


 Rotatory strength:

    velocity representation:            -0.1371926457633286E-08

    velocity rep. / 10^(-40)erg*cm^3:   -0.8863305691827535E-04

    length representation:              -0.6715283063476290E-09

    length rep. / 10^(-40)erg*cm^3:     -0.4338396294318857E-04


 Dominant contributions:

      occ. orbital   energy / eV   virt. orbital     energy / eV   |coeff.|^2*100
        9 a              -6.91          10 a               0.65       99.8
 

 Change of electron number:

            -0.000000


 Electric transition dipole moment (velocity rep.):

    x        0.000000        Norm:                  0.053701
    y       -0.013822
    z        0.051892        Norm / debye:          0.136496


 Electric transition dipole moment (length rep.):

    x        0.000004        Norm:                  0.030413
    y        0.007827
    z       -0.029389        Norm / debye:          0.077303


 Magnetic transition dipole moment / i:

    x       -0.000482        Norm:                  0.002135
    y       -0.002010
    z       -0.000535        Norm / Bohr mag.:      0.585061


 Electric quadrupole transition moment:

   xx       -0.000069
   yy       -0.046378        1/3*trace:             0.032486
   zz        0.143905
   xy       -0.314677
   xz        1.181472        Anisotropy:            2.127924
   yz        0.067886




                         2 singlet a excitation


 Total energy:                           -115.4666462257709    

 Excitation energy:                      0.3043974658290853    

 Excitation energy / eV:                  8.283080035819276    

 Excitation energy / nm:                  149.6837450203451    

 Excitation energy / cm^(-1):             66807.52139885437    


 Oscillator strength:

    velocity representation:             0.6883988250287391E-01

    length representation:               0.5214986123644427E-01

    mixed representation:                0.5991652793653315E-01


 Rotatory strength:

    velocity representation:             0.4364408383162709E-08

    velocity rep. / 10^(-40)erg*cm^3:    0.2819618023161252E-03

    length representation:              -0.7888952938896693E-08

    length rep. / 10^(-40)erg*cm^3:     -0.5096643562549672E-03


 Dominant contributions:

      occ. orbital   energy / eV   virt. orbital     energy / eV   |coeff.|^2*100
        9 a              -6.91          11 a               1.92       99.8
 

 Change of electron number:

            -0.000000


 Electric transition dipole moment (velocity rep.):

    x        0.000012        Norm:                  0.582432
    y        0.149917
    z       -0.562807        Norm / debye:          1.480405


 Electric transition dipole moment (length rep.):

    x        0.000009        Norm:                  0.506934
    y        0.130487
    z       -0.489853        Norm / debye:          1.288508


 Magnetic transition dipole moment / i:

    x       -0.003563        Norm:                  0.006953
    y       -0.005769
    z       -0.001537        Norm / Bohr mag.:      1.905588


 Electric quadrupole transition moment:

   xx       -0.000167
   yy        1.360636        1/3*trace:             0.541859
   zz        0.265109
   xy       -1.343972
   xz        5.045521        Anisotropy:           10.171741
   yz       -2.589243




                         3 singlet a excitation


 Total energy:                           -115.4533834755353    

 Excitation energy:                      0.3176602160647139    

 Excitation energy / eV:                  8.643977986784728    

 Excitation energy / nm:                  143.4342431181807    

 Excitation energy / cm^(-1):             69718.35860888529    


 Oscillator strength:

    velocity representation:             0.4773425761723744E-02

    length representation:               0.3485676312045580E-02

    mixed representation:                0.3902886889039967E-02


 Rotatory strength:

    velocity representation:             0.3168758434516291E-07

    velocity rep. / 10^(-40)erg*cm^3:    0.2047170568976811E-02

    length representation:              -0.1038178418729754E-04

    length rep. / 10^(-40)erg*cm^3:     -0.6707132613896671    


 Dominant contributions:

      occ. orbital   energy / eV   virt. orbital     energy / eV   |coeff.|^2*100
        8 a              -8.62          10 a               0.65       99.6
 

 Change of electron number:

             0.000000


 Electric transition dipole moment (velocity rep.):

    x       -0.067738        Norm:                  0.150134
    y        0.129468
    z        0.034494        Norm / debye:          0.381606


 Electric transition dipole moment (length rep.):

    x       -0.088668        Norm:                  0.128294
    y        0.089596
    z        0.023873        Norm / debye:          0.326094


 Magnetic transition dipole moment / i:

    x        0.000249        Norm:                  0.003125
    y       -0.000679
    z        0.003040        Norm / Bohr mag.:      0.856554


 Electric quadrupole transition moment:

   xx        1.508996
   yy        0.421884        1/3*trace:             0.821846
   zz        0.534659
   xy        0.106030
   xz        0.175312        Anisotropy:            1.149921
   yz       -0.203680




                         4 singlet a excitation


 Total energy:                           -115.4252613147516    

 Excitation energy:                      0.3457823768483560    

 Excitation energy / eV:                  9.409221245024851    

 Excitation energy / nm:                  131.7688688338850    

 Excitation energy / cm^(-1):             75890.45946136117    


 Oscillator strength:

    velocity representation:             0.1675794184781161E-01

    length representation:               0.1784483329349730E-01

    mixed representation:                0.1729285048682104E-01


 Rotatory strength:

    velocity representation:             0.1743973543299469E-06

    velocity rep. / 10^(-40)erg*cm^3:    0.1126690905822195E-01

    length representation:               0.1876136714820398E-06

    length rep. / 10^(-40)erg*cm^3:      0.1212074680139968E-01


 Dominant contributions:

      occ. orbital   energy / eV   virt. orbital     energy / eV   |coeff.|^2*100
        9 a              -6.91          12 a               3.15       98.0
 

 Change of electron number:

             0.000000


 Electric transition dipole moment (velocity rep.):

    x       -0.000091        Norm:                  0.269622
    y       -0.069438
    z        0.260527        Norm / debye:          0.685315


 Electric transition dipole moment (length rep.):

    x       -0.000081        Norm:                  0.278228
    y       -0.071656
    z        0.268842        Norm / debye:          0.707190


 Magnetic transition dipole moment / i:

    x        0.001043        Norm:                  0.002784
    y        0.002494
    z        0.000666        Norm / Bohr mag.:      0.763100


 Electric quadrupole transition moment:

   xx        0.001400
   yy       -0.800264        1/3*trace:            -0.297039
   zz       -0.092254
   xy        0.792738
   xz       -2.975901        Anisotropy:            5.991805
   yz        1.513506




                         5 singlet a excitation


 Total energy:                           -115.4177778097041    

 Excitation energy:                      0.3532658818959148    

 Excitation energy / eV:                  9.612857865614169    

 Excitation energy / nm:                  128.9775067308217    

 Excitation energy / cm^(-1):             77532.89896801572    


 Oscillator strength:

    velocity representation:             0.7298076504310549E-01

    length representation:               0.6239881456856400E-01

    mixed representation:                0.6726868551538769E-01


 Rotatory strength:

    velocity representation:            -0.1199839833833335E-06

    velocity rep. / 10^(-40)erg*cm^3:   -0.7751543218170812E-02

    length representation:              -0.4725270686044399E-04

    length rep. / 10^(-40)erg*cm^3:      -3.052752451417334    


 Dominant contributions:

      occ. orbital   energy / eV   virt. orbital     energy / eV   |coeff.|^2*100
        9 a              -6.91          13 a               3.19       96.9
 

 Change of electron number:

            -0.000000


 Electric transition dipole moment (velocity rep.):

    x        0.526690        Norm:                  0.556672
    y        0.174142
    z        0.046421        Norm / debye:          1.414929


 Electric transition dipole moment (length rep.):

    x        0.472206        Norm:                  0.514734
    y        0.197961
    z        0.052764        Norm / debye:          1.308334


 Magnetic transition dipole moment / i:

    x        0.000373        Norm:                  0.007678
    y        0.000902
    z       -0.007615        Norm / Bohr mag.:      2.104194


 Electric quadrupole transition moment:

   xx       -8.201383
   yy        2.147669        1/3*trace:            -2.404281
   zz       -1.159128
   xy        0.401729
   xz       -0.676928        Anisotropy:            9.308485
   yz        0.569641

 SUMMARY OF EXCITATION ENERGIES AND DIPOLE OSCILLATOR STRENGTHS (velocity/length):

 -----------------------------------------------------------------------------------------------
 |    Exc.   | energy (Eh) | energy (eV) | energy (cm-1) | energy (nm) | Osc.(vel) | Osc.(len) |
 -----------------------------------------------------------------------------------------------
 |     1 a   |    0.251168 |     6.83462 |     55124.900 |     181.406 |   0.00048 |   0.00015 |
 |     2 a   |    0.304397 |     8.28308 |     66807.521 |     149.684 |   0.06884 |   0.05215 |
 |     3 a   |    0.317660 |     8.64397 |     69718.359 |     143.434 |   0.00477 |   0.00349 |
 |     4 a   |    0.345782 |     9.40922 |     75890.459 |     131.769 |   0.01676 |   0.01784 |
 |     5 a   |    0.353266 |     9.61285 |     77532.899 |     128.978 |   0.07298 |   0.06240 |
 -----------------------------------------------------------------------------------------------




    ------------------------------------------------------------------------
         total  cpu-time :   8.39 seconds
         total wall-time :   9.43 seconds
    ------------------------------------------------------------------------

   ****  escf : all done  ****


    2023-03-08 01:08:29.940 

