
 escf (compt230) : TURBOMOLE rev. V7-6-2381-g96b3af1 compiled 16 Jan 2023 at 13:48:01
 Copyright (C) 2023 TURBOMOLE GmbH, Karlsruhe


    2023-03-08 01:08:37.033 


 escf run will be profiled !




                                e s c f

                             TURBOMOLE GmbH

          integral direct evaluation of 

                    * excitation energies and transition moments 
                    * polarizabilities
                    * dynamic response properties 
                    * stabilities
                    * quasiparticle states with GW
                    * NMR coupling-constants



          references (see also programs dscf and ridft) 
          implementation and benchmarks (review) 
          F. Furche and D. Rappoport,  
          "Density functional methods for excited states: 
          equilibrium structure and electronic spectra",
          ch. III of "Computational Photochemistry", ed. by 
          M. Olivucci, vol. 16 of "Theoretical and Computational 
          Chemistry", Elsevier, Amsterdam, 2005.



              +--------------------------------------------------+
              | Atomic coordinate, charge and isotop information |
              +--------------------------------------------------+

                    atomic coordinates            atom    charge  isotop
         -9.24314180    6.23174984    0.00054802    c      6.000     0
         -9.98177905    5.77299993   -1.91166584    h      1.000     0
         -6.60094563    6.20640861   -0.00619830    o      8.000     0
         -9.98177905    4.88256098    1.43120298    h      1.000     0
         -9.90212710    8.15492412    0.51283388    h      1.000     0
         -6.10304059    4.45939461   -0.47154336    h      1.000     0
 
       center of nuclear mass  :   -7.89226438    6.16696788   -0.01670470
       center of nuclear charge:   -8.01306343    6.12842487   -0.02697059

              +--------------------------------------------------+
              |               basis set information              |
              +--------------------------------------------------+

              we will work with the 1s 3p 5d 7f 9g ... basis set
              ...i.e. with spherical basis functions...

   type   atoms  prim   cont   basis
   ---------------------------------------------------------------------------
    c        1     46     31   def2-TZVP   [5s3p2d1f|11s6p2d1f]
    h        4      8      6   def2-TZVP   [3s1p|5s1p]
    o        1     46     31   def2-TZVP   [5s3p2d1f|11s6p2d1f]
   ---------------------------------------------------------------------------
   total:    6    124     86
   ---------------------------------------------------------------------------

   total number of primitive shells          :   46
   total number of contracted shells         :   38
   total number of cartesian basis functions :   96
   total number of SCF-basis functions       :   86


 residuum convergence criterium   :  0.10E-04


 integral neglect threshold       :  0.33E-10
 integral storage threshold THIZE :  0.10E-04
 integral storage threshold THIME :         5

 
             FOUND RI-J FLAG !
 
  
 AUXILIARY BASIS SET information:

              assign orbital basis set names as defaults
              read basis sets from /home/smp201/dev/turbomole/cbasen/

              we will work with the 1s 3p 5d 7f 9g ... basis set
              ...i.e. with spherical basis functions...

   type   atoms  prim   cont   basis
   ---------------------------------------------------------------------------
    c        1      1      1   def2-TZVP   [1s|1s]
    h        4      1      1   def2-TZVP   [1s|1s]
    o        1      1      1   def2-TZVP   [1s|1s]
   ---------------------------------------------------------------------------
   total:    6      6      6
   ---------------------------------------------------------------------------

   total number of primitive shells          :    3
   total number of contracted shells         :    6
   total number of cartesian basis functions :    6
   total number of SCF-basis functions       :    6

 
             FOUND RI-K FLAG !
 
  
 AUXILIARY BASIS SET information:

              we will work with the 1s 3p 5d 7f 9g ... basis set
              ...i.e. with spherical basis functions...

   type   atoms  prim   cont   basis
   ---------------------------------------------------------------------------
    c        1      1      1   def2-TZVP   [1s|1s]
    h        4      1      1   def2-TZVP   [1s|1s]
    o        1      1      1   def2-TZVP   [1s|1s]
   ---------------------------------------------------------------------------
   total:    6      6      6
   ---------------------------------------------------------------------------

   total number of primitive shells          :    3
   total number of contracted shells         :    6
   total number of cartesian basis functions :    6
   total number of SCF-basis functions       :    6

 RPA SINGLET-EXCITATION-CALCULATION 
 
             FOUND DFT-FLAG !
 

 maximum number of Davidson iterations set to   35


 symmetry group of the molecule :   c1 

 the group has the following generators :
   c1(z)

    1 symmetry operations found

 there are 1 real representations :   a   

 maximum number of shells which are related by symmetry :  1

 IRREPs of excited states :   a   
  
           ------------------
           density functional
           ------------------
 TPSS global hybrid functional
 exchange:    9/10 (LDA+TPSS) + 1/10 HF
 correlation: LDA (PW) + TPSS
 spherical integration : Lebedev's spherical grid
 spherical gridsize    :                     3
    i.e. gridpoints    :                   302
  maximum batchsize    :                   100
 value for diffuse not defined
 radial integration    : Chebyshev 2nd kind (scaling 3)
 radial gridsize       :                     3
 integration cells     :                     6
 partition function    : becke
 partition sharpness   :                     3
  

 The current-density response will be included
 for meta-GGA and LHF functionals in TDDFT.


 ----------------------------------------------------------------------
          some useful papers before it begins
 ----------------------------------------------------------------------

     nonorthonormal Krylov space methods 
     F. Furche, B. T. Krull, B. D. Nguyen, and J. Kwon, 
     J. Chem. Phys. 144, 174105 (2016).

     current-density dependent meta-GGA linear response
     excitation energies.
     J. E. Bates and F. Furche, 
     J. Chem. Phys. 137, 164105 (2012).

     More current-density dependent meta-GGA response
     NMR couplings, SCF instabilities, damped response, etc.
     C. Holzer, Y. J. Franzke, and M. Kehry, 
     J. Chem. Theory Comput. 17, 2928 (2021).

     RI-J method 
     R. Bauernschmitt, M. Haeser, O. Treutler, and R. Ahlrichs,
     Chem. Phys. Lett. 264, 573 (1997).

     density functional implementation               
     R. Bauernschmitt and R. Ahlrichs,
     Chem. Phys. Lett. 256, 454 (1996).
     R. Bauernschmitt and R. Ahlrichs,
     J. Chem. Phys. 104, 9047 (1996).

     UHF extension (RPA and CIS)
     C. Ochsenfeld, J. Gauss, and R. Ahlrichs, 
     J. Chem. Phys. 103, 7401 (1995).

     integral direct algorithm                 
     H. Weiss, R. Ahlrichs, and M. Haeser, 
     J. Chem. Phys. 99, 1262 (1993).

 ----------------------------------------------------------------------

  MOs are in ASCII format !


    mo occupation :
   irrep   mo's   occupied
    a       86        9
 
 number of basis functions   :    86
 number of occupied orbitals :     9
 

 reading orbital data $scfmo  from file mos
 orbital characterization : scfconv=7
  
           ----------------------
               RI - INFORMATION
           ----------------------

 biggest AO integral is expected to be     7.998976882

 Threshold for integral neglect (rithr2):   0.33E-10
 Threshold for integral neglect (rithr1):   0.33E-10

 Contributions to RI integral batches: 
  neglected integral batches:                     2
  direct contribution:                            0
  memory contribution:                   739
 Core memory available (ricore)            500 MiB
 Core memory needed for (P|Q) and Cholesky 1 MiB
 Core memory used for integrals            1 MiB
  
 ****************************************
 Memory allocated for RIDFT 1 MiB
 ****************************************
                                            

 MAXIMUM CORE MEMORY WHICH CAN BE ALLOCATED DYNAMICALLY in escf_cc_setup= 500 MiB
              ( or 65536000 double words )

 Summary of integral storage options:
 B_ji^Q integral storage mode: on-disk   
 B_ai^Q integral storage mode: on-disk   
 B_ba^Q integral storage mode: on-disk   

   *-----------------------------------------------------------------------*
   |                     program will use  1 thread(s)                     |
   *-----------------------------------------------------------------------*
  MOs are in ASCII format !


 reading orbital data $scfmo  from file mos
 orbital characterization : scfconv=7
 time elapsed for calculating density matrices :   0.001 sec
 all orbitals will be active in the correlation treatment


   Molecular Orbital Statistic:
   ============================

   -----------------------------
   orbitals in total:
   -----------------------------
    frozen occupied :      0
    active occupied :      9
    active virtual  :     77
    frozen virtual  :      0
    all together    :     86
   -----------------------------


     time in riccmos       cpu:  0.01 sec    wall:  0.10 sec    ratio:  0.1

     total memory allocated for calculation of (Q|P)**(-1/2) : 1 MiB


     calculation of (P|Q) ...
     time in lp2sym        cpu:  0.00 sec    wall:  0.00 sec    ratio:  1.0


     calculation of the Cholesky decomposition of (P|Q)**(-1) ...
     time in invmetri      cpu:  0.00 sec    wall:  0.02 sec    ratio:  0.1
 preparing DFT   numerical integration ....
          Overall gridpoints after grid construction =         27148

 Calculating ground state density on molecular grid

 Integral of ground state density: N =   18.00000455414730    


 all orbitals will be included in the transformation

 number of non-frozen orbitals          :    86
 number of non-frozen occupied orbitals :     9



 dimension of super-tensorspace: 2

          IRREP   tensor space dimension   number of roots

           a                 693                      5
                    12
 Switching off XC: hybrid=  0.100000000000000     

 machine precision: 2.22D-16


 logfile sing_a    will be constructed




                       Nonorthonormal Krylov Space Iteration


 total number of roots to be determined: 5


 maximum core memory set to          500 MB,
 corresponding to     3517 vectors in CAO basis


 maximum number of simultaneously treated vectors (including degeneracy):       10


 Iteration IRREP Converged      Max. Euclidean
                 roots          residual norm

    1       a        0        7.288179564987633D-02
 
    2       a        0        1.411930044255599D-02
 
    3       a        0        1.844884864745973D-03
 
    4       a        3        2.251560381625981D-04
 
    5       a        4        2.334189027210869D-05
 
    6       a        5        6.138005149117153D-06
 

 converged!

 Eigenpairs written on logfile sing_a   



 IRREP   Vector     Eigenvalue           Euclidean residual norm

  a         1    2.491818210721387D-01    1.096580809077613D-06
            2    3.026874521376571D-01    5.574763739428820D-06
            3    3.195302514573921D-01    3.630500527421729D-06
            4    3.458560915877558D-01    6.138005149117153D-06
            5    3.543334041360022D-01    1.935467375296885D-06






                    Selection rules for point group c1  


 Subduction with respect to c1  :

    Polar vector representation: a                           

    Axial vector representation: a                           

    Symmetric second rank tensor representation: a                           




                            Ground state


 Total energy:                           -115.7711269472000    

 Charge:

               elec          nuc         total

           -18.000000    18.000000    -0.000000


 Electric dipole moment:

               elec          nuc         total   

    x      143.890364  -144.235142    -0.344778    Norm:              0.652355
    y     -110.846789   110.311648    -0.535142
    z        0.342929    -0.485471    -0.142541    Norm / debye:      1.658133


 Electric quadrupole moment:

               elec          nuc         total   

   xx    -1200.386862  1195.764940    -4.621922
   yy     -700.031793   684.720217   -15.311576    1/3*trace:       -10.017377
   zz      -16.307104     6.188469   -10.118635
   xy      888.305604  -887.679428     0.626177
   xz       -2.153607     2.892501     0.738894    Anisotropy:        9.443941
   yz        1.790847    -2.256050    -0.465203



 ==============================================================================

                              I R R E P   a   

 ==============================================================================


 Excitation is electric dipole allowed

 Excitation is magnetic dipole allowed

 Excitation is electric quadrupole allowed




                         1 singlet a excitation


 Total energy:                           -115.5219451261279    

 Excitation energy:                      0.2491818210721387    

 Excitation energy / eV:                  6.780585251556019    

 Excitation energy / nm:                  182.8518327057627    

 Excitation energy / cm^(-1):             54689.08815696111    


 Oscillator strength:

    velocity representation:             0.1278632163379114E-02

    length representation:               0.6962063206173296E-06

    mixed representation:                0.2983598920164314E-04


 Rotatory strength:

    velocity representation:            -0.5785235795792400E-08

    velocity rep. / 10^(-40)erg*cm^3:   -0.3737540964540336E-03

    length representation:              -0.2310942524611730E-08

    length rep. / 10^(-40)erg*cm^3:     -0.1492980175279367E-03


 Dominant contributions:

      occ. orbital   energy / eV   virt. orbital     energy / eV   |coeff.|^2*100
        9 a              -6.91          10 a               0.65       99.4
 

 Change of electron number:

            -0.000000


 Electric transition dipole moment (velocity rep.):

    x        0.000001        Norm:                  0.087732
    y       -0.022580
    z        0.084777        Norm / debye:          0.222995


 Electric transition dipole moment (length rep.):

    x        0.000005        Norm:                  0.002047
    y       -0.000526
    z        0.001978        Norm / debye:          0.005203


 Magnetic transition dipole moment / i:

    x       -0.000295        Norm:                  0.001667
    y       -0.001585
    z       -0.000422        Norm / Bohr mag.:      0.456882


 Electric quadrupole transition moment:

   xx       -0.000081
   yy       -0.150667        1/3*trace:            -0.002216
   zz        0.144098
   xy       -0.212379
   xz        0.797399        Anisotropy:            1.522021
   yz        0.263642




                         2 singlet a excitation


 Total energy:                           -115.4684394950623    

 Excitation energy:                      0.3026874521376571    

 Excitation energy / eV:                  8.236548175805700    

 Excitation energy / nm:                  150.5293739077052    

 Excitation energy / cm^(-1):             66432.21677543622    


 Oscillator strength:

    velocity representation:             0.4632527122937172E-01

    length representation:               0.3542947587774486E-01

    mixed representation:                0.4051271503473206E-01


 Rotatory strength:

    velocity representation:             0.9415429329415338E-08

    velocity rep. / 10^(-40)erg*cm^3:    0.6082820832128995E-03

    length representation:              -0.1913467124008577E-08

    length rep. / 10^(-40)erg*cm^3:     -0.1236191922459693E-03


 Dominant contributions:

      occ. orbital   energy / eV   virt. orbital     energy / eV   |coeff.|^2*100
        9 a              -6.91          11 a               1.92       99.2
 

 Change of electron number:

             0.000000


 Electric transition dipole moment (velocity rep.):

    x       -0.000012        Norm:                  0.479134
    y       -0.123331
    z        0.462990        Norm / debye:          1.217848


 Electric transition dipole moment (length rep.):

    x       -0.000009        Norm:                  0.419016
    y       -0.107859
    z        0.404896        Norm / debye:          1.065041


 Magnetic transition dipole moment / i:

    x        0.002896        Norm:                  0.005803
    y        0.004860
    z        0.001295        Norm / Bohr mag.:      1.590516


 Electric quadrupole transition moment:

   xx        0.000166
   yy       -1.076173        1/3*trace:            -0.447881
   zz       -0.267637
   xy        1.163790
   xz       -4.369009        Anisotropy:            8.657143
   yz        2.055580




                         3 singlet a excitation


 Total energy:                           -115.4515966957426    

 Excitation energy:                      0.3195302514573921    

 Excitation energy / eV:                  8.694864260706817    

 Excitation energy / nm:                  142.5948011250373    

 Excitation energy / cm^(-1):             70128.78393608927    


 Oscillator strength:

    velocity representation:             0.4449900873966108E-02

    length representation:               0.3375407561679260E-02

    mixed representation:                0.3714353714434621E-02


 Rotatory strength:

    velocity representation:             0.1703508624830625E-07

    velocity rep. / 10^(-40)erg*cm^3:    0.1100548619536459E-02

    length representation:              -0.9697198868898451E-05

    length rep. / 10^(-40)erg*cm^3:     -0.6264857525800795    


 Dominant contributions:

      occ. orbital   energy / eV   virt. orbital     energy / eV   |coeff.|^2*100
        8 a              -8.63          10 a               0.65       99.4
 

 Change of electron number:

            -0.000000


 Electric transition dipole moment (velocity rep.):

    x        0.053642        Norm:                  0.144532
    y       -0.129686
    z       -0.034549        Norm / debye:          0.367367


 Electric transition dipole moment (length rep.):

    x        0.078140        Norm:                  0.125879
    y       -0.095364
    z       -0.025405        Norm / debye:          0.319955


 Magnetic transition dipole moment / i:

    x       -0.000251        Norm:                  0.002743
    y        0.000606
    z       -0.002663        Norm / Bohr mag.:      0.751689


 Electric quadrupole transition moment:

   xx       -1.305015
   yy       -0.679280        1/3*trace:            -0.861352
   zz       -0.599760
   xy        0.083399
   xz       -0.107425        Anisotropy:            0.761271
   yz        0.159605




                         4 singlet a excitation


 Total energy:                           -115.4252708556122    

 Excitation energy:                      0.3458560915877558    

 Excitation energy / eV:                  9.411227126002228    

 Excitation energy / nm:                  131.7407840088281    

 Excitation energy / cm^(-1):             75906.63797656809    


 Oscillator strength:

    velocity representation:             0.8646666664344495E-02

    length representation:               0.9896256218981986E-02

    mixed representation:                0.9250385317198880E-02


 Rotatory strength:

    velocity representation:             0.1033358753379827E-06

    velocity rep. / 10^(-40)erg*cm^3:    0.6675995254389508E-02

    length representation:               0.1131297864393456E-06

    length rep. / 10^(-40)erg*cm^3:      0.7308729082992196E-02


 Dominant contributions:

      occ. orbital   energy / eV   virt. orbital     energy / eV   |coeff.|^2*100
        9 a              -6.91          12 a               3.15       96.4
 

 Change of electron number:

            -0.000000


 Electric transition dipole moment (velocity rep.):

    x       -0.000062        Norm:                  0.193652
    y       -0.049860
    z        0.187123        Norm / debye:          0.492218


 Electric transition dipole moment (length rep.):

    x       -0.000055        Norm:                  0.207173
    y       -0.053344
    z        0.200188        Norm / debye:          0.526585


 Magnetic transition dipole moment / i:

    x        0.000572        Norm:                  0.001791
    y        0.001640
    z        0.000438        Norm / Bohr mag.:      0.490891


 Electric quadrupole transition moment:

   xx        0.000959
   yy       -0.609475        1/3*trace:            -0.221145
   zz       -0.054920
   xy        0.633763
   xz       -2.379454        Anisotropy:            4.744112
   yz        1.151028




                         5 singlet a excitation


 Total energy:                           -115.4167935430640    

 Excitation energy:                      0.3543334041360022    

 Excitation energy / eV:                  9.641906636209471    

 Excitation energy / nm:                  128.5889281906699    

 Excitation energy / cm^(-1):             77767.19301742293    


 Oscillator strength:

    velocity representation:             0.4937529583832744E-01

    length representation:               0.4185532113855665E-01

    mixed representation:                0.4529119023651640E-01


 Rotatory strength:

    velocity representation:            -0.3732086438572522E-07

    velocity rep. / 10^(-40)erg*cm^3:   -0.2411107591762332E-02

    length representation:              -0.3440316554962453E-04

    length rep. / 10^(-40)erg*cm^3:      -2.222610194127318    


 Dominant contributions:

      occ. orbital   energy / eV   virt. orbital     energy / eV   |coeff.|^2*100
        9 a              -6.91          13 a               3.19       93.5
 

 Change of electron number:

             0.000000


 Electric transition dipole moment (velocity rep.):

    x       -0.450761        Norm:                  0.457188
    y       -0.073807
    z       -0.019677        Norm / debye:          1.162064


 Electric transition dipole moment (length rep.):

    x       -0.407420        Norm:                  0.420935
    y       -0.102238
    z       -0.027250        Norm / debye:          1.069918


 Magnetic transition dipole moment / i:

    x       -0.000159        Norm:                  0.005938
    y       -0.000606
    z        0.005905        Norm / Bohr mag.:      1.627392


 Electric quadrupole transition moment:

   xx        7.053538
   yy       -0.752163        1/3*trace:             2.474507
   zz        1.122145
   xy       -0.912291
   xz        0.433258        Anisotropy:            7.295371
   yz       -0.341941

 SUMMARY OF EXCITATION ENERGIES AND DIPOLE OSCILLATOR STRENGTHS (velocity/length):

 -----------------------------------------------------------------------------------------------
 |    Exc.   | energy (Eh) | energy (eV) | energy (cm-1) | energy (nm) | Osc.(vel) | Osc.(len) |
 -----------------------------------------------------------------------------------------------
 |     1 a   |    0.249182 |     6.78058 |     54689.088 |     182.852 |   0.00128 |   0.00000 |
 |     2 a   |    0.302687 |     8.23655 |     66432.217 |     150.529 |   0.04633 |   0.03543 |
 |     3 a   |    0.319530 |     8.69486 |     70128.784 |     142.595 |   0.00445 |   0.00338 |
 |     4 a   |    0.345856 |     9.41122 |     75906.638 |     131.741 |   0.00865 |   0.00990 |
 |     5 a   |    0.354333 |     9.64190 |     77767.193 |     128.589 |   0.04938 |   0.04186 |
 -----------------------------------------------------------------------------------------------



    escf profiling
  --------------------------------------------------------------------
             module   cpu total (s)       %  wall total (s)       %

         input total             0.0    7.48             0.1    7.25
       init symmetry             0.0    0.68             0.0    0.50
               moinp             0.0    1.76             0.0    0.61
            RI total             0.0    1.47             0.0    0.51
          RI prelims             0.0    0.60             0.0    0.21
       escf_cc_setup             0.0   12.25             0.2   24.07
           grid init             0.0    5.28             0.0    1.84
            becke...             0.0    2.78             0.0    0.97
         dft prelims             0.2   48.65             0.2   16.94
           dft total             0.2   48.65             0.2   16.94
             funct_2             0.0   13.18             0.0    4.60
              onde_3             0.1   28.15             0.1    9.82
                mgga             0.0    6.30             0.0    2.20
              tracao             0.0    0.16             0.0    0.16
           diag_prep             0.0    0.02             0.0    0.01
              respon             0.1   19.06             0.4   40.06
            startvec             0.0    0.07             0.0    0.30
           mvproduct             0.0    7.89             0.1    8.23
            tramocao             0.0    0.87             0.0    0.30
     tramocao_mvprod             0.0    0.70             0.0    0.24
              colrsp             0.0    0.85             0.0    0.30
              gammaP             0.0    0.39             0.0    0.14
              cotlet             0.0    0.03             0.0    0.01
              gammaQ             0.0    0.31             0.0    0.11
            tracaomo             0.0    0.91             0.0    1.48
              mv_rik             0.0    4.97             0.1    6.05
                ritz             0.0    1.92             0.0    0.67
            expandl3             0.0    0.41             0.0    1.15
           startover             0.0    0.47             0.0    0.16
                rest             0.0    0.42             0.0    2.55
             writeep             0.0    3.42             0.0    2.95
              proper             0.0    2.43             0.0    1.75
 


    ------------------------------------------------------------------------
         total  cpu-time :   0.33 seconds
         total wall-time :   0.97 seconds
    ------------------------------------------------------------------------

   ****  escf : all done  ****


    2023-03-08 01:08:37.978 

