
 ridft (compt230) : TURBOMOLE rev. V7-6-2381-g96b3af1 compiled 16 Jan 2023 at 13:48:01
 Copyright (C) 2023 TURBOMOLE GmbH, Karlsruhe


    2023-03-08 01:08:16.149 



                                  r i d f t

                        DFT program with RI approximation 
                                for coulomb part 




                                                 
                                 References:     
                                                 
          TURBOMOLE:                             
              R. Ahlrichs, M. Baer, M. Haeser, H. Horn, and
              C. Koelmel
              Electronic structure calculations on workstation
              computers: the program system TURBOMOLE
              Chem. Phys. Lett. 162: 165 (1989)
          Density Functional:                              
              O. Treutler and R. Ahlrichs                      
              Efficient Molecular Numerical Integration Schemes
              J. Chem. Phys. 102: 346 (1995)                   
          Parallel Version:                                
              Performance of parallel TURBOMOLE for Density    
              Functional Calculations                          
              M. v. Arnim and R. Ahlrichs                      
              J. Comp. Chem. 19: 1746 (1998)                   
          RI-J Method:                                     
              Auxiliary Basis Sets to approximate Coulomb      
              Potentials                                       
              Chem. Phys. Lett. 240: 283 (1995)                
              K. Eichkorn, O. Treutler, H. Oehm, M. Haeser     
              and R. Ahlrichs                                  
              Chem. Phys. Lett. 242: 652 (1995)                
                                                           
              Auxiliary Basis Sets for Main Row Atoms and their
              Use to approximate Coulomb Potentials            
              K. Eichkorn, F. Weigend, O. Treutler and         
              R. Ahlrichs                                      
              Theo. Chem. Acc. 97: 119 (1997)                   
                                                           
              Accurate Coulomb-fitting basis sets for H to Rn 
              F. Weigend                                        
              Phys. Chem. Chem. Phys. 8: 1057 (2006)            
                                                           
          Multipole accelerated RI-J (MARI-J):             
              Fast evaluation of the Coulomb potential for     
              electron densities using multipole accelerated   
              resolution of identity approximation             
              M. Sierka, A. Hogekamp and R. Ahlrichs           
              J. Chem. Phys. 118: 9136 (2003)                  
          RI-JK Method:                                     
              A fully direct RI-HF algorithm: Implementation,
              optimised auxiliary basis sets, demonstration of
              accuracy and efficiency                         
              F. Weigend                                      
              Phys. Chem. Chem. Phys. 4: 4285 (2002)           
          Two-component HF and DFT with spin-orbit coupling:  
              Self-consistent treatment of spin-orbit         
              interactions with efficient Hartree-Fock and    
              density functional methods                      
              M. K. Armbruster, F. Weigend, C. van WÃ¼llen and 
              W. Klopper                                      
              Phys. Chem. Chem. Phys. 10: 1748 (2008)         
          Two-component difference density and DIIS algorithm 
              Efficient two-component self-consistent field   
              procedures and gradients: implementation in     
              TURBOMOLE and application to Au20-              
              A. Baldes, F. Weigend                           
              Mol. Phys. 111: 2617 (2013)                     
          Relativistic current density functional theory      
              Current density functional framework for        
              spin-orbit coupling                             
              C. Holzer, Y. J. Franzke, A. Pausch             
              J. Chem. Phys. 157: 204102 (2022)               
          Relativistic all-electron 2c calculations           
              An efficient implementation of two-component    
              relativistic exact-decoupling methods for large 
              molecules                                       
              D. Peng, N. Middendorf, F. Weigend, M. Reiher   
              J. Chem. Phys. 138: 184105 (2013)               
          Finite nucleus model and SNSO approximation         
              Efficient implementation of one- and two-       
              component analytical energy gradients in exact  
              two-component theory                            
              Y. J. Franzke, N. Middendorf, F. Weigend        
              J. Chem. Phys. 148: 104110 (2018)               
          Grids for all-electron relativistic methods         
              Error-consistent segmented contracted all-      
              electron relativistic basis sets of double-     
              and triple-zeta quality for NMR shielding       
              constants                                       
              Y. J. Franzke, R. Tress, T. M. Pazdera,         
              F. Weigend                                      
              Phys. Chem. Chem. Phys. 21: 166658 (2019)       
          Seminumerical exchange algorithms                   
              Seminumerical calculation of the Hartree-Fock   
              exchange matirx: Application to two-component   
              procedures and efficient evaluation of local    
              hybrid functionsl                               
              P. Plessow, F. Weigend,                         
              J. Comput. Chem. 33: 810 (2012)                 
          Improved seminumerical algorithms                   
              C. Holzer,                                      
              J. Chem. Phys. 153 (2020), 184115               
                                         




              +--------------------------------------------------+
              |      general information about current run       |
              +--------------------------------------------------+

 

 DENSITY CONVERGENCE CHECK SWITCHED ON !
 SCF CONVERGENCE IF RMS(delta[D]) <     0.1000000000E-06

 TPSS global hybrid functional
 exchange:    9/10 (LDA+TPSS) + 1/10 HF
 correlation: LDA (PW) + TPSS
 A Hybrid-DFT calculation using the RI-J approximation will be carried out.
 Allocatable memory for RI due to $ricore (MB):                   500


              +--------------------------------------------------+
              | Atomic coordinate, charge and isotop information |
              +--------------------------------------------------+

                    atomic coordinates            atom    charge  isotop
         -9.24314180    6.23174984    0.00054802    c      6.000     0
         -9.98177905    5.77299993   -1.91166584    h      1.000     0
         -6.60094563    6.20640861   -0.00619830    o      8.000     0
         -9.98177905    4.88256098    1.43120298    h      1.000     0
         -9.90212710    8.15492412    0.51283388    h      1.000     0
         -6.10304059    4.45939461   -0.47154336    h      1.000     0
 
       center of nuclear mass  :   -7.89226438    6.16696788   -0.01670470
       center of nuclear charge:   -8.01306343    6.12842487   -0.02697059

              +--------------------------------------------------+
              |               basis set information              |
              +--------------------------------------------------+

              we will work with the 1s 3p 5d 7f 9g ... basis set
              ...i.e. with spherical basis functions...

   type   atoms  prim   cont   basis
   ---------------------------------------------------------------------------
    c        1     46     31   def2-TZVP   [5s3p2d1f|11s6p2d1f]
    h        4      8      6   def2-TZVP   [3s1p|5s1p]
    o        1     46     31   def2-TZVP   [5s3p2d1f|11s6p2d1f]
   ---------------------------------------------------------------------------
   total:    6    124     86
   ---------------------------------------------------------------------------

   total number of primitive shells          :   46
   total number of contracted shells         :   38
   total number of cartesian basis functions :   96
   total number of SCF-basis functions       :   86


 integral neglect threshold       :  0.35E-10
 integral storage threshold THIZE :  0.10E-04
 integral storage threshold THIME :         5

 RI-J AUXILIARY BASIS SET information:

              we will work with the 1s 3p 5d 7f 9g ... basis set
              ...i.e. with spherical basis functions...

   type   atoms  prim   cont   basis
   ---------------------------------------------------------------------------
    c        1     70     49   def2-TZVP   [6s4p3d1f1g|12s5p4d2f1g]
    h        4     16     11   def2-TZVP   [3s1p1d|5s2p1d]
    o        1     70     49   def2-TZVP   [6s4p3d1f1g|12s5p4d2f1g]
   ---------------------------------------------------------------------------
   total:    6    204    142
   ---------------------------------------------------------------------------

   total number of primitive shells          :   56
   total number of contracted shells         :   50
   total number of cartesian basis functions :  170
   total number of SCF-basis functions       :  142


 symmetry group of the molecule :   c1 

 the group has the following generators :
   c1(z)

    1 symmetry operations found

 there are 1 real representations :   a   

 maximum number of shells which are related by symmetry :  1

  
           ------------------
           density functional
           ------------------
 TPSS global hybrid functional
 exchange:    9/10 (LDA+TPSS) + 1/10 HF
 correlation: LDA (PW) + TPSS
 spherical integration : Lebedev's spherical grid
 spherical gridsize    :                     3
    i.e. gridpoints    :                   302
  maximum batchsize    :                   100
 value for diffuse not defined
 radial integration    : Chebyshev 2nd kind (scaling 3)
 radial gridsize       :                     3
 integration cells     :                     6
 partition function    : becke
 partition sharpness   :                     3
  

 biggest AO integral is expected to be     7.998976882

          ------------------------
          nuclear repulsion energy  :   40.3453758809    
          ------------------------


         -----------------
         -S,T+V- integrals
         -----------------

 1e-integrals will be neglected if expon. factor < 0.348121E-11
 
 Difference densities algorithm switched on.
 The maximal number of linear combinations of
 difference densities is  20.

 DIIS switched on: error vector is FDS-SDF
 Max. Iterations for DIIS is     :   4
 DIIS matrix (see manual) 
    Scaling factor of diagonals  :  1.200
    threshold for scaling factor :  0.000

 scf convergence criterion : increment of total energy < .1000000D-06
                  and increment of one-electron energy < .1000000D-03

 MOs are in ASCII format !


    mo occupation :
   irrep   mo's   occupied
    a       86        9
 
 number of basis functions   :    86
 number of occupied orbitals :     9
 

 reading orbital data $scfmo  from file mos
 orbital characterization : expanded
 virtual MOs provided and orthogonalized by Cholesky decomposition

 automatic virtual orbital shift switched on 
      shift if e(lumo)-e(homo) < 0.10000000    

  
           ------------------------
               RI-J - INFORMATION
           ------------------------
 Contributions to RI integral batches: 
  neglected integral batches:                     2
  direct contribution:                            0
  memory contribution:                   739
 Memory core needed for (P|Q) and Cholesky      1 MByte
 Memory core minimum needed except of (P|Q)     1 MByte
 Total minimum memory core needed (sum)         1 MByte
  
 ****************************************
 Memory allocated for RI-J     7 MByte
 ****************************************
                                            

 DSCF restart information will be dumped onto file mos


 Starting SCF iterations

          Overall gridpoints after grid construction =         27148

 ITERATION  ENERGY          1e-ENERGY        2e-ENERGY     RMS[dD(SAO)]   TOL
   1  -115.33617359264    -236.32108577     80.639536295    0.000D+00 0.347D-10
                            Exc = -13.9248909828     Coul =  96.0367785903    
                            exK = -1.47235131263    
                              N = 18.000007852    
                            current damping = 0.300
 
          max. resid. norm for Fia-block=  2.921D-01 for orbital      7a         
          max. resid. fock norm         =  1.128D+01 for orbital     82a         

 ITERATION  ENERGY          1e-ENERGY        2e-ENERGY     RMS[dD(SAO)]   TOL
   2  -115.72021879520    -236.46992633     80.404331654    0.891D-02 0.231D-10
                            Exc = -13.8995944427      Eck =  94.3039260967    
                              N = 18.000004953    
                            current damping = 0.250
 
          Norm of current diis error: 0.92388    
          max. resid. norm for Fia-block=  1.030D-01 for orbital      3a         
          max. resid. fock norm         =  2.466D-01 for orbital     60a         

 ITERATION  ENERGY          1e-ENERGY        2e-ENERGY     RMS[dD(SAO)]   TOL
   3  -115.76132307871    -237.55144877     81.444749813    0.427D-02 0.196D-10
                            Exc = -14.0738943227      Eck =  95.5186441358    
                              N = 18.000005256    
                            current damping = 0.200
 
          Norm of current diis error: 0.38566    
          max. resid. norm for Fia-block=  3.569D-02 for orbital      8a         
          max. resid. fock norm         =  3.707D-02 for orbital      9a         

 ITERATION  ENERGY          1e-ENERGY        2e-ENERGY     RMS[dD(SAO)]   TOL
   4  -115.76975943527    -236.78317682     80.668041501    0.245D-02 0.169D-10
                            Exc = -13.9932828223      Eck =  94.6613243232    
                              N = 18.000004562    
                            current damping = 0.250
 
          Norm of current diis error: 0.15929    
          max. resid. norm for Fia-block=  1.062D-02 for orbital      5a         
          max. resid. fock norm         =  1.307D-02 for orbital      7a         

 ITERATION  ENERGY          1e-ENERGY        2e-ENERGY     RMS[dD(SAO)]   TOL
   5  -115.77103545907    -237.17657688     81.060165542    0.573D-03 0.162D-10
                            Exc = -14.0328498448      Eck =  95.0930153871    
                              N = 18.000004575    
                            current damping = 0.300
 
          Norm of current diis error: 0.40595E-01
          max. resid. norm for Fia-block=  2.630D-03 for orbital      6a         
          max. resid. fock norm         =  3.954D-03 for orbital     17a         
          mo-orthogonalization: Cholesky decomposition

 ITERATION  ENERGY          1e-ENERGY        2e-ENERGY     RMS[dD(SAO)]   TOL
   6  -115.77112465084    -237.11244991     80.995949379    0.185D-03 0.156D-10
                            Exc = -14.0279592127      Eck =  95.0239085916    
                              N = 18.000004567    
                            current damping = 0.350
 
          Norm of current diis error: 0.60018E-02
          max. resid. norm for Fia-block=  5.271D-04 for orbital      5a         
          max. resid. fock norm         =  6.298D-04 for orbital      5a         

 ITERATION  ENERGY          1e-ENERGY        2e-ENERGY     RMS[dD(SAO)]   TOL
   7  -115.77112682422    -237.12127243     81.004769724    0.281D-04 0.150D-10
                            Exc = -14.0289926211      Eck =  95.0337623447    
                              N = 18.000004559    
                            current damping = 0.400
 
          Norm of current diis error: 0.12000E-02
          max. resid. norm for Fia-block=  1.192D-04 for orbital      5a         
          max. resid. fock norm         =  1.310D-04 for orbital      7a         

 ITERATION  ENERGY          1e-ENERGY        2e-ENERGY     RMS[dD(SAO)]   TOL
   8  -115.77112693099    -237.12230319     81.005800379    0.896D-05 0.145D-10
                            Exc = -14.0291011499      Eck =  95.0349015286    
                              N = 18.000004556    
                            current damping = 0.250
 
          Norm of current diis error: 0.46919E-03
          max. resid. norm for Fia-block=  5.324D-05 for orbital      5a         
          max. resid. fock norm         =  6.373D-05 for orbital      5a         

 ITERATION  ENERGY          1e-ENERGY        2e-ENERGY     RMS[dD(SAO)]   TOL
   9  -115.77112694620    -237.12296592     81.006463088    0.315D-05 0.140D-10
                            Exc = -14.0291812712      Eck =  95.0356443593    
                              N = 18.000004555    
                            current damping = 0.100
 
          Norm of current diis error: 0.10260E-03
          max. resid. norm for Fia-block=  1.237D-05 for orbital      8a         
          max. resid. fock norm         =  1.490D-05 for orbital      8a         

 ITERATION  ENERGY          1e-ENERGY        2e-ENERGY     RMS[dD(SAO)]   TOL
  10  -115.77112694721    -237.12276652     81.006263690    0.116D-05 0.137D-10
                            Exc = -14.0291606210      Eck =  95.0354243106    
                              N = 18.000004554    
                            current damping = 0.150
 
          Norm of current diis error: 0.69993E-04
          max. resid. norm for Fia-block=  4.406D-06 for orbital      5a         
          max. resid. fock norm         =  5.433D-06 for orbital      5a         
          mo-orthogonalization: Cholesky decomposition

 ENERGY & DENSITY CONVERGED !


 ITERATION  ENERGY          1e-ENERGY        2e-ENERGY     RMS[dD(SAO)]   TOL
  11  -115.77112694717    -237.12286443     81.006361598    0.202D-06 0.134D-10
                            Exc = -14.0291719274      Eck =  95.0355335257    
                              N = 18.000004554    
                            current damping = 0.200
 
          Norm of current diis error: 0.35030E-05
          max. resid. norm for Fia-block=  3.581D-07 for orbital      7a         
          max. resid. fock norm         =  4.771D-07 for orbital      7a         

 End of SCF iterations

   convergence criteria satisfied after    11 iterations


                  ------------------------------------------ 
                 |  total energy      =   -115.77112694717  |
                  ------------------------------------------ 
                 :  kinetic energy    =    115.22469350156  :
                 :  potential energy  =   -230.99582044873  :
                 :  virial theorem    =      1.99528005419  :
                 :  wavefunction norm =      1.00000000000  :
                  .......................................... 


 <geterg> : there is no data group $energy 


 <skperg> : $end is missing 


 orbitals $scfmo  will be written to file mos

    irrep                  5a          6a          7a          8a          9a   
 eigenvalues H         -0.48579    -0.42454    -0.40817    -0.31698    -0.25392
            eV         -13.2193    -11.5524    -11.1069     -8.6254     -6.9096
 occupation              2.0000      2.0000      2.0000      2.0000      2.0000

    irrep                 10a         11a         12a         13a         14a   
 eigenvalues H          0.02391     0.07070     0.11583     0.11724     0.13462
            eV           0.6507      1.9238      3.1520      3.1902      3.6631
 
 
 
 
 ==============================================================================
                           electrostatic moments
 ==============================================================================

 reference point for electrostatic moments:    0.00000   0.00000   0.00000

 
              nuc           elec       ->  total
 ------------------------------------------------------------------------------
                          charge      
 ------------------------------------------------------------------------------
          18.000000     -18.000000       0.000000
 
 ------------------------------------------------------------------------------
                       dipole moment  
 ------------------------------------------------------------------------------
   x    -144.235142     143.890364      -0.344778
   y     110.311648    -110.846789      -0.535142
   z      -0.485471       0.342929      -0.142541
 
   | dipole moment | =     0.6524 a.u. =     1.6581 debye 
 
 ------------------------------------------------------------------------------
                     quadrupole moment
 ------------------------------------------------------------------------------
  xx    1195.764940   -1200.386862      -4.621922
  yy     684.720217    -700.031793     -15.311576
  zz       6.188469     -16.307104     -10.118635
  xy    -887.679428     888.305604       0.626177
  xz       2.892501      -2.153607       0.738894
  yz      -2.256050       1.790847      -0.465203
 
     1/3  trace=     -10.017377
     anisotropy=       9.443941
 
 ==============================================================================
 
HOMO-LUMO Separation
 HOMO         :   -0.25392106 H =     -6.90955 eV
 LUMO         :    0.02391177 H =     +0.65067 eV
 HOMO-LUMO gap:    0.27783283 H =     +7.56022 eV
 
 ==============================================================================


    ------------------------------------------------------------------------
         total  cpu-time :   5.65 seconds
         total wall-time :   6.77 seconds
    ------------------------------------------------------------------------

   ****  ridft : all done  ****


    2023-03-08 01:08:22.839 

