
 dscf (compt228) : TURBOMOLE rev. V7-6-2381-g96b3af1 compiled 16 Jan 2023 at 13:48:01
 Copyright (C) 2023 TURBOMOLE GmbH, Karlsruhe


    2023-03-08 01:08:12.022 



                             d s c f - program

                   idea & directorship : reinhart ahlrichs
                   program development : marco haeser
                                         michael baer
                           dft version : oliver treutler


                          quantum chemistry group
                          universitaet  karlsruhe
                                  germany



   *-----------------------------------------------------------------------*
   |                     program will use  1 thread(s)                     |
   *-----------------------------------------------------------------------*


              +--------------------------------------------------+
              | Atomic coordinate, charge and isotop information |
              +--------------------------------------------------+

                    atomic coordinates            atom    charge  isotop
         -9.24314180    6.23174984    0.00054802    c      6.000     0
         -9.98177905    5.77299993   -1.91166584    h      1.000     0
         -6.60094563    6.20640861   -0.00619830    o      8.000     0
         -9.98177905    4.88256098    1.43120298    h      1.000     0
         -9.90212710    8.15492412    0.51283388    h      1.000     0
         -6.10304059    4.45939461   -0.47154336    h      1.000     0
 
       center of nuclear mass  :   -7.89226438    6.16696788   -0.01670470
       center of nuclear charge:   -8.01306343    6.12842487   -0.02697059

              +--------------------------------------------------+
              |               basis set information              |
              +--------------------------------------------------+

              we will work with the 1s 3p 5d 7f 9g ... basis set
              ...i.e. with spherical basis functions...

   type   atoms  prim   cont   basis
   ---------------------------------------------------------------------------
    c        1     46     31   def2-TZVP   [5s3p2d1f|11s6p2d1f]
    h        4      8      6   def2-TZVP   [3s1p|5s1p]
    o        1     46     31   def2-TZVP   [5s3p2d1f|11s6p2d1f]
   ---------------------------------------------------------------------------
   total:    6    124     86
   ---------------------------------------------------------------------------

   total number of primitive shells          :   46
   total number of contracted shells         :   38
   total number of cartesian basis functions :   96
   total number of SCF-basis functions       :   86


 integral neglect threshold       :  0.35E-10
 integral storage threshold THIZE :  0.10E-04
 integral storage threshold THIME :         5


 DENSITY CONVERGENCE CHECK SWITCHED ON !
 SCF CONVERGENCE IF RMS(delta[D]) <     0.1000000000E-06


 symmetry group of the molecule :   c1 

 the group has the following generators :
   c1(z)

    1 symmetry operations found

 there are 1 real representations :   a   

 maximum number of shells which are related by symmetry :  1

  
           ------------------
           density functional
           ------------------
 PBE functional
 exchange:    LDA + PBE
 correlation: LDA (PW) + PBE
 spherical integration : Lebedev's spherical grid
 spherical gridsize    :                     3
    i.e. gridpoints    :                   302
  maximum batchsize    :                   100
 value for diffuse not defined
 radial integration    : Chebyshev 2nd kind (scaling 3)
 radial gridsize       :                     3
 integration cells     :                     6
 partition function    : becke
 partition sharpness   :                     3
  

          ------------------------
          nuclear repulsion energy  :   40.3453758809    
          ------------------------


         -----------------
         -S,T+V- integrals
         -----------------

 1e-integrals will be neglected if expon. factor < 0.348121E-11
 
 Difference densities algorithm switched on.
 The maximal number of linear combinations of
 difference densities is  20.

 DIIS switched on: error vector is FDS-SDF
 Max. Iterations for DIIS is     :   4
 DIIS matrix (see manual) 
    Scaling factor of diagonals  :  1.200
    threshold for scaling factor :  0.000

 scf convergence criterion : increment of total energy < .1000000D-06
                  and increment of one-electron energy < .1000000D-03

 MOs are in ASCII format !


    mo occupation :
   irrep   mo's   occupied
    a       86        9
 
 number of basis functions   :    86
 number of occupied orbitals :     9
 

 reading orbital data $scfmo  from file mos
 orbital characterization : expanded
 virtual MOs provided and orthogonalized by Cholesky decomposition

 automatic virtual orbital shift switched on 
      shift if e(lumo)-e(homo) < 0.10000000    


 DSCF restart information will be dumped onto file mos

          Overall gridpoints after grid construction =         27148
 
                                              current damping :  0.300
 ITERATION  ENERGY          1e-ENERGY        2e-ENERGY     RMS[dD(SAO)]   TOL
   1  -115.18943227828    -236.32108577     80.786277609    0.000D+00 0.347D-10
                            Exc =   -15.250548638713     N = 18.000007852    
          max. resid. norm for Fia-block=  2.965D-01 for orbital      7a         
          max. resid. fock norm         =  1.117D+01 for orbital     82a         
          Delta Eig. =   869.6783583165 eV 
 
                                              current damping :  0.250
 ITERATION  ENERGY          1e-ENERGY        2e-ENERGY     RMS[dD(SAO)]   TOL
   2  -115.56949734600    -236.42140697     80.506533739    0.959D-02 0.232D-10
                            Exc =   -15.216103595778     N = 18.000004763    
          Norm of current diis error:  1.0191    
          max. resid. norm for Fia-block=  1.056D-01 for orbital      3a         
          max. resid. fock norm         =  2.556D-01 for orbital     60a         
          Delta Eig. =   197.5130571131 eV 
 
                                              current damping :  0.200
 ITERATION  ENERGY          1e-ENERGY        2e-ENERGY     RMS[dD(SAO)]   TOL
   3  -115.61715146094    -237.59094472     81.628417374    0.470D-02 0.198D-10
                            Exc =   -15.413234812210     N = 18.000005204    
          Norm of current diis error: 0.41849    
          max. resid. norm for Fia-block=  3.626D-02 for orbital      9a         
          max. resid. fock norm         =  3.751D-02 for orbital      9a         
          Delta Eig. =    46.0335637759 eV 
 
                                              current damping :  0.250
 ITERATION  ENERGY          1e-ENERGY        2e-ENERGY     RMS[dD(SAO)]   TOL
   4  -115.62588045988    -236.65899651     80.687740169    0.281D-02 0.171D-10
                            Exc =   -15.300230210849     N = 18.000004465    
          Norm of current diis error: 0.19592    
          max. resid. norm for Fia-block=  1.128D-02 for orbital      5a         
          max. resid. fock norm         =  1.390D-02 for orbital     51a         
          Delta Eig. =     6.0179693334 eV 
 
                                              current damping :  0.300
 ITERATION  ENERGY          1e-ENERGY        2e-ENERGY     RMS[dD(SAO)]   TOL
   5  -115.62771500797    -237.16444530     81.191354409    0.753D-03 0.165D-10
                            Exc =   -15.354099999719     N = 18.000004570    
          Norm of current diis error: 0.58025E-01
          max. resid. norm for Fia-block=  3.428D-03 for orbital      6a         
          max. resid. fock norm         =  4.640D-03 for orbital     17a         
 mo-orthogonalization: Cholesky decomposition
          Delta Eig. =     1.4003281779 eV 
 
                                              current damping :  0.350
 ITERATION  ENERGY          1e-ENERGY        2e-ENERGY     RMS[dD(SAO)]   TOL
   6  -115.62789021607    -237.06874745     81.095481355    0.235D-03 0.159D-10
                            Exc =   -15.345367312436     N = 18.000004580    
          Norm of current diis error: 0.70116E-02
          max. resid. norm for Fia-block=  5.413D-04 for orbital      5a         
          max. resid. fock norm         =  6.669D-04 for orbital      5a         
          Delta Eig. =     0.2666366208 eV 
 
                                              current damping :  0.400
 ITERATION  ENERGY          1e-ENERGY        2e-ENERGY     RMS[dD(SAO)]   TOL
   7  -115.62789277388    -237.08048343     81.107214773    0.266D-04 0.154D-10
                            Exc =   -15.346861002905     N = 18.000004576    
          Norm of current diis error: 0.13279E-02
          max. resid. norm for Fia-block=  1.017D-04 for orbital      7a         
          max. resid. fock norm         =  1.401D-04 for orbital      7a         
          Delta Eig. =     0.0728059186 eV 
 
                                              current damping :  0.250
 ITERATION  ENERGY          1e-ENERGY        2e-ENERGY     RMS[dD(SAO)]   TOL
   8  -115.62789286660    -237.08155505     81.108286304    0.620D-05 0.150D-10
                            Exc =   -15.346960971303     N = 18.000004576    
          Norm of current diis error: 0.16873E-03
          max. resid. norm for Fia-block=  1.400D-05 for orbital      8a         
          max. resid. fock norm         =  2.955D-05 for orbital     49a         
          Delta Eig. =     0.0237401616 eV 

 ENERGY & DENSITY CONVERGED !

 
                                              current damping :  0.100
 ITERATION  ENERGY          1e-ENERGY        2e-ENERGY     RMS[dD(SAO)]   TOL
   9  -115.62789286816    -237.08159150     81.108322751    0.132D-05 0.146D-10
                            Exc =   -15.346961777586     N = 18.000004576    
          max. resid. norm for Fia-block=  7.421D-06 for orbital      9a         
          max. resid. fock norm         =  9.114D-06 for orbital      9a         

 convergence criteria satisfied after     9 iterations


                  ------------------------------------------ 
                 |  total energy      =   -115.62789286816  |
                  ------------------------------------------ 
                 :  kinetic energy    =    115.13326117508  :
                 :  potential energy  =   -230.76115404324  :
                 :  virial theorem    =      1.99572221130  :
                 :  wavefunction norm =      1.00000000000  :
                  .......................................... 


 <geterg> : there is no data group $energy 


 <skperg> : $end is missing 


 orbitals $scfmo  will be written to file mos

    irrep                  5a          6a          7a          8a          9a   
 eigenvalues H         -0.45506    -0.39182    -0.37935    -0.28780    -0.22398
            eV         -12.3830    -10.6621    -10.3227     -7.8316     -6.0948
 occupation              2.0000      2.0000      2.0000      2.0000      2.0000

    irrep                 10a         11a         12a         13a         14a   
 eigenvalues H          0.00180     0.05043     0.09364     0.09531     0.11129
            eV           0.0490      1.3723      2.5481      2.5934      3.0283
 
 
 
 
 ==============================================================================
                           electrostatic moments
 ==============================================================================

 reference point for electrostatic moments:    0.00000   0.00000   0.00000

 
              nuc           elec       ->  total
 ------------------------------------------------------------------------------
                          charge      
 ------------------------------------------------------------------------------
          18.000000     -18.000000       0.000000
 
 ------------------------------------------------------------------------------
                       dipole moment  
 ------------------------------------------------------------------------------
   x    -144.235142     143.912979      -0.322163
   y     110.311648    -110.839992      -0.528345
   z      -0.485471       0.344739      -0.140732
 
   | dipole moment | =     0.6346 a.u. =     1.6130 debye 
 
 ------------------------------------------------------------------------------
                     quadrupole moment
 ------------------------------------------------------------------------------
  xx    1195.764940   -1200.842624      -5.077683
  yy     684.720217    -700.060843     -15.340626
  zz       6.188469     -16.418440     -10.229970
  xy    -887.679428     888.396158       0.716730
  xz       2.892501      -2.167001       0.725499
  yz      -2.256050       1.801432      -0.454618
 
     1/3  trace=     -10.216093
     anisotropy=       9.095967
 
 ==============================================================================
 
HOMO-LUMO Separation
 HOMO         :   -0.22397869 H =     -6.09477 eV
 LUMO         :    0.00180110 H =     +0.04901 eV
 HOMO-LUMO gap:    0.22577978 H =     +6.14378 eV
 
 ==============================================================================


    ------------------------------------------------------------------------
         total  cpu-time :   3.67 seconds
         total wall-time :   4.49 seconds
    ------------------------------------------------------------------------

   ****  dscf : all done  ****


    2023-03-08 01:08:16.358 

