
 escf (compt228) : TURBOMOLE rev. V7-6-2381-g96b3af1 compiled 16 Jan 2023 at 13:48:01
 Copyright (C) 2023 TURBOMOLE GmbH, Karlsruhe


    2023-03-08 01:08:22.867 


 escf run will be profiled !




                                e s c f

                             TURBOMOLE GmbH

          integral direct evaluation of 

                    * excitation energies and transition moments 
                    * polarizabilities
                    * dynamic response properties 
                    * stabilities
                    * quasiparticle states with GW
                    * NMR coupling-constants



          references (see also programs dscf and ridft) 
          implementation and benchmarks (review) 
          F. Furche and D. Rappoport,  
          "Density functional methods for excited states: 
          equilibrium structure and electronic spectra",
          ch. III of "Computational Photochemistry", ed. by 
          M. Olivucci, vol. 16 of "Theoretical and Computational 
          Chemistry", Elsevier, Amsterdam, 2005.



              +--------------------------------------------------+
              | Atomic coordinate, charge and isotop information |
              +--------------------------------------------------+

                    atomic coordinates            atom    charge  isotop
         -9.24314180    6.23174984    0.00054802    c      6.000     0
         -9.98177905    5.77299993   -1.91166584    h      1.000     0
         -6.60094563    6.20640861   -0.00619830    o      8.000     0
         -9.98177905    4.88256098    1.43120298    h      1.000     0
         -9.90212710    8.15492412    0.51283388    h      1.000     0
         -6.10304059    4.45939461   -0.47154336    h      1.000     0
 
       center of nuclear mass  :   -7.89226438    6.16696788   -0.01670470
       center of nuclear charge:   -8.01306343    6.12842487   -0.02697059

              +--------------------------------------------------+
              |               basis set information              |
              +--------------------------------------------------+

              we will work with the 1s 3p 5d 7f 9g ... basis set
              ...i.e. with spherical basis functions...

   type   atoms  prim   cont   basis
   ---------------------------------------------------------------------------
    c        1     46     31   def2-TZVP   [5s3p2d1f|11s6p2d1f]
    h        4      8      6   def2-TZVP   [3s1p|5s1p]
    o        1     46     31   def2-TZVP   [5s3p2d1f|11s6p2d1f]
   ---------------------------------------------------------------------------
   total:    6    124     86
   ---------------------------------------------------------------------------

   total number of primitive shells          :   46
   total number of contracted shells         :   38
   total number of cartesian basis functions :   96
   total number of SCF-basis functions       :   86


 residuum convergence criterium   :  0.10E-04


 integral neglect threshold       :  0.33E-10
 integral storage threshold THIZE :  0.10E-04
 integral storage threshold THIME :         5

 
             FOUND RI-J FLAG !
 
  
 AUXILIARY BASIS SET information:

              assign orbital basis set names as defaults
              read basis sets from /home/smp201/dev/turbomole/jbasen/

              we will work with the 1s 3p 5d 7f 9g ... basis set
              ...i.e. with spherical basis functions...

   type   atoms  prim   cont   basis
   ---------------------------------------------------------------------------
    c        1      1      1   def2-TZVP   [1s|1s]
    h        4      1      1   def2-TZVP   [1s|1s]
    o        1      1      1   def2-TZVP   [1s|1s]
   ---------------------------------------------------------------------------
   total:    6      6      6
   ---------------------------------------------------------------------------

   total number of primitive shells          :    3
   total number of contracted shells         :    6
   total number of cartesian basis functions :    6
   total number of SCF-basis functions       :    6

 RPA SINGLET-EXCITATION-CALCULATION 
 
             FOUND DFT-FLAG !
 

 maximum number of Davidson iterations set to   35


 symmetry group of the molecule :   c1 

 the group has the following generators :
   c1(z)

    1 symmetry operations found

 there are 1 real representations :   a   

 maximum number of shells which are related by symmetry :  1

 IRREPs of excited states :   a   
  
           ------------------
           density functional
           ------------------
 PBE functional
 exchange:    LDA + PBE
 correlation: LDA (PW) + PBE
 spherical integration : Lebedev's spherical grid
 spherical gridsize    :                     3
    i.e. gridpoints    :                   302
  maximum batchsize    :                   100
 value for diffuse not defined
 radial integration    : Chebyshev 2nd kind (scaling 3)
 radial gridsize       :                     3
 integration cells     :                     6
 partition function    : becke
 partition sharpness   :                     3
  

 ----------------------------------------------------------------------
          some useful papers before it begins
 ----------------------------------------------------------------------

     nonorthonormal Krylov space methods 
     F. Furche, B. T. Krull, B. D. Nguyen, and J. Kwon, 
     J. Chem. Phys. 144, 174105 (2016).

     RI-J method 
     R. Bauernschmitt, M. Haeser, O. Treutler, and R. Ahlrichs,
     Chem. Phys. Lett. 264, 573 (1997).

     density functional implementation               
     R. Bauernschmitt and R. Ahlrichs,
     Chem. Phys. Lett. 256, 454 (1996).
     R. Bauernschmitt and R. Ahlrichs,
     J. Chem. Phys. 104, 9047 (1996).

     UHF extension (RPA and CIS)
     C. Ochsenfeld, J. Gauss, and R. Ahlrichs, 
     J. Chem. Phys. 103, 7401 (1995).

     integral direct algorithm                 
     H. Weiss, R. Ahlrichs, and M. Haeser, 
     J. Chem. Phys. 99, 1262 (1993).

 ----------------------------------------------------------------------

  MOs are in ASCII format !


    mo occupation :
   irrep   mo's   occupied
    a       86        9
 
 number of basis functions   :    86
 number of occupied orbitals :     9
 

 reading orbital data $scfmo  from file mos
 orbital characterization : scfconv=7
  
           ----------------------
               RI - INFORMATION
           ----------------------

 biggest AO integral is expected to be     7.998976882

 Threshold for integral neglect (rithr2):   0.33E-10
 Threshold for integral neglect (rithr1):   0.33E-10

 Contributions to RI integral batches: 
  neglected integral batches:                     2
  direct contribution:                            0
  memory contribution:                   739
 Core memory available (ricore)            500 MiB
 Core memory needed for (P|Q) and Cholesky 1 MiB
 Core memory used for integrals            1 MiB
  
 ****************************************
 Memory allocated for RIDFT 1 MiB
 ****************************************
                                            
 preparing DFT   numerical integration ....
          Overall gridpoints after grid construction =         27148

 Calculating ground state density on molecular grid

 Integral of ground state density: N =   18.00000457577257    


 all orbitals will be included in the transformation

 number of non-frozen orbitals          :    86
 number of non-frozen occupied orbitals :     9



 dimension of super-tensorspace: 1

          IRREP   tensor space dimension   number of roots

           a                 693                      5
                     6
 Switching off XC: hybrid=  0.000000000000000E+000

 machine precision: 2.22D-16


 logfile sing_a    will be constructed




                       Nonorthonormal Krylov Space Iteration


 total number of roots to be determined: 5


 maximum core memory set to          500 MB,
 corresponding to     7033 vectors in CAO basis


 maximum number of simultaneously treated vectors (including degeneracy):       10


 Iteration IRREP Converged      Max. Euclidean
                 roots          residual norm

    1       a        0        6.334059327054500D-02
 
    2       a        3        1.470798330497852D-02
 
    3       a        3        4.650823570389956D-04
 
    4       a        4        2.100519834846218D-05
 
    5       a        5        3.298645100991490D-06
 

 converged!

 Eigenpairs written on logfile sing_a   



 IRREP   Vector     Eigenvalue           Euclidean residual norm

  a         1    5.110129622468882D-02    4.318994106867332D-08
            2    7.614671142476850D-02    3.297864941653889D-07
            3    8.702769168066338D-02    3.298645100991490D-06
            4    1.016499282077746D-01    2.159835349355729D-06
            5    1.069631382632053D-01    2.378777505566620D-07






                    Selection rules for point group c1  


 Subduction with respect to c1  :

    Polar vector representation: a                           

    Axial vector representation: a                           

    Symmetric second rank tensor representation: a                           




                            Ground state


 Total energy:                           -115.6278928682000    

 Charge:

               elec          nuc         total

           -18.000000    18.000000    -0.000000


 Electric dipole moment:

               elec          nuc         total   

    x      143.912979  -144.235142    -0.322163    Norm:              0.634620
    y     -110.839992   110.311648    -0.528345
    z        0.344739    -0.485471    -0.140732    Norm / debye:      1.613055


 Electric quadrupole moment:

               elec          nuc         total   

   xx    -1200.842624  1195.764940    -5.077683
   yy     -700.060843   684.720217   -15.340626    1/3*trace:       -10.216093
   zz      -16.418440     6.188469   -10.229970
   xy      888.396158  -887.679428     0.716730
   xz       -2.167001     2.892501     0.725499    Anisotropy:        9.095967
   yz        1.801432    -2.256050    -0.454618



 ==============================================================================

                              I R R E P   a   

 ==============================================================================


 Excitation is electric dipole allowed

 Excitation is magnetic dipole allowed

 Excitation is electric quadrupole allowed




                         1 singlet a excitation


 Total energy:                           -115.4018369100288    

 Excitation energy:                      0.2260559581711768    

 Excitation energy / eV:                  6.151298234384840    

 Excitation energy / nm:                  201.5578488999524    

 Excitation energy / cm^(-1):             49613.54793715367    


 Oscillator strength:

    velocity representation:             0.1407056184469759E-02

    length representation:               0.1409229594797697E-04

    mixed representation:                0.1408142369268715E-03


 Rotatory strength:

    velocity representation:            -0.3011137571926950E-08

    velocity rep. / 10^(-40)erg*cm^3:   -0.1945339900083021E-03

    length representation:              -0.2201052480801969E-08

    length rep. / 10^(-40)erg*cm^3:     -0.1421985914227323E-03


 Dominant contributions:

      occ. orbital   energy / eV   virt. orbital     energy / eV   |coeff.|^2*100
        9 a              -6.09          10 a               0.05      100.0
 

 Change of electron number:

             0.000000


 Electric transition dipole moment (velocity rep.):

    x       -0.000001        Norm:                  0.096626
    y       -0.024869
    z        0.093371        Norm / debye:          0.245600


 Electric transition dipole moment (length rep.):

    x        0.000004        Norm:                  0.009670
    y        0.002490
    z       -0.009344        Norm / debye:          0.024579


 Magnetic transition dipole moment / i:

    x       -0.000283        Norm:                  0.001699
    y       -0.001619
    z       -0.000431        Norm / Bohr mag.:      0.465709


 Electric quadrupole transition moment:

   xx       -0.000057
   yy       -0.124308        1/3*trace:             0.010320
   zz        0.155325
   xy       -0.243476
   xz        0.914122        Anisotropy:            1.696843
   yz        0.212676




                         2 singlet a excitation


 Total energy:                           -115.3519459323142    

 Excitation energy:                      0.2759469358858121    

 Excitation energy / eV:                  7.508901394286423    

 Excitation energy / nm:                  165.1163565695627    

 Excitation energy / cm^(-1):             60563.35184633519    


 Oscillator strength:

    velocity representation:             0.4395248076490866E-01

    length representation:               0.2875130907012753E-01

    mixed representation:                0.3554843679826638E-01


 Rotatory strength:

    velocity representation:             0.1212696012559948E-08

    velocity rep. / 10^(-40)erg*cm^3:    0.7834600324802686E-04

    length representation:              -0.6384928797870066E-08

    length rep. / 10^(-40)erg*cm^3:     -0.4124971527533741E-03


 Dominant contributions:

      occ. orbital   energy / eV   virt. orbital     energy / eV   |coeff.|^2*100
        9 a              -6.09          11 a               1.37       99.6
 

 Change of electron number:

             0.000000


 Electric transition dipole moment (velocity rep.):

    x       -0.000008        Norm:                  0.488793
    y       -0.125815
    z        0.472323        Norm / debye:          1.242396


 Electric transition dipole moment (length rep.):

    x       -0.000005        Norm:                  0.395332
    y       -0.101761
    z        0.382010        Norm / debye:          1.004841


 Magnetic transition dipole moment / i:

    x        0.002677        Norm:                  0.005325
    y        0.004448
    z        0.001185        Norm / Bohr mag.:      1.459523


 Electric quadrupole transition moment:

   xx        0.000077
   yy       -1.016998        1/3*trace:            -0.422592
   zz       -0.250856
   xy        1.093688
   xz       -4.105807        Anisotropy:            8.143785
   yz        1.942303




                         3 singlet a excitation


 Total energy:                           -115.3328883060647    

 Excitation energy:                      0.2950045621353395    

 Excitation energy / eV:                  8.027486012222104    

 Excitation energy / nm:                  154.4496543721140    

 Excitation energy / cm^(-1):             64746.01732946884    


 Oscillator strength:

    velocity representation:             0.4437210503214157E-02

    length representation:               0.3061389968234477E-02

    mixed representation:                0.3460495790060180E-02


 Rotatory strength:

    velocity representation:             0.1351857208623215E-07

    velocity rep. / 10^(-40)erg*cm^3:    0.8733648677056838E-03

    length representation:              -0.1112330963525396E-04

    length rep. / 10^(-40)erg*cm^3:     -0.7186193768154538    


 Dominant contributions:

      occ. orbital   energy / eV   virt. orbital     energy / eV   |coeff.|^2*100
        8 a              -7.83          10 a               0.05       99.2
 

 Change of electron number:

             0.000000


 Electric transition dipole moment (velocity rep.):

    x       -0.053089        Norm:                  0.150206
    y        0.135776
    z        0.036170        Norm / debye:          0.381788


 Electric transition dipole moment (length rep.):

    x       -0.081571        Norm:                  0.124764
    y        0.091224
    z        0.024302        Norm / debye:          0.317122


 Magnetic transition dipole moment / i:

    x        0.000243        Norm:                  0.002707
    y       -0.000605
    z        0.002627        Norm / Bohr mag.:      0.741900


 Electric quadrupole transition moment:

   xx        1.334121
   yy        0.630622        1/3*trace:             0.843983
   zz        0.567205
   xy       -0.096298
   xz        0.109692        Anisotropy:            0.825079
   yz       -0.156303




                         4 singlet a excitation


 Total energy:                           -115.3090670094498    

 Excitation energy:                      0.3188258587501563    

 Excitation energy / eV:                  8.675696751690964    

 Excitation energy / nm:                  142.9098406215072    

 Excitation energy / cm^(-1):             69974.18760680092    


 Oscillator strength:

    velocity representation:             0.1043278827861753E-01

    length representation:               0.1117270914134429E-01

    mixed representation:                0.1079641184356123E-01


 Rotatory strength:

    velocity representation:             0.1138957543505488E-06

    velocity rep. / 10^(-40)erg*cm^3:    0.7358214299268553E-02

    length representation:               0.1160337432558986E-06

    length rep. / 10^(-40)erg*cm^3:      0.7496338679977275E-02


 Dominant contributions:

      occ. orbital   energy / eV   virt. orbital     energy / eV   |coeff.|^2*100
        9 a              -6.09          12 a               2.55       99.0
 

 Change of electron number:

            -0.000000


 Electric transition dipole moment (velocity rep.):

    x        0.000062        Norm:                  0.221549
    y        0.057037
    z       -0.214081        Norm / debye:          0.563125


 Electric transition dipole moment (length rep.):

    x        0.000054        Norm:                  0.229270
    y        0.059028
    z       -0.221541        Norm / debye:          0.582752


 Magnetic transition dipole moment / i:

    x       -0.000547        Norm:                  0.002179
    y       -0.002038
    z       -0.000544        Norm / Bohr mag.:      0.597235


 Electric quadrupole transition moment:

   xx       -0.000929
   yy        0.651847        1/3*trace:             0.244767
   zz        0.083385
   xy       -0.696655
   xz        2.615635        Anisotropy:            5.189434
   yz       -1.234424




                         5 singlet a excitation


 Total energy:                           -115.3008406731864    

 Excitation energy:                      0.3270521950135869    

 Excitation energy / eV:                  8.899546846782812    

 Excitation energy / nm:                  139.3152327202914    

 Excitation energy / cm^(-1):             71779.65972023137    


 Oscillator strength:

    velocity representation:             0.4844816265250751E-01

    length representation:               0.3910275640355299E-01

    mixed representation:                0.4328336727792203E-01


 Rotatory strength:

    velocity representation:            -0.6030050940653526E-07

    velocity rep. / 10^(-40)erg*cm^3:   -0.3895703339412562E-02

    length representation:              -0.4028328790311344E-04

    length rep. / 10^(-40)erg*cm^3:      -2.602494419220755    


 Dominant contributions:

      occ. orbital   energy / eV   virt. orbital     energy / eV   |coeff.|^2*100
        9 a              -6.09          13 a               2.59       92.6
 

 Change of electron number:

             0.000000


 Electric transition dipole moment (velocity rep.):

    x        0.468499        Norm:                  0.471385
    y        0.050325
    z        0.013427        Norm / debye:          1.198150


 Electric transition dipole moment (length rep.):

    x        0.413627        Norm:                  0.423488
    y        0.087788
    z        0.023405        Norm / debye:          1.076406


 Magnetic transition dipole moment / i:

    x        0.000100        Norm:                  0.005557
    y        0.000545
    z       -0.005529        Norm / Bohr mag.:      1.522925


 Electric quadrupole transition moment:

   xx       -7.136900
   yy        0.599557        1/3*trace:            -2.546206
   zz       -1.101273
   xy        1.066819
   xz       -0.402448        Anisotropy:            7.334460
   yz        0.319852

 SUMMARY OF EXCITATION ENERGIES AND DIPOLE OSCILLATOR STRENGTHS (velocity/length):

 -----------------------------------------------------------------------------------------------
 |    Exc.   | energy (Eh) | energy (eV) | energy (cm-1) | energy (nm) | Osc.(vel) | Osc.(len) |
 -----------------------------------------------------------------------------------------------
 |     1 a   |    0.226056 |     6.15130 |     49613.548 |     201.558 |   0.00141 |   0.00001 |
 |     2 a   |    0.275947 |     7.50890 |     60563.352 |     165.116 |   0.04395 |   0.02875 |
 |     3 a   |    0.295005 |     8.02748 |     64746.017 |     154.450 |   0.00444 |   0.00306 |
 |     4 a   |    0.318826 |     8.67569 |     69974.188 |     142.910 |   0.01043 |   0.01117 |
 |     5 a   |    0.327052 |     8.89954 |     71779.660 |     139.315 |   0.04845 |   0.03910 |
 -----------------------------------------------------------------------------------------------



    escf profiling
  --------------------------------------------------------------------
             module   cpu total (s)       %  wall total (s)       %

         input total             0.0   13.39             0.1   10.32
       init symmetry             0.0    1.41             0.0    0.88
               moinp             0.0    3.12             0.0    1.06
            RI total             0.0    2.58             0.0    0.88
          RI prelims             0.0    1.28             0.0    0.44
           grid init             0.0    9.63             0.0    3.28
            becke...             0.0    5.05             0.0    1.72
         dft prelims             0.1   46.40             0.1   15.78
           dft total             0.1   46.40             0.1   15.79
             funct_2             0.0   23.91             0.0    8.16
              onde_2             0.0   17.08             0.0    5.84
                 gga             0.0    3.52             0.0    1.20
              tracao             0.0    0.38             0.0    0.28
           diag_prep             0.0    0.04             0.0    0.01
              respon             0.0   18.29             0.3   57.45
            startvec             0.0    0.10             0.0    0.11
           mvproduct             0.0    4.07             0.0    1.94
            tramocao             0.0    1.74             0.0    0.59
     tramocao_mvprod             0.0    1.39             0.0    0.47
              colrsp             0.0    1.26             0.0    0.43
              gammaP             0.0    0.62             0.0    0.21
              cotlet             0.0    0.05             0.0    0.02
              gammaQ             0.0    0.42             0.0    0.14
            tracaomo             0.0    0.81             0.0    0.83
                ritz             0.0    1.41             0.0    0.48
            expandl3             0.0    0.32             0.0    0.61
           startover             0.0    0.40             0.0    0.14
                rest             0.0    0.83             0.0    3.27
             writeep             0.0    3.26             0.0    3.97
              proper             0.0    4.52             0.0    3.31
 


    ------------------------------------------------------------------------
         total  cpu-time :   0.19 seconds
         total wall-time :   0.57 seconds
    ------------------------------------------------------------------------

   ****  escf : all done  ****


    2023-03-08 01:08:23.413 

